=============Error Logging ===========
===========Start============= 9/2/2020 9:34:09 AM
Error Message: Cannot read property Patient_Id of undefined
===========End============= 9/2/2020 9:34:09 AM
=============Error Logging ===========
===========Start============= 9/2/2020 10:28:54 AM
Error Message: Cannot read property ScheduleTime of undefined
===========End============= 9/2/2020 10:28:54 AM
=============Error Logging ===========
===========Start============= 9/2/2020 10:30:59 AM
Error Message: Cannot read property ScheduleTime of undefined
===========End============= 9/2/2020 10:30:59 AM
=============Error Logging ===========
===========Start============= 9/2/2020 10:31:17 AM
Error Message: Cannot read property ScheduleTime of undefined
===========End============= 9/2/2020 10:31:17 AM
=============Error Logging ===========
===========Start============= 9/2/2020 10:40:17 AM
Error Message: Cannot read property ScheduleTime of undefined
===========End============= 9/2/2020 10:40:17 AM
=============Error Logging ===========
===========Start============= 9/2/2020 10:41:22 AM
Error Message: Cannot read property ScheduleTime of undefined
===========End============= 9/2/2020 10:41:22 AM
