=============Error Logging ===========
===========Start============= 08/03/2021 03:42:39 AM
Error Message: ExpressionChangedAfterItHasBeenCheckedError Expression has changed after it was checked Previous v
===========End============= 08/03/2021 03:42:39 AM
=============Error Logging ===========
===========Start============= 08/03/2021 09:22:53 PM
Error Message: ExpressionChangedAfterItHasBeenCheckedError Expression has changed after it was checked Previous v
===========End============= 08/03/2021 09:22:53 PM
=============Error Logging ===========
===========Start============= 08/03/2021 09:25:33 PM
Error Message: ExpressionChangedAfterItHasBeenCheckedError Expression has changed after it was checked Previous v
===========End============= 08/03/2021 09:25:33 PM
=============Error Logging ===========
===========Start============= 08/03/2021 09:27:07 PM
Error Message: ExpressionChangedAfterItHasBeenCheckedError Expression has changed after it was checked Previous v
===========End============= 08/03/2021 09:27:07 PM
=============Error Logging ===========
===========Start============= 08/03/2021 09:30:39 PM
Error Message: ExpressionChangedAfterItHasBeenCheckedError Expression has changed after it was checked Previous v
===========End============= 08/03/2021 09:30:39 PM
=============Error Logging ===========
===========Start============= 08/03/2021 09:30:44 PM
Error Message: ExpressionChangedAfterItHasBeenCheckedError Expression has changed after it was checked Previous v
===========End============= 08/03/2021 09:30:44 PM
=============Error Logging ===========
===========Start============= 08/03/2021 09:30:55 PM
Error Message: ExpressionChangedAfterItHasBeenCheckedError Expression has changed after it was checked Previous v
===========End============= 08/03/2021 09:30:55 PM
=============Error Logging ===========
===========Start============= 08/03/2021 09:30:59 PM
Error Message: ExpressionChangedAfterItHasBeenCheckedError Expression has changed after it was checked Previous v
===========End============= 08/03/2021 09:30:59 PM
=============Error Logging ===========
===========Start============= 08/03/2021 09:31:22 PM
Error Message: ExpressionChangedAfterItHasBeenCheckedError Expression has changed after it was checked Previous v
===========End============= 08/03/2021 09:31:22 PM
=============Error Logging ===========
===========Start============= 08/03/2021 09:35:08 PM
Error Message: ExpressionChangedAfterItHasBeenCheckedError Expression has changed after it was checked Previous v
===========End============= 08/03/2021 09:35:08 PM
=============Error Logging ===========
===========Start============= 08/03/2021 09:38:19 PM
Error Message: ExpressionChangedAfterItHasBeenCheckedError Expression has changed after it was checked Previous v
===========End============= 08/03/2021 09:38:19 PM
=============Error Logging ===========
===========Start============= 08/03/2021 09:45:07 PM
Error Message: ExpressionChangedAfterItHasBeenCheckedError Expression has changed after it was checked Previous v
===========End============= 08/03/2021 09:45:07 PM
=============Error Logging ===========
===========Start============= 08/03/2021 09:46:19 PM
Error Message: ExpressionChangedAfterItHasBeenCheckedError Expression has changed after it was checked Previous v
===========End============= 08/03/2021 09:46:19 PM
=============Error Logging ===========
===========Start============= 08/03/2021 09:49:46 PM
Error Message: ExpressionChangedAfterItHasBeenCheckedError Expression has changed after it was checked Previous v
===========End============= 08/03/2021 09:49:46 PM
=============Error Logging ===========
===========Start============= 08/03/2021 09:49:53 PM
Error Message: ExpressionChangedAfterItHasBeenCheckedError Expression has changed after it was checked Previous v
===========End============= 08/03/2021 09:49:53 PM
=============Error Logging ===========
===========Start============= 08/03/2021 09:51:19 PM
Error Message: ExpressionChangedAfterItHasBeenCheckedError Expression has changed after it was checked Previous v
===========End============= 08/03/2021 09:51:19 PM
=============Error Logging ===========
===========Start============= 08/03/2021 09:59:16 PM
Error Message: ExpressionChangedAfterItHasBeenCheckedError Expression has changed after it was checked Previous v
===========End============= 08/03/2021 09:59:16 PM
=============Error Logging ===========
===========Start============= 08/03/2021 10:04:31 PM
Error Message: Cannot read property filter of undefined
===========End============= 08/03/2021 10:04:31 PM
=============Error Logging ===========
===========Start============= 08/03/2021 10:07:21 PM
Error Message: formGroup expects a FormGroup instance Please pass one in       Example           div form
===========End============= 08/03/2021 10:07:21 PM
