=============Error Logging ===========
===========Start============= 09/14/2021 06:55:14 PM
Error Message: Cannot read properties of undefined reading length
===========End============= 09/14/2021 06:55:14 PM
=============Error Logging ===========
===========Start============= 09/14/2021 07:24:20 PM
Error Message: Cannot read properties of undefined reading length
===========End============= 09/14/2021 07:24:20 PM
=============Error Logging ===========
===========Start============= 09/14/2021 07:41:25 PM
Error Message: Cannot read properties of undefined reading length
===========End============= 09/14/2021 07:41:25 PM
=============Error Logging ===========
===========Start============= 09/14/2021 07:44:59 PM
Error Message: Cannot read properties of undefined reading length
===========End============= 09/14/2021 07:44:59 PM
=============Error Logging ===========
===========Start============= 09/14/2021 07:45:27 PM
Error Message: _vcontextimplicitEndDateinclude is not a function
===========End============= 09/14/2021 07:45:27 PM
=============Error Logging ===========
===========Start============= 09/14/2021 07:45:37 PM
Error Message: _vcontextimplicitEndDateinclude is not a function
===========End============= 09/14/2021 07:45:37 PM
=============Error Logging ===========
===========Start============= 09/14/2021 07:45:45 PM
Error Message: _vcontextimplicitEndDateinclude is not a function
===========End============= 09/14/2021 07:45:45 PM
=============Error Logging ===========
===========Start============= 09/14/2021 08:24:57 PM
Error Message: formGroup expects a FormGroup instance Please pass one in       Example           div form
===========End============= 09/14/2021 08:24:57 PM
=============Error Logging ===========
===========Start============= 09/14/2021 08:27:11 PM
Error Message: formGroup expects a FormGroup instance Please pass one in       Example           div form
===========End============= 09/14/2021 08:27:11 PM
=============Error Logging ===========
===========Start============= 09/14/2021 08:27:59 PM
Error Message: Cannot read properties of undefined reading length
===========End============= 09/14/2021 08:27:59 PM
=============Error Logging ===========
===========Start============= 09/14/2021 08:30:13 PM
Error Message: Cannot read properties of undefined reading length
===========End============= 09/14/2021 08:30:13 PM
=============Error Logging ===========
===========Start============= 09/14/2021 08:31:31 PM
Error Message: Cannot read properties of undefined reading length
===========End============= 09/14/2021 08:31:31 PM
=============Error Logging ===========
===========Start============= 09/14/2021 09:09:58 PM
Error Message: Cannot read properties of undefined reading length
===========End============= 09/14/2021 09:09:58 PM
