=============Error Logging ===========
===========Start============= 08/05/2021 03:33:03 PM
Error Message: formGroup expects a FormGroup instance Please pass one in       Example           div form
===========End============= 08/05/2021 03:33:03 PM
=============Error Logging ===========
===========Start============= 08/05/2021 03:35:38 PM
Error Message: formGroup expects a FormGroup instance Please pass one in       Example           div form
===========End============= 08/05/2021 03:35:38 PM
=============Error Logging ===========
===========Start============= 08/05/2021 03:39:51 PM
Error Message: Cannot read property setValidators of null
===========End============= 08/05/2021 03:39:51 PM
=============Error Logging ===========
===========Start============= 08/05/2021 03:42:39 PM
Error Message: Cannot read property setValidators of null
===========End============= 08/05/2021 03:42:39 PM
=============Error Logging ===========
===========Start============= 08/05/2021 03:47:40 PM
Error Message: Cannot read property setValidators of null
===========End============= 08/05/2021 03:47:40 PM
=============Error Logging ===========
===========Start============= 08/05/2021 03:47:42 PM
Error Message: formGroup expects a FormGroup instance Please pass one in       Example           div form
===========End============= 08/05/2021 03:47:42 PM
=============Error Logging ===========
===========Start============= 08/05/2021 03:48:40 PM
Error Message: Cannot read property setValidators of null
===========End============= 08/05/2021 03:48:40 PM
=============Error Logging ===========
===========Start============= 08/05/2021 03:51:50 PM
Error Message: Cannot read property setValidators of null
===========End============= 08/05/2021 03:51:50 PM
=============Error Logging ===========
===========Start============= 08/05/2021 03:53:56 PM
Error Message: formGroup expects a FormGroup instance Please pass one in       Example           div form
===========End============= 08/05/2021 03:53:56 PM
=============Error Logging ===========
===========Start============= 08/05/2021 03:55:43 PM
Error Message: formGroup expects a FormGroup instance Please pass one in       Example           div form
===========End============= 08/05/2021 03:55:43 PM
=============Error Logging ===========
===========Start============= 08/05/2021 03:56:26 PM
Error Message: Cannot read property setValidators of null
===========End============= 08/05/2021 03:56:26 PM
=============Error Logging ===========
===========Start============= 08/05/2021 04:00:39 PM
Error Message: formGroup expects a FormGroup instance Please pass one in       Example           div form
===========End============= 08/05/2021 04:00:39 PM
=============Error Logging ===========
===========Start============= 08/05/2021 04:31:34 PM
Error Message: formGroup expects a FormGroup instance Please pass one in       Example           div form
===========End============= 08/05/2021 04:31:34 PM
=============Error Logging ===========
===========Start============= 08/05/2021 04:33:45 PM
Error Message: formGroup expects a FormGroup instance Please pass one in       Example           div form
===========End============= 08/05/2021 04:33:45 PM
=============Error Logging ===========
===========Start============= 08/05/2021 04:35:48 PM
Error Message: formGroup expects a FormGroup instance Please pass one in       Example           div form
===========End============= 08/05/2021 04:35:48 PM
=============Error Logging ===========
===========Start============= 08/05/2021 04:38:53 PM
Error Message: formGroup expects a FormGroup instance Please pass one in       Example           div form
===========End============= 08/05/2021 04:38:53 PM
=============Error Logging ===========
===========Start============= 08/05/2021 04:43:41 PM
Error Message: formGroup expects a FormGroup instance Please pass one in       Example           div form
===========End============= 08/05/2021 04:43:41 PM
=============Error Logging ===========
===========Start============= 08/05/2021 04:43:47 PM
Error Message: Cannot read property Facility_Id of undefined
===========End============= 08/05/2021 04:43:47 PM
=============Error Logging ===========
===========Start============= 08/05/2021 04:44:18 PM
Error Message: Cannot read property setValidators of null
===========End============= 08/05/2021 04:44:18 PM
=============Error Logging ===========
===========Start============= 08/05/2021 04:45:52 PM
Error Message: Cannot read property setValidators of null
===========End============= 08/05/2021 04:45:52 PM
=============Error Logging ===========
===========Start============= 08/05/2021 04:46:37 PM
Error Message: Cannot read property setValidators of null
===========End============= 08/05/2021 04:46:37 PM
=============Error Logging ===========
===========Start============= 08/05/2021 04:47:34 PM
Error Message: Cannot read property setValidators of null
===========End============= 08/05/2021 04:47:34 PM
=============Error Logging ===========
===========Start============= 08/05/2021 04:47:41 PM
Error Message: Cannot read property setValidators of null
===========End============= 08/05/2021 04:47:41 PM
=============Error Logging ===========
===========Start============= 08/05/2021 04:53:30 PM
Error Message: Cannot read property setValidators of null
===========End============= 08/05/2021 04:53:30 PM
=============Error Logging ===========
===========Start============= 08/05/2021 04:54:25 PM
Error Message: Cannot read property setValidators of null
===========End============= 08/05/2021 04:54:25 PM
=============Error Logging ===========
===========Start============= 08/05/2021 04:56:21 PM
Error Message: Cannot read property setValidators of null
===========End============= 08/05/2021 04:56:21 PM
=============Error Logging ===========
===========Start============= 08/05/2021 05:00:06 PM
Error Message: formGroup expects a FormGroup instance Please pass one in       Example           div form
===========End============= 08/05/2021 05:00:06 PM
=============Error Logging ===========
===========Start============= 08/05/2021 05:01:03 PM
Error Message: Cannot read property setValidators of null
===========End============= 08/05/2021 05:01:03 PM
=============Error Logging ===========
===========Start============= 08/05/2021 05:02:03 PM
Error Message: Cannot read property setValidators of null
===========End============= 08/05/2021 05:02:03 PM
=============Error Logging ===========
===========Start============= 08/05/2021 05:03:36 PM
Error Message: Cannot read property setValidators of null
===========End============= 08/05/2021 05:03:36 PM
=============Error Logging ===========
===========Start============= 08/05/2021 05:05:04 PM
Error Message: Cannot read property setValidators of null
===========End============= 08/05/2021 05:05:04 PM
=============Error Logging ===========
===========Start============= 08/05/2021 05:05:48 PM
Error Message: Cannot read property setValidators of null
===========End============= 08/05/2021 05:05:48 PM
=============Error Logging ===========
===========Start============= 08/05/2021 05:09:03 PM
Error Message: formGroup expects a FormGroup instance Please pass one in       Example           div form
===========End============= 08/05/2021 05:09:03 PM
