=============Error Logging ===========
===========Start============= 10/11/2021 01:13:49 PM
Error Message: StaticInjectorErrorAppModuleNgIf  TemplateRef   StaticInjectorErrorPlatform coreNgIf
===========End============= 10/11/2021 01:13:49 PM
=============Error Logging ===========
===========Start============= 10/11/2021 01:13:50 PM
Error Message: StaticInjectorErrorAppModuleNgIf  TemplateRef   StaticInjectorErrorPlatform coreNgIf
===========End============= 10/11/2021 01:13:50 PM
=============Error Logging ===========
===========Start============= 10/11/2021 01:13:50 PM
Error Message: StaticInjectorErrorAppModuleNgIf  TemplateRef   StaticInjectorErrorPlatform coreNgIf
===========End============= 10/11/2021 01:13:50 PM
=============Error Logging ===========
===========Start============= 10/11/2021 01:13:51 PM
Error Message: StaticInjectorErrorAppModuleNgIf  TemplateRef   StaticInjectorErrorPlatform coreNgIf
===========End============= 10/11/2021 01:13:51 PM
=============Error Logging ===========
===========Start============= 10/11/2021 01:13:52 PM
Error Message: StaticInjectorErrorAppModuleNgIf  TemplateRef   StaticInjectorErrorPlatform coreNgIf
===========End============= 10/11/2021 01:13:52 PM
=============Error Logging ===========
===========Start============= 10/11/2021 01:13:53 PM
Error Message: StaticInjectorErrorAppModuleNgIf  TemplateRef   StaticInjectorErrorPlatform coreNgIf
===========End============= 10/11/2021 01:13:53 PM
=============Error Logging ===========
===========Start============= 10/11/2021 01:13:53 PM
Error Message: StaticInjectorErrorAppModuleNgIf  TemplateRef   StaticInjectorErrorPlatform coreNgIf
===========End============= 10/11/2021 01:13:53 PM
=============Error Logging ===========
===========Start============= 10/11/2021 01:13:54 PM
Error Message: StaticInjectorErrorAppModuleNgIf  TemplateRef   StaticInjectorErrorPlatform coreNgIf
===========End============= 10/11/2021 01:13:54 PM
=============Error Logging ===========
===========Start============= 10/11/2021 01:13:56 PM
Error Message: StaticInjectorErrorAppModuleNgIf  TemplateRef   StaticInjectorErrorPlatform coreNgIf
===========End============= 10/11/2021 01:13:56 PM
=============Error Logging ===========
===========Start============= 10/11/2021 01:13:56 PM
Error Message: StaticInjectorErrorAppModuleNgIf  TemplateRef   StaticInjectorErrorPlatform coreNgIf
===========End============= 10/11/2021 01:13:56 PM
=============Error Logging ===========
===========Start============= 10/11/2021 01:13:56 PM
Error Message: StaticInjectorErrorAppModuleNgIf  TemplateRef   StaticInjectorErrorPlatform coreNgIf
===========End============= 10/11/2021 01:13:56 PM
=============Error Logging ===========
===========Start============= 10/11/2021 01:13:56 PM
Error Message: StaticInjectorErrorAppModuleNgIf  TemplateRef   StaticInjectorErrorPlatform coreNgIf
===========End============= 10/11/2021 01:13:56 PM
=============Error Logging ===========
===========Start============= 10/11/2021 01:13:58 PM
Error Message: StaticInjectorErrorAppModuleNgIf  TemplateRef   StaticInjectorErrorPlatform coreNgIf
===========End============= 10/11/2021 01:13:58 PM
=============Error Logging ===========
===========Start============= 10/11/2021 01:14:47 PM
Error Message: StaticInjectorErrorAppModuleNgIf  TemplateRef   StaticInjectorErrorPlatform coreNgIf
===========End============= 10/11/2021 01:14:47 PM
=============Error Logging ===========
===========Start============= 10/11/2021 01:14:47 PM
Error Message: StaticInjectorErrorAppModuleNgIf  TemplateRef   StaticInjectorErrorPlatform coreNgIf
===========End============= 10/11/2021 01:14:47 PM
=============Error Logging ===========
===========Start============= 10/11/2021 01:14:47 PM
Error Message: StaticInjectorErrorAppModuleNgIf  TemplateRef   StaticInjectorErrorPlatform coreNgIf
===========End============= 10/11/2021 01:14:47 PM
=============Error Logging ===========
===========Start============= 10/11/2021 01:14:47 PM
Error Message: StaticInjectorErrorAppModuleNgIf  TemplateRef   StaticInjectorErrorPlatform coreNgIf
===========End============= 10/11/2021 01:14:47 PM
=============Error Logging ===========
===========Start============= 10/11/2021 01:14:48 PM
Error Message: StaticInjectorErrorAppModuleNgIf  TemplateRef   StaticInjectorErrorPlatform coreNgIf
===========End============= 10/11/2021 01:14:48 PM
=============Error Logging ===========
===========Start============= 10/11/2021 01:14:49 PM
Error Message: StaticInjectorErrorAppModuleNgIf  TemplateRef   StaticInjectorErrorPlatform coreNgIf
===========End============= 10/11/2021 01:14:49 PM
=============Error Logging ===========
===========Start============= 10/11/2021 01:14:50 PM
Error Message: StaticInjectorErrorAppModuleNgIf  TemplateRef   StaticInjectorErrorPlatform coreNgIf
===========End============= 10/11/2021 01:14:50 PM
=============Error Logging ===========
===========Start============= 10/11/2021 01:14:50 PM
Error Message: StaticInjectorErrorAppModuleNgIf  TemplateRef   StaticInjectorErrorPlatform coreNgIf
===========End============= 10/11/2021 01:14:50 PM
=============Error Logging ===========
===========Start============= 10/11/2021 01:14:51 PM
Error Message: StaticInjectorErrorAppModuleNgIf  TemplateRef   StaticInjectorErrorPlatform coreNgIf
===========End============= 10/11/2021 01:14:51 PM
=============Error Logging ===========
===========Start============= 10/11/2021 01:14:51 PM
Error Message: StaticInjectorErrorAppModuleNgIf  TemplateRef   StaticInjectorErrorPlatform coreNgIf
===========End============= 10/11/2021 01:14:51 PM
=============Error Logging ===========
===========Start============= 10/11/2021 01:14:56 PM
Error Message: StaticInjectorErrorAppModuleNgIf  TemplateRef   StaticInjectorErrorPlatform coreNgIf
===========End============= 10/11/2021 01:14:56 PM
=============Error Logging ===========
===========Start============= 10/11/2021 01:15:00 PM
Error Message: StaticInjectorErrorAppModuleNgIf  TemplateRef   StaticInjectorErrorPlatform coreNgIf
===========End============= 10/11/2021 01:15:00 PM
=============Error Logging ===========
===========Start============= 10/11/2021 01:54:39 PM
Error Message: formGroup expects a FormGroup instance Please pass one in       Example           div form
===========End============= 10/11/2021 01:54:39 PM
=============Error Logging ===========
===========Start============= 10/11/2021 01:55:48 PM
Error Message: formGroup expects a FormGroup instance Please pass one in       Example           div form
===========End============= 10/11/2021 01:55:48 PM
=============Error Logging ===========
===========Start============= 10/11/2021 03:00:48 PM
Error Message: Cannot read properties of null reading componentRef
===========End============= 10/11/2021 03:00:48 PM
