=============Error Logging ===========
===========Start============= 09/11/2021 01:17:12 PM
Error Message: Cannot read properties of undefined reading find
===========End============= 09/11/2021 01:17:12 PM
=============Error Logging ===========
===========Start============= 09/11/2021 01:17:24 PM
Error Message: Cannot read properties of undefined reading find
===========End============= 09/11/2021 01:17:24 PM
=============Error Logging ===========
===========Start============= 09/11/2021 01:21:59 PM
Error Message: Cannot read properties of undefined reading find
===========End============= 09/11/2021 01:21:59 PM
=============Error Logging ===========
===========Start============= 09/11/2021 01:25:03 PM
Error Message: Cannot read properties of undefined reading find
===========End============= 09/11/2021 01:25:03 PM
=============Error Logging ===========
===========Start============= 09/11/2021 01:33:27 PM
Error Message: Cannot read properties of undefined reading find
===========End============= 09/11/2021 01:33:27 PM
=============Error Logging ===========
===========Start============= 09/11/2021 01:33:36 PM
Error Message: Cannot read properties of undefined reading find
===========End============= 09/11/2021 01:33:36 PM
=============Error Logging ===========
===========Start============= 09/11/2021 01:34:37 PM
Error Message: Cannot read properties of undefined reading find
===========End============= 09/11/2021 01:34:37 PM
=============Error Logging ===========
===========Start============= 09/11/2021 01:38:16 PM
Error Message: Cannot read properties of undefined reading find
===========End============= 09/11/2021 01:38:16 PM
=============Error Logging ===========
===========Start============= 09/11/2021 01:41:25 PM
Error Message: Cannot read properties of undefined reading find
===========End============= 09/11/2021 01:41:25 PM
=============Error Logging ===========
===========Start============= 09/11/2021 09:02:42 PM
Error Message: Cannot read properties of undefined reading name
===========End============= 09/11/2021 09:02:42 PM
=============Error Logging ===========
===========Start============= 09/11/2021 09:07:47 PM
Error Message: Cannot read properties of undefined reading name
===========End============= 09/11/2021 09:07:47 PM
=============Error Logging ===========
===========Start============= 09/11/2021 09:08:34 PM
Error Message: Cannot read properties of undefined reading name
===========End============= 09/11/2021 09:08:34 PM
=============Error Logging ===========
===========Start============= 09/11/2021 09:08:38 PM
Error Message: Cannot read properties of undefined reading name
===========End============= 09/11/2021 09:08:38 PM
=============Error Logging ===========
===========Start============= 09/11/2021 09:09:15 PM
Error Message: Cannot read properties of undefined reading name
===========End============= 09/11/2021 09:09:15 PM
