=============Error Logging ===========
===========Start============= 09/30/2022 02:17:04 PM
Error Message: Cannot read properties of undefined reading filter
===========End============= 09/30/2022 02:17:04 PM
=============Error Logging ===========
===========Start============= 09/30/2022 02:21:27 PM
Error Message: Cannot read properties of undefined reading filter
===========End============= 09/30/2022 02:21:27 PM
=============Error Logging ===========
===========Start============= 09/30/2022 02:46:31 PM
Error Message: Cannot read properties of undefined reading filter
===========End============= 09/30/2022 02:46:31 PM
=============Error Logging ===========
===========Start============= 09/30/2022 03:02:36 PM
Error Message: res is not defined
===========End============= 09/30/2022 03:02:36 PM
=============Error Logging ===========
===========Start============= 09/30/2022 03:02:39 PM
Error Message: res is not defined
===========End============= 09/30/2022 03:02:39 PM
=============Error Logging ===========
===========Start============= 09/30/2022 03:02:40 PM
Error Message: res is not defined
===========End============= 09/30/2022 03:02:40 PM
=============Error Logging ===========
===========Start============= 09/30/2022 03:02:40 PM
Error Message: res is not defined
===========End============= 09/30/2022 03:02:40 PM
=============Error Logging ===========
===========Start============= 09/30/2022 03:02:40 PM
Error Message: res is not defined
===========End============= 09/30/2022 03:02:40 PM
=============Error Logging ===========
===========Start============= 09/30/2022 03:03:48 PM
Error Message: res is not defined
===========End============= 09/30/2022 03:03:48 PM
=============Error Logging ===========
===========Start============= 09/30/2022 03:04:13 PM
Error Message: res is not defined
===========End============= 09/30/2022 03:04:13 PM
=============Error Logging ===========
===========Start============= 09/30/2022 03:07:52 PM
Error Message: res is not defined
===========End============= 09/30/2022 03:07:52 PM
=============Error Logging ===========
===========Start============= 09/30/2022 03:08:26 PM
Error Message: res is not defined
===========End============= 09/30/2022 03:08:26 PM
=============Error Logging ===========
===========Start============= 09/30/2022 03:09:22 PM
Error Message: Cannot read properties of undefined reading filter
===========End============= 09/30/2022 03:09:22 PM
=============Error Logging ===========
===========Start============= 09/30/2022 03:55:15 PM
Error Message: Cannot read properties of undefined reading filter
===========End============= 09/30/2022 03:55:15 PM
=============Error Logging ===========
===========Start============= 09/30/2022 03:55:17 PM
Error Message: Cannot read properties of null reading toString
===========End============= 09/30/2022 03:55:17 PM
=============Error Logging ===========
===========Start============= 09/30/2022 04:53:55 PM
Error Message: Cannot read properties of undefined reading filter
===========End============= 09/30/2022 04:53:55 PM
=============Error Logging ===========
===========Start============= 09/30/2022 04:53:57 PM
Error Message: Cannot read properties of null reading toString
===========End============= 09/30/2022 04:53:57 PM
=============Error Logging ===========
===========Start============= 09/30/2022 04:54:38 PM
Error Message: Cannot read properties of undefined reading filter
===========End============= 09/30/2022 04:54:38 PM
=============Error Logging ===========
===========Start============= 09/30/2022 04:54:40 PM
Error Message: Cannot read properties of null reading toString
===========End============= 09/30/2022 04:54:40 PM
=============Error Logging ===========
===========Start============= 09/30/2022 04:58:00 PM
Error Message: Cannot read properties of undefined reading Frequency_Id
===========End============= 09/30/2022 04:58:00 PM
=============Error Logging ===========
===========Start============= 09/30/2022 04:58:03 PM
Error Message: Cannot read properties of undefined reading filter
===========End============= 09/30/2022 04:58:03 PM
=============Error Logging ===========
===========Start============= 09/30/2022 05:04:45 PM
Error Message: Cannot read properties of undefined reading find
===========End============= 09/30/2022 05:04:45 PM
=============Error Logging ===========
===========Start============= 09/30/2022 05:05:51 PM
Error Message: Cannot read properties of undefined reading filter
===========End============= 09/30/2022 05:05:51 PM
=============Error Logging ===========
===========Start============= 09/30/2022 05:05:53 PM
Error Message: Cannot read properties of null reading toString
===========End============= 09/30/2022 05:05:53 PM
=============Error Logging ===========
===========Start============= 09/30/2022 05:18:36 PM
Error Message: Cannot read properties of undefined reading filter
===========End============= 09/30/2022 05:18:36 PM
=============Error Logging ===========
===========Start============= 09/30/2022 05:18:39 PM
Error Message: Cannot read properties of null reading toString
===========End============= 09/30/2022 05:18:39 PM
=============Error Logging ===========
===========Start============= 09/30/2022 08:37:13 PM
Error Message: Cannot read properties of undefined reading filter
===========End============= 09/30/2022 08:37:13 PM
=============Error Logging ===========
===========Start============= 09/30/2022 08:37:15 PM
Error Message: Cannot read properties of null reading toString
===========End============= 09/30/2022 08:37:15 PM
=============Error Logging ===========
===========Start============= 09/30/2022 08:53:52 PM
Error Message: Cannot read properties of undefined reading filter
===========End============= 09/30/2022 08:53:52 PM
=============Error Logging ===========
===========Start============= 09/30/2022 08:53:54 PM
Error Message: Cannot read properties of null reading toString
===========End============= 09/30/2022 08:53:54 PM
=============Error Logging ===========
===========Start============= 09/30/2022 09:33:08 PM
Error Message: Cannot read properties of undefined reading filter
===========End============= 09/30/2022 09:33:08 PM
=============Error Logging ===========
===========Start============= 09/30/2022 09:33:11 PM
Error Message: Cannot read properties of null reading toString
===========End============= 09/30/2022 09:33:11 PM
=============Error Logging ===========
===========Start============= 09/30/2022 09:51:29 PM
Error Message: Cannot read properties of undefined reading filter
===========End============= 09/30/2022 09:51:29 PM
=============Error Logging ===========
===========Start============= 09/30/2022 09:51:31 PM
Error Message: Cannot read properties of null reading toString
===========End============= 09/30/2022 09:51:31 PM
=============Error Logging ===========
===========Start============= 09/30/2022 10:01:01 PM
Error Message: Cannot read properties of undefined reading filter
===========End============= 09/30/2022 10:01:01 PM
=============Error Logging ===========
===========Start============= 09/30/2022 10:01:04 PM
Error Message: Cannot read properties of null reading toString
===========End============= 09/30/2022 10:01:04 PM
