=============Error Logging ===========
===========Start============= 04/04/2022 05:12:50 PM
Error Message: formGroup expects a FormGroup instance Please pass one in       Example           div form
===========End============= 04/04/2022 05:12:50 PM
=============Error Logging ===========
===========Start============= 04/04/2022 05:30:24 PM
Error Message: formGroup expects a FormGroup instance Please pass one in       Example           div form
===========End============= 04/04/2022 05:30:24 PM
=============Error Logging ===========
===========Start============= 04/04/2022 05:32:07 PM
Error Message: formGroup expects a FormGroup instance Please pass one in       Example           div form
===========End============= 04/04/2022 05:32:07 PM
=============Error Logging ===========
===========Start============= 04/04/2022 06:18:48 PM
Error Message: formGroup expects a FormGroup instance Please pass one in       Example           div form
===========End============= 04/04/2022 06:18:48 PM
=============Error Logging ===========
===========Start============= 04/04/2022 06:22:28 PM
Error Message: formGroup expects a FormGroup instance Please pass one in       Example           div form
===========End============= 04/04/2022 06:22:28 PM
=============Error Logging ===========
===========Start============= 04/04/2022 06:25:35 PM
Error Message: formGroup expects a FormGroup instance Please pass one in       Example           div form
===========End============= 04/04/2022 06:25:35 PM
=============Error Logging ===========
===========Start============= 04/04/2022 06:29:31 PM
Error Message: formGroup expects a FormGroup instance Please pass one in       Example           div form
===========End============= 04/04/2022 06:29:31 PM
=============Error Logging ===========
===========Start============= 04/04/2022 07:47:24 PM
Error Message: formGroup expects a FormGroup instance Please pass one in       Example           div form
===========End============= 04/04/2022 07:47:24 PM
=============Error Logging ===========
===========Start============= 04/04/2022 07:49:30 PM
Error Message: formGroup expects a FormGroup instance Please pass one in       Example           div form
===========End============= 04/04/2022 07:49:30 PM
=============Error Logging ===========
===========Start============= 04/04/2022 07:53:50 PM
Error Message: formGroup expects a FormGroup instance Please pass one in       Example           div form
===========End============= 04/04/2022 07:53:50 PM
=============Error Logging ===========
===========Start============= 04/04/2022 07:54:19 PM
Error Message: formGroup expects a FormGroup instance Please pass one in       Example           div form
===========End============= 04/04/2022 07:54:19 PM
=============Error Logging ===========
===========Start============= 04/04/2022 08:01:02 PM
Error Message: formGroup expects a FormGroup instance Please pass one in       Example           div form
===========End============= 04/04/2022 08:01:02 PM
=============Error Logging ===========
===========Start============= 04/04/2022 08:52:01 PM
Error Message: Cannot read properties of undefined reading close
===========End============= 04/04/2022 08:52:01 PM
