=============Error Logging ===========
===========Start============= 09/29/2022 06:36:00 PM
Error Message: Cannot read properties of undefined reading filter
===========End============= 09/29/2022 06:36:00 PM
=============Error Logging ===========
===========Start============= 09/29/2022 10:33:17 PM
Error Message: Cannot read properties of undefined reading find
===========End============= 09/29/2022 10:33:17 PM
=============Error Logging ===========
===========Start============= 09/29/2022 10:33:27 PM
Error Message: Cannot read properties of undefined reading find
===========End============= 09/29/2022 10:33:27 PM
=============Error Logging ===========
===========Start============= 09/29/2022 10:33:32 PM
Error Message: Cannot read properties of undefined reading find
===========End============= 09/29/2022 10:33:32 PM
=============Error Logging ===========
===========Start============= 09/29/2022 10:34:04 PM
Error Message: Cannot read properties of undefined reading find
===========End============= 09/29/2022 10:34:04 PM
=============Error Logging ===========
===========Start============= 09/29/2022 10:35:30 PM
Error Message: Cannot read properties of undefined reading find
===========End============= 09/29/2022 10:35:30 PM
=============Error Logging ===========
===========Start============= 09/29/2022 10:40:34 PM
Error Message: Cannot read properties of undefined reading PVisit_Status
===========End============= 09/29/2022 10:40:34 PM
=============Error Logging ===========
===========Start============= 09/29/2022 10:41:01 PM
Error Message: Cannot read properties of undefined reading PVisit_Status
===========End============= 09/29/2022 10:41:01 PM
=============Error Logging ===========
===========Start============= 09/29/2022 10:44:46 PM
Error Message: Cannot read properties of undefined reading PVisit_Status
===========End============= 09/29/2022 10:44:46 PM
=============Error Logging ===========
===========Start============= 09/29/2022 10:46:53 PM
Error Message: Cannot read properties of undefined reading PVisit_Status
===========End============= 09/29/2022 10:46:53 PM
=============Error Logging ===========
===========Start============= 09/29/2022 10:48:34 PM
Error Message: Cannot read properties of undefined reading PVisit_Status
===========End============= 09/29/2022 10:48:34 PM
=============Error Logging ===========
===========Start============= 09/29/2022 10:49:12 PM
Error Message: Cannot read properties of undefined reading PVisit_Status
===========End============= 09/29/2022 10:49:12 PM
