=============Error Logging ===========
===========Start============= 10/06/2022 01:51:51 PM
Error Message: ExpressionChangedAfterItHasBeenCheckedError Expression has changed after it was checked Previous v
===========End============= 10/06/2022 01:51:51 PM
=============Error Logging ===========
===========Start============= 10/06/2022 01:51:53 PM
Error Message: ExpressionChangedAfterItHasBeenCheckedError Expression has changed after it was checked Previous v
===========End============= 10/06/2022 01:51:53 PM
=============Error Logging ===========
===========Start============= 10/06/2022 01:51:56 PM
Error Message: ExpressionChangedAfterItHasBeenCheckedError Expression has changed after it was checked Previous v
===========End============= 10/06/2022 01:51:56 PM
=============Error Logging ===========
===========Start============= 10/06/2022 01:54:20 PM
Error Message: ExpressionChangedAfterItHasBeenCheckedError Expression has changed after it was checked Previous v
===========End============= 10/06/2022 01:54:20 PM
=============Error Logging ===========
===========Start============= 10/06/2022 01:54:26 PM
Error Message: ExpressionChangedAfterItHasBeenCheckedError Expression has changed after it was checked Previous v
===========End============= 10/06/2022 01:54:26 PM
=============Error Logging ===========
===========Start============= 10/06/2022 01:54:41 PM
Error Message: ExpressionChangedAfterItHasBeenCheckedError Expression has changed after it was checked Previous v
===========End============= 10/06/2022 01:54:41 PM
=============Error Logging ===========
===========Start============= 10/06/2022 01:54:43 PM
Error Message: ExpressionChangedAfterItHasBeenCheckedError Expression has changed after it was checked Previous v
===========End============= 10/06/2022 01:54:43 PM
=============Error Logging ===========
===========Start============= 10/06/2022 01:55:13 PM
Error Message: ExpressionChangedAfterItHasBeenCheckedError Expression has changed after it was checked Previous v
===========End============= 10/06/2022 01:55:13 PM
=============Error Logging ===========
===========Start============= 10/06/2022 01:55:15 PM
Error Message: ExpressionChangedAfterItHasBeenCheckedError Expression has changed after it was checked Previous v
===========End============= 10/06/2022 01:55:15 PM
=============Error Logging ===========
===========Start============= 10/06/2022 01:55:17 PM
Error Message: ExpressionChangedAfterItHasBeenCheckedError Expression has changed after it was checked Previous v
===========End============= 10/06/2022 01:55:17 PM
=============Error Logging ===========
===========Start============= 10/06/2022 01:56:11 PM
Error Message: ExpressionChangedAfterItHasBeenCheckedError Expression has changed after it was checked Previous v
===========End============= 10/06/2022 01:56:11 PM
=============Error Logging ===========
===========Start============= 10/06/2022 01:56:43 PM
Error Message: ExpressionChangedAfterItHasBeenCheckedError Expression has changed after it was checked Previous v
===========End============= 10/06/2022 01:56:43 PM
=============Error Logging ===========
===========Start============= 10/06/2022 01:56:52 PM
Error Message: ExpressionChangedAfterItHasBeenCheckedError Expression has changed after it was checked Previous v
===========End============= 10/06/2022 01:56:52 PM
=============Error Logging ===========
===========Start============= 10/06/2022 01:57:00 PM
Error Message: ExpressionChangedAfterItHasBeenCheckedError Expression has changed after it was checked Previous v
===========End============= 10/06/2022 01:57:00 PM
=============Error Logging ===========
===========Start============= 10/06/2022 01:57:02 PM
Error Message: ExpressionChangedAfterItHasBeenCheckedError Expression has changed after it was checked Previous v
===========End============= 10/06/2022 01:57:02 PM
=============Error Logging ===========
===========Start============= 10/06/2022 01:57:04 PM
Error Message: ExpressionChangedAfterItHasBeenCheckedError Expression has changed after it was checked Previous v
===========End============= 10/06/2022 01:57:04 PM
=============Error Logging ===========
===========Start============= 10/06/2022 03:37:58 PM
Error Message: Cannot read properties of undefined reading length
===========End============= 10/06/2022 03:37:58 PM
