=============Error Logging ===========
===========Start============= 10/07/2022 01:56:37 PM
Error Message: Cannot read properties of undefined reading filter
===========End============= 10/07/2022 01:56:37 PM
=============Error Logging ===========
===========Start============= 10/07/2022 06:25:21 PM
Error Message: ExpressionChangedAfterItHasBeenCheckedError Expression has changed after it was checked Previous v
===========End============= 10/07/2022 06:25:21 PM
=============Error Logging ===========
===========Start============= 10/07/2022 06:26:10 PM
Error Message: Cannot read properties of undefined reading filter
===========End============= 10/07/2022 06:26:10 PM
=============Error Logging ===========
===========Start============= 10/07/2022 06:49:12 PM
Error Message: Cannot read properties of undefined reading filter
===========End============= 10/07/2022 06:49:12 PM
=============Error Logging ===========
===========Start============= 10/07/2022 06:50:14 PM
Error Message: Cannot read properties of undefined reading filter
===========End============= 10/07/2022 06:50:14 PM
=============Error Logging ===========
===========Start============= 10/07/2022 06:55:23 PM
Error Message: Cannot read properties of undefined reading filter
===========End============= 10/07/2022 06:55:23 PM
