=============Error Logging ===========
===========Start============= 06/21/2022 01:29:51 PM
Error Message: valuemap is not a function
===========End============= 06/21/2022 01:29:51 PM
=============Error Logging ===========
===========Start============= 06/21/2022 01:31:41 PM
Error Message: Cannot read properties of undefined reading push
===========End============= 06/21/2022 01:31:41 PM
=============Error Logging ===========
===========Start============= 06/21/2022 02:26:14 PM
Error Message: _coonChange is not a function
===========End============= 06/21/2022 02:26:14 PM
=============Error Logging ===========
===========Start============= 06/21/2022 02:26:45 PM
Error Message: _coonChange is not a function
===========End============= 06/21/2022 02:26:45 PM
=============Error Logging ===========
===========Start============= 06/21/2022 02:26:54 PM
Error Message: _coonChange is not a function
===========End============= 06/21/2022 02:26:54 PM
=============Error Logging ===========
===========Start============= 06/21/2022 02:32:48 PM
Error Message: ngIfThen must be a TemplateRef but received true
===========End============= 06/21/2022 02:32:48 PM
=============Error Logging ===========
===========Start============= 06/21/2022 02:32:48 PM
Error Message: ngIfThen must be a TemplateRef but received true
===========End============= 06/21/2022 02:32:48 PM
=============Error Logging ===========
===========Start============= 06/21/2022 02:32:48 PM
Error Message: ngIfThen must be a TemplateRef but received true
===========End============= 06/21/2022 02:32:48 PM
=============Error Logging ===========
===========Start============= 06/21/2022 02:32:48 PM
Error Message: ngIfThen must be a TemplateRef but received true
===========End============= 06/21/2022 02:32:48 PM
=============Error Logging ===========
===========Start============= 06/21/2022 02:32:48 PM
Error Message: ngIfThen must be a TemplateRef but received true
===========End============= 06/21/2022 02:32:48 PM
=============Error Logging ===========
===========Start============= 06/21/2022 02:32:48 PM
Error Message: ngIfThen must be a TemplateRef but received true
===========End============= 06/21/2022 02:32:48 PM
=============Error Logging ===========
===========Start============= 06/21/2022 02:32:48 PM
Error Message: ngIfThen must be a TemplateRef but received true
===========End============= 06/21/2022 02:32:48 PM
=============Error Logging ===========
===========Start============= 06/21/2022 02:32:48 PM
Error Message: ngIfThen must be a TemplateRef but received true
===========End============= 06/21/2022 02:32:48 PM
=============Error Logging ===========
===========Start============= 06/21/2022 02:32:48 PM
Error Message: ngIfThen must be a TemplateRef but received true
===========End============= 06/21/2022 02:32:48 PM
=============Error Logging ===========
===========Start============= 06/21/2022 02:32:48 PM
Error Message: ngIfThen must be a TemplateRef but received true
===========End============= 06/21/2022 02:32:48 PM
=============Error Logging ===========
===========Start============= 06/21/2022 02:32:48 PM
Error Message: ngIfThen must be a TemplateRef but received true
===========End============= 06/21/2022 02:32:48 PM
=============Error Logging ===========
===========Start============= 06/21/2022 02:32:48 PM
Error Message: ngIfThen must be a TemplateRef but received true
===========End============= 06/21/2022 02:32:48 PM
=============Error Logging ===========
===========Start============= 06/21/2022 02:32:48 PM
Error Message: ngIfThen must be a TemplateRef but received true
===========End============= 06/21/2022 02:32:48 PM
=============Error Logging ===========
===========Start============= 06/21/2022 02:32:48 PM
Error Message: ngIfThen must be a TemplateRef but received true
===========End============= 06/21/2022 02:32:48 PM
=============Error Logging ===========
===========Start============= 06/21/2022 02:32:49 PM
Error Message: ngIfThen must be a TemplateRef but received true
===========End============= 06/21/2022 02:32:49 PM
=============Error Logging ===========
===========Start============= 06/21/2022 02:32:49 PM
Error Message: ngIfThen must be a TemplateRef but received true
===========End============= 06/21/2022 02:32:49 PM
=============Error Logging ===========
===========Start============= 06/21/2022 03:51:56 PM
Error Message: data is not defined
===========End============= 06/21/2022 03:51:56 PM
=============Error Logging ===========
===========Start============= 06/21/2022 04:44:08 PM
Error Message: item is not defined
===========End============= 06/21/2022 04:44:08 PM
=============Error Logging ===========
===========Start============= 06/21/2022 05:04:17 PM
Error Message: Cannot read properties of undefined reading group
===========End============= 06/21/2022 05:04:17 PM
=============Error Logging ===========
===========Start============= 06/21/2022 05:05:28 PM
Error Message: Cannot read properties of undefined reading group
===========End============= 06/21/2022 05:05:28 PM
