=============Error Logging ===========
===========Start============= 10/17/2023 05:27:00 AM
Error Message: _coonCredentialsChange is not a function
===========End============= 10/17/2023 05:27:00 AM
=============Error Logging ===========
===========Start============= 10/17/2023 05:27:01 AM
Error Message: _coonPrimarySpecialityChange is not a function
===========End============= 10/17/2023 05:27:01 AM
=============Error Logging ===========
===========Start============= 10/17/2023 05:34:53 AM
Error Message: _coonCredentialsChange is not a function
===========End============= 10/17/2023 05:34:53 AM
=============Error Logging ===========
===========Start============= 10/17/2023 05:35:05 AM
Error Message: _coonCredentialsChange is not a function
===========End============= 10/17/2023 05:35:05 AM
=============Error Logging ===========
===========Start============= 10/17/2023 05:35:08 AM
Error Message: _coonCredentialsChange is not a function
===========End============= 10/17/2023 05:35:08 AM
=============Error Logging ===========
===========Start============= 10/17/2023 07:17:18 AM
Error Message: Cannot read properties of null reading 0
===========End============= 10/17/2023 07:17:18 AM
