=============Error Logging ===========
===========Start============= 06/08/2023 05:16:49 AM
Error Message: Cannot read properties of undefined reading PharmacyName
===========End============= 06/08/2023 05:16:49 AM
=============Error Logging ===========
===========Start============= 06/08/2023 05:17:02 AM
Error Message: Cannot read properties of undefined reading PharmacyName
===========End============= 06/08/2023 05:17:02 AM
=============Error Logging ===========
===========Start============= 06/08/2023 05:19:06 AM
Error Message: Cannot read properties of undefined reading length
===========End============= 06/08/2023 05:19:06 AM
=============Error Logging ===========
===========Start============= 06/08/2023 05:19:06 AM
Error Message: Cannot read properties of undefined reading length
===========End============= 06/08/2023 05:19:06 AM
=============Error Logging ===========
===========Start============= 06/08/2023 05:19:06 AM
Error Message: Cannot read properties of undefined reading length
===========End============= 06/08/2023 05:19:06 AM
=============Error Logging ===========
===========Start============= 06/08/2023 05:19:06 AM
Error Message: Cannot read properties of undefined reading length
===========End============= 06/08/2023 05:19:06 AM
=============Error Logging ===========
===========Start============= 06/08/2023 05:19:06 AM
Error Message: Cannot read properties of undefined reading length
===========End============= 06/08/2023 05:19:06 AM
=============Error Logging ===========
===========Start============= 06/08/2023 05:19:06 AM
Error Message: Cannot read properties of undefined reading length
===========End============= 06/08/2023 05:19:06 AM
=============Error Logging ===========
===========Start============= 06/08/2023 05:19:06 AM
Error Message: Cannot read properties of undefined reading length
===========End============= 06/08/2023 05:19:06 AM
=============Error Logging ===========
===========Start============= 06/08/2023 05:19:06 AM
Error Message: Cannot read properties of undefined reading length
===========End============= 06/08/2023 05:19:06 AM
=============Error Logging ===========
===========Start============= 06/08/2023 05:19:06 AM
Error Message: Cannot read properties of undefined reading length
===========End============= 06/08/2023 05:19:06 AM
=============Error Logging ===========
===========Start============= 06/08/2023 05:19:06 AM
Error Message: Cannot read properties of undefined reading length
===========End============= 06/08/2023 05:19:06 AM
=============Error Logging ===========
===========Start============= 06/08/2023 05:19:06 AM
Error Message: Cannot read properties of undefined reading length
===========End============= 06/08/2023 05:19:06 AM
=============Error Logging ===========
===========Start============= 06/08/2023 05:19:06 AM
Error Message: Cannot read properties of undefined reading length
===========End============= 06/08/2023 05:19:06 AM
=============Error Logging ===========
===========Start============= 06/08/2023 05:19:06 AM
Error Message: Cannot read properties of undefined reading length
===========End============= 06/08/2023 05:19:06 AM
=============Error Logging ===========
===========Start============= 06/08/2023 05:19:07 AM
Error Message: Cannot read properties of undefined reading length
===========End============= 06/08/2023 05:19:07 AM
=============Error Logging ===========
===========Start============= 06/08/2023 05:19:07 AM
Error Message: Cannot read properties of undefined reading length
===========End============= 06/08/2023 05:19:07 AM
=============Error Logging ===========
===========Start============= 06/08/2023 05:19:07 AM
Error Message: Cannot read properties of undefined reading length
===========End============= 06/08/2023 05:19:07 AM
=============Error Logging ===========
===========Start============= 06/08/2023 05:19:07 AM
Error Message: Cannot read properties of undefined reading length
===========End============= 06/08/2023 05:19:07 AM
=============Error Logging ===========
===========Start============= 06/08/2023 05:21:27 AM
Error Message: Cannot read properties of undefined reading length
===========End============= 06/08/2023 05:21:27 AM
=============Error Logging ===========
===========Start============= 06/08/2023 05:21:27 AM
Error Message: Cannot read properties of undefined reading length
===========End============= 06/08/2023 05:21:27 AM
=============Error Logging ===========
===========Start============= 06/08/2023 05:21:27 AM
Error Message: Cannot read properties of undefined reading length
===========End============= 06/08/2023 05:21:27 AM
=============Error Logging ===========
===========Start============= 06/08/2023 05:21:27 AM
Error Message: Cannot read properties of undefined reading length
===========End============= 06/08/2023 05:21:27 AM
=============Error Logging ===========
===========Start============= 06/08/2023 05:21:27 AM
Error Message: Cannot read properties of undefined reading length
===========End============= 06/08/2023 05:21:27 AM
=============Error Logging ===========
===========Start============= 06/08/2023 05:21:27 AM
Error Message: Cannot read properties of undefined reading length
===========End============= 06/08/2023 05:21:27 AM
=============Error Logging ===========
===========Start============= 06/08/2023 05:21:27 AM
Error Message: Cannot read properties of undefined reading length
===========End============= 06/08/2023 05:21:27 AM
=============Error Logging ===========
===========Start============= 06/08/2023 05:21:27 AM
Error Message: Cannot read properties of undefined reading length
===========End============= 06/08/2023 05:21:27 AM
=============Error Logging ===========
===========Start============= 06/08/2023 05:21:27 AM
Error Message: Cannot read properties of undefined reading length
===========End============= 06/08/2023 05:21:27 AM
=============Error Logging ===========
===========Start============= 06/08/2023 05:21:27 AM
Error Message: Cannot read properties of undefined reading length
===========End============= 06/08/2023 05:21:27 AM
=============Error Logging ===========
===========Start============= 06/08/2023 05:21:27 AM
Error Message: Cannot read properties of undefined reading length
===========End============= 06/08/2023 05:21:27 AM
=============Error Logging ===========
===========Start============= 06/08/2023 05:21:27 AM
Error Message: Cannot read properties of undefined reading length
===========End============= 06/08/2023 05:21:27 AM
=============Error Logging ===========
===========Start============= 06/08/2023 05:21:27 AM
Error Message: Cannot read properties of undefined reading length
===========End============= 06/08/2023 05:21:27 AM
=============Error Logging ===========
===========Start============= 06/08/2023 05:21:27 AM
Error Message: Cannot read properties of undefined reading length
===========End============= 06/08/2023 05:21:27 AM
=============Error Logging ===========
===========Start============= 06/08/2023 05:21:27 AM
Error Message: Cannot read properties of undefined reading length
===========End============= 06/08/2023 05:21:27 AM
=============Error Logging ===========
===========Start============= 06/08/2023 05:21:28 AM
Error Message: Cannot read properties of undefined reading length
===========End============= 06/08/2023 05:21:28 AM
=============Error Logging ===========
===========Start============= 06/08/2023 05:22:33 AM
Error Message: Cannot read properties of undefined reading length
===========End============= 06/08/2023 05:22:33 AM
=============Error Logging ===========
===========Start============= 06/08/2023 05:22:33 AM
Error Message: Cannot read properties of undefined reading length
===========End============= 06/08/2023 05:22:33 AM
=============Error Logging ===========
===========Start============= 06/08/2023 05:22:33 AM
Error Message: Cannot read properties of undefined reading length
===========End============= 06/08/2023 05:22:33 AM
=============Error Logging ===========
===========Start============= 06/08/2023 05:22:33 AM
Error Message: Cannot read properties of undefined reading length
===========End============= 06/08/2023 05:22:33 AM
=============Error Logging ===========
===========Start============= 06/08/2023 05:22:33 AM
Error Message: Cannot read properties of undefined reading length
===========End============= 06/08/2023 05:22:33 AM
=============Error Logging ===========
===========Start============= 06/08/2023 05:22:33 AM
Error Message: Cannot read properties of undefined reading length
===========End============= 06/08/2023 05:22:33 AM
=============Error Logging ===========
===========Start============= 06/08/2023 05:22:33 AM
Error Message: Cannot read properties of undefined reading length
===========End============= 06/08/2023 05:22:33 AM
=============Error Logging ===========
===========Start============= 06/08/2023 05:22:33 AM
Error Message: Cannot read properties of undefined reading length
===========End============= 06/08/2023 05:22:33 AM
=============Error Logging ===========
===========Start============= 06/08/2023 05:22:33 AM
Error Message: Cannot read properties of undefined reading length
===========End============= 06/08/2023 05:22:33 AM
=============Error Logging ===========
===========Start============= 06/08/2023 05:22:34 AM
Error Message: Cannot read properties of undefined reading length
===========End============= 06/08/2023 05:22:34 AM
=============Error Logging ===========
===========Start============= 06/08/2023 05:22:34 AM
Error Message: Cannot read properties of undefined reading length
===========End============= 06/08/2023 05:22:34 AM
=============Error Logging ===========
===========Start============= 06/08/2023 05:22:34 AM
Error Message: Cannot read properties of undefined reading length
===========End============= 06/08/2023 05:22:34 AM
=============Error Logging ===========
===========Start============= 06/08/2023 05:22:34 AM
Error Message: Cannot read properties of undefined reading length
===========End============= 06/08/2023 05:22:34 AM
=============Error Logging ===========
===========Start============= 06/08/2023 05:22:34 AM
Error Message: Cannot read properties of undefined reading length
===========End============= 06/08/2023 05:22:34 AM
=============Error Logging ===========
===========Start============= 06/08/2023 05:22:34 AM
Error Message: Cannot read properties of undefined reading length
===========End============= 06/08/2023 05:22:34 AM
=============Error Logging ===========
===========Start============= 06/08/2023 05:22:34 AM
Error Message: Cannot read properties of undefined reading length
===========End============= 06/08/2023 05:22:34 AM
=============Error Logging ===========
===========Start============= 06/08/2023 05:27:40 AM
Error Message: formGroup expects a FormGroup instance Please pass one in       Example           div form
===========End============= 06/08/2023 05:27:40 AM
=============Error Logging ===========
===========Start============= 06/08/2023 05:28:09 AM
Error Message: Cannot read properties of undefined reading length
===========End============= 06/08/2023 05:28:09 AM
=============Error Logging ===========
===========Start============= 06/08/2023 05:28:09 AM
Error Message: Cannot read properties of undefined reading length
===========End============= 06/08/2023 05:28:09 AM
=============Error Logging ===========
===========Start============= 06/08/2023 05:28:10 AM
Error Message: Cannot read properties of undefined reading length
===========End============= 06/08/2023 05:28:10 AM
=============Error Logging ===========
===========Start============= 06/08/2023 05:28:10 AM
Error Message: Cannot read properties of undefined reading length
===========End============= 06/08/2023 05:28:10 AM
=============Error Logging ===========
===========Start============= 06/08/2023 05:28:10 AM
Error Message: Cannot read properties of undefined reading length
===========End============= 06/08/2023 05:28:10 AM
=============Error Logging ===========
===========Start============= 06/08/2023 05:28:10 AM
Error Message: Cannot read properties of undefined reading length
===========End============= 06/08/2023 05:28:10 AM
=============Error Logging ===========
===========Start============= 06/08/2023 05:28:10 AM
Error Message: Cannot read properties of undefined reading length
===========End============= 06/08/2023 05:28:10 AM
=============Error Logging ===========
===========Start============= 06/08/2023 05:28:10 AM
Error Message: Cannot read properties of undefined reading length
===========End============= 06/08/2023 05:28:10 AM
=============Error Logging ===========
===========Start============= 06/08/2023 05:28:11 AM
Error Message: Cannot read properties of undefined reading length
===========End============= 06/08/2023 05:28:11 AM
=============Error Logging ===========
===========Start============= 06/08/2023 05:28:11 AM
Error Message: Cannot read properties of undefined reading length
===========End============= 06/08/2023 05:28:11 AM
=============Error Logging ===========
===========Start============= 06/08/2023 05:28:11 AM
Error Message: Cannot read properties of undefined reading length
===========End============= 06/08/2023 05:28:11 AM
=============Error Logging ===========
===========Start============= 06/08/2023 05:28:11 AM
Error Message: Cannot read properties of undefined reading length
===========End============= 06/08/2023 05:28:11 AM
=============Error Logging ===========
===========Start============= 06/08/2023 05:28:11 AM
Error Message: Cannot read properties of undefined reading length
===========End============= 06/08/2023 05:28:11 AM
=============Error Logging ===========
===========Start============= 06/08/2023 05:28:11 AM
Error Message: Cannot read properties of undefined reading length
===========End============= 06/08/2023 05:28:11 AM
=============Error Logging ===========
===========Start============= 06/08/2023 05:28:11 AM
Error Message: Cannot read properties of undefined reading length
===========End============= 06/08/2023 05:28:11 AM
=============Error Logging ===========
===========Start============= 06/08/2023 05:28:11 AM
Error Message: Cannot read properties of undefined reading length
===========End============= 06/08/2023 05:28:11 AM
=============Error Logging ===========
===========Start============= 06/08/2023 05:34:22 AM
Error Message: Cannot read properties of undefined reading length
===========End============= 06/08/2023 05:34:22 AM
=============Error Logging ===========
===========Start============= 06/08/2023 05:34:44 AM
Error Message: Cannot read properties of undefined reading length
===========End============= 06/08/2023 05:34:44 AM
=============Error Logging ===========
===========Start============= 06/08/2023 05:34:44 AM
Error Message: Cannot read properties of undefined reading length
===========End============= 06/08/2023 05:34:44 AM
=============Error Logging ===========
===========Start============= 06/08/2023 05:34:44 AM
Error Message: Cannot read properties of undefined reading length
===========End============= 06/08/2023 05:34:44 AM
=============Error Logging ===========
===========Start============= 06/08/2023 05:34:44 AM
Error Message: Cannot read properties of undefined reading length
===========End============= 06/08/2023 05:34:44 AM
=============Error Logging ===========
===========Start============= 06/08/2023 05:34:44 AM
Error Message: Cannot read properties of undefined reading length
===========End============= 06/08/2023 05:34:44 AM
=============Error Logging ===========
===========Start============= 06/08/2023 05:34:44 AM
Error Message: Cannot read properties of undefined reading length
===========End============= 06/08/2023 05:34:44 AM
=============Error Logging ===========
===========Start============= 06/08/2023 05:34:44 AM
Error Message: Cannot read properties of undefined reading length
===========End============= 06/08/2023 05:34:44 AM
=============Error Logging ===========
===========Start============= 06/08/2023 05:34:44 AM
Error Message: Cannot read properties of undefined reading length
===========End============= 06/08/2023 05:34:44 AM
=============Error Logging ===========
===========Start============= 06/08/2023 05:34:45 AM
Error Message: Cannot read properties of undefined reading length
===========End============= 06/08/2023 05:34:45 AM
=============Error Logging ===========
===========Start============= 06/08/2023 05:34:45 AM
Error Message: Cannot read properties of undefined reading length
===========End============= 06/08/2023 05:34:45 AM
=============Error Logging ===========
===========Start============= 06/08/2023 05:34:45 AM
Error Message: Cannot read properties of undefined reading length
===========End============= 06/08/2023 05:34:45 AM
=============Error Logging ===========
===========Start============= 06/08/2023 05:34:45 AM
Error Message: Cannot read properties of undefined reading length
===========End============= 06/08/2023 05:34:45 AM
=============Error Logging ===========
===========Start============= 06/08/2023 05:34:45 AM
Error Message: Cannot read properties of undefined reading length
===========End============= 06/08/2023 05:34:45 AM
=============Error Logging ===========
===========Start============= 06/08/2023 05:34:45 AM
Error Message: Cannot read properties of undefined reading length
===========End============= 06/08/2023 05:34:45 AM
=============Error Logging ===========
===========Start============= 06/08/2023 05:34:45 AM
Error Message: Cannot read properties of undefined reading length
===========End============= 06/08/2023 05:34:45 AM
=============Error Logging ===========
===========Start============= 06/08/2023 05:34:45 AM
Error Message: Cannot read properties of undefined reading length
===========End============= 06/08/2023 05:34:45 AM
=============Error Logging ===========
===========Start============= 06/08/2023 05:34:45 AM
Error Message: Cannot read properties of undefined reading length
===========End============= 06/08/2023 05:34:45 AM
=============Error Logging ===========
===========Start============= 06/08/2023 05:35:47 AM
Error Message: Cannot read properties of undefined reading length
===========End============= 06/08/2023 05:35:47 AM
=============Error Logging ===========
===========Start============= 06/08/2023 05:35:54 AM
Error Message: Cannot read properties of undefined reading length
===========End============= 06/08/2023 05:35:54 AM
=============Error Logging ===========
===========Start============= 06/08/2023 05:35:54 AM
Error Message: Cannot read properties of undefined reading length
===========End============= 06/08/2023 05:35:54 AM
=============Error Logging ===========
===========Start============= 06/08/2023 05:35:58 AM
Error Message: Cannot read properties of undefined reading length
===========End============= 06/08/2023 05:35:58 AM
=============Error Logging ===========
===========Start============= 06/08/2023 05:35:58 AM
Error Message: Cannot read properties of undefined reading length
===========End============= 06/08/2023 05:35:58 AM
=============Error Logging ===========
===========Start============= 06/08/2023 05:36:16 AM
Error Message: Cannot read properties of undefined reading length
===========End============= 06/08/2023 05:36:16 AM
=============Error Logging ===========
===========Start============= 06/08/2023 05:36:16 AM
Error Message: Cannot read properties of undefined reading length
===========End============= 06/08/2023 05:36:16 AM
=============Error Logging ===========
===========Start============= 06/08/2023 05:36:16 AM
Error Message: Cannot read properties of undefined reading length
===========End============= 06/08/2023 05:36:16 AM
=============Error Logging ===========
===========Start============= 06/08/2023 05:36:16 AM
Error Message: Cannot read properties of undefined reading length
===========End============= 06/08/2023 05:36:16 AM
=============Error Logging ===========
===========Start============= 06/08/2023 05:36:16 AM
Error Message: Cannot read properties of undefined reading length
===========End============= 06/08/2023 05:36:16 AM
=============Error Logging ===========
===========Start============= 06/08/2023 05:36:16 AM
Error Message: Cannot read properties of undefined reading length
===========End============= 06/08/2023 05:36:16 AM
=============Error Logging ===========
===========Start============= 06/08/2023 05:36:16 AM
Error Message: Cannot read properties of undefined reading length
===========End============= 06/08/2023 05:36:16 AM
=============Error Logging ===========
===========Start============= 06/08/2023 05:36:16 AM
Error Message: Cannot read properties of undefined reading length
===========End============= 06/08/2023 05:36:16 AM
=============Error Logging ===========
===========Start============= 06/08/2023 05:36:16 AM
Error Message: Cannot read properties of undefined reading length
===========End============= 06/08/2023 05:36:16 AM
=============Error Logging ===========
===========Start============= 06/08/2023 05:36:16 AM
Error Message: Cannot read properties of undefined reading length
===========End============= 06/08/2023 05:36:16 AM
=============Error Logging ===========
===========Start============= 06/08/2023 05:43:30 AM
Error Message: formGroup expects a FormGroup instance Please pass one in       Example           div form
===========End============= 06/08/2023 05:43:30 AM
