=============Error Logging ===========
===========Start============= 09/28/2023 10:15:35 AM
Error Message: Cannot read properties of undefined reading filter
===========End============= 09/28/2023 10:15:35 AM
=============Error Logging ===========
===========Start============= 09/28/2023 10:18:46 AM
Error Message: Cannot read properties of undefined reading filter
===========End============= 09/28/2023 10:18:46 AM
=============Error Logging ===========
===========Start============= 09/28/2023 10:31:13 AM
Error Message: Cannot read properties of undefined reading filter
===========End============= 09/28/2023 10:31:13 AM
=============Error Logging ===========
===========Start============= 09/28/2023 10:34:10 AM
Error Message: Cannot read properties of undefined reading filter
===========End============= 09/28/2023 10:34:10 AM
=============Error Logging ===========
===========Start============= 09/28/2023 10:38:12 AM
Error Message: Cannot read properties of undefined reading filter
===========End============= 09/28/2023 10:38:12 AM
=============Error Logging ===========
===========Start============= 09/28/2023 10:44:42 AM
Error Message: Cannot read properties of undefined reading filter
===========End============= 09/28/2023 10:44:42 AM
=============Error Logging ===========
===========Start============= 09/28/2023 10:44:56 AM
Error Message: Cannot read properties of undefined reading filter
===========End============= 09/28/2023 10:44:56 AM
=============Error Logging ===========
===========Start============= 09/28/2023 10:47:59 AM
Error Message: Cannot read properties of undefined reading filter
===========End============= 09/28/2023 10:47:59 AM
=============Error Logging ===========
===========Start============= 09/28/2023 10:51:01 AM
Error Message: Cannot read properties of undefined reading filter
===========End============= 09/28/2023 10:51:01 AM
=============Error Logging ===========
===========Start============= 09/28/2023 10:53:17 AM
Error Message: Cannot read properties of undefined reading filter
===========End============= 09/28/2023 10:53:17 AM
=============Error Logging ===========
===========Start============= 09/28/2023 10:53:36 AM
Error Message: Cannot read properties of undefined reading filter
===========End============= 09/28/2023 10:53:36 AM
=============Error Logging ===========
===========Start============= 09/28/2023 10:55:50 AM
Error Message: Cannot read properties of undefined reading filter
===========End============= 09/28/2023 10:55:50 AM
=============Error Logging ===========
===========Start============= 09/28/2023 11:05:21 AM
Error Message: Cannot read properties of undefined reading filter
===========End============= 09/28/2023 11:05:21 AM
=============Error Logging ===========
===========Start============= 09/28/2023 11:11:23 AM
Error Message: Cannot read properties of undefined reading filter
===========End============= 09/28/2023 11:11:23 AM
=============Error Logging ===========
===========Start============= 09/28/2023 11:22:26 AM
Error Message: Cannot read properties of undefined reading filter
===========End============= 09/28/2023 11:22:26 AM
=============Error Logging ===========
===========Start============= 09/28/2023 11:33:39 AM
Error Message: Cannot read properties of undefined reading filter
===========End============= 09/28/2023 11:33:39 AM
=============Error Logging ===========
===========Start============= 09/28/2023 11:43:55 AM
Error Message: Cannot read properties of undefined reading filter
===========End============= 09/28/2023 11:43:55 AM
=============Error Logging ===========
===========Start============= 09/28/2023 11:46:06 AM
Error Message: Cannot read properties of undefined reading filter
===========End============= 09/28/2023 11:46:06 AM
=============Error Logging ===========
===========Start============= 09/28/2023 11:46:17 AM
Error Message: Cannot read properties of undefined reading filter
===========End============= 09/28/2023 11:46:17 AM
=============Error Logging ===========
===========Start============= 09/28/2023 12:00:05 PM
Error Message: Cannot read properties of undefined reading filter
===========End============= 09/28/2023 12:00:05 PM
