=============Error Logging ===========
===========Start============= 10/05/2023 05:48:00 AM
Error Message: valuesplit is not a function
===========End============= 10/05/2023 05:48:00 AM
=============Error Logging ===========
===========Start============= 10/05/2023 05:48:30 AM
Error Message: valuesplit is not a function
===========End============= 10/05/2023 05:48:30 AM
=============Error Logging ===========
===========Start============= 10/05/2023 05:48:39 AM
Error Message: valuesplit is not a function
===========End============= 10/05/2023 05:48:39 AM
=============Error Logging ===========
===========Start============= 10/05/2023 05:48:47 AM
Error Message: valuesplit is not a function
===========End============= 10/05/2023 05:48:47 AM
=============Error Logging ===========
===========Start============= 10/05/2023 05:53:59 AM
Error Message: valuesplit is not a function
===========End============= 10/05/2023 05:53:59 AM
=============Error Logging ===========
===========Start============= 10/05/2023 05:56:27 AM
Error Message: valuesplit is not a function
===========End============= 10/05/2023 05:56:27 AM
=============Error Logging ===========
===========Start============= 10/05/2023 05:57:31 AM
Error Message: valuesplit is not a function
===========End============= 10/05/2023 05:57:31 AM
=============Error Logging ===========
===========Start============= 10/05/2023 05:58:00 AM
Error Message: valuesplit is not a function
===========End============= 10/05/2023 05:58:00 AM
=============Error Logging ===========
===========Start============= 10/05/2023 06:01:59 AM
Error Message: valuesplit is not a function
===========End============= 10/05/2023 06:01:59 AM
=============Error Logging ===========
===========Start============= 10/05/2023 06:03:42 AM
Error Message: valuesplit is not a function
===========End============= 10/05/2023 06:03:42 AM
=============Error Logging ===========
===========Start============= 10/05/2023 06:22:15 AM
Error Message: valuesplit is not a function
===========End============= 10/05/2023 06:22:15 AM
=============Error Logging ===========
===========Start============= 10/05/2023 06:35:20 AM
Error Message: valuesplit is not a function
===========End============= 10/05/2023 06:35:20 AM
=============Error Logging ===========
===========Start============= 10/05/2023 06:55:38 AM
Error Message: valueincludes is not a function
===========End============= 10/05/2023 06:55:38 AM
=============Error Logging ===========
===========Start============= 10/05/2023 06:56:05 AM
Error Message: valueincludes is not a function
===========End============= 10/05/2023 06:56:05 AM
