=============Error Logging ===========
===========Start============= 07/17/2023 08:32:33 AM
Error Message: formGroup expects a FormGroup instance Please pass one in       Example           div form
===========End============= 07/17/2023 08:32:33 AM
=============Error Logging ===========
===========Start============= 07/17/2023 08:33:38 AM
Error Message: formGroup expects a FormGroup instance Please pass one in       Example           div form
===========End============= 07/17/2023 08:33:38 AM
=============Error Logging ===========
===========Start============= 07/17/2023 08:37:17 AM
Error Message: formGroup expects a FormGroup instance Please pass one in       Example           div form
===========End============= 07/17/2023 08:37:17 AM
=============Error Logging ===========
===========Start============= 07/17/2023 08:37:23 AM
Error Message: _conavigateToDrfirstUrl is not a function
===========End============= 07/17/2023 08:37:23 AM
=============Error Logging ===========
===========Start============= 07/17/2023 08:37:44 AM
Error Message: _conavigateToDrfirstUrl is not a function
===========End============= 07/17/2023 08:37:44 AM
=============Error Logging ===========
===========Start============= 07/17/2023 08:39:26 AM
Error Message: formGroup expects a FormGroup instance Please pass one in       Example           div form
===========End============= 07/17/2023 08:39:26 AM
=============Error Logging ===========
===========Start============= 07/17/2023 08:40:16 AM
Error Message: Cannot read properties of null reading location
===========End============= 07/17/2023 08:40:16 AM
=============Error Logging ===========
===========Start============= 07/17/2023 08:42:02 AM
Error Message: formGroup expects a FormGroup instance Please pass one in       Example           div form
===========End============= 07/17/2023 08:42:02 AM
=============Error Logging ===========
===========Start============= 07/17/2023 08:42:35 AM
Error Message: formGroup expects a FormGroup instance Please pass one in       Example           div form
===========End============= 07/17/2023 08:42:35 AM
=============Error Logging ===========
===========Start============= 07/17/2023 08:44:30 AM
Error Message: formGroup expects a FormGroup instance Please pass one in       Example           div form
===========End============= 07/17/2023 08:44:30 AM
=============Error Logging ===========
===========Start============= 07/17/2023 08:44:43 AM
Error Message: Cannot read properties of null reading location
===========End============= 07/17/2023 08:44:43 AM
=============Error Logging ===========
===========Start============= 07/17/2023 08:47:47 AM
Error Message: formGroup expects a FormGroup instance Please pass one in       Example           div form
===========End============= 07/17/2023 08:47:47 AM
=============Error Logging ===========
===========Start============= 07/17/2023 08:48:07 AM
Error Message: Cannot read properties of null reading location
===========End============= 07/17/2023 08:48:07 AM
=============Error Logging ===========
===========Start============= 07/17/2023 08:48:33 AM
Error Message: Cannot read properties of null reading location
===========End============= 07/17/2023 08:48:33 AM
=============Error Logging ===========
===========Start============= 07/17/2023 08:49:54 AM
Error Message: formGroup expects a FormGroup instance Please pass one in       Example           div form
===========End============= 07/17/2023 08:49:54 AM
=============Error Logging ===========
===========Start============= 07/17/2023 08:51:19 AM
Error Message: formGroup expects a FormGroup instance Please pass one in       Example           div form
===========End============= 07/17/2023 08:51:19 AM
=============Error Logging ===========
===========Start============= 07/17/2023 08:51:47 AM
Error Message: Cannot read properties of null reading location
===========End============= 07/17/2023 08:51:47 AM
=============Error Logging ===========
===========Start============= 07/17/2023 08:52:35 AM
Error Message: formGroup expects a FormGroup instance Please pass one in       Example           div form
===========End============= 07/17/2023 08:52:35 AM
=============Error Logging ===========
===========Start============= 07/17/2023 08:53:22 AM
Error Message: formGroup expects a FormGroup instance Please pass one in       Example           div form
===========End============= 07/17/2023 08:53:22 AM
=============Error Logging ===========
===========Start============= 07/17/2023 08:54:13 AM
Error Message: formGroup expects a FormGroup instance Please pass one in       Example           div form
===========End============= 07/17/2023 08:54:13 AM
=============Error Logging ===========
===========Start============= 07/17/2023 08:54:50 AM
Error Message: formGroup expects a FormGroup instance Please pass one in       Example           div form
===========End============= 07/17/2023 08:54:50 AM
=============Error Logging ===========
===========Start============= 07/17/2023 08:55:07 AM
Error Message: Cannot read properties of null reading location
===========End============= 07/17/2023 08:55:07 AM
=============Error Logging ===========
===========Start============= 07/17/2023 08:56:26 AM
Error Message: formGroup expects a FormGroup instance Please pass one in       Example           div form
===========End============= 07/17/2023 08:56:26 AM
=============Error Logging ===========
===========Start============= 07/17/2023 08:57:40 AM
Error Message: formGroup expects a FormGroup instance Please pass one in       Example           div form
===========End============= 07/17/2023 08:57:40 AM
=============Error Logging ===========
===========Start============= 07/17/2023 09:21:39 AM
Error Message: Cannot read properties of null reading location
===========End============= 07/17/2023 09:21:39 AM
