=============Error Logging ===========
===========Start============= 08/01/2023 12:09:28 AM
Error Message: valuesplit is not a function
===========End============= 08/01/2023 12:09:28 AM
=============Error Logging ===========
===========Start============= 08/01/2023 12:09:35 AM
Error Message: valuesplit is not a function
===========End============= 08/01/2023 12:09:35 AM
=============Error Logging ===========
===========Start============= 08/01/2023 12:09:47 AM
Error Message: valuesplit is not a function
===========End============= 08/01/2023 12:09:47 AM
=============Error Logging ===========
===========Start============= 08/01/2023 12:11:31 AM
Error Message: valuesplit is not a function
===========End============= 08/01/2023 12:11:31 AM
=============Error Logging ===========
===========Start============= 08/01/2023 12:11:45 AM
Error Message: valuesplit is not a function
===========End============= 08/01/2023 12:11:45 AM
=============Error Logging ===========
===========Start============= 08/01/2023 02:03:39 AM
Error Message: valuesplit is not a function
===========End============= 08/01/2023 02:03:39 AM
=============Error Logging ===========
===========Start============= 08/01/2023 02:04:00 AM
Error Message: valuesplit is not a function
===========End============= 08/01/2023 02:04:00 AM
=============Error Logging ===========
===========Start============= 08/01/2023 02:04:10 AM
Error Message: valuesplit is not a function
===========End============= 08/01/2023 02:04:10 AM
=============Error Logging ===========
===========Start============= 08/01/2023 02:05:24 AM
Error Message: formGroup expects a FormGroup instance Please pass one in       Example           div form
===========End============= 08/01/2023 02:05:24 AM
=============Error Logging ===========
===========Start============= 08/01/2023 02:34:12 AM
Error Message: valuesplit is not a function
===========End============= 08/01/2023 02:34:12 AM
=============Error Logging ===========
===========Start============= 08/01/2023 02:34:29 AM
Error Message: valuesplit is not a function
===========End============= 08/01/2023 02:34:29 AM
=============Error Logging ===========
===========Start============= 08/01/2023 05:06:06 AM
Error Message: valuesplit is not a function
===========End============= 08/01/2023 05:06:06 AM
=============Error Logging ===========
===========Start============= 08/01/2023 05:06:21 AM
Error Message: valuesplit is not a function
===========End============= 08/01/2023 05:06:21 AM
=============Error Logging ===========
===========Start============= 08/01/2023 05:06:27 AM
Error Message: valuesplit is not a function
===========End============= 08/01/2023 05:06:27 AM
=============Error Logging ===========
===========Start============= 08/01/2023 05:10:03 AM
Error Message: valuesplit is not a function
===========End============= 08/01/2023 05:10:03 AM
=============Error Logging ===========
===========Start============= 08/01/2023 05:10:12 AM
Error Message: valuesplit is not a function
===========End============= 08/01/2023 05:10:12 AM
