=============Error Logging ===========
===========Start============= 04/18/2024 03:32:17 AM
Error Message: Cannot read properties of undefined reading filter
===========End============= 04/18/2024 03:32:17 AM
=============Error Logging ===========
===========Start============= 04/18/2024 05:29:49 AM
Error Message: Cannot read properties of undefined reading Physician_Id
===========End============= 04/18/2024 05:29:49 AM
=============Error Logging ===========
===========Start============= 04/18/2024 05:41:14 AM
Error Message: Cannot read properties of undefined reading filter
===========End============= 04/18/2024 05:41:14 AM
=============Error Logging ===========
===========Start============= 04/18/2024 05:41:14 AM
Error Message: Cannot find control with name frequency
===========End============= 04/18/2024 05:41:14 AM
=============Error Logging ===========
===========Start============= 04/18/2024 05:41:14 AM
Error Message: Cannot find control with name either
===========End============= 04/18/2024 05:41:14 AM
=============Error Logging ===========
===========Start============= 04/18/2024 05:41:14 AM
Error Message: Cannot read properties of undefined reading valid
===========End============= 04/18/2024 05:41:14 AM
=============Error Logging ===========
===========Start============= 04/18/2024 05:41:16 AM
Error Message: Cannot read properties of undefined reading valid
===========End============= 04/18/2024 05:41:16 AM
=============Error Logging ===========
===========Start============= 04/18/2024 05:41:37 AM
Error Message: Cannot read properties of undefined reading valid
===========End============= 04/18/2024 05:41:37 AM
=============Error Logging ===========
===========Start============= 04/18/2024 05:41:37 AM
Error Message: Cannot read properties of undefined reading valid
===========End============= 04/18/2024 05:41:37 AM
=============Error Logging ===========
===========Start============= 04/18/2024 05:41:48 AM
Error Message: Cannot read properties of undefined reading filter
===========End============= 04/18/2024 05:41:48 AM
=============Error Logging ===========
===========Start============= 04/18/2024 05:41:48 AM
Error Message: Cannot find control with name frequency
===========End============= 04/18/2024 05:41:48 AM
=============Error Logging ===========
===========Start============= 04/18/2024 05:41:48 AM
Error Message: Cannot find control with name either
===========End============= 04/18/2024 05:41:48 AM
=============Error Logging ===========
===========Start============= 04/18/2024 05:41:50 AM
Error Message: Cannot read properties of undefined reading valid
===========End============= 04/18/2024 05:41:50 AM
=============Error Logging ===========
===========Start============= 04/18/2024 05:42:07 AM
Error Message: Cannot read properties of undefined reading valid
===========End============= 04/18/2024 05:42:07 AM
=============Error Logging ===========
===========Start============= 04/18/2024 05:42:07 AM
Error Message: Cannot read properties of undefined reading valid
===========End============= 04/18/2024 05:42:07 AM
=============Error Logging ===========
===========Start============= 04/18/2024 05:42:47 AM
Error Message: Cannot read properties of undefined reading filter
===========End============= 04/18/2024 05:42:47 AM
=============Error Logging ===========
===========Start============= 04/18/2024 05:42:47 AM
Error Message: Cannot find control with name either
===========End============= 04/18/2024 05:42:47 AM
=============Error Logging ===========
===========Start============= 04/18/2024 05:42:47 AM
Error Message: Cannot read properties of undefined reading valid
===========End============= 04/18/2024 05:42:47 AM
=============Error Logging ===========
===========Start============= 04/18/2024 05:42:47 AM
Error Message: Cannot find control with name frequency
===========End============= 04/18/2024 05:42:47 AM
=============Error Logging ===========
===========Start============= 04/18/2024 05:42:48 AM
Error Message: Cannot read properties of undefined reading valid
===========End============= 04/18/2024 05:42:48 AM
=============Error Logging ===========
===========Start============= 04/18/2024 05:42:54 AM
Error Message: Cannot read properties of undefined reading valid
===========End============= 04/18/2024 05:42:54 AM
=============Error Logging ===========
===========Start============= 04/18/2024 05:42:54 AM
Error Message: Cannot read properties of undefined reading valid
===========End============= 04/18/2024 05:42:54 AM
=============Error Logging ===========
===========Start============= 04/18/2024 05:42:56 AM
Error Message: Cannot read properties of undefined reading valid
===========End============= 04/18/2024 05:42:56 AM
=============Error Logging ===========
===========Start============= 04/18/2024 05:48:38 AM
Error Message: Cannot read properties of undefined reading filter
===========End============= 04/18/2024 05:48:38 AM
=============Error Logging ===========
===========Start============= 04/18/2024 05:48:38 AM
Error Message: Cannot find control with name either
===========End============= 04/18/2024 05:48:38 AM
=============Error Logging ===========
===========Start============= 04/18/2024 05:48:39 AM
Error Message: Cannot find control with name frequency
===========End============= 04/18/2024 05:48:39 AM
=============Error Logging ===========
===========Start============= 04/18/2024 05:48:39 AM
Error Message: Cannot read properties of undefined reading valid
===========End============= 04/18/2024 05:48:39 AM
=============Error Logging ===========
===========Start============= 04/18/2024 05:48:40 AM
Error Message: Cannot read properties of undefined reading valid
===========End============= 04/18/2024 05:48:40 AM
=============Error Logging ===========
===========Start============= 04/18/2024 05:49:36 AM
Error Message: Cannot read properties of undefined reading valid
===========End============= 04/18/2024 05:49:36 AM
=============Error Logging ===========
===========Start============= 04/18/2024 05:49:37 AM
Error Message: Cannot read properties of undefined reading valid
===========End============= 04/18/2024 05:49:37 AM
