=============Error Logging ===========
===========Start============= 04/24/2024 05:07:48 AM
Error Message: _thisselectedsourceItemspush is not a function
===========End============= 04/24/2024 05:07:48 AM
=============Error Logging ===========
===========Start============= 04/24/2024 05:09:42 AM
Error Message: formGroup expects a FormGroup instance Please pass one in       Example           div form
===========End============= 04/24/2024 05:09:42 AM
=============Error Logging ===========
===========Start============= 04/24/2024 05:12:13 AM
Error Message: _thisselectedsourceItemspush is not a function
===========End============= 04/24/2024 05:12:13 AM
=============Error Logging ===========
===========Start============= 04/24/2024 05:13:28 AM
Error Message: formGroup expects a FormGroup instance Please pass one in       Example           div form
===========End============= 04/24/2024 05:13:28 AM
=============Error Logging ===========
===========Start============= 04/24/2024 05:15:56 AM
Error Message: _thisselectedsourceItemspush is not a function
===========End============= 04/24/2024 05:15:56 AM
=============Error Logging ===========
===========Start============= 04/24/2024 05:16:56 AM
Error Message: formGroup expects a FormGroup instance Please pass one in       Example           div form
===========End============= 04/24/2024 05:16:56 AM
=============Error Logging ===========
===========Start============= 04/24/2024 05:18:06 AM
Error Message: Cannot read properties of undefined reading find
===========End============= 04/24/2024 05:18:06 AM
=============Error Logging ===========
===========Start============= 04/24/2024 05:18:23 AM
Error Message: formGroup expects a FormGroup instance Please pass one in       Example           div form
===========End============= 04/24/2024 05:18:23 AM
=============Error Logging ===========
===========Start============= 04/24/2024 05:19:45 AM
Error Message: _thisselectedsourceItemspush is not a function
===========End============= 04/24/2024 05:19:45 AM
=============Error Logging ===========
===========Start============= 04/24/2024 05:27:04 AM
Error Message: formGroup expects a FormGroup instance Please pass one in       Example           div form
===========End============= 04/24/2024 05:27:04 AM
