=============Error Logging ===========
===========Start============= 04/17/2024 10:51:03 AM
Error Message: formGroup expects a FormGroup instance Please pass one in       Example           div form
===========End============= 04/17/2024 10:51:03 AM
=============Error Logging ===========
===========Start============= 04/17/2024 10:54:56 AM
Error Message: formGroup expects a FormGroup instance Please pass one in       Example           div form
===========End============= 04/17/2024 10:54:56 AM
=============Error Logging ===========
===========Start============= 04/17/2024 10:59:58 AM
Error Message: formGroup expects a FormGroup instance Please pass one in       Example           div form
===========End============= 04/17/2024 10:59:58 AM
=============Error Logging ===========
===========Start============= 04/17/2024 11:05:03 AM
Error Message: formGroup expects a FormGroup instance Please pass one in       Example           div form
===========End============= 04/17/2024 11:05:03 AM
=============Error Logging ===========
===========Start============= 04/17/2024 11:22:57 AM
Error Message: formGroup expects a FormGroup instance Please pass one in       Example           div form
===========End============= 04/17/2024 11:22:57 AM
=============Error Logging ===========
===========Start============= 04/17/2024 11:56:56 AM
Error Message: Cannot read properties of undefined reading filter
===========End============= 04/17/2024 11:56:56 AM
=============Error Logging ===========
===========Start============= 04/17/2024 11:57:04 AM
Error Message: Cannot read properties of undefined reading filter
===========End============= 04/17/2024 11:57:04 AM
=============Error Logging ===========
===========Start============= 04/17/2024 11:57:34 AM
Error Message: Cannot read properties of undefined reading filter
===========End============= 04/17/2024 11:57:34 AM
=============Error Logging ===========
===========Start============= 04/17/2024 11:57:43 AM
Error Message: Cannot read properties of undefined reading filter
===========End============= 04/17/2024 11:57:43 AM
