=============Error Logging ===========
===========Start============= 01/17/2024 08:09:33 AM
Error Message: Cannot read properties of undefined reading filter
===========End============= 01/17/2024 08:09:33 AM
=============Error Logging ===========
===========Start============= 01/17/2024 08:09:41 AM
Error Message: Cannot read properties of undefined reading filter
===========End============= 01/17/2024 08:09:41 AM
=============Error Logging ===========
===========Start============= 01/17/2024 08:09:46 AM
Error Message: Cannot read properties of undefined reading filter
===========End============= 01/17/2024 08:09:46 AM
=============Error Logging ===========
===========Start============= 01/17/2024 08:09:52 AM
Error Message: Cannot read properties of undefined reading filter
===========End============= 01/17/2024 08:09:52 AM
=============Error Logging ===========
===========Start============= 01/17/2024 08:09:54 AM
Error Message: Cannot read properties of undefined reading filter
===========End============= 01/17/2024 08:09:54 AM
=============Error Logging ===========
===========Start============= 01/17/2024 08:12:34 AM
Error Message: Cannot read properties of undefined reading filter
===========End============= 01/17/2024 08:12:34 AM
=============Error Logging ===========
===========Start============= 01/17/2024 08:13:21 AM
Error Message: Cannot read properties of undefined reading filter
===========End============= 01/17/2024 08:13:21 AM
=============Error Logging ===========
===========Start============= 01/17/2024 09:02:54 AM
Error Message: Cannot read properties of undefined reading filter
===========End============= 01/17/2024 09:02:54 AM
=============Error Logging ===========
===========Start============= 01/17/2024 09:03:01 AM
Error Message: Cannot read properties of undefined reading filter
===========End============= 01/17/2024 09:03:01 AM
=============Error Logging ===========
===========Start============= 01/17/2024 09:03:15 AM
Error Message: Cannot read properties of undefined reading filter
===========End============= 01/17/2024 09:03:15 AM
=============Error Logging ===========
===========Start============= 01/17/2024 09:28:13 AM
Error Message: Cannot read properties of undefined reading close
===========End============= 01/17/2024 09:28:13 AM
