=============Error Logging ===========
===========Start============= 04/03/2025 08:06:23 AM
Error Message: Uncaught in promise Error StaticInjectorErrorAppModuleEkitmedscheckinComponent  DatePipe
===========End============= 04/03/2025 08:06:23 AM
=============Error Logging ===========
===========Start============= 04/03/2025 08:36:46 AM
Error Message: No component factory found for EkitmedsqtyupdatesdiscardComponent Did you add it to NgModuleentry
===========End============= 04/03/2025 08:36:46 AM
=============Error Logging ===========
===========Start============= 04/03/2025 08:36:48 AM
Error Message: No component factory found for EkitmedsqtyupdatesdiscardComponent Did you add it to NgModuleentry
===========End============= 04/03/2025 08:36:48 AM
=============Error Logging ===========
===========Start============= 04/03/2025 08:36:49 AM
Error Message: No component factory found for EkitmedsqtyupdatesdiscardComponent Did you add it to NgModuleentry
===========End============= 04/03/2025 08:36:49 AM
=============Error Logging ===========
===========Start============= 04/03/2025 08:36:50 AM
Error Message: No component factory found for EkitmedsqtyupdatesdiscardComponent Did you add it to NgModuleentry
===========End============= 04/03/2025 08:36:50 AM
=============Error Logging ===========
===========Start============= 04/03/2025 08:36:50 AM
Error Message: No component factory found for EkitmedsqtyupdatesdiscardComponent Did you add it to NgModuleentry
===========End============= 04/03/2025 08:36:50 AM
=============Error Logging ===========
===========Start============= 04/03/2025 08:36:51 AM
Error Message: No component factory found for EkitmedsqtyupdatesdiscardComponent Did you add it to NgModuleentry
===========End============= 04/03/2025 08:36:51 AM
=============Error Logging ===========
===========Start============= 04/03/2025 09:09:29 AM
Error Message: No component factory found for EkitmedsqtyupdatesdiscardComponent Did you add it to NgModuleentry
===========End============= 04/03/2025 09:09:29 AM
=============Error Logging ===========
===========Start============= 04/03/2025 10:22:05 AM
Error Message: Cannot read properties of undefined reading length
===========End============= 04/03/2025 10:22:05 AM
