2024-07-15 05:02:26,600 [12] DEBUG LTCPro.ServiceLayer.Log4net - ---Executing UsersConfigNurseStationDrop() in FacilityController----
2024-07-15 05:02:26,734 [12] DEBUG LTCPro.ServiceLayer.Log4net - ---Executing UsersConfigNurseStationDrop() in FacilityService----
2024-07-15 05:02:32,150 [12] DEBUG LTCPro.ServiceLayer.Log4net - ---Executed Successfully UsersConfigNurseStationDrop() in FacilityController----
2024-07-15 05:02:32,501 [13] DEBUG LTCPro.ServiceLayer.Log4net - ---Executing GetProcessKeyMasterList() in FacilityController----
2024-07-15 05:02:32,550 [13] DEBUG LTCPro.ServiceLayer.Log4net - ---Executing GetProcessKeyMasterList() in FacilityService----
2024-07-15 05:02:32,804 [13] DEBUG LTCPro.ServiceLayer.Log4net - ---Executed Successfully GetProcessKeyMasterList() in FacilityController----
2024-07-15 05:02:37,460 [13] DEBUG LTCPro.ServiceLayer.Log4net - ---Executing GetProcessKeyMasterList() in FacilityController----
2024-07-15 05:02:37,460 [13] DEBUG LTCPro.ServiceLayer.Log4net - ---Executing GetProcessKeyMasterList() in FacilityService----
2024-07-15 05:02:37,683 [13] DEBUG LTCPro.ServiceLayer.Log4net - ---Executed Successfully GetProcessKeyMasterList() in FacilityController----
2024-07-15 05:02:39,598 [12] DEBUG LTCPro.ServiceLayer.Log4net - ---Executing CheckUser() in UserService----
2024-07-15 05:02:42,230 [12] DEBUG LTCPro.ServiceLayer.Log4net - ---Executing FindUser() in UserService----
2024-07-15 05:02:42,640 [12] DEBUG LTCPro.ServiceLayer.Log4net - ---Executing InsertUserSession() in UserService----
2024-07-15 05:02:43,548 [12] DEBUG LTCPro.ServiceLayer.Log4net - ---Executing InsertUserToken() in UserService----
2024-07-15 05:02:44,676 [13] DEBUG LTCPro.ServiceLayer.Log4net - ---Executing GetScreenPermissionsForLoggedInUser() in RoleController----
2024-07-15 05:02:44,698 [11] DEBUG LTCPro.ServiceLayer.Log4net - ---Executing InsertUpdateUserRecentFacNs() in UserController----
2024-07-15 05:02:44,722 [11] DEBUG LTCPro.ServiceLayer.Log4net - ---Executing GetUserRecentFacNs() in UserService----
2024-07-15 05:02:44,734 [13] DEBUG LTCPro.ServiceLayer.Log4net - ---Executing GetScreenPermissionsForLoggedInUser() in RoleService----
2024-07-15 05:02:45,303 [11] DEBUG LTCPro.ServiceLayer.Log4net - ---Executing InsertUpdateUserRecentFacNs() in CommonService----
2024-07-15 05:02:45,762 [11] DEBUG LTCPro.ServiceLayer.Log4net - ---Executed Successfully InsertUpdateUserRecentFacNs() in UserController----
2024-07-15 05:02:45,889 [13] DEBUG LTCPro.ServiceLayer.Log4net - ---Executed Successfully GetScreenPermissionsForLoggedInUser() in RoleController----
2024-07-15 05:02:46,105 [12] DEBUG LTCPro.ServiceLayer.Log4net - ---Executing GetUserToken() in UserService----
2024-07-15 05:02:46,131 [8] DEBUG LTCPro.ServiceLayer.Log4net - ---Executing GetUserToken() in UserService----
2024-07-15 05:02:46,133 [11] DEBUG LTCPro.ServiceLayer.Log4net - ---Executing GetUserToken() in UserService----
2024-07-15 05:02:46,133 [13] DEBUG LTCPro.ServiceLayer.Log4net - ---Executing GetUserToken() in UserService----
2024-07-15 05:02:46,375 [8] DEBUG LTCPro.ServiceLayer.Log4net - ---Executing GetUserPassedDueFlag() in UserController----
2024-07-15 05:02:46,376 [8] DEBUG LTCPro.ServiceLayer.Log4net - ---Executing GetUserPassedDueFlag() in UserService----
2024-07-15 05:02:46,413 [12] DEBUG LTCPro.ServiceLayer.Log4net - ---Executing InsertUserActivityDetails() in CompanyController----
2024-07-15 05:02:46,414 [12] DEBUG LTCPro.ServiceLayer.Log4net - ---Executing InsertUserActivityDetails() in UserActivityService----
2024-07-15 05:02:46,547 [13] DEBUG LTCPro.ServiceLayer.Log4net - ---Executing GetReadMailsCount() in MailboxController----
2024-07-15 05:02:46,564 [13] DEBUG LTCPro.ServiceLayer.Log4net - ---Executing GetReadMailsCount() in MailboxService----
2024-07-15 05:02:46,600 [8] DEBUG LTCPro.ServiceLayer.Log4net - ---Executed Successfully GetUserPassedDueFlag() in UserController----
2024-07-15 05:02:46,630 [5] DEBUG LTCPro.ServiceLayer.Log4net - ---Executing GetUserToken() in UserService----
2024-07-15 05:02:46,639 [8] DEBUG LTCPro.ServiceLayer.Log4net - ---Executing GetUserToken() in UserService----
2024-07-15 05:02:46,648 [9] DEBUG LTCPro.ServiceLayer.Log4net - ---Executing GetUserToken() in UserService----
2024-07-15 05:02:46,865 [13] DEBUG LTCPro.ServiceLayer.Log4net - ---Executed successfully GetReadMailsCount() in MailboxController----
2024-07-15 05:02:46,884 [13] DEBUG LTCPro.ServiceLayer.Log4net - ---Executing GetUserToken() in UserService----
2024-07-15 05:02:47,086 [5] DEBUG LTCPro.ServiceLayer.Log4net - ---Executing GetOutboundErrorDetails() in CommonController----
2024-07-15 05:02:47,086 [5] DEBUG LTCPro.ServiceLayer.Log4net - ---Executing GetOutboundErrorDetails() in CommonService----
2024-07-15 05:02:47,204 [12] DEBUG LTCPro.ServiceLayer.Log4net - ---Executed Successfully InsertUserActivityDetails() in CompanyController----
2024-07-15 05:02:47,245 [6] DEBUG LTCPro.ServiceLayer.Log4net - ---Executing GetUserToken() in UserService----
2024-07-15 05:02:47,251 [11] DEBUG LTCPro.ServiceLayer.Log4net - ---Executing GetAlertsDetails() in MailboxController----
2024-07-15 05:02:47,252 [11] DEBUG LTCPro.ServiceLayer.Log4net - ---Executing GetAlertsDetails() in MailboxService----
2024-07-15 05:02:47,365 [8] DEBUG LTCPro.ServiceLayer.Log4net - ---Executing GetDueMARAlertData() in EmarController----
2024-07-15 05:02:47,397 [8] DEBUG LTCPro.ServiceLayer.Log4net - ---Executing GetDueMARAlertData() in EmarService----
2024-07-15 05:02:47,426 [9] DEBUG LTCPro.ServiceLayer.Log4net - ---Executing GetPendingDosesList() in CommonController----
2024-07-15 05:02:47,427 [9] DEBUG LTCPro.ServiceLayer.Log4net - ---Executing GetPendingDosesList() in CommonService----
2024-07-15 05:02:47,839 [11] DEBUG LTCPro.ServiceLayer.Log4net - ---Executed successfully GetAlertsDetails() in MailboxController----
2024-07-15 05:02:48,063 [6] DEBUG LTCPro.ServiceLayer.Log4net - ---Executing GetUserActiveCompanyMasterList() in CompanyController----
2024-07-15 05:02:48,064 [6] DEBUG LTCPro.ServiceLayer.Log4net - ---Executing GetActiveCompanyMasterList() in CompanyService----
2024-07-15 05:02:48,198 [13] DEBUG LTCPro.ServiceLayer.Log4net - ---Executing GetUserRecentFacNs() in UserController----
2024-07-15 05:02:48,198 [13] DEBUG LTCPro.ServiceLayer.Log4net - ---Executing GetUserRecentFacNs() in UserService----
2024-07-15 05:02:48,671 [13] DEBUG LTCPro.ServiceLayer.Log4net - ---Executed Successfully GetUserRecentFacNs() in UserController----
2024-07-15 05:02:48,723 [11] DEBUG LTCPro.ServiceLayer.Log4net - ---Executing GetUserToken() in UserService----
2024-07-15 05:02:48,961 [11] DEBUG LTCPro.ServiceLayer.Log4net - ---Executing GetUserAccessFacilityNurseStaions() in FacilityController----
2024-07-15 05:02:48,964 [11] DEBUG LTCPro.ServiceLayer.Log4net - ---Executing GetUserAccessFacilityNurseStaions() in FacilityService----
2024-07-15 05:02:49,177 [8] DEBUG LTCPro.ServiceLayer.Log4net - ---Executed Successfully GetDueMARAlertData() in EmarController----
2024-07-15 05:02:49,426 [11] DEBUG LTCPro.ServiceLayer.Log4net - ---Executed Successfully GetUserAccessFacilityNurseStaions() in FacilityController----
2024-07-15 05:02:50,064 [6] DEBUG LTCPro.ServiceLayer.Log4net - ---Executed Successfully GetUserActiveCompanyMasterList() in CompanyController----
2024-07-15 05:02:51,591 [9] DEBUG LTCPro.ServiceLayer.Log4net - ---Executed Successfully GetPendingDosesList() in CommonController----
2024-07-15 05:02:52,280 [6] DEBUG LTCPro.ServiceLayer.Log4net - ---Executing GetUserToken() in UserService----
2024-07-15 05:02:52,474 [12] DEBUG LTCPro.ServiceLayer.Log4net - ---Executing GetUserToken() in UserService----
2024-07-15 05:02:52,503 [6] DEBUG LTCPro.ServiceLayer.Log4net - ---Executing InsertUserActivityDetails() in CompanyController----
2024-07-15 05:02:52,503 [6] DEBUG LTCPro.ServiceLayer.Log4net - ---Executing InsertUserActivityDetails() in UserActivityService----
2024-07-15 05:02:52,694 [12] DEBUG LTCPro.ServiceLayer.Log4net - ---Executing GetUserRecentFacNs() in UserController----
2024-07-15 05:02:52,694 [12] DEBUG LTCPro.ServiceLayer.Log4net - ---Executing GetUserRecentFacNs() in UserService----
2024-07-15 05:02:52,791 [8] DEBUG LTCPro.ServiceLayer.Log4net - ---Executing GetUserToken() in UserService----
2024-07-15 05:02:53,015 [8] DEBUG LTCPro.ServiceLayer.Log4net - ---Executing OrderEndingSoonStatus() in OrdersController----
2024-07-15 05:02:53,025 [8] DEBUG LTCPro.ServiceLayer.Log4net - ---Executing OrderEndingSoonStatus() in OrdersService----
2024-07-15 05:02:53,135 [12] DEBUG LTCPro.ServiceLayer.Log4net - ---Executed Successfully GetUserRecentFacNs() in UserController----
2024-07-15 05:02:53,151 [12] DEBUG LTCPro.ServiceLayer.Log4net - ---Executing GetUserToken() in UserService----
2024-07-15 05:02:53,163 [6] DEBUG LTCPro.ServiceLayer.Log4net - ---Executed Successfully InsertUserActivityDetails() in CompanyController----
2024-07-15 05:02:53,380 [12] DEBUG LTCPro.ServiceLayer.Log4net - ---Executing GetUserAccessFacilityNurseStaions() in FacilityController----
2024-07-15 05:02:53,380 [12] DEBUG LTCPro.ServiceLayer.Log4net - ---Executing GetUserAccessFacilityNurseStaions() in FacilityService----
2024-07-15 05:02:53,466 [8] DEBUG LTCPro.ServiceLayer.Log4net - ---Executed Successfully OrderEndingSoonStatus() in OrdersController----
2024-07-15 05:02:53,823 [12] DEBUG LTCPro.ServiceLayer.Log4net - ---Executed Successfully GetUserAccessFacilityNurseStaions() in FacilityController----
2024-07-15 05:02:53,855 [12] DEBUG LTCPro.ServiceLayer.Log4net - ---Executing GetUserToken() in UserService----
2024-07-15 05:02:54,081 [12] DEBUG LTCPro.ServiceLayer.Log4net - ---Executing UserNurseStationDrop() in FacilityController----
2024-07-15 05:02:54,083 [12] DEBUG LTCPro.ServiceLayer.Log4net - ---Executing UserNurseStationDrop() in FacilityService----
2024-07-15 05:02:54,324 [12] DEBUG LTCPro.ServiceLayer.Log4net - ---Executed Successfully UserNurseStationDrop() in FacilityController----
2024-07-15 05:02:54,381 [6] DEBUG LTCPro.ServiceLayer.Log4net - ---Executing GetUserToken() in UserService----
2024-07-15 05:02:54,390 [13] DEBUG LTCPro.ServiceLayer.Log4net - ---Executing GetUserToken() in UserService----
2024-07-15 05:02:54,406 [11] DEBUG LTCPro.ServiceLayer.Log4net - ---Executing GetUserToken() in UserService----
2024-07-15 05:02:54,563 [12] DEBUG LTCPro.ServiceLayer.Log4net - ---Executing GetUserToken() in UserService----
2024-07-15 05:02:54,579 [8] DEBUG LTCPro.ServiceLayer.Log4net - ---Executing GetUserToken() in UserService----
2024-07-15 05:02:54,642 [11] DEBUG LTCPro.ServiceLayer.Log4net - ---Executing GetCompanyToBedFlagByFacId() in FacilityController----
2024-07-15 05:02:54,643 [11] DEBUG LTCPro.ServiceLayer.Log4net - ---Executing GetCompanyToBedFlagByFacId() in FacilityService----
2024-07-15 05:02:54,667 [6] DEBUG LTCPro.ServiceLayer.Log4net - ---Executing GetPRNDetailsByfilter() in EMARController----
2024-07-15 05:02:54,667 [13] DEBUG LTCPro.ServiceLayer.Log4net - ---Executing GetSeventyTwoHourDetailsByfilter() in EMARController----
2024-07-15 05:02:54,668 [6] DEBUG LTCPro.ServiceLayer.Log4net - ---Executing GetPRNDetailsByfilter() in EmarService----
2024-07-15 05:02:54,668 [13] DEBUG LTCPro.ServiceLayer.Log4net - ---Executing GetSeventyTwoHourDetailsByfilter() in EmarService----
2024-07-15 05:02:54,791 [12] DEBUG LTCPro.ServiceLayer.Log4net - ---Executing GetOrdersGridData() in OrdersController----
2024-07-15 05:02:54,792 [12] DEBUG LTCPro.ServiceLayer.Log4net - ---Executing GetOrdersGridData() in OrdersService----
2024-07-15 05:02:55,929 [8] DEBUG LTCPro.ServiceLayer.Log4net - ---Executing OrderEndingSoonStatus() in OrdersController----
2024-07-15 05:02:55,929 [8] DEBUG LTCPro.ServiceLayer.Log4net - ---Executing OrderEndingSoonStatus() in OrdersService----
2024-07-15 05:02:56,156 [11] DEBUG LTCPro.ServiceLayer.Log4net - ---Executed Successfully GetCompanyToBedFlagByFacId() in FacilityController----
2024-07-15 05:02:56,333 [8] DEBUG LTCPro.ServiceLayer.Log4net - ---Executed Successfully OrderEndingSoonStatus() in OrdersController----
2024-07-15 05:02:56,697 [12] DEBUG LTCPro.ServiceLayer.Log4net - ---Executed Successfully GetOrdersGridData() in OrdersController----
2024-07-15 05:02:57,014 [12] DEBUG LTCPro.ServiceLayer.Log4net - ---Executing GetUserToken() in UserService----
2024-07-15 05:02:57,225 [5] DEBUG LTCPro.ServiceLayer.Log4net - ---Executed Successfully GetOutboundErrorDetails() in CommonController----
2024-07-15 05:02:57,236 [12] DEBUG LTCPro.ServiceLayer.Log4net - ---Executing GetOrdersEndingSoon() in OrdersController----
2024-07-15 05:02:57,237 [12] DEBUG LTCPro.ServiceLayer.Log4net - ---Executing GetOrdersEndingSoon() in OrdersService----
2024-07-15 05:02:57,555 [5] DEBUG LTCPro.ServiceLayer.Log4net - ---Executing GetUserToken() in UserService----
2024-07-15 05:02:57,752 [12] DEBUG LTCPro.ServiceLayer.Log4net - ---Executed Successfully GetOrdersEndingSoon() in OrdersController----
2024-07-15 05:02:57,809 [5] DEBUG LTCPro.ServiceLayer.Log4net - ---Executing GetPendingOrdersGridData() in OrdersController----
2024-07-15 05:02:57,810 [5] DEBUG LTCPro.ServiceLayer.Log4net - ---Executing GetPendingOrdersGridData() in OrdersService----
2024-07-15 05:02:57,817 [12] DEBUG LTCPro.ServiceLayer.Log4net - ---Executing GetUserToken() in UserService----
2024-07-15 05:02:58,047 [12] DEBUG LTCPro.ServiceLayer.Log4net - ---Executing GetNurseStationHierarchyDetailsbyNsId() in CompanyController----
2024-07-15 05:02:58,048 [12] DEBUG LTCPro.ServiceLayer.Log4net - ---Executing GetNurseStationHierarchyDetailsbyNsId() in CompanyService----
2024-07-15 05:02:58,301 [12] DEBUG LTCPro.ServiceLayer.Log4net - ---Executed Successfully GetNurseStationHierarchyDetailsbyNsId() in CompanyController----
2024-07-15 05:02:59,415 [5] DEBUG LTCPro.ServiceLayer.Log4net - ---Executed Successfully GetPendingOrdersGridData() in OrdersController----
2024-07-15 05:03:01,182 [12] DEBUG LTCPro.ServiceLayer.Log4net - ---Executing GetUserToken() in UserService----
2024-07-15 05:03:01,404 [12] DEBUG LTCPro.ServiceLayer.Log4net - ---Executing GetOrdersGridDataByPatientId() in OrdersController----
2024-07-15 05:03:01,404 [12] DEBUG LTCPro.ServiceLayer.Log4net - ---Executing GetOrdersGridDataByPatientId() in OrdersService----
2024-07-15 05:03:03,014 [12] DEBUG LTCPro.ServiceLayer.Log4net - ---Executed Successfully GetOrdersGridDataByPatientId() in OrdersController----
2024-07-15 05:03:05,119 [12] DEBUG LTCPro.ServiceLayer.Log4net - ---Executing GetUserToken() in UserService----
2024-07-15 05:03:05,341 [12] DEBUG LTCPro.ServiceLayer.Log4net - ---Executing GetFacilityNSResidentsDataByPId() in ResidentDemographicController----
2024-07-15 05:03:05,377 [12] DEBUG LTCPro.ServiceLayer.Log4net - ---Executing GetFacilityNSResidentsDataByPId() in ResidentDemographicService----
2024-07-15 05:03:07,030 [12] DEBUG LTCPro.ServiceLayer.Log4net - ---Executed Successfully GetFacilityNSResidentsDataByPId() in ResidentDemographicController----
2024-07-15 05:03:07,422 [6] DEBUG LTCPro.ServiceLayer.Log4net - ---Executed Successfully GetPRNDetailsByfilter() in EMARController----
2024-07-15 05:03:07,442 [13] DEBUG LTCPro.ServiceLayer.Log4net - ---Executed Successfully GetSeventyTwoHourDetailsByfilter() in EMARController----
2024-07-15 05:03:08,528 [11] DEBUG LTCPro.ServiceLayer.Log4net - ---Executing GetUserToken() in UserService----
2024-07-15 05:03:08,555 [9] DEBUG LTCPro.ServiceLayer.Log4net - ---Executing GetUserToken() in UserService----
2024-07-15 05:03:08,804 [5] DEBUG LTCPro.ServiceLayer.Log4net - ---Executing GetUserToken() in UserService----
2024-07-15 05:03:08,809 [9] DEBUG LTCPro.ServiceLayer.Log4net - ---Executing GetPhysicianDropData() in OrdersController----
2024-07-15 05:03:08,816 [12] DEBUG LTCPro.ServiceLayer.Log4net - ---Executing GetUserToken() in UserService----
2024-07-15 05:03:08,817 [13] DEBUG LTCPro.ServiceLayer.Log4net - ---Executing GetUserToken() in UserService----
2024-07-15 05:03:08,833 [8] DEBUG LTCPro.ServiceLayer.Log4net - ---Executing GetUserToken() in UserService----
2024-07-15 05:03:08,869 [9] DEBUG LTCPro.ServiceLayer.Log4net - ---Executing GetPhysicianDropData() in OrdersService----
2024-07-15 05:03:08,879 [11] DEBUG LTCPro.ServiceLayer.Log4net - ---Executing GetCpoeSourceDrop() in OrdersController----
2024-07-15 05:03:08,936 [11] DEBUG LTCPro.ServiceLayer.Log4net - ---Executing GetCpoeSourceDrop() in OrdersService----
2024-07-15 05:03:09,027 [5] DEBUG LTCPro.ServiceLayer.Log4net - ---Executing GetPhysicianNPIByRoleRes() in OrdersController----
2024-07-15 05:03:09,028 [5] DEBUG LTCPro.ServiceLayer.Log4net - ---Executing GetPhysicianNPIByRoleRes() in OrdersService----
2024-07-15 05:03:09,038 [13] DEBUG LTCPro.ServiceLayer.Log4net - ---Executing GetUnitMeasurementsDrop() in OrdersController----
2024-07-15 05:03:09,053 [8] DEBUG LTCPro.ServiceLayer.Log4net - ---Executing GetQuantityDoseDrop() in OrdersController----
2024-07-15 05:03:09,054 [12] DEBUG LTCPro.ServiceLayer.Log4net - ---Executing GetOrderRoutes() in OrdersController----
2024-07-15 05:03:09,055 [12] DEBUG LTCPro.ServiceLayer.Log4net - ---Executing GetOrderRoutes() in OrdersService----
2024-07-15 05:03:09,065 [8] DEBUG LTCPro.ServiceLayer.Log4net - ---Executing GetQuantityDoseDrop() in OrdersService----
2024-07-15 05:03:09,065 [13] DEBUG LTCPro.ServiceLayer.Log4net - ---Executing GetUnitMeasurementsDrop() in OrdersService----
2024-07-15 05:03:09,305 [12] DEBUG LTCPro.ServiceLayer.Log4net - ---Executed Successfully GetOrderRoutes() in OrdersController----
2024-07-15 05:03:09,309 [8] DEBUG LTCPro.ServiceLayer.Log4net - ---Executed Successfully GetQuantityDoseDrop() in OrdersController----
2024-07-15 05:03:09,309 [13] DEBUG LTCPro.ServiceLayer.Log4net - ---Executed Successfully GetUnitMeasurementsDrop() in OrdersController----
2024-07-15 05:03:09,345 [12] DEBUG LTCPro.ServiceLayer.Log4net - ---Executing GetUserToken() in UserService----
2024-07-15 05:03:09,385 [13] DEBUG LTCPro.ServiceLayer.Log4net - ---Executing GetUserToken() in UserService----
2024-07-15 05:03:09,603 [12] DEBUG LTCPro.ServiceLayer.Log4net - ---Executing GetTimeZoneDate() in CommonController----
2024-07-15 05:03:09,605 [12] DEBUG LTCPro.ServiceLayer.Log4net - ---Executing GetTimeZoneDate() in CommonService----
2024-07-15 05:03:09,644 [13] DEBUG LTCPro.ServiceLayer.Log4net - ---Executing GetResidentInformation() in ResidentDemographicController----
2024-07-15 05:03:09,645 [13] DEBUG LTCPro.ServiceLayer.Log4net - ---Executing GetResidentInformation() in ResidentDemographicService----
2024-07-15 05:03:09,706 [11] DEBUG LTCPro.ServiceLayer.Log4net - ---Executed Successfully GetCpoeSourceDrop() in OrdersController----
2024-07-15 05:03:09,744 [11] DEBUG LTCPro.ServiceLayer.Log4net - ---Executing GetUserToken() in UserService----
2024-07-15 05:03:09,856 [12] DEBUG LTCPro.ServiceLayer.Log4net - ---Executed Successfully GetTimeZoneDate() in CommonController----
2024-07-15 05:03:09,968 [11] DEBUG LTCPro.ServiceLayer.Log4net - ---Executing GetAllBarcodes() in StockEkitController----
2024-07-15 05:03:09,985 [11] DEBUG LTCPro.ServiceLayer.Log4net - ---Executing GetAllBarcodes() in StockEkitService----
2024-07-15 05:03:10,095 [12] DEBUG LTCPro.ServiceLayer.Log4net - ---Executing GetUserToken() in UserService----
2024-07-15 05:03:10,139 [5] DEBUG LTCPro.ServiceLayer.Log4net - ---Executed Successfully GetPhysicianNPIByRoleRes() in OrdersController----
2024-07-15 05:03:10,317 [12] DEBUG LTCPro.ServiceLayer.Log4net - ---Executing GetDoseUomDrop() in OrdersController----
2024-07-15 05:03:10,317 [12] DEBUG LTCPro.ServiceLayer.Log4net - ---Executing GetDoseUom() in OrdersService----
2024-07-15 05:03:10,547 [12] DEBUG LTCPro.ServiceLayer.Log4net - ---Executed Successfully GetDoseUomDrop() in OrdersController----
2024-07-15 05:03:10,787 [9] DEBUG LTCPro.ServiceLayer.Log4net - ---Executed Successfully GetPhysicianDropData() in OrdersController----
2024-07-15 05:03:10,796 [11] DEBUG LTCPro.ServiceLayer.Log4net - ---Executed Successfully GetAllBarcodes() in StockEkitController----
2024-07-15 05:03:11,041 [11] DEBUG LTCPro.ServiceLayer.Log4net - ---Executing GetUserToken() in UserService----
2024-07-15 05:03:11,263 [11] DEBUG LTCPro.ServiceLayer.Log4net - ---Executing GetFrequencyMasterDataWithShifts() in OrdersController----
2024-07-15 05:03:11,264 [11] DEBUG LTCPro.ServiceLayer.Log4net - ---Executing GetFrequencyMasterDataWithShifts() in OrdersService----
2024-07-15 05:03:13,521 [13] DEBUG LTCPro.ServiceLayer.Log4net - ---Executed Successfully GetResidentInformation() in ResidentDemographicController----
2024-07-15 05:03:13,606 [11] DEBUG LTCPro.ServiceLayer.Log4net - ---Executed Successfully GetFrequencyMasterDataWithShifts() in OrdersController----
2024-07-15 05:03:13,645 [12] DEBUG LTCPro.ServiceLayer.Log4net - ---Executing GetUserToken() in UserService----
2024-07-15 05:03:13,901 [5] DEBUG LTCPro.ServiceLayer.Log4net - ---Executing GetUserToken() in UserService----
2024-07-15 05:03:13,905 [12] DEBUG LTCPro.ServiceLayer.Log4net - ---Executing GetPatientType() in ResidentDemographicController----
2024-07-15 05:03:13,906 [12] DEBUG LTCPro.ServiceLayer.Log4net - ---Executing GetPatientType() in EmarService----
2024-07-15 05:03:14,050 [13] DEBUG LTCPro.ServiceLayer.Log4net - ---Executing GetUserToken() in UserService----
2024-07-15 05:03:14,070 [11] DEBUG LTCPro.ServiceLayer.Log4net - ---Executing GetUserToken() in UserService----
2024-07-15 05:03:14,130 [5] DEBUG LTCPro.ServiceLayer.Log4net - ---Executing GetResidentDiagnosisInfo() in ResidentDemographicController----
2024-07-15 05:03:14,138 [12] DEBUG LTCPro.ServiceLayer.Log4net - ---Executed Successfully GetPatientType() in ResidentDemographicController----
2024-07-15 05:03:14,163 [5] DEBUG LTCPro.ServiceLayer.Log4net - ---Executing GetResidentDiagnosisInfo() in DiagnosisInfoService----
2024-07-15 05:03:14,165 [12] DEBUG LTCPro.ServiceLayer.Log4net - ---Executing GetUserToken() in UserService----
2024-07-15 05:03:14,293 [13] DEBUG LTCPro.ServiceLayer.Log4net - ---Executing GetDiagnosisDetails() in OrdersController----
2024-07-15 05:03:14,295 [13] DEBUG LTCPro.ServiceLayer.Log4net - ---Executing GetDiagnosisDetails() in OrdersService----
2024-07-15 05:03:14,296 [11] DEBUG LTCPro.ServiceLayer.Log4net - ---Executing GetFavouritesMasterData() in OrdersController----
2024-07-15 05:03:14,297 [11] DEBUG LTCPro.ServiceLayer.Log4net - ---Executing GetFavouritesMasterData() in OrdersService----
2024-07-15 05:03:14,403 [5] DEBUG LTCPro.ServiceLayer.Log4net - ---Executed Successfully GetResidentDiagnosisInfo() in ResidentDemographicController----
2024-07-15 05:03:14,415 [12] DEBUG LTCPro.ServiceLayer.Log4net - ---Executing GetWeightList(Patient_Id) in AssessmentController----
2024-07-15 05:03:14,427 [12] DEBUG LTCPro.ServiceLayer.Log4net - ---Executing GetWeightList() in AssessmentService----
2024-07-15 05:03:14,535 [11] DEBUG LTCPro.ServiceLayer.Log4net - ---Executed Successfully GetFavouritesMasterData() in OrdersController----
2024-07-15 05:03:14,628 [5] DEBUG LTCPro.ServiceLayer.Log4net - ---Executing GetUserToken() in UserService----
2024-07-15 05:03:14,778 [11] DEBUG LTCPro.ServiceLayer.Log4net - ---Executing GetUserToken() in UserService----
2024-07-15 05:03:14,854 [5] DEBUG LTCPro.ServiceLayer.Log4net - ---Executing GetCpoeSourceDrop() in OrdersController----
2024-07-15 05:03:14,854 [5] DEBUG LTCPro.ServiceLayer.Log4net - ---Executing GetCpoeSourceDrop() in OrdersService----
2024-07-15 05:03:15,000 [11] DEBUG LTCPro.ServiceLayer.Log4net - ---Executing GetMonthMasterData() in OrdersController----
2024-07-15 05:03:15,000 [13] DEBUG LTCPro.ServiceLayer.Log4net - ---Executed Successfully GetDiagnosisDetails() in OrdersController----
2024-07-15 05:03:15,000 [11] DEBUG LTCPro.ServiceLayer.Log4net - ---Executing GetMonthMasterData() in OrdersService----
2024-07-15 05:03:15,281 [11] DEBUG LTCPro.ServiceLayer.Log4net - ---Executed Successfully GetMonthMasterData() in OrdersController----
2024-07-15 05:03:15,307 [6] DEBUG LTCPro.ServiceLayer.Log4net - ---Executing GetUserToken() in UserService----
2024-07-15 05:03:15,338 [9] DEBUG LTCPro.ServiceLayer.Log4net - ---Executing GetUserToken() in UserService----
2024-07-15 05:03:15,516 [5] DEBUG LTCPro.ServiceLayer.Log4net - ---Executed Successfully GetCpoeSourceDrop() in OrdersController----
2024-07-15 05:03:15,529 [6] DEBUG LTCPro.ServiceLayer.Log4net - ---Executing GetWeekMasterData() in OrdersController----
2024-07-15 05:03:15,530 [6] DEBUG LTCPro.ServiceLayer.Log4net - ---Executing GetWeekMasterData() in OrdersService----
2024-07-15 05:03:15,563 [9] DEBUG LTCPro.ServiceLayer.Log4net - ---Executing GetOrderGridData() in OrdersController----
2024-07-15 05:03:15,564 [9] DEBUG LTCPro.ServiceLayer.Log4net - ---Executing GetOrderGridData() in OrdersService----
2024-07-15 05:03:15,777 [6] DEBUG LTCPro.ServiceLayer.Log4net - ---Executed Successfully GetWeekMasterData() in OrdersController----
2024-07-15 05:03:15,973 [9] DEBUG LTCPro.ServiceLayer.Log4net - ---Executed Successfully GetOrderGridData() in OrdersController----
2024-07-15 05:03:16,188 [12] DEBUG LTCPro.ServiceLayer.Log4net - ---Executed Successfully GetWeightList(Patient_Id) in AssessmentController----
2024-07-15 05:03:17,043 [9] DEBUG LTCPro.ServiceLayer.Log4net - ---Executing GetUserToken() in UserService----
2024-07-15 05:03:17,242 [6] DEBUG LTCPro.ServiceLayer.Log4net - ---Executing GetUserToken() in UserService----
2024-07-15 05:03:17,264 [9] DEBUG LTCPro.ServiceLayer.Log4net - ---Executing GetAllBarcodes() in StockEkitController----
2024-07-15 05:03:17,264 [9] DEBUG LTCPro.ServiceLayer.Log4net - ---Executing GetAllBarcodes() in StockEkitService----
2024-07-15 05:03:17,463 [6] DEBUG LTCPro.ServiceLayer.Log4net - ---Executing GetOrderGridData() in OrdersController----
2024-07-15 05:03:17,463 [6] DEBUG LTCPro.ServiceLayer.Log4net - ---Executing GetOrderGridData() in OrdersService----
2024-07-15 05:03:17,839 [6] DEBUG LTCPro.ServiceLayer.Log4net - ---Executed Successfully GetOrderGridData() in OrdersController----
2024-07-15 05:03:18,066 [9] DEBUG LTCPro.ServiceLayer.Log4net - ---Executed Successfully GetAllBarcodes() in StockEkitController----
2024-07-15 05:03:24,752 [12] DEBUG LTCPro.ServiceLayer.Log4net - ---Executing GetUserToken() in UserService----
2024-07-15 05:03:24,974 [12] DEBUG LTCPro.ServiceLayer.Log4net - ---Executing SearchDrugName() in OrdersController----
2024-07-15 05:03:24,979 [12] DEBUG LTCPro.ServiceLayer.Log4net - ---Executing SearchDrugName() in OrdersController Data----"acet"
2024-07-15 05:03:24,979 [12] DEBUG LTCPro.ServiceLayer.Log4net - ---Executing SearchDrugName() in OrdersService----
2024-07-15 05:03:25,268 [12] DEBUG LTCPro.ServiceLayer.Log4net - ---Executed Successfully SearchDrugName() in OrdersController----
2024-07-15 05:03:26,180 [8] DEBUG LTCPro.ServiceLayer.Log4net - ---Executing GetUserToken() in UserService----
2024-07-15 05:03:26,403 [8] DEBUG LTCPro.ServiceLayer.Log4net - ---Executing SearchDrugName() in OrdersController----
2024-07-15 05:03:26,403 [8] DEBUG LTCPro.ServiceLayer.Log4net - ---Executing SearchDrugName() in OrdersController Data----"aceta"
2024-07-15 05:03:26,403 [8] DEBUG LTCPro.ServiceLayer.Log4net - ---Executing SearchDrugName() in OrdersService----
2024-07-15 05:03:26,636 [8] DEBUG LTCPro.ServiceLayer.Log4net - ---Executed Successfully SearchDrugName() in OrdersController----
2024-07-15 05:03:28,696 [8] DEBUG LTCPro.ServiceLayer.Log4net - ---Executing GetUserToken() in UserService----
2024-07-15 05:03:28,918 [8] DEBUG LTCPro.ServiceLayer.Log4net - ---Executing SearchDrugName() in OrdersController----
2024-07-15 05:03:28,919 [8] DEBUG LTCPro.ServiceLayer.Log4net - ---Executing SearchDrugName() in OrdersController Data----"acetamino"
2024-07-15 05:03:28,919 [8] DEBUG LTCPro.ServiceLayer.Log4net - ---Executing SearchDrugName() in OrdersService----
2024-07-15 05:03:29,153 [8] DEBUG LTCPro.ServiceLayer.Log4net - ---Executed Successfully SearchDrugName() in OrdersController----
2024-07-15 05:03:33,723 [12] DEBUG LTCPro.ServiceLayer.Log4net - ---Executing GetUserToken() in UserService----
2024-07-15 05:03:33,943 [12] DEBUG LTCPro.ServiceLayer.Log4net - ---Executing SearchDrugName() in OrdersController----
2024-07-15 05:03:33,943 [12] DEBUG LTCPro.ServiceLayer.Log4net - ---Executing SearchDrugName() in OrdersController Data----"acetaminophe"
2024-07-15 05:03:33,943 [12] DEBUG LTCPro.ServiceLayer.Log4net - ---Executing SearchDrugName() in OrdersService----
2024-07-15 05:03:34,178 [12] DEBUG LTCPro.ServiceLayer.Log4net - ---Executed Successfully SearchDrugName() in OrdersController----
2024-07-15 05:03:34,359 [6] DEBUG LTCPro.ServiceLayer.Log4net - ---Executing GetUserToken() in UserService----
2024-07-15 05:03:34,582 [6] DEBUG LTCPro.ServiceLayer.Log4net - ---Executing SearchDrugName() in OrdersController----
2024-07-15 05:03:34,582 [6] DEBUG LTCPro.ServiceLayer.Log4net - ---Executing SearchDrugName() in OrdersController Data----"acetaminophen"
2024-07-15 05:03:34,582 [6] DEBUG LTCPro.ServiceLayer.Log4net - ---Executing SearchDrugName() in OrdersService----
2024-07-15 05:03:34,819 [6] DEBUG LTCPro.ServiceLayer.Log4net - ---Executed Successfully SearchDrugName() in OrdersController----
2024-07-15 05:08:15,426 [15] DEBUG LTCPro.ServiceLayer.Log4net - ---Executing GetUserToken() in UserService----
2024-07-15 05:08:15,646 [15] DEBUG LTCPro.ServiceLayer.Log4net - ---Executing SearchDrugName() in OrdersController----
2024-07-15 05:08:15,647 [15] DEBUG LTCPro.ServiceLayer.Log4net - ---Executing SearchDrugName() in OrdersController Data----"advair"
2024-07-15 05:08:15,647 [15] DEBUG LTCPro.ServiceLayer.Log4net - ---Executing SearchDrugName() in OrdersService----
2024-07-15 05:08:15,877 [15] DEBUG LTCPro.ServiceLayer.Log4net - ---Executed Successfully SearchDrugName() in OrdersController----
2024-07-15 05:08:17,715 [7] DEBUG LTCPro.ServiceLayer.Log4net - ---Executing GetUserToken() in UserService----
2024-07-15 05:08:17,935 [7] DEBUG LTCPro.ServiceLayer.Log4net - ---Executing SearchDrugName() in OrdersController----
2024-07-15 05:08:17,935 [7] DEBUG LTCPro.ServiceLayer.Log4net - ---Executing SearchDrugName() in OrdersController Data----"advair di"
2024-07-15 05:08:17,935 [7] DEBUG LTCPro.ServiceLayer.Log4net - ---Executing SearchDrugName() in OrdersService----
2024-07-15 05:08:18,166 [7] DEBUG LTCPro.ServiceLayer.Log4net - ---Executed Successfully SearchDrugName() in OrdersController----
2024-07-15 05:08:20,270 [7] DEBUG LTCPro.ServiceLayer.Log4net - ---Executing GetUserToken() in UserService----
2024-07-15 05:08:20,493 [7] DEBUG LTCPro.ServiceLayer.Log4net - ---Executing SearchDrugName() in OrdersController----
2024-07-15 05:08:20,493 [7] DEBUG LTCPro.ServiceLayer.Log4net - ---Executing SearchDrugName() in OrdersController Data----"advair did"
2024-07-15 05:08:20,493 [7] DEBUG LTCPro.ServiceLayer.Log4net - ---Executing SearchDrugName() in OrdersService----
2024-07-15 05:08:20,728 [7] DEBUG LTCPro.ServiceLayer.Log4net - ---Executed Successfully SearchDrugName() in OrdersController----
2024-07-15 05:08:21,499 [16] DEBUG LTCPro.ServiceLayer.Log4net - ---Executing GetUserToken() in UserService----
2024-07-15 05:08:21,723 [16] DEBUG LTCPro.ServiceLayer.Log4net - ---Executing SearchDrugName() in OrdersController----
2024-07-15 05:08:21,723 [16] DEBUG LTCPro.ServiceLayer.Log4net - ---Executing SearchDrugName() in OrdersController Data----"advair di"
2024-07-15 05:08:21,723 [16] DEBUG LTCPro.ServiceLayer.Log4net - ---Executing SearchDrugName() in OrdersService----
2024-07-15 05:08:21,919 [15] DEBUG LTCPro.ServiceLayer.Log4net - ---Executing GetUserToken() in UserService----
2024-07-15 05:08:21,955 [16] DEBUG LTCPro.ServiceLayer.Log4net - ---Executed Successfully SearchDrugName() in OrdersController----
2024-07-15 05:08:22,151 [15] DEBUG LTCPro.ServiceLayer.Log4net - ---Executing SearchDrugName() in OrdersController----
2024-07-15 05:08:22,169 [15] DEBUG LTCPro.ServiceLayer.Log4net - ---Executing SearchDrugName() in OrdersController Data----"advair dis"
2024-07-15 05:08:22,169 [15] DEBUG LTCPro.ServiceLayer.Log4net - ---Executing SearchDrugName() in OrdersService----
2024-07-15 05:08:22,548 [15] DEBUG LTCPro.ServiceLayer.Log4net - ---Executed Successfully SearchDrugName() in OrdersController----
2024-07-15 05:08:22,757 [7] DEBUG LTCPro.ServiceLayer.Log4net - ---Executing GetUserToken() in UserService----
2024-07-15 05:08:22,980 [7] DEBUG LTCPro.ServiceLayer.Log4net - ---Executing SearchDrugName() in OrdersController----
2024-07-15 05:08:23,005 [7] DEBUG LTCPro.ServiceLayer.Log4net - ---Executing SearchDrugName() in OrdersController Data----"advair disku"
2024-07-15 05:08:23,005 [7] DEBUG LTCPro.ServiceLayer.Log4net - ---Executing SearchDrugName() in OrdersService----
2024-07-15 05:08:23,240 [7] DEBUG LTCPro.ServiceLayer.Log4net - ---Executed Successfully SearchDrugName() in OrdersController----
