2021-07-12 18:20:45,058 [15] DEBUG LTCPro.ServiceLayer.Log4net - ---Executing GetUserEmailByUserName() in UserController----
2021-07-12 18:20:45,132 [15] DEBUG LTCPro.ServiceLayer.Log4net - ---Executing GetUserEmailByUserName() in UserService----
2021-07-12 18:20:47,927 [15] DEBUG LTCPro.ServiceLayer.Log4net - ---Executed Successfully GetUserEmailByUserName() in UserController----
2021-07-12 18:20:48,263 [14] DEBUG LTCPro.ServiceLayer.Log4net - ---Executing SendForgotPasswordMail() in UserController----
2021-07-12 20:00:08,403 [5] DEBUG LTCPro.ServiceLayer.Log4net - ---Executing UsersConfigNurseStationDrop() in FacilityController----
2021-07-12 20:00:08,471 [5] DEBUG LTCPro.ServiceLayer.Log4net - ---Executing UsersConfigNurseStationDrop() in FacilityService----
2021-07-12 20:00:13,737 [5] DEBUG LTCPro.ServiceLayer.Log4net - ---Executed Successfully UsersConfigNurseStationDrop() in FacilityController----
2021-07-12 20:00:14,317 [5] DEBUG LTCPro.ServiceLayer.Log4net - ---Executing GetProcessKeyMasterList() in FacilityController----
2021-07-12 20:00:14,318 [5] DEBUG LTCPro.ServiceLayer.Log4net - ---Executing GetProcessKeyMasterList() in FacilityService----
2021-07-12 20:00:14,378 [5] DEBUG LTCPro.ServiceLayer.Log4net - ---Executed Successfully GetProcessKeyMasterList() in FacilityController----
2021-07-12 20:00:20,850 [5] DEBUG LTCPro.ServiceLayer.Log4net - ---Executing CheckUser() in UserService----
2021-07-12 20:00:21,025 [5] DEBUG LTCPro.ServiceLayer.Log4net - ---Executing FindUser() in UserService----
2021-07-12 20:00:21,283 [5] DEBUG LTCPro.ServiceLayer.Log4net - ---Executing InsertUserSession() in UserService----
2021-07-12 20:00:21,774 [5] DEBUG LTCPro.ServiceLayer.Log4net - ---Executing InsertUserToken() in UserService----
2021-07-12 20:00:21,931 [5] DEBUG LTCPro.ServiceLayer.Log4net - ---Executing GetScreenPermissionsForLoggedInUser() in RoleController----
2021-07-12 20:00:21,948 [5] DEBUG LTCPro.ServiceLayer.Log4net - ---Executing GetScreenPermissionsForLoggedInUser() in RoleService----
2021-07-12 20:00:22,015 [5] DEBUG LTCPro.ServiceLayer.Log4net - ---Executed Successfully GetScreenPermissionsForLoggedInUser() in RoleController----
2021-07-12 20:00:22,055 [12] DEBUG LTCPro.ServiceLayer.Log4net - ---Executing InsertUpdateUserRecentFacNs() in UserController----
2021-07-12 20:00:22,083 [12] DEBUG LTCPro.ServiceLayer.Log4net - ---Executing GetUserRecentFacNs() in UserService----
2021-07-12 20:00:22,338 [12] DEBUG LTCPro.ServiceLayer.Log4net - ---Executing InsertUpdateUserRecentFacNs() in CommonService----
2021-07-12 20:00:22,339 [8] DEBUG LTCPro.ServiceLayer.Log4net - ---Executing GetUserToken() in UserService----
2021-07-12 20:00:22,339 [5] DEBUG LTCPro.ServiceLayer.Log4net - ---Executing GetUserToken() in UserService----
2021-07-12 20:00:22,339 [7] DEBUG LTCPro.ServiceLayer.Log4net - ---Executing GetUserToken() in UserService----
2021-07-12 20:00:22,380 [8] DEBUG LTCPro.ServiceLayer.Log4net - ---Executing GetOutboundErrorDetails() in CommonController----
2021-07-12 20:00:22,380 [7] DEBUG LTCPro.ServiceLayer.Log4net - ---Executing GetAlertsDetails() in MailboxController----
2021-07-12 20:00:22,380 [5] DEBUG LTCPro.ServiceLayer.Log4net - ---Executing GetReadMailsCount() in MailboxController----
2021-07-12 20:00:22,381 [8] DEBUG LTCPro.ServiceLayer.Log4net - ---Executing GetOutboundErrorDetails() in CommonService----
2021-07-12 20:00:22,389 [5] DEBUG LTCPro.ServiceLayer.Log4net - ---Executing GetReadMailsCount() in MailboxService----
2021-07-12 20:00:22,389 [7] DEBUG LTCPro.ServiceLayer.Log4net - ---Executing GetAlertsDetails() in MailboxService----
2021-07-12 20:00:22,531 [12] DEBUG LTCPro.ServiceLayer.Log4net - ---Executed Successfully InsertUpdateUserRecentFacNs() in UserController----
2021-07-12 20:00:22,582 [12] DEBUG LTCPro.ServiceLayer.Log4net - ---Executing GetUserToken() in UserService----
2021-07-12 20:00:22,585 [6] DEBUG LTCPro.ServiceLayer.Log4net - ---Executing GetUserToken() in UserService----
2021-07-12 20:00:22,588 [12] DEBUG LTCPro.ServiceLayer.Log4net - ---Executing GetUserPassedDueFlag() in UserController----
2021-07-12 20:00:22,589 [12] DEBUG LTCPro.ServiceLayer.Log4net - ---Executing GetUserPassedDueFlag() in UserService----
2021-07-12 20:00:22,599 [5] DEBUG LTCPro.ServiceLayer.Log4net - ---Executed successfully GetReadMailsCount() in MailboxController----
2021-07-12 20:00:22,603 [6] DEBUG LTCPro.ServiceLayer.Log4net - ---Executing GetUserRecentFacNs() in UserController----
2021-07-12 20:00:22,603 [6] DEBUG LTCPro.ServiceLayer.Log4net - ---Executing GetUserRecentFacNs() in UserService----
2021-07-12 20:00:22,605 [13] DEBUG LTCPro.ServiceLayer.Log4net - ---Executing GetUserToken() in UserService----
2021-07-12 20:00:22,609 [5] DEBUG LTCPro.ServiceLayer.Log4net - ---Executing GetUserToken() in UserService----
2021-07-12 20:00:22,613 [7] DEBUG LTCPro.ServiceLayer.Log4net - ---Executed successfully GetAlertsDetails() in MailboxController----
2021-07-12 20:00:22,617 [5] DEBUG LTCPro.ServiceLayer.Log4net - ---Executing GetPendingDosesList() in CommonController----
2021-07-12 20:00:22,618 [5] DEBUG LTCPro.ServiceLayer.Log4net - ---Executing GetPendingDosesList() in CommonService----
2021-07-12 20:00:22,627 [6] DEBUG LTCPro.ServiceLayer.Log4net - ---Executed Successfully GetUserRecentFacNs() in UserController----
2021-07-12 20:00:22,635 [11] DEBUG LTCPro.ServiceLayer.Log4net - ---Executing GetUserToken() in UserService----
2021-07-12 20:00:22,638 [12] DEBUG LTCPro.ServiceLayer.Log4net - ---Executed Successfully GetUserPassedDueFlag() in UserController----
2021-07-12 20:00:22,671 [13] DEBUG LTCPro.ServiceLayer.Log4net - ---Executing GetDueMARAlertData() in EmarController----
2021-07-12 20:00:22,808 [13] DEBUG LTCPro.ServiceLayer.Log4net - ---Executing GetDueMARAlertData() in EmarService----
2021-07-12 20:00:22,870 [6] DEBUG LTCPro.ServiceLayer.Log4net - ---Executing GetUserToken() in UserService----
2021-07-12 20:00:22,979 [6] DEBUG LTCPro.ServiceLayer.Log4net - ---Executing GetUserActiveCompanyMasterList() in CompanyController----
2021-07-12 20:00:22,980 [6] DEBUG LTCPro.ServiceLayer.Log4net - ---Executing GetActiveCompanyMasterList() in CompanyService----
2021-07-12 20:00:23,039 [5] DEBUG LTCPro.ServiceLayer.Log4net - ---Executed Successfully GetPendingDosesList() in CommonController----
2021-07-12 20:00:23,059 [8] DEBUG LTCPro.ServiceLayer.Log4net - ---Executed Successfully GetOutboundErrorDetails() in CommonController----
2021-07-12 20:00:23,124 [6] DEBUG LTCPro.ServiceLayer.Log4net - ---Executed Successfully GetUserActiveCompanyMasterList() in CompanyController----
2021-07-12 20:00:23,195 [13] DEBUG LTCPro.ServiceLayer.Log4net - ---Executed Successfully GetDueMARAlertData() in EmarController----
2021-07-12 20:00:23,234 [11] DEBUG LTCPro.ServiceLayer.Log4net - ---Executing InsertUserActivityDetails() in CompanyController----
2021-07-12 20:00:23,234 [11] DEBUG LTCPro.ServiceLayer.Log4net - ---Executing InsertUserActivityDetails() in UserActivityService----
2021-07-12 20:00:23,240 [5] DEBUG LTCPro.ServiceLayer.Log4net - ---Executing GetUserToken() in UserService----
2021-07-12 20:00:23,250 [11] DEBUG LTCPro.ServiceLayer.Log4net - ---Executed Successfully InsertUserActivityDetails() in CompanyController----
2021-07-12 20:00:23,254 [5] DEBUG LTCPro.ServiceLayer.Log4net - ---Executing GetUserAccessFacilityNurseStaions() in FacilityController----
2021-07-12 20:00:23,254 [5] DEBUG LTCPro.ServiceLayer.Log4net - ---Executing GetUserAccessFacilityNurseStaions() in FacilityService----
2021-07-12 20:00:23,305 [5] DEBUG LTCPro.ServiceLayer.Log4net - ---Executed Successfully GetUserAccessFacilityNurseStaions() in FacilityController----
2021-07-12 20:00:34,053 [12] DEBUG LTCPro.ServiceLayer.Log4net - ---Executing GetUserToken() in UserService----
2021-07-12 20:00:34,060 [11] DEBUG LTCPro.ServiceLayer.Log4net - ---Executing GetMailconfigDetails() in RoleController----
2021-07-12 20:00:34,060 [11] DEBUG LTCPro.ServiceLayer.Log4net - ---Executing GetMailconfigDetails() in RoleService----
2021-07-12 20:00:34,061 [12] DEBUG LTCPro.ServiceLayer.Log4net - ---Executing InsertUserActivityDetails() in CompanyController----
2021-07-12 20:00:34,061 [12] DEBUG LTCPro.ServiceLayer.Log4net - ---Executing InsertUserActivityDetails() in UserActivityService----
2021-07-12 20:00:34,067 [12] DEBUG LTCPro.ServiceLayer.Log4net - ---Executed Successfully InsertUserActivityDetails() in CompanyController----
2021-07-12 20:00:34,126 [11] DEBUG LTCPro.ServiceLayer.Log4net - ---Executed Successfully GetMailconfigDetails() in RoleController----
2021-07-12 20:02:58,921 [12] DEBUG LTCPro.ServiceLayer.Log4net - ---Executing GetUserToken() in UserService----
2021-07-12 20:02:58,922 [7] DEBUG LTCPro.ServiceLayer.Log4net - ---Executing GetUserToken() in UserService----
2021-07-12 20:02:58,922 [6] DEBUG LTCPro.ServiceLayer.Log4net - ---Executing GetUserToken() in UserService----
2021-07-12 20:02:58,928 [6] DEBUG LTCPro.ServiceLayer.Log4net - ---Executing GetUserAccessFacilityNurseStaions() in FacilityController----
2021-07-12 20:02:58,928 [6] DEBUG LTCPro.ServiceLayer.Log4net - ---Executing GetUserAccessFacilityNurseStaions() in FacilityService----
2021-07-12 20:02:58,928 [12] DEBUG LTCPro.ServiceLayer.Log4net - ---Executing InsertUserActivityDetails() in CompanyController----
2021-07-12 20:02:58,928 [12] DEBUG LTCPro.ServiceLayer.Log4net - ---Executing InsertUserActivityDetails() in UserActivityService----
2021-07-12 20:02:58,929 [7] DEBUG LTCPro.ServiceLayer.Log4net - ---Executing GetRefillConfigGridData() in CommonController----
2021-07-12 20:02:58,930 [7] DEBUG LTCPro.ServiceLayer.Log4net - ---Executing GetRefillConfigGridData() in CommonService----
2021-07-12 20:02:58,936 [12] DEBUG LTCPro.ServiceLayer.Log4net - ---Executed Successfully InsertUserActivityDetails() in CompanyController----
2021-07-12 20:02:58,940 [6] DEBUG LTCPro.ServiceLayer.Log4net - ---Executed Successfully GetUserAccessFacilityNurseStaions() in FacilityController----
2021-07-12 20:02:59,130 [7] DEBUG LTCPro.ServiceLayer.Log4net - ---Executed Successfully GetRefillConfigGridData() in CommonController----
2021-07-12 20:03:00,428 [6] DEBUG LTCPro.ServiceLayer.Log4net - ---Executing GetUserToken() in UserService----
2021-07-12 20:03:00,433 [6] DEBUG LTCPro.ServiceLayer.Log4net - ---Executing InsertUserActivityDetails() in CompanyController----
2021-07-12 20:03:00,433 [6] DEBUG LTCPro.ServiceLayer.Log4net - ---Executing InsertUserActivityDetails() in UserActivityService----
2021-07-12 20:03:00,438 [13] DEBUG LTCPro.ServiceLayer.Log4net - ---Executing GetMailconfigDetails() in RoleController----
2021-07-12 20:03:00,438 [13] DEBUG LTCPro.ServiceLayer.Log4net - ---Executing GetMailconfigDetails() in RoleService----
2021-07-12 20:03:00,440 [6] DEBUG LTCPro.ServiceLayer.Log4net - ---Executed Successfully InsertUserActivityDetails() in CompanyController----
2021-07-12 20:03:00,442 [13] DEBUG LTCPro.ServiceLayer.Log4net - ---Executed Successfully GetMailconfigDetails() in RoleController----
2021-07-12 20:03:05,541 [6] DEBUG LTCPro.ServiceLayer.Log4net - ---Executing LogoutUser() in UserController----
2021-07-12 20:03:05,541 [6] DEBUG LTCPro.ServiceLayer.Log4net - ---Executing LogoutUser() in UserService----
2021-07-12 20:03:05,593 [6] DEBUG LTCPro.ServiceLayer.Log4net - ---Executed Successfully LogoutUser() in UserController----
2021-07-12 20:03:14,796 [6] DEBUG LTCPro.ServiceLayer.Log4net - ---Executing UsersConfigNurseStationDrop() in FacilityController----
2021-07-12 20:03:14,796 [6] DEBUG LTCPro.ServiceLayer.Log4net - ---Executing UsersConfigNurseStationDrop() in FacilityService----
2021-07-12 20:03:14,809 [6] DEBUG LTCPro.ServiceLayer.Log4net - ---Executed Successfully UsersConfigNurseStationDrop() in FacilityController----
2021-07-12 20:03:14,823 [6] DEBUG LTCPro.ServiceLayer.Log4net - ---Executing GetProcessKeyMasterList() in FacilityController----
2021-07-12 20:03:14,823 [6] DEBUG LTCPro.ServiceLayer.Log4net - ---Executing GetProcessKeyMasterList() in FacilityService----
2021-07-12 20:03:14,827 [6] DEBUG LTCPro.ServiceLayer.Log4net - ---Executed Successfully GetProcessKeyMasterList() in FacilityController----
2021-07-12 20:03:17,623 [7] DEBUG LTCPro.ServiceLayer.Log4net - ---Executing CheckUser() in UserService----
2021-07-12 20:03:17,641 [7] DEBUG LTCPro.ServiceLayer.Log4net - ---Executing FindUser() in UserService----
2021-07-12 20:03:17,653 [7] DEBUG LTCPro.ServiceLayer.Log4net - ---Executing InsertUserSession() in UserService----
2021-07-12 20:03:17,661 [7] DEBUG LTCPro.ServiceLayer.Log4net - ---Executing InsertUserToken() in UserService----
2021-07-12 20:03:17,706 [12] DEBUG LTCPro.ServiceLayer.Log4net - ---Executing InsertUpdateUserRecentFacNs() in UserController----
2021-07-12 20:03:17,706 [12] DEBUG LTCPro.ServiceLayer.Log4net - ---Executing GetUserRecentFacNs() in UserService----
2021-07-12 20:03:17,708 [6] DEBUG LTCPro.ServiceLayer.Log4net - ---Executing GetScreenPermissionsForLoggedInUser() in RoleController----
2021-07-12 20:03:17,708 [6] DEBUG LTCPro.ServiceLayer.Log4net - ---Executing GetScreenPermissionsForLoggedInUser() in RoleService----
2021-07-12 20:03:17,713 [12] DEBUG LTCPro.ServiceLayer.Log4net - ---Executing InsertUpdateUserRecentFacNs() in CommonService----
2021-07-12 20:03:17,717 [6] DEBUG LTCPro.ServiceLayer.Log4net - ---Executed Successfully GetScreenPermissionsForLoggedInUser() in RoleController----
2021-07-12 20:03:17,721 [12] DEBUG LTCPro.ServiceLayer.Log4net - ---Executed Successfully InsertUpdateUserRecentFacNs() in UserController----
2021-07-12 20:03:17,904 [7] DEBUG LTCPro.ServiceLayer.Log4net - ---Executing GetUserToken() in UserService----
2021-07-12 20:03:17,904 [12] DEBUG LTCPro.ServiceLayer.Log4net - ---Executing GetUserToken() in UserService----
2021-07-12 20:03:17,905 [6] DEBUG LTCPro.ServiceLayer.Log4net - ---Executing GetUserToken() in UserService----
2021-07-12 20:03:17,905 [13] DEBUG LTCPro.ServiceLayer.Log4net - ---Executing GetUserToken() in UserService----
2021-07-12 20:03:17,908 [21] DEBUG LTCPro.ServiceLayer.Log4net - ---Executing GetUserToken() in UserService----
2021-07-12 20:03:17,925 [7] DEBUG LTCPro.ServiceLayer.Log4net - ---Executing GetOutboundErrorDetails() in CommonController----
2021-07-12 20:03:17,925 [7] DEBUG LTCPro.ServiceLayer.Log4net - ---Executing GetOutboundErrorDetails() in CommonService----
2021-07-12 20:03:17,925 [6] DEBUG LTCPro.ServiceLayer.Log4net - ---Executing GetPendingDosesList() in CommonController----
2021-07-12 20:03:17,925 [6] DEBUG LTCPro.ServiceLayer.Log4net - ---Executing GetPendingDosesList() in CommonService----
2021-07-12 20:03:17,926 [16] DEBUG LTCPro.ServiceLayer.Log4net - ---Executing GetUserToken() in UserService----
2021-07-12 20:03:17,931 [13] DEBUG LTCPro.ServiceLayer.Log4net - ---Executing GetUserPassedDueFlag() in UserController----
2021-07-12 20:03:17,931 [13] DEBUG LTCPro.ServiceLayer.Log4net - ---Executing GetUserPassedDueFlag() in UserService----
2021-07-12 20:03:17,931 [21] DEBUG LTCPro.ServiceLayer.Log4net - ---Executing GetAlertsDetails() in MailboxController----
2021-07-12 20:03:17,931 [12] DEBUG LTCPro.ServiceLayer.Log4net - ---Executing GetReadMailsCount() in MailboxController----
2021-07-12 20:03:17,931 [21] DEBUG LTCPro.ServiceLayer.Log4net - ---Executing GetAlertsDetails() in MailboxService----
2021-07-12 20:03:17,932 [12] DEBUG LTCPro.ServiceLayer.Log4net - ---Executing GetReadMailsCount() in MailboxService----
2021-07-12 20:03:17,933 [16] DEBUG LTCPro.ServiceLayer.Log4net - ---Executing GetDueMARAlertData() in EmarController----
2021-07-12 20:03:17,933 [16] DEBUG LTCPro.ServiceLayer.Log4net - ---Executing GetDueMARAlertData() in EmarService----
2021-07-12 20:03:17,936 [12] DEBUG LTCPro.ServiceLayer.Log4net - ---Executed successfully GetReadMailsCount() in MailboxController----
2021-07-12 20:03:17,939 [13] DEBUG LTCPro.ServiceLayer.Log4net - ---Executed Successfully GetUserPassedDueFlag() in UserController----
2021-07-12 20:03:17,948 [21] DEBUG LTCPro.ServiceLayer.Log4net - ---Executed successfully GetAlertsDetails() in MailboxController----
2021-07-12 20:03:17,955 [19] DEBUG LTCPro.ServiceLayer.Log4net - ---Executing GetUserToken() in UserService----
2021-07-12 20:03:17,959 [13] DEBUG LTCPro.ServiceLayer.Log4net - ---Executing GetUserToken() in UserService----
2021-07-12 20:03:17,960 [12] DEBUG LTCPro.ServiceLayer.Log4net - ---Executing GetUserToken() in UserService----
2021-07-12 20:03:17,987 [19] DEBUG LTCPro.ServiceLayer.Log4net - ---Executing GetUserRecentFacNs() in UserController----
2021-07-12 20:03:17,987 [19] DEBUG LTCPro.ServiceLayer.Log4net - ---Executing GetUserRecentFacNs() in UserService----
2021-07-12 20:03:17,987 [7] DEBUG LTCPro.ServiceLayer.Log4net - ---Executed Successfully GetOutboundErrorDetails() in CommonController----
2021-07-12 20:03:17,987 [13] DEBUG LTCPro.ServiceLayer.Log4net - ---Executing InsertUserActivityDetails() in CompanyController----
2021-07-12 20:03:17,987 [13] DEBUG LTCPro.ServiceLayer.Log4net - ---Executing InsertUserActivityDetails() in UserActivityService----
2021-07-12 20:03:18,001 [12] DEBUG LTCPro.ServiceLayer.Log4net - ---Executing GetUserActiveCompanyMasterList() in CompanyController----
2021-07-12 20:03:18,001 [12] DEBUG LTCPro.ServiceLayer.Log4net - ---Executing GetActiveCompanyMasterList() in CompanyService----
2021-07-12 20:03:18,004 [13] DEBUG LTCPro.ServiceLayer.Log4net - ---Executed Successfully InsertUserActivityDetails() in CompanyController----
2021-07-12 20:03:18,006 [19] DEBUG LTCPro.ServiceLayer.Log4net - ---Executed Successfully GetUserRecentFacNs() in UserController----
2021-07-12 20:03:18,019 [13] DEBUG LTCPro.ServiceLayer.Log4net - ---Executing GetUserToken() in UserService----
2021-07-12 20:03:18,024 [13] DEBUG LTCPro.ServiceLayer.Log4net - ---Executing GetUserAccessFacilityNurseStaions() in FacilityController----
2021-07-12 20:03:18,024 [13] DEBUG LTCPro.ServiceLayer.Log4net - ---Executing GetUserAccessFacilityNurseStaions() in FacilityService----
2021-07-12 20:03:18,030 [16] DEBUG LTCPro.ServiceLayer.Log4net - ---Executed Successfully GetDueMARAlertData() in EmarController----
2021-07-12 20:03:18,033 [13] DEBUG LTCPro.ServiceLayer.Log4net - ---Executed Successfully GetUserAccessFacilityNurseStaions() in FacilityController----
2021-07-12 20:03:18,036 [12] DEBUG LTCPro.ServiceLayer.Log4net - ---Executed Successfully GetUserActiveCompanyMasterList() in CompanyController----
2021-07-12 20:03:18,048 [6] DEBUG LTCPro.ServiceLayer.Log4net - ---Executed Successfully GetPendingDosesList() in CommonController----
2021-07-12 20:03:22,662 [16] DEBUG LTCPro.ServiceLayer.Log4net - ---Executing GetUserToken() in UserService----
2021-07-12 20:03:22,662 [18] DEBUG LTCPro.ServiceLayer.Log4net - ---Executing GetUserToken() in UserService----
2021-07-12 20:03:22,668 [18] DEBUG LTCPro.ServiceLayer.Log4net - ---Executing GetUserAccessFacilityNurseStaions() in FacilityController----
2021-07-12 20:03:22,668 [18] DEBUG LTCPro.ServiceLayer.Log4net - ---Executing GetUserAccessFacilityNurseStaions() in FacilityService----
2021-07-12 20:03:22,671 [16] DEBUG LTCPro.ServiceLayer.Log4net - ---Executing InsertUserActivityDetails() in CompanyController----
2021-07-12 20:03:22,671 [16] DEBUG LTCPro.ServiceLayer.Log4net - ---Executing InsertUserActivityDetails() in UserActivityService----
2021-07-12 20:03:22,672 [13] DEBUG LTCPro.ServiceLayer.Log4net - ---Executing GetUsersMasterGrid() in UserController----
2021-07-12 20:03:22,673 [13] DEBUG LTCPro.ServiceLayer.Log4net - ---Executing GetUsersMasterGrid() in UserService----
2021-07-12 20:03:22,681 [19] DEBUG LTCPro.ServiceLayer.Log4net - ---Executing GetSubRolesList() in RoleController----
2021-07-12 20:03:22,682 [19] DEBUG LTCPro.ServiceLayer.Log4net - ---Executing GetSubRolesList() in RoleService----
2021-07-12 20:03:22,682 [16] DEBUG LTCPro.ServiceLayer.Log4net - ---Executed Successfully InsertUserActivityDetails() in CompanyController----
2021-07-12 20:03:22,683 [7] DEBUG LTCPro.ServiceLayer.Log4net - ---Executing GetUserToken() in UserService----
2021-07-12 20:03:22,686 [18] DEBUG LTCPro.ServiceLayer.Log4net - ---Executed Successfully GetUserAccessFacilityNurseStaions() in FacilityController----
2021-07-12 20:03:22,703 [7] DEBUG LTCPro.ServiceLayer.Log4net - ---Executing GetSuffix() in CommonController----
2021-07-12 20:03:22,718 [19] DEBUG LTCPro.ServiceLayer.Log4net - ---Executed Successfully GetSubRolesList() in RoleController----
2021-07-12 20:03:22,756 [7] DEBUG LTCPro.ServiceLayer.Log4net - ---Executing GetSuffixes() in CommonService----
2021-07-12 20:03:22,783 [7] DEBUG LTCPro.ServiceLayer.Log4net - ---Executed Successfully GetSuffix() in CommonController----
2021-07-12 20:03:22,802 [12] DEBUG LTCPro.ServiceLayer.Log4net - ---Executing GetUserToken() in UserService----
2021-07-12 20:03:22,814 [12] DEBUG LTCPro.ServiceLayer.Log4net - ---Executing GetComputerNameDropData() in UserController----
2021-07-12 20:03:22,815 [12] DEBUG LTCPro.ServiceLayer.Log4net - ---Executing GetComputerNameDropData() in UserService----
2021-07-12 20:03:22,840 [12] DEBUG LTCPro.ServiceLayer.Log4net - ---Executed Successfully GetComputerNameDropData() in UserController----
2021-07-12 20:03:23,227 [13] DEBUG LTCPro.ServiceLayer.Log4net - ---Executed Successfully GetUsersMasterGrid() in UserController----
2021-07-12 20:03:33,462 [12] DEBUG LTCPro.ServiceLayer.Log4net - ---Executing GetUserDetailsByID() in UserController----
2021-07-12 20:03:33,463 [12] DEBUG LTCPro.ServiceLayer.Log4net - ---Executing GetUserDetailsByID() in UserService----
2021-07-12 20:03:34,040 [12] DEBUG LTCPro.ServiceLayer.Log4net - ---Executed Successfully GetUserDetailsByID() in UserController----
2021-07-12 20:03:48,149 [7] DEBUG LTCPro.ServiceLayer.Log4net - ---Executing Insert/Update() in UserController----
2021-07-12 20:03:48,149 [7] DEBUG LTCPro.ServiceLayer.Log4net - ---Executing InsertUpdateUserMaster() in UserService----
2021-07-12 20:03:48,295 [7] DEBUG LTCPro.ServiceLayer.Log4net - ---Executed Successfully Insert/Update() in UserController----
2021-07-12 20:03:48,308 [7] DEBUG LTCPro.ServiceLayer.Log4net - ---Executing GetUsersMasterGrid() in UserController----
2021-07-12 20:03:48,308 [7] DEBUG LTCPro.ServiceLayer.Log4net - ---Executing GetUsersMasterGrid() in UserService----
2021-07-12 20:03:49,414 [7] DEBUG LTCPro.ServiceLayer.Log4net - ---Executed Successfully GetUsersMasterGrid() in UserController----
2021-07-12 20:03:52,568 [7] DEBUG LTCPro.ServiceLayer.Log4net - ---Executing LogoutUser() in UserController----
2021-07-12 20:03:52,568 [7] DEBUG LTCPro.ServiceLayer.Log4net - ---Executing LogoutUser() in UserService----
2021-07-12 20:03:52,617 [7] DEBUG LTCPro.ServiceLayer.Log4net - ---Executed Successfully LogoutUser() in UserController----
2021-07-12 20:04:01,933 [12] DEBUG LTCPro.ServiceLayer.Log4net - ---Executing GetUserEmailByUserName() in UserController----
2021-07-12 20:04:01,934 [12] DEBUG LTCPro.ServiceLayer.Log4net - ---Executing GetUserEmailByUserName() in UserService----
2021-07-12 20:04:01,941 [12] DEBUG LTCPro.ServiceLayer.Log4net - ---Executed Successfully GetUserEmailByUserName() in UserController----
2021-07-12 20:04:03,559 [12] DEBUG LTCPro.ServiceLayer.Log4net - ---Executing SendForgotPasswordMail() in UserController----
