2025-04-10 05:15:33,789 [25] DEBUG LTCPro.ServiceLayer.Log4net - ---Executing CheckUser() in UserService----
2025-04-10 05:15:34,379 [25] DEBUG LTCPro.ServiceLayer.Log4net - ---Executing FindUser() in UserService----
2025-04-10 05:15:34,385 [25] DEBUG LTCPro.ServiceLayer.Log4net - ---Executing InsertUserSession() in UserService----
2025-04-10 05:15:34,398 [25] DEBUG LTCPro.ServiceLayer.Log4net - ---Executing InsertUserToken() in UserService----
2025-04-10 05:15:34,498 [27] DEBUG LTCPro.ServiceLayer.Log4net - ---Executing GetScreenPermissionsForLoggedInUser() in RoleController----
2025-04-10 05:15:34,498 [27] DEBUG LTCPro.ServiceLayer.Log4net - ---Executing GetScreenPermissionsForLoggedInUser() in RoleService----
2025-04-10 05:15:34,542 [27] DEBUG LTCPro.ServiceLayer.Log4net - ---Executed Successfully GetScreenPermissionsForLoggedInUser() in RoleController----
2025-04-10 05:15:37,327 [24] DEBUG LTCPro.ServiceLayer.Log4net - ---Executing InsertUpdateUserRecentFacNs() in UserController----
2025-04-10 05:15:37,327 [24] DEBUG LTCPro.ServiceLayer.Log4net - ---Executing GetUserRecentFacNs() in UserService----
2025-04-10 05:15:37,336 [28] DEBUG LTCPro.ServiceLayer.Log4net - ---Executing GetUserToken() in UserService----
2025-04-10 05:15:37,357 [25] DEBUG LTCPro.ServiceLayer.Log4net - ---Executing GetUserToken() in UserService----
2025-04-10 05:15:37,636 [24] DEBUG LTCPro.ServiceLayer.Log4net - ---Executing InsertUpdateUserRecentFacNs() in CommonService----
2025-04-10 05:15:37,637 [25] DEBUG LTCPro.ServiceLayer.Log4net - ---Executing GetAlertsDetails() in MailboxController----
2025-04-10 05:15:37,637 [25] DEBUG LTCPro.ServiceLayer.Log4net - ---Executing GetAlertsDetails() in MailboxService----
2025-04-10 05:15:37,638 [28] DEBUG LTCPro.ServiceLayer.Log4net - ---Executing GetDueMARAlertData() in EmarController----
2025-04-10 05:15:37,639 [28] DEBUG LTCPro.ServiceLayer.Log4net - ---Executing GetDueMARAlertData() in EmarService----
2025-04-10 05:15:37,644 [25] DEBUG LTCPro.ServiceLayer.Log4net - ---Executed successfully GetAlertsDetails() in MailboxController----
2025-04-10 05:15:37,645 [24] DEBUG LTCPro.ServiceLayer.Log4net - ---Executed Successfully InsertUpdateUserRecentFacNs() in UserController----
2025-04-10 05:15:37,656 [27] DEBUG LTCPro.ServiceLayer.Log4net - ---Executing GetUserToken() in UserService----
2025-04-10 05:15:37,661 [27] DEBUG LTCPro.ServiceLayer.Log4net - ---Executing GetUserPassedDueFlag() in UserController----
2025-04-10 05:15:37,661 [27] DEBUG LTCPro.ServiceLayer.Log4net - ---Executing GetUserPassedDueFlag() in UserService----
2025-04-10 05:15:37,665 [27] DEBUG LTCPro.ServiceLayer.Log4net - ---Executed Successfully GetUserPassedDueFlag() in UserController----
2025-04-10 05:15:37,667 [24] DEBUG LTCPro.ServiceLayer.Log4net - ---Executing GetUserToken() in UserService----
2025-04-10 05:15:37,671 [25] DEBUG LTCPro.ServiceLayer.Log4net - ---Executing GetUserToken() in UserService----
2025-04-10 05:15:37,673 [24] DEBUG LTCPro.ServiceLayer.Log4net - ---Executing GetReadMailsCount() in MailboxController----
2025-04-10 05:15:37,673 [24] DEBUG LTCPro.ServiceLayer.Log4net - ---Executing GetReadMailsCount() in MailboxService----
2025-04-10 05:15:37,679 [25] DEBUG LTCPro.ServiceLayer.Log4net - ---Executing GetPendingDosesList() in CommonController----
2025-04-10 05:15:37,679 [25] DEBUG LTCPro.ServiceLayer.Log4net - ---Executing GetPendingDosesList() in CommonService----
2025-04-10 05:15:37,681 [24] DEBUG LTCPro.ServiceLayer.Log4net - ---Executed successfully GetReadMailsCount() in MailboxController----
2025-04-10 05:15:37,690 [77] DEBUG LTCPro.ServiceLayer.Log4net - ---Executing GetUserToken() in UserService----
2025-04-10 05:15:37,901 [77] DEBUG LTCPro.ServiceLayer.Log4net - ---Executing InsertUserActivityDetails() in CompanyController----
2025-04-10 05:15:37,901 [77] DEBUG LTCPro.ServiceLayer.Log4net - ---Executing InsertUserActivityDetails() in UserActivityService----
2025-04-10 05:15:37,903 [25] DEBUG LTCPro.ServiceLayer.Log4net - ---Executed Successfully GetPendingDosesList() in CommonController----
2025-04-10 05:15:37,904 [27] DEBUG LTCPro.ServiceLayer.Log4net - ---Executing GetUserToken() in UserService----
2025-04-10 05:15:37,914 [27] DEBUG LTCPro.ServiceLayer.Log4net - ---Executing GetUserRecentFacNs() in UserController----
2025-04-10 05:15:37,914 [27] DEBUG LTCPro.ServiceLayer.Log4net - ---Executing GetUserRecentFacNs() in UserService----
2025-04-10 05:15:37,933 [77] DEBUG LTCPro.ServiceLayer.Log4net - ---Executed Successfully InsertUserActivityDetails() in CompanyController----
2025-04-10 05:15:37,937 [24] DEBUG LTCPro.ServiceLayer.Log4net - ---Executing GetUserToken() in UserService----
2025-04-10 05:15:37,937 [27] DEBUG LTCPro.ServiceLayer.Log4net - ---Executed Successfully GetUserRecentFacNs() in UserController----
2025-04-10 05:15:37,944 [25] DEBUG LTCPro.ServiceLayer.Log4net - ---Executing GetUserToken() in UserService----
2025-04-10 05:15:37,963 [24] DEBUG LTCPro.ServiceLayer.Log4net - ---Executing GetUserActiveCompanyMasterList() in CompanyController----
2025-04-10 05:15:37,963 [24] DEBUG LTCPro.ServiceLayer.Log4net - ---Executing GetActiveCompanyMasterList() in CompanyService----
2025-04-10 05:15:37,963 [25] DEBUG LTCPro.ServiceLayer.Log4net - ---Executing GetOutboundErrorDetails() in CommonController----
2025-04-10 05:15:37,963 [25] DEBUG LTCPro.ServiceLayer.Log4net - ---Executing GetOutboundErrorDetails() in CommonService----
2025-04-10 05:15:38,027 [25] DEBUG LTCPro.ServiceLayer.Log4net - ---Executed Successfully GetOutboundErrorDetails() in CommonController----
2025-04-10 05:15:38,055 [77] DEBUG LTCPro.ServiceLayer.Log4net - ---Executing GetUserToken() in UserService----
2025-04-10 05:15:38,058 [77] DEBUG LTCPro.ServiceLayer.Log4net - ---Executing GetUserAccessFacilityNurseStaions() in FacilityController----
2025-04-10 05:15:38,059 [77] DEBUG LTCPro.ServiceLayer.Log4net - ---Executing GetUserAccessFacilityNurseStaions() in FacilityService----
2025-04-10 05:15:38,067 [77] DEBUG LTCPro.ServiceLayer.Log4net - ---Executed Successfully GetUserAccessFacilityNurseStaions() in FacilityController----
2025-04-10 05:15:38,091 [24] DEBUG LTCPro.ServiceLayer.Log4net - ---Executed Successfully GetUserActiveCompanyMasterList() in CompanyController----
2025-04-10 05:15:38,169 [28] DEBUG LTCPro.ServiceLayer.Log4net - ---Executed Successfully GetDueMARAlertData() in EmarController----
2025-04-10 05:15:39,443 [77] DEBUG LTCPro.ServiceLayer.Log4net - ---Executing GetUserToken() in UserService----
2025-04-10 05:15:39,447 [77] DEBUG LTCPro.ServiceLayer.Log4net - ---Executing InsertUserActivityDetails() in CompanyController----
2025-04-10 05:15:39,447 [77] DEBUG LTCPro.ServiceLayer.Log4net - ---Executing InsertUserActivityDetails() in UserActivityService----
2025-04-10 05:15:39,449 [24] DEBUG LTCPro.ServiceLayer.Log4net - ---Executing GetUserToken() in UserService----
2025-04-10 05:15:39,582 [24] DEBUG LTCPro.ServiceLayer.Log4net - ---Executing GetUserRecentFacNs() in UserController----
2025-04-10 05:15:39,582 [24] DEBUG LTCPro.ServiceLayer.Log4net - ---Executing GetUserRecentFacNs() in UserService----
2025-04-10 05:15:39,582 [77] DEBUG LTCPro.ServiceLayer.Log4net - ---Executed Successfully InsertUserActivityDetails() in CompanyController----
2025-04-10 05:15:39,617 [24] DEBUG LTCPro.ServiceLayer.Log4net - ---Executed Successfully GetUserRecentFacNs() in UserController----
2025-04-10 05:15:39,635 [77] DEBUG LTCPro.ServiceLayer.Log4net - ---Executing GetUserToken() in UserService----
2025-04-10 05:15:39,640 [77] DEBUG LTCPro.ServiceLayer.Log4net - ---Executing GetUserAccessFacilityNurseStaions() in FacilityController----
2025-04-10 05:15:39,640 [77] DEBUG LTCPro.ServiceLayer.Log4net - ---Executing GetUserAccessFacilityNurseStaions() in FacilityService----
2025-04-10 05:15:39,650 [77] DEBUG LTCPro.ServiceLayer.Log4net - ---Executed Successfully GetUserAccessFacilityNurseStaions() in FacilityController----
2025-04-10 05:15:39,679 [77] DEBUG LTCPro.ServiceLayer.Log4net - ---Executing GetUserToken() in UserService----
2025-04-10 05:15:39,683 [77] DEBUG LTCPro.ServiceLayer.Log4net - ---Executing UserNurseStationDrop() in FacilityController----
2025-04-10 05:15:39,683 [77] DEBUG LTCPro.ServiceLayer.Log4net - ---Executing UserNurseStationDrop() in FacilityService----
2025-04-10 05:15:39,722 [77] DEBUG LTCPro.ServiceLayer.Log4net - ---Executed Successfully UserNurseStationDrop() in FacilityController----
2025-04-10 05:15:39,781 [25] DEBUG LTCPro.ServiceLayer.Log4net - ---Executing GetUserToken() in UserService----
2025-04-10 05:15:39,790 [27] DEBUG LTCPro.ServiceLayer.Log4net - ---Executing GetUserToken() in UserService----
2025-04-10 05:15:39,895 [27] DEBUG LTCPro.ServiceLayer.Log4net - ---Executing GetSeventyTwoHourDetailsByfilter() in EMARController----
2025-04-10 05:15:39,896 [27] DEBUG LTCPro.ServiceLayer.Log4net - ---Executing GetSeventyTwoHourDetailsByfilter() in EmarService----
2025-04-10 05:15:39,900 [25] DEBUG LTCPro.ServiceLayer.Log4net - ---Executing GetPRNDetailsByfilter() in EMARController----
2025-04-10 05:15:39,900 [25] DEBUG LTCPro.ServiceLayer.Log4net - ---Executing GetPRNDetailsByfilter() in EmarService----
2025-04-10 05:15:40,012 [28] DEBUG LTCPro.ServiceLayer.Log4net - ---Executing GetUserToken() in UserService----
2025-04-10 05:15:40,075 [77] DEBUG LTCPro.ServiceLayer.Log4net - ---Executing GetUserToken() in UserService----
2025-04-10 05:15:40,095 [28] DEBUG LTCPro.ServiceLayer.Log4net - ---Executing OrderEndingSoonStatus() in OrdersController----
2025-04-10 05:15:40,136 [77] DEBUG LTCPro.ServiceLayer.Log4net - ---Executing GetOrdersGridData() in OrdersController----
2025-04-10 05:15:40,138 [77] DEBUG LTCPro.ServiceLayer.Log4net - ---Executing GetOrdersGridData() in OrdersService----
2025-04-10 05:15:40,143 [28] DEBUG LTCPro.ServiceLayer.Log4net - ---Executing OrderEndingSoonStatus() in OrdersService----
2025-04-10 05:15:40,203 [28] DEBUG LTCPro.ServiceLayer.Log4net - ---Executed Successfully OrderEndingSoonStatus() in OrdersController----
2025-04-10 05:15:40,406 [25] DEBUG LTCPro.ServiceLayer.Log4net - ---Executed Successfully GetPRNDetailsByfilter() in EMARController----
2025-04-10 05:15:40,416 [77] DEBUG LTCPro.ServiceLayer.Log4net - ---Executed Successfully GetOrdersGridData() in OrdersController----
2025-04-10 05:15:40,451 [25] DEBUG LTCPro.ServiceLayer.Log4net - ---Executing GetUserToken() in UserService----
2025-04-10 05:15:40,459 [28] DEBUG LTCPro.ServiceLayer.Log4net - ---Executing GetUserToken() in UserService----
2025-04-10 05:15:40,493 [28] DEBUG LTCPro.ServiceLayer.Log4net - ---Executing OrderEndingSoonStatus() in OrdersController----
2025-04-10 05:15:40,493 [28] DEBUG LTCPro.ServiceLayer.Log4net - ---Executing OrderEndingSoonStatus() in OrdersService----
2025-04-10 05:15:40,506 [28] DEBUG LTCPro.ServiceLayer.Log4net - ---Executed Successfully OrderEndingSoonStatus() in OrdersController----
2025-04-10 05:15:40,518 [25] DEBUG LTCPro.ServiceLayer.Log4net - ---Executing GetCompanyToBedFlagByFacId() in FacilityController----
2025-04-10 05:15:40,519 [25] DEBUG LTCPro.ServiceLayer.Log4net - ---Executing GetCompanyToBedFlagByFacId() in FacilityService----
2025-04-10 05:15:40,566 [27] DEBUG LTCPro.ServiceLayer.Log4net - ---Executed Successfully GetSeventyTwoHourDetailsByfilter() in EMARController----
2025-04-10 05:15:40,726 [77] DEBUG LTCPro.ServiceLayer.Log4net - ---Executing GetUserToken() in UserService----
2025-04-10 05:15:40,734 [77] DEBUG LTCPro.ServiceLayer.Log4net - ---Executing GetOrdersEndingSoon() in OrdersController----
2025-04-10 05:15:40,736 [77] DEBUG LTCPro.ServiceLayer.Log4net - ---Executing GetOrdersEndingSoon() in OrdersService----
2025-04-10 05:15:40,756 [28] DEBUG LTCPro.ServiceLayer.Log4net - ---Executing GetUserToken() in UserService----
2025-04-10 05:15:40,776 [28] DEBUG LTCPro.ServiceLayer.Log4net - ---Executing GetPendingOrdersGridData() in OrdersController----
2025-04-10 05:15:40,777 [28] DEBUG LTCPro.ServiceLayer.Log4net - ---Executing GetPendingOrdersGridData() in OrdersService----
2025-04-10 05:15:40,823 [77] DEBUG LTCPro.ServiceLayer.Log4net - ---Executed Successfully GetOrdersEndingSoon() in OrdersController----
2025-04-10 05:15:40,877 [25] DEBUG LTCPro.ServiceLayer.Log4net - ---Executed Successfully GetCompanyToBedFlagByFacId() in FacilityController----
2025-04-10 05:15:40,905 [28] DEBUG LTCPro.ServiceLayer.Log4net - ---Executed Successfully GetPendingOrdersGridData() in OrdersController----
2025-04-10 05:15:40,988 [28] DEBUG LTCPro.ServiceLayer.Log4net - ---Executing GetUserToken() in UserService----
2025-04-10 05:15:41,015 [28] DEBUG LTCPro.ServiceLayer.Log4net - ---Executing GetNurseStationHierarchyDetailsbyNsId() in CompanyController----
2025-04-10 05:15:41,073 [28] DEBUG LTCPro.ServiceLayer.Log4net - ---Executing GetNurseStationHierarchyDetailsbyNsId() in CompanyService----
2025-04-10 05:15:41,101 [28] DEBUG LTCPro.ServiceLayer.Log4net - ---Executed Successfully GetNurseStationHierarchyDetailsbyNsId() in CompanyController----
2025-04-10 05:15:42,456 [27] DEBUG LTCPro.ServiceLayer.Log4net - ---Executing GetUserToken() in UserService----
2025-04-10 05:15:42,461 [27] DEBUG LTCPro.ServiceLayer.Log4net - ---Executing InsertUserActivityDetails() in CompanyController----
2025-04-10 05:15:42,461 [27] DEBUG LTCPro.ServiceLayer.Log4net - ---Executing InsertUserActivityDetails() in UserActivityService----
2025-04-10 05:15:42,466 [77] DEBUG LTCPro.ServiceLayer.Log4net - ---Executing GetUserToken() in UserService----
2025-04-10 05:15:42,467 [27] DEBUG LTCPro.ServiceLayer.Log4net - ---Executed Successfully InsertUserActivityDetails() in CompanyController----
2025-04-10 05:15:42,471 [77] DEBUG LTCPro.ServiceLayer.Log4net - ---Executing GetUserRecentFacNs() in UserController----
2025-04-10 05:15:42,471 [77] DEBUG LTCPro.ServiceLayer.Log4net - ---Executing GetUserRecentFacNs() in UserService----
2025-04-10 05:15:42,481 [77] DEBUG LTCPro.ServiceLayer.Log4net - ---Executed Successfully GetUserRecentFacNs() in UserController----
2025-04-10 05:15:42,529 [25] DEBUG LTCPro.ServiceLayer.Log4net - ---Executing GetUserToken() in UserService----
2025-04-10 05:15:42,532 [25] DEBUG LTCPro.ServiceLayer.Log4net - ---Executing GetUserAccessFacilityNurseStaions() in FacilityController----
2025-04-10 05:15:42,532 [25] DEBUG LTCPro.ServiceLayer.Log4net - ---Executing GetUserAccessFacilityNurseStaions() in FacilityService----
2025-04-10 05:15:42,538 [25] DEBUG LTCPro.ServiceLayer.Log4net - ---Executed Successfully GetUserAccessFacilityNurseStaions() in FacilityController----
2025-04-10 05:15:42,641 [27] DEBUG LTCPro.ServiceLayer.Log4net - ---Executing GetUserToken() in UserService----
2025-04-10 05:15:42,645 [77] DEBUG LTCPro.ServiceLayer.Log4net - ---Executing GetUserToken() in UserService----
2025-04-10 05:15:42,645 [27] DEBUG LTCPro.ServiceLayer.Log4net - ---Executing UserNurseStationDrop() in FacilityController----
2025-04-10 05:15:42,645 [27] DEBUG LTCPro.ServiceLayer.Log4net - ---Executing UserNurseStationDrop() in FacilityService----
2025-04-10 05:15:42,646 [24] DEBUG LTCPro.ServiceLayer.Log4net - ---Executing GetUserToken() in UserService----
2025-04-10 05:15:42,650 [24] DEBUG LTCPro.ServiceLayer.Log4net - ---Executing UserNurseStationDrop() in FacilityController----
2025-04-10 05:15:42,650 [24] DEBUG LTCPro.ServiceLayer.Log4net - ---Executing UserNurseStationDrop() in FacilityService----
2025-04-10 05:15:42,650 [27] DEBUG LTCPro.ServiceLayer.Log4net - ---Executed Successfully UserNurseStationDrop() in FacilityController----
2025-04-10 05:15:42,660 [24] DEBUG LTCPro.ServiceLayer.Log4net - ---Executed Successfully UserNurseStationDrop() in FacilityController----
2025-04-10 05:15:42,673 [77] DEBUG LTCPro.ServiceLayer.Log4net - ---Executing UnionBarcodeDetails() in CheckInPharmacyMedsController----
2025-04-10 05:15:42,688 [77] DEBUG LTCPro.ServiceLayer.Log4net - ---Executing UnionBarcodeDetails() in CheckInPharmacyMedsService----
2025-04-10 05:15:42,720 [25] DEBUG LTCPro.ServiceLayer.Log4net - ---Executing GetUserToken() in UserService----
2025-04-10 05:15:42,721 [28] DEBUG LTCPro.ServiceLayer.Log4net - ---Executing GetUserToken() in UserService----
2025-04-10 05:15:42,725 [28] DEBUG LTCPro.ServiceLayer.Log4net - ---Executing GetEkitGridDetails() in CheckInPharmacyMedsController----
2025-04-10 05:15:42,725 [25] DEBUG LTCPro.ServiceLayer.Log4net - ---Executing GetEkitGridDetails() in CheckInPharmacyMedsController----
2025-04-10 05:15:42,726 [28] DEBUG LTCPro.ServiceLayer.Log4net - ---Executing GetEkitGridDetails() in CheckInPharmacyMedsService----
2025-04-10 05:15:42,726 [25] DEBUG LTCPro.ServiceLayer.Log4net - ---Executing GetEkitGridDetails() in CheckInPharmacyMedsService----
2025-04-10 05:15:42,805 [77] DEBUG LTCPro.ServiceLayer.Log4net - ---Executed Successfully UnionBarcodeDetails() in CheckInPharmacyMedsController----
2025-04-10 05:15:42,851 [25] DEBUG LTCPro.ServiceLayer.Log4net - ---Executed Successfully GetEkitGridDetails() in CheckInPharmacyMedsController----
2025-04-10 05:15:42,851 [28] DEBUG LTCPro.ServiceLayer.Log4net - ---Executed Successfully GetEkitGridDetails() in CheckInPharmacyMedsController----
2025-04-10 05:15:45,411 [25] DEBUG LTCPro.ServiceLayer.Log4net - ---Executing GetUserToken() in UserService----
2025-04-10 05:15:45,416 [25] DEBUG LTCPro.ServiceLayer.Log4net - ---Executing GetExpiredEkitMedDestruction() in CheckInPharmacyMedsController----
2025-04-10 05:15:45,417 [25] DEBUG LTCPro.ServiceLayer.Log4net - ---Executing GetExpiredEkitMedDestruction() in CheckInPharmacyMedsService----
2025-04-10 05:15:45,425 [25] DEBUG LTCPro.ServiceLayer.Log4net - ---Executed Successfully GetExpiredEkitMedDestruction() in CheckInPharmacyMedsController----
2025-04-10 05:16:05,351 [27] DEBUG LTCPro.ServiceLayer.Log4net - ---Executing GetUserToken() in UserService----
2025-04-10 05:16:05,365 [27] DEBUG LTCPro.ServiceLayer.Log4net - ---Executing EkitDestroyQuantity() in CheckInPharmacyMedsController----
2025-04-10 05:16:05,400 [27] DEBUG LTCPro.ServiceLayer.Log4net - ---Executing EkitDestroyQuantity() in CheckInPharmacyMedsService----
2025-04-10 05:16:05,697 [27] DEBUG LTCPro.ServiceLayer.Log4net - ---Executed Successfully EkitDestroyQuantity() in CheckInPharmacyMedsController----
2025-04-10 05:16:05,767 [24] DEBUG LTCPro.ServiceLayer.Log4net - ---Executing GetUserToken() in UserService----
2025-04-10 05:16:05,772 [24] DEBUG LTCPro.ServiceLayer.Log4net - ---Executing GetExpiredEkitMedDestruction() in CheckInPharmacyMedsController----
2025-04-10 05:16:05,772 [24] DEBUG LTCPro.ServiceLayer.Log4net - ---Executing GetExpiredEkitMedDestruction() in CheckInPharmacyMedsService----
2025-04-10 05:16:05,810 [24] DEBUG LTCPro.ServiceLayer.Log4net - ---Executed Successfully GetExpiredEkitMedDestruction() in CheckInPharmacyMedsController----
2025-04-10 05:16:20,219 [24] DEBUG LTCPro.ServiceLayer.Log4net - ---Executing GetUserToken() in UserService----
2025-04-10 05:16:20,222 [24] DEBUG LTCPro.ServiceLayer.Log4net - ---Executing GetEkitGridDetails() in CheckInPharmacyMedsController----
2025-04-10 05:16:20,223 [24] DEBUG LTCPro.ServiceLayer.Log4net - ---Executing GetEkitGridDetails() in CheckInPharmacyMedsService----
2025-04-10 05:16:20,229 [24] DEBUG LTCPro.ServiceLayer.Log4net - ---Executed Successfully GetEkitGridDetails() in CheckInPharmacyMedsController----
2025-04-10 05:16:25,707 [27] DEBUG LTCPro.ServiceLayer.Log4net - ---Executing GetUserToken() in UserService----
2025-04-10 05:16:25,712 [27] DEBUG LTCPro.ServiceLayer.Log4net - ---Executing GetEkitLotDetails() in CheckInPharmacyMedsController----
2025-04-10 05:16:25,713 [27] DEBUG LTCPro.ServiceLayer.Log4net - ---Executing GetEkitLotDetails() in CheckInPharmacyMedsService----
2025-04-10 05:16:25,753 [27] DEBUG LTCPro.ServiceLayer.Log4net - ---Executed Successfully GetEkitLotDetails() in CheckInPharmacyMedsController----
2025-04-10 05:35:44,848 [59] DEBUG LTCPro.ServiceLayer.Log4net - ---Executing GetUserToken() in UserService----
2025-04-10 05:35:44,848 [57] DEBUG LTCPro.ServiceLayer.Log4net - ---Executing GetUserToken() in UserService----
2025-04-10 05:35:44,850 [69] DEBUG LTCPro.ServiceLayer.Log4net - ---Executing GetUserToken() in UserService----
2025-04-10 05:35:44,852 [60] DEBUG LTCPro.ServiceLayer.Log4net - ---Executing GetUserToken() in UserService----
2025-04-10 05:35:44,856 [59] DEBUG LTCPro.ServiceLayer.Log4net - ---Executing GetUserPassedDueFlag() in UserController----
2025-04-10 05:35:44,856 [59] DEBUG LTCPro.ServiceLayer.Log4net - ---Executing GetUserPassedDueFlag() in UserService----
2025-04-10 05:35:44,860 [57] DEBUG LTCPro.ServiceLayer.Log4net - ---Executing GetReadMailsCount() in MailboxController----
2025-04-10 05:35:44,860 [57] DEBUG LTCPro.ServiceLayer.Log4net - ---Executing GetReadMailsCount() in MailboxService----
2025-04-10 05:35:44,942 [69] DEBUG LTCPro.ServiceLayer.Log4net - ---Executing GetAlertsDetails() in MailboxController----
2025-04-10 05:35:44,942 [69] DEBUG LTCPro.ServiceLayer.Log4net - ---Executing GetAlertsDetails() in MailboxService----
2025-04-10 05:35:44,945 [59] DEBUG LTCPro.ServiceLayer.Log4net - ---Executed Successfully GetUserPassedDueFlag() in UserController----
2025-04-10 05:35:44,950 [57] DEBUG LTCPro.ServiceLayer.Log4net - ---Executed successfully GetReadMailsCount() in MailboxController----
2025-04-10 05:35:44,950 [60] DEBUG LTCPro.ServiceLayer.Log4net - ---Executing GetOutboundErrorDetails() in CommonController----
2025-04-10 05:35:44,950 [60] DEBUG LTCPro.ServiceLayer.Log4net - ---Executing GetOutboundErrorDetails() in CommonService----
2025-04-10 05:35:44,958 [69] DEBUG LTCPro.ServiceLayer.Log4net - ---Executed successfully GetAlertsDetails() in MailboxController----
2025-04-10 05:35:44,973 [60] DEBUG LTCPro.ServiceLayer.Log4net - ---Executed Successfully GetOutboundErrorDetails() in CommonController----
2025-04-10 05:35:44,981 [69] DEBUG LTCPro.ServiceLayer.Log4net - ---Executing GetUserToken() in UserService----
2025-04-10 05:35:44,987 [69] DEBUG LTCPro.ServiceLayer.Log4net - ---Executing GetPendingDosesList() in CommonController----
2025-04-10 05:35:44,987 [69] DEBUG LTCPro.ServiceLayer.Log4net - ---Executing GetPendingDosesList() in CommonService----
2025-04-10 05:35:44,988 [57] DEBUG LTCPro.ServiceLayer.Log4net - ---Executing GetUserToken() in UserService----
2025-04-10 05:35:44,993 [57] DEBUG LTCPro.ServiceLayer.Log4net - ---Executing GetDueMARAlertData() in EmarController----
2025-04-10 05:35:44,993 [57] DEBUG LTCPro.ServiceLayer.Log4net - ---Executing GetDueMARAlertData() in EmarService----
2025-04-10 05:35:45,024 [60] DEBUG LTCPro.ServiceLayer.Log4net - ---Executing GetUserToken() in UserService----
2025-04-10 05:35:45,027 [59] DEBUG LTCPro.ServiceLayer.Log4net - ---Executing GetUserToken() in UserService----
2025-04-10 05:35:45,082 [59] DEBUG LTCPro.ServiceLayer.Log4net - ---Executing GetUserRecentFacNs() in UserController----
2025-04-10 05:35:45,082 [59] DEBUG LTCPro.ServiceLayer.Log4net - ---Executing GetUserRecentFacNs() in UserService----
2025-04-10 05:35:45,083 [60] DEBUG LTCPro.ServiceLayer.Log4net - ---Executing InsertUserActivityDetails() in CompanyController----
2025-04-10 05:35:45,083 [60] DEBUG LTCPro.ServiceLayer.Log4net - ---Executing InsertUserActivityDetails() in UserActivityService----
2025-04-10 05:35:45,084 [69] DEBUG LTCPro.ServiceLayer.Log4net - ---Executed Successfully GetPendingDosesList() in CommonController----
2025-04-10 05:35:45,089 [59] DEBUG LTCPro.ServiceLayer.Log4net - ---Executed Successfully GetUserRecentFacNs() in UserController----
2025-04-10 05:35:45,101 [69] DEBUG LTCPro.ServiceLayer.Log4net - ---Executing GetUserToken() in UserService----
2025-04-10 05:35:45,106 [69] DEBUG LTCPro.ServiceLayer.Log4net - ---Executing GetUserRecentFacNs() in UserController----
2025-04-10 05:35:45,106 [69] DEBUG LTCPro.ServiceLayer.Log4net - ---Executing GetUserRecentFacNs() in UserService----
2025-04-10 05:35:45,112 [69] DEBUG LTCPro.ServiceLayer.Log4net - ---Executed Successfully GetUserRecentFacNs() in UserController----
2025-04-10 05:35:45,383 [60] DEBUG LTCPro.ServiceLayer.Log4net - ---Executed Successfully InsertUserActivityDetails() in CompanyController----
2025-04-10 05:35:45,434 [57] DEBUG LTCPro.ServiceLayer.Log4net - ---Executed Successfully GetDueMARAlertData() in EmarController----
2025-04-10 05:35:47,384 [69] DEBUG LTCPro.ServiceLayer.Log4net - ---Executing GetUserToken() in UserService----
2025-04-10 05:35:47,384 [63] DEBUG LTCPro.ServiceLayer.Log4net - ---Executing GetUserToken() in UserService----
2025-04-10 05:35:47,388 [69] DEBUG LTCPro.ServiceLayer.Log4net - ---Executing GetUserAccessFacilityNurseStaions() in FacilityController----
2025-04-10 05:35:47,388 [69] DEBUG LTCPro.ServiceLayer.Log4net - ---Executing GetUserAccessFacilityNurseStaions() in FacilityService----
2025-04-10 05:35:47,395 [69] DEBUG LTCPro.ServiceLayer.Log4net - ---Executed Successfully GetUserAccessFacilityNurseStaions() in FacilityController----
2025-04-10 05:35:47,429 [63] DEBUG LTCPro.ServiceLayer.Log4net - ---Executing GetUserAccessFacilityNurseStaions() in FacilityController----
2025-04-10 05:35:47,429 [63] DEBUG LTCPro.ServiceLayer.Log4net - ---Executing GetUserAccessFacilityNurseStaions() in FacilityService----
2025-04-10 05:35:47,434 [63] DEBUG LTCPro.ServiceLayer.Log4net - ---Executed Successfully GetUserAccessFacilityNurseStaions() in FacilityController----
2025-04-10 05:35:48,244 [63] DEBUG LTCPro.ServiceLayer.Log4net - ---Executing GetUserToken() in UserService----
2025-04-10 05:35:48,248 [63] DEBUG LTCPro.ServiceLayer.Log4net - ---Executing UnionBarcodeDetails() in CheckInPharmacyMedsController----
2025-04-10 05:35:48,248 [63] DEBUG LTCPro.ServiceLayer.Log4net - ---Executing UnionBarcodeDetails() in CheckInPharmacyMedsService----
2025-04-10 05:35:48,271 [63] DEBUG LTCPro.ServiceLayer.Log4net - ---Executed Successfully UnionBarcodeDetails() in CheckInPharmacyMedsController----
2025-04-10 05:35:48,756 [60] DEBUG LTCPro.ServiceLayer.Log4net - ---Executing GetUserToken() in UserService----
2025-04-10 05:35:48,756 [63] DEBUG LTCPro.ServiceLayer.Log4net - ---Executing GetUserToken() in UserService----
2025-04-10 05:35:48,764 [60] DEBUG LTCPro.ServiceLayer.Log4net - ---Executing UserNurseStationDrop() in FacilityController----
2025-04-10 05:35:48,764 [60] DEBUG LTCPro.ServiceLayer.Log4net - ---Executing UserNurseStationDrop() in FacilityService----
2025-04-10 05:35:48,768 [63] DEBUG LTCPro.ServiceLayer.Log4net - ---Executing UserNurseStationDrop() in FacilityController----
2025-04-10 05:35:48,768 [63] DEBUG LTCPro.ServiceLayer.Log4net - ---Executing UserNurseStationDrop() in FacilityService----
2025-04-10 05:35:48,772 [60] DEBUG LTCPro.ServiceLayer.Log4net - ---Executed Successfully UserNurseStationDrop() in FacilityController----
2025-04-10 05:35:48,776 [63] DEBUG LTCPro.ServiceLayer.Log4net - ---Executed Successfully UserNurseStationDrop() in FacilityController----
2025-04-10 05:35:49,168 [69] DEBUG LTCPro.ServiceLayer.Log4net - ---Executing GetUserToken() in UserService----
2025-04-10 05:35:49,168 [63] DEBUG LTCPro.ServiceLayer.Log4net - ---Executing GetUserToken() in UserService----
2025-04-10 05:35:49,173 [69] DEBUG LTCPro.ServiceLayer.Log4net - ---Executing GetEkitGridDetails() in CheckInPharmacyMedsController----
2025-04-10 05:35:49,173 [69] DEBUG LTCPro.ServiceLayer.Log4net - ---Executing GetEkitGridDetails() in CheckInPharmacyMedsService----
2025-04-10 05:35:49,175 [63] DEBUG LTCPro.ServiceLayer.Log4net - ---Executing GetEkitGridDetails() in CheckInPharmacyMedsController----
2025-04-10 05:35:49,175 [63] DEBUG LTCPro.ServiceLayer.Log4net - ---Executing GetEkitGridDetails() in CheckInPharmacyMedsService----
2025-04-10 05:35:49,181 [69] DEBUG LTCPro.ServiceLayer.Log4net - ---Executed Successfully GetEkitGridDetails() in CheckInPharmacyMedsController----
2025-04-10 05:35:49,186 [63] DEBUG LTCPro.ServiceLayer.Log4net - ---Executed Successfully GetEkitGridDetails() in CheckInPharmacyMedsController----
2025-04-10 05:35:50,438 [69] DEBUG LTCPro.ServiceLayer.Log4net - ---Executing GetUserToken() in UserService----
2025-04-10 05:35:50,442 [69] DEBUG LTCPro.ServiceLayer.Log4net - ---Executing InsertUserActivityDetails() in CompanyController----
2025-04-10 05:35:50,442 [69] DEBUG LTCPro.ServiceLayer.Log4net - ---Executing InsertUserActivityDetails() in UserActivityService----
2025-04-10 05:35:50,444 [60] DEBUG LTCPro.ServiceLayer.Log4net - ---Executing GetUserToken() in UserService----
2025-04-10 05:35:50,449 [69] DEBUG LTCPro.ServiceLayer.Log4net - ---Executed Successfully InsertUserActivityDetails() in CompanyController----
2025-04-10 05:35:50,450 [60] DEBUG LTCPro.ServiceLayer.Log4net - ---Executing GetUserRecentFacNs() in UserController----
2025-04-10 05:35:50,450 [60] DEBUG LTCPro.ServiceLayer.Log4net - ---Executing GetUserRecentFacNs() in UserService----
2025-04-10 05:35:50,456 [60] DEBUG LTCPro.ServiceLayer.Log4net - ---Executed Successfully GetUserRecentFacNs() in UserController----
2025-04-10 05:35:50,595 [61] DEBUG LTCPro.ServiceLayer.Log4net - ---Executing GetUserToken() in UserService----
2025-04-10 05:35:50,599 [61] DEBUG LTCPro.ServiceLayer.Log4net - ---Executing GetUserAccessFacilityNurseStaions() in FacilityController----
2025-04-10 05:35:50,599 [61] DEBUG LTCPro.ServiceLayer.Log4net - ---Executing GetUserAccessFacilityNurseStaions() in FacilityService----
2025-04-10 05:35:50,606 [61] DEBUG LTCPro.ServiceLayer.Log4net - ---Executed Successfully GetUserAccessFacilityNurseStaions() in FacilityController----
2025-04-10 05:35:50,620 [57] DEBUG LTCPro.ServiceLayer.Log4net - ---Executing GetUserToken() in UserService----
2025-04-10 05:35:50,627 [57] DEBUG LTCPro.ServiceLayer.Log4net - ---Executing UserNurseStationDrop() in FacilityController----
2025-04-10 05:35:50,627 [57] DEBUG LTCPro.ServiceLayer.Log4net - ---Executing UserNurseStationDrop() in FacilityService----
2025-04-10 05:35:50,632 [57] DEBUG LTCPro.ServiceLayer.Log4net - ---Executed Successfully UserNurseStationDrop() in FacilityController----
2025-04-10 05:35:50,699 [59] DEBUG LTCPro.ServiceLayer.Log4net - ---Executing GetUserToken() in UserService----
2025-04-10 05:35:50,713 [63] DEBUG LTCPro.ServiceLayer.Log4net - ---Executing GetUserToken() in UserService----
2025-04-10 05:35:50,715 [57] DEBUG LTCPro.ServiceLayer.Log4net - ---Executing GetUserToken() in UserService----
2025-04-10 05:35:50,718 [59] DEBUG LTCPro.ServiceLayer.Log4net - ---Executing GetCompanyToBedFlagByFacId() in FacilityController----
2025-04-10 05:35:50,718 [59] DEBUG LTCPro.ServiceLayer.Log4net - ---Executing GetCompanyToBedFlagByFacId() in FacilityService----
2025-04-10 05:35:50,721 [57] DEBUG LTCPro.ServiceLayer.Log4net - ---Executing GetPRNDetailsByfilter() in EMARController----
2025-04-10 05:35:50,721 [57] DEBUG LTCPro.ServiceLayer.Log4net - ---Executing GetPRNDetailsByfilter() in EmarService----
2025-04-10 05:35:50,835 [60] DEBUG LTCPro.ServiceLayer.Log4net - ---Executing GetUserToken() in UserService----
2025-04-10 05:35:50,838 [59] DEBUG LTCPro.ServiceLayer.Log4net - ---Executed Successfully GetCompanyToBedFlagByFacId() in FacilityController----
2025-04-10 05:35:50,846 [60] DEBUG LTCPro.ServiceLayer.Log4net - ---Executing GetSeventyTwoHourDetailsByfilter() in EMARController----
2025-04-10 05:35:50,846 [60] DEBUG LTCPro.ServiceLayer.Log4net - ---Executing GetSeventyTwoHourDetailsByfilter() in EmarService----
2025-04-10 05:35:50,847 [63] DEBUG LTCPro.ServiceLayer.Log4net - ---Executing OrderEndingSoonStatus() in OrdersController----
2025-04-10 05:35:50,847 [63] DEBUG LTCPro.ServiceLayer.Log4net - ---Executing OrderEndingSoonStatus() in OrdersService----
2025-04-10 05:35:50,864 [63] DEBUG LTCPro.ServiceLayer.Log4net - ---Executed Successfully OrderEndingSoonStatus() in OrdersController----
2025-04-10 05:35:50,954 [56] DEBUG LTCPro.ServiceLayer.Log4net - ---Executing GetUserToken() in UserService----
2025-04-10 05:35:50,954 [61] DEBUG LTCPro.ServiceLayer.Log4net - ---Executing GetUserToken() in UserService----
2025-04-10 05:35:50,960 [56] DEBUG LTCPro.ServiceLayer.Log4net - ---Executing OrderEndingSoonStatus() in OrdersController----
2025-04-10 05:35:50,960 [56] DEBUG LTCPro.ServiceLayer.Log4net - ---Executing OrderEndingSoonStatus() in OrdersService----
2025-04-10 05:35:50,960 [61] DEBUG LTCPro.ServiceLayer.Log4net - ---Executing GetOrdersEndingSoon() in OrdersController----
2025-04-10 05:35:50,961 [61] DEBUG LTCPro.ServiceLayer.Log4net - ---Executing GetOrdersEndingSoon() in OrdersService----
2025-04-10 05:35:50,979 [61] DEBUG LTCPro.ServiceLayer.Log4net - ---Executed Successfully GetOrdersEndingSoon() in OrdersController----
2025-04-10 05:35:50,986 [56] DEBUG LTCPro.ServiceLayer.Log4net - ---Executed Successfully OrderEndingSoonStatus() in OrdersController----
2025-04-10 05:35:51,030 [56] DEBUG LTCPro.ServiceLayer.Log4net - ---Executing GetUserToken() in UserService----
2025-04-10 05:35:51,034 [56] DEBUG LTCPro.ServiceLayer.Log4net - ---Executing GetNurseStationHierarchyDetailsbyNsId() in CompanyController----
2025-04-10 05:35:51,034 [56] DEBUG LTCPro.ServiceLayer.Log4net - ---Executing GetNurseStationHierarchyDetailsbyNsId() in CompanyService----
2025-04-10 05:35:51,045 [56] DEBUG LTCPro.ServiceLayer.Log4net - ---Executed Successfully GetNurseStationHierarchyDetailsbyNsId() in CompanyController----
2025-04-10 05:35:51,054 [57] DEBUG LTCPro.ServiceLayer.Log4net - ---Executed Successfully GetPRNDetailsByfilter() in EMARController----
2025-04-10 05:35:51,151 [59] DEBUG LTCPro.ServiceLayer.Log4net - ---Executing GetUserToken() in UserService----
2025-04-10 05:35:51,159 [59] DEBUG LTCPro.ServiceLayer.Log4net - ---Executing GetOrdersGridData() in OrdersController----
2025-04-10 05:35:51,159 [59] DEBUG LTCPro.ServiceLayer.Log4net - ---Executing GetOrdersGridData() in OrdersService----
2025-04-10 05:35:51,234 [60] DEBUG LTCPro.ServiceLayer.Log4net - ---Executed Successfully GetSeventyTwoHourDetailsByfilter() in EMARController----
2025-04-10 05:35:51,316 [59] DEBUG LTCPro.ServiceLayer.Log4net - ---Executed Successfully GetOrdersGridData() in OrdersController----
2025-04-10 05:35:51,551 [60] DEBUG LTCPro.ServiceLayer.Log4net - ---Executing GetUserToken() in UserService----
2025-04-10 05:35:51,554 [60] DEBUG LTCPro.ServiceLayer.Log4net - ---Executing GetPendingOrdersGridData() in OrdersController----
2025-04-10 05:35:51,554 [60] DEBUG LTCPro.ServiceLayer.Log4net - ---Executing GetPendingOrdersGridData() in OrdersService----
2025-04-10 05:35:51,683 [60] DEBUG LTCPro.ServiceLayer.Log4net - ---Executed Successfully GetPendingOrdersGridData() in OrdersController----
2025-04-10 05:36:05,809 [56] DEBUG LTCPro.ServiceLayer.Log4net - ---Executing GetUserToken() in UserService----
2025-04-10 05:36:05,812 [56] DEBUG LTCPro.ServiceLayer.Log4net - ---Executing InsertUserActivityDetails() in CompanyController----
2025-04-10 05:36:05,812 [56] DEBUG LTCPro.ServiceLayer.Log4net - ---Executing InsertUserActivityDetails() in UserActivityService----
2025-04-10 05:36:05,816 [57] DEBUG LTCPro.ServiceLayer.Log4net - ---Executing GetUserToken() in UserService----
2025-04-10 05:36:05,818 [57] DEBUG LTCPro.ServiceLayer.Log4net - ---Executing GetUserRecentFacNs() in UserController----
2025-04-10 05:36:05,818 [57] DEBUG LTCPro.ServiceLayer.Log4net - ---Executing GetUserRecentFacNs() in UserService----
2025-04-10 05:36:05,823 [57] DEBUG LTCPro.ServiceLayer.Log4net - ---Executed Successfully GetUserRecentFacNs() in UserController----
2025-04-10 05:36:05,961 [57] DEBUG LTCPro.ServiceLayer.Log4net - ---Executing GetUserToken() in UserService----
2025-04-10 05:36:05,965 [57] DEBUG LTCPro.ServiceLayer.Log4net - ---Executing GetUserAccessFacilityNurseStaions() in FacilityController----
2025-04-10 05:36:05,965 [57] DEBUG LTCPro.ServiceLayer.Log4net - ---Executing GetUserAccessFacilityNurseStaions() in FacilityService----
2025-04-10 05:36:05,972 [57] DEBUG LTCPro.ServiceLayer.Log4net - ---Executed Successfully GetUserAccessFacilityNurseStaions() in FacilityController----
2025-04-10 05:36:05,977 [60] DEBUG LTCPro.ServiceLayer.Log4net - ---Executing GetUserToken() in UserService----
2025-04-10 05:36:05,987 [60] DEBUG LTCPro.ServiceLayer.Log4net - ---Executing UnionBarcodeDetails() in CheckInPharmacyMedsController----
2025-04-10 05:36:05,987 [60] DEBUG LTCPro.ServiceLayer.Log4net - ---Executing UnionBarcodeDetails() in CheckInPharmacyMedsService----
2025-04-10 05:36:05,998 [59] DEBUG LTCPro.ServiceLayer.Log4net - ---Executing GetUserToken() in UserService----
2025-04-10 05:36:05,999 [57] DEBUG LTCPro.ServiceLayer.Log4net - ---Executing GetUserToken() in UserService----
2025-04-10 05:36:06,001 [59] DEBUG LTCPro.ServiceLayer.Log4net - ---Executing UserNurseStationDrop() in FacilityController----
2025-04-10 05:36:06,001 [59] DEBUG LTCPro.ServiceLayer.Log4net - ---Executing UserNurseStationDrop() in FacilityService----
2025-04-10 05:36:06,002 [57] DEBUG LTCPro.ServiceLayer.Log4net - ---Executing UserNurseStationDrop() in FacilityController----
2025-04-10 05:36:06,002 [57] DEBUG LTCPro.ServiceLayer.Log4net - ---Executing UserNurseStationDrop() in FacilityService----
2025-04-10 05:36:06,007 [59] DEBUG LTCPro.ServiceLayer.Log4net - ---Executed Successfully UserNurseStationDrop() in FacilityController----
2025-04-10 05:36:06,008 [57] DEBUG LTCPro.ServiceLayer.Log4net - ---Executed Successfully UserNurseStationDrop() in FacilityController----
2025-04-10 05:36:06,026 [60] DEBUG LTCPro.ServiceLayer.Log4net - ---Executed Successfully UnionBarcodeDetails() in CheckInPharmacyMedsController----
2025-04-10 05:36:06,068 [69] DEBUG LTCPro.ServiceLayer.Log4net - ---Executing GetUserToken() in UserService----
2025-04-10 05:36:06,068 [57] DEBUG LTCPro.ServiceLayer.Log4net - ---Executing GetUserToken() in UserService----
2025-04-10 05:36:06,072 [69] DEBUG LTCPro.ServiceLayer.Log4net - ---Executing GetEkitGridDetails() in CheckInPharmacyMedsController----
2025-04-10 05:36:06,072 [69] DEBUG LTCPro.ServiceLayer.Log4net - ---Executing GetEkitGridDetails() in CheckInPharmacyMedsService----
2025-04-10 05:36:06,072 [57] DEBUG LTCPro.ServiceLayer.Log4net - ---Executing GetEkitGridDetails() in CheckInPharmacyMedsController----
2025-04-10 05:36:06,072 [57] DEBUG LTCPro.ServiceLayer.Log4net - ---Executing GetEkitGridDetails() in CheckInPharmacyMedsService----
2025-04-10 05:36:06,079 [57] DEBUG LTCPro.ServiceLayer.Log4net - ---Executed Successfully GetEkitGridDetails() in CheckInPharmacyMedsController----
2025-04-10 05:36:06,079 [69] DEBUG LTCPro.ServiceLayer.Log4net - ---Executed Successfully GetEkitGridDetails() in CheckInPharmacyMedsController----
2025-04-10 05:36:06,104 [56] DEBUG LTCPro.ServiceLayer.Log4net - ---Executed Successfully InsertUserActivityDetails() in CompanyController----
2025-04-10 05:36:31,327 [56] DEBUG LTCPro.ServiceLayer.Log4net - ---Executing GetUserToken() in UserService----
2025-04-10 05:36:31,367 [56] DEBUG LTCPro.ServiceLayer.Log4net - ---Executing GetExpiredEkitMedDestruction() in CheckInPharmacyMedsController----
2025-04-10 05:36:31,367 [56] DEBUG LTCPro.ServiceLayer.Log4net - ---Executing GetExpiredEkitMedDestruction() in CheckInPharmacyMedsService----
2025-04-10 05:36:31,374 [56] DEBUG LTCPro.ServiceLayer.Log4net - ---Executed Successfully GetExpiredEkitMedDestruction() in CheckInPharmacyMedsController----
2025-04-10 05:36:35,332 [56] DEBUG LTCPro.ServiceLayer.Log4net - ---Executing GetUserToken() in UserService----
2025-04-10 05:36:35,336 [56] DEBUG LTCPro.ServiceLayer.Log4net - ---Executing GetEkitGridDetails() in CheckInPharmacyMedsController----
2025-04-10 05:36:35,336 [56] DEBUG LTCPro.ServiceLayer.Log4net - ---Executing GetEkitGridDetails() in CheckInPharmacyMedsService----
2025-04-10 05:36:35,343 [56] DEBUG LTCPro.ServiceLayer.Log4net - ---Executed Successfully GetEkitGridDetails() in CheckInPharmacyMedsController----
2025-04-10 05:36:44,464 [61] DEBUG LTCPro.ServiceLayer.Log4net - ---Executing GetUserToken() in UserService----
2025-04-10 05:36:44,469 [61] DEBUG LTCPro.ServiceLayer.Log4net - ---Executing InsertUserActivityDetails() in CompanyController----
2025-04-10 05:36:44,469 [61] DEBUG LTCPro.ServiceLayer.Log4net - ---Executing InsertUserActivityDetails() in UserActivityService----
2025-04-10 05:36:44,477 [57] DEBUG LTCPro.ServiceLayer.Log4net - ---Executing GetUserToken() in UserService----
2025-04-10 05:36:44,481 [57] DEBUG LTCPro.ServiceLayer.Log4net - ---Executing GetUserRecentFacNs() in UserController----
2025-04-10 05:36:44,481 [57] DEBUG LTCPro.ServiceLayer.Log4net - ---Executing GetUserRecentFacNs() in UserService----
2025-04-10 05:36:44,493 [57] DEBUG LTCPro.ServiceLayer.Log4net - ---Executed Successfully GetUserRecentFacNs() in UserController----
2025-04-10 05:36:44,501 [59] DEBUG LTCPro.ServiceLayer.Log4net - ---Executing GetUserToken() in UserService----
2025-04-10 05:36:44,513 [56] DEBUG LTCPro.ServiceLayer.Log4net - ---Executing GetUserToken() in UserService----
2025-04-10 05:36:44,538 [56] DEBUG LTCPro.ServiceLayer.Log4net - ---Executing GetAllStockEkitBarcodes() in RoleController----
2025-04-10 05:36:44,562 [56] DEBUG LTCPro.ServiceLayer.Log4net - ---Executing GetAllStockEkitBarcodes() in StockEkitService----
2025-04-10 05:36:44,581 [59] DEBUG LTCPro.ServiceLayer.Log4net - ---Executing GetAllStock() in StockEkitController----
2025-04-10 05:36:44,582 [59] DEBUG LTCPro.ServiceLayer.Log4net - ---Executing GetPatientTypeDrop() in StockEkitService----
2025-04-10 05:36:44,599 [57] DEBUG LTCPro.ServiceLayer.Log4net - ---Executing GetUserToken() in UserService----
2025-04-10 05:36:44,617 [57] DEBUG LTCPro.ServiceLayer.Log4net - ---Executing GetUserAccessFacilityNurseStaions() in FacilityController----
2025-04-10 05:36:44,617 [57] DEBUG LTCPro.ServiceLayer.Log4net - ---Executing GetUserAccessFacilityNurseStaions() in FacilityService----
2025-04-10 05:36:44,651 [57] DEBUG LTCPro.ServiceLayer.Log4net - ---Executed Successfully GetUserAccessFacilityNurseStaions() in FacilityController----
2025-04-10 05:36:44,674 [57] DEBUG LTCPro.ServiceLayer.Log4net - ---Executing GetUserToken() in UserService----
2025-04-10 05:36:44,688 [57] DEBUG LTCPro.ServiceLayer.Log4net - ---Executing UserNurseStationDrop() in FacilityController----
2025-04-10 05:36:44,688 [57] DEBUG LTCPro.ServiceLayer.Log4net - ---Executing UserNurseStationDrop() in FacilityService----
2025-04-10 05:36:44,693 [57] DEBUG LTCPro.ServiceLayer.Log4net - ---Executed Successfully UserNurseStationDrop() in FacilityController----
2025-04-10 05:36:44,707 [63] DEBUG LTCPro.ServiceLayer.Log4net - ---Executing GetUserToken() in UserService----
2025-04-10 05:36:44,711 [63] DEBUG LTCPro.ServiceLayer.Log4net - ---Executing UserNurseStationDrop() in FacilityController----
2025-04-10 05:36:44,711 [63] DEBUG LTCPro.ServiceLayer.Log4net - ---Executing UserNurseStationDrop() in FacilityService----
2025-04-10 05:36:44,760 [63] DEBUG LTCPro.ServiceLayer.Log4net - ---Executed Successfully UserNurseStationDrop() in FacilityController----
2025-04-10 05:36:44,762 [61] DEBUG LTCPro.ServiceLayer.Log4net - ---Executed Successfully InsertUserActivityDetails() in CompanyController----
2025-04-10 05:36:44,766 [56] DEBUG LTCPro.ServiceLayer.Log4net - ---Executed Successfully GetAllStockEkitBarcodes() in RoleController----
2025-04-10 05:36:44,766 [69] DEBUG LTCPro.ServiceLayer.Log4net - ---Executing GetUserToken() in UserService----
2025-04-10 05:36:44,783 [69] DEBUG LTCPro.ServiceLayer.Log4net - ---Executing IsDataAvailableToCloneStock() in StockEkitController----
2025-04-10 05:36:44,784 [69] DEBUG LTCPro.ServiceLayer.Log4net - ---Executing IsDataAvailableToCloneStock() in StockEkitService----
2025-04-10 05:36:44,875 [69] DEBUG LTCPro.ServiceLayer.Log4net - ---Executed Successfully IsDataAvailableToCloneStock() in StockEkitController----
2025-04-10 05:36:44,885 [63] DEBUG LTCPro.ServiceLayer.Log4net - ---Executing GetUserToken() in UserService----
2025-04-10 05:36:44,891 [63] DEBUG LTCPro.ServiceLayer.Log4net - ---Executing IsDataAvailableToCloneStock() in StockEkitController----
2025-04-10 05:36:44,891 [63] DEBUG LTCPro.ServiceLayer.Log4net - ---Executing IsDataAvailableToCloneStock() in StockEkitService----
2025-04-10 05:36:44,927 [63] DEBUG LTCPro.ServiceLayer.Log4net - ---Executed Successfully IsDataAvailableToCloneStock() in StockEkitController----
2025-04-10 05:36:45,262 [59] DEBUG LTCPro.ServiceLayer.Log4net - ---Executed Successfully GetAllStock() in StockEkitController----
2025-04-10 05:36:47,827 [69] DEBUG LTCPro.ServiceLayer.Log4net - ---Executing GetUserToken() in UserService----
2025-04-10 05:36:47,832 [69] DEBUG LTCPro.ServiceLayer.Log4net - ---Executing InsertUserActivityDetails() in CompanyController----
2025-04-10 05:36:47,832 [69] DEBUG LTCPro.ServiceLayer.Log4net - ---Executing InsertUserActivityDetails() in UserActivityService----
2025-04-10 05:36:47,835 [63] DEBUG LTCPro.ServiceLayer.Log4net - ---Executing GetUserToken() in UserService----
2025-04-10 05:36:47,837 [69] DEBUG LTCPro.ServiceLayer.Log4net - ---Executed Successfully InsertUserActivityDetails() in CompanyController----
2025-04-10 05:36:47,839 [63] DEBUG LTCPro.ServiceLayer.Log4net - ---Executing GetUserRecentFacNs() in UserController----
2025-04-10 05:36:47,839 [63] DEBUG LTCPro.ServiceLayer.Log4net - ---Executing GetUserRecentFacNs() in UserService----
2025-04-10 05:36:47,844 [63] DEBUG LTCPro.ServiceLayer.Log4net - ---Executed Successfully GetUserRecentFacNs() in UserController----
2025-04-10 05:36:47,861 [59] DEBUG LTCPro.ServiceLayer.Log4net - ---Executing GetUserToken() in UserService----
2025-04-10 05:36:47,866 [59] DEBUG LTCPro.ServiceLayer.Log4net - ---Executing GetUserAccessFacilityNurseStaions() in FacilityController----
2025-04-10 05:36:47,866 [59] DEBUG LTCPro.ServiceLayer.Log4net - ---Executing GetUserAccessFacilityNurseStaions() in FacilityService----
2025-04-10 05:36:47,872 [59] DEBUG LTCPro.ServiceLayer.Log4net - ---Executed Successfully GetUserAccessFacilityNurseStaions() in FacilityController----
2025-04-10 05:36:47,881 [69] DEBUG LTCPro.ServiceLayer.Log4net - ---Executing GetUserToken() in UserService----
2025-04-10 05:36:47,885 [69] DEBUG LTCPro.ServiceLayer.Log4net - ---Executing UnionBarcodeDetails() in CheckInPharmacyMedsController----
2025-04-10 05:36:47,885 [69] DEBUG LTCPro.ServiceLayer.Log4net - ---Executing UnionBarcodeDetails() in CheckInPharmacyMedsService----
2025-04-10 05:36:47,904 [63] DEBUG LTCPro.ServiceLayer.Log4net - ---Executing GetUserToken() in UserService----
2025-04-10 05:36:47,904 [69] DEBUG LTCPro.ServiceLayer.Log4net - ---Executed Successfully UnionBarcodeDetails() in CheckInPharmacyMedsController----
2025-04-10 05:36:47,908 [63] DEBUG LTCPro.ServiceLayer.Log4net - ---Executing UserNurseStationDrop() in FacilityController----
2025-04-10 05:36:47,908 [63] DEBUG LTCPro.ServiceLayer.Log4net - ---Executing UserNurseStationDrop() in FacilityService----
2025-04-10 05:36:47,910 [59] DEBUG LTCPro.ServiceLayer.Log4net - ---Executing GetUserToken() in UserService----
2025-04-10 05:36:47,914 [63] DEBUG LTCPro.ServiceLayer.Log4net - ---Executed Successfully UserNurseStationDrop() in FacilityController----
2025-04-10 05:36:47,914 [59] DEBUG LTCPro.ServiceLayer.Log4net - ---Executing UserNurseStationDrop() in FacilityController----
2025-04-10 05:36:47,914 [59] DEBUG LTCPro.ServiceLayer.Log4net - ---Executing UserNurseStationDrop() in FacilityService----
2025-04-10 05:36:47,921 [59] DEBUG LTCPro.ServiceLayer.Log4net - ---Executed Successfully UserNurseStationDrop() in FacilityController----
2025-04-10 05:36:47,953 [69] DEBUG LTCPro.ServiceLayer.Log4net - ---Executing GetUserToken() in UserService----
2025-04-10 05:36:47,953 [63] DEBUG LTCPro.ServiceLayer.Log4net - ---Executing GetUserToken() in UserService----
2025-04-10 05:36:47,957 [69] DEBUG LTCPro.ServiceLayer.Log4net - ---Executing GetEkitGridDetails() in CheckInPharmacyMedsController----
2025-04-10 05:36:47,958 [69] DEBUG LTCPro.ServiceLayer.Log4net - ---Executing GetEkitGridDetails() in CheckInPharmacyMedsService----
2025-04-10 05:36:47,958 [63] DEBUG LTCPro.ServiceLayer.Log4net - ---Executing GetEkitGridDetails() in CheckInPharmacyMedsController----
2025-04-10 05:36:47,958 [63] DEBUG LTCPro.ServiceLayer.Log4net - ---Executing GetEkitGridDetails() in CheckInPharmacyMedsService----
2025-04-10 05:36:47,965 [63] DEBUG LTCPro.ServiceLayer.Log4net - ---Executed Successfully GetEkitGridDetails() in CheckInPharmacyMedsController----
2025-04-10 05:36:47,965 [69] DEBUG LTCPro.ServiceLayer.Log4net - ---Executed Successfully GetEkitGridDetails() in CheckInPharmacyMedsController----
2025-04-10 05:37:05,173 [61] DEBUG LTCPro.ServiceLayer.Log4net - ---Executing GetUserToken() in UserService----
2025-04-10 05:37:05,174 [59] DEBUG LTCPro.ServiceLayer.Log4net - ---Executing GetUserToken() in UserService----
2025-04-10 05:37:05,179 [57] DEBUG LTCPro.ServiceLayer.Log4net - ---Executing GetUserToken() in UserService----
2025-04-10 05:37:05,182 [61] DEBUG LTCPro.ServiceLayer.Log4net - ---Executing InsertUserActivityDetails() in CompanyController----
2025-04-10 05:37:05,182 [61] DEBUG LTCPro.ServiceLayer.Log4net - ---Executing InsertUserActivityDetails() in UserActivityService----
2025-04-10 05:37:05,185 [59] DEBUG LTCPro.ServiceLayer.Log4net - ---Executing GetUserRecentFacNs() in UserController----
2025-04-10 05:37:05,186 [59] DEBUG LTCPro.ServiceLayer.Log4net - ---Executing GetUserRecentFacNs() in UserService----
2025-04-10 05:37:05,196 [56] DEBUG LTCPro.ServiceLayer.Log4net - ---Executing GetUserToken() in UserService----
2025-04-10 05:37:05,201 [59] DEBUG LTCPro.ServiceLayer.Log4net - ---Executed Successfully GetUserRecentFacNs() in UserController----
2025-04-10 05:37:05,204 [56] DEBUG LTCPro.ServiceLayer.Log4net - ---Executing GetAllStock() in StockEkitController----
2025-04-10 05:37:05,205 [56] DEBUG LTCPro.ServiceLayer.Log4net - ---Executing GetPatientTypeDrop() in StockEkitService----
2025-04-10 05:37:05,226 [57] DEBUG LTCPro.ServiceLayer.Log4net - ---Executing GetAllStockEkitBarcodes() in RoleController----
2025-04-10 05:37:05,226 [57] DEBUG LTCPro.ServiceLayer.Log4net - ---Executing GetAllStockEkitBarcodes() in StockEkitService----
2025-04-10 05:37:05,274 [57] DEBUG LTCPro.ServiceLayer.Log4net - ---Executed Successfully GetAllStockEkitBarcodes() in RoleController----
2025-04-10 05:37:05,277 [59] DEBUG LTCPro.ServiceLayer.Log4net - ---Executing GetUserToken() in UserService----
2025-04-10 05:37:05,281 [59] DEBUG LTCPro.ServiceLayer.Log4net - ---Executing GetUserAccessFacilityNurseStaions() in FacilityController----
2025-04-10 05:37:05,282 [59] DEBUG LTCPro.ServiceLayer.Log4net - ---Executing GetUserAccessFacilityNurseStaions() in FacilityService----
2025-04-10 05:37:05,315 [59] DEBUG LTCPro.ServiceLayer.Log4net - ---Executed Successfully GetUserAccessFacilityNurseStaions() in FacilityController----
2025-04-10 05:37:05,341 [57] DEBUG LTCPro.ServiceLayer.Log4net - ---Executing GetUserToken() in UserService----
2025-04-10 05:37:05,344 [59] DEBUG LTCPro.ServiceLayer.Log4net - ---Executing GetUserToken() in UserService----
2025-04-10 05:37:05,360 [57] DEBUG LTCPro.ServiceLayer.Log4net - ---Executing UserNurseStationDrop() in FacilityController----
2025-04-10 05:37:05,360 [57] DEBUG LTCPro.ServiceLayer.Log4net - ---Executing UserNurseStationDrop() in FacilityService----
2025-04-10 05:37:05,376 [59] DEBUG LTCPro.ServiceLayer.Log4net - ---Executing UserNurseStationDrop() in FacilityController----
2025-04-10 05:37:05,376 [59] DEBUG LTCPro.ServiceLayer.Log4net - ---Executing UserNurseStationDrop() in FacilityService----
2025-04-10 05:37:05,378 [57] DEBUG LTCPro.ServiceLayer.Log4net - ---Executed Successfully UserNurseStationDrop() in FacilityController----
2025-04-10 05:37:05,386 [59] DEBUG LTCPro.ServiceLayer.Log4net - ---Executed Successfully UserNurseStationDrop() in FacilityController----
2025-04-10 05:37:05,417 [59] DEBUG LTCPro.ServiceLayer.Log4net - ---Executing GetUserToken() in UserService----
2025-04-10 05:37:05,423 [59] DEBUG LTCPro.ServiceLayer.Log4net - ---Executing IsDataAvailableToCloneStock() in StockEkitController----
2025-04-10 05:37:05,423 [59] DEBUG LTCPro.ServiceLayer.Log4net - ---Executing IsDataAvailableToCloneStock() in StockEkitService----
2025-04-10 05:37:05,428 [59] DEBUG LTCPro.ServiceLayer.Log4net - ---Executed Successfully IsDataAvailableToCloneStock() in StockEkitController----
2025-04-10 05:37:05,433 [57] DEBUG LTCPro.ServiceLayer.Log4net - ---Executing GetUserToken() in UserService----
2025-04-10 05:37:05,436 [57] DEBUG LTCPro.ServiceLayer.Log4net - ---Executing IsDataAvailableToCloneStock() in StockEkitController----
2025-04-10 05:37:05,436 [57] DEBUG LTCPro.ServiceLayer.Log4net - ---Executing IsDataAvailableToCloneStock() in StockEkitService----
2025-04-10 05:37:05,440 [57] DEBUG LTCPro.ServiceLayer.Log4net - ---Executed Successfully IsDataAvailableToCloneStock() in StockEkitController----
2025-04-10 05:37:05,461 [56] DEBUG LTCPro.ServiceLayer.Log4net - ---Executed Successfully GetAllStock() in StockEkitController----
2025-04-10 05:37:05,468 [61] DEBUG LTCPro.ServiceLayer.Log4net - ---Executed Successfully InsertUserActivityDetails() in CompanyController----
2025-04-10 05:37:10,983 [57] DEBUG LTCPro.ServiceLayer.Log4net - ---Executing GetUserToken() in UserService----
2025-04-10 05:37:10,988 [56] DEBUG LTCPro.ServiceLayer.Log4net - ---Executing GetUserToken() in UserService----
2025-04-10 05:37:10,992 [56] DEBUG LTCPro.ServiceLayer.Log4net - ---Executing GetUserRecentFacNs() in UserController----
2025-04-10 05:37:10,992 [56] DEBUG LTCPro.ServiceLayer.Log4net - ---Executing GetUserRecentFacNs() in UserService----
2025-04-10 05:37:10,998 [56] DEBUG LTCPro.ServiceLayer.Log4net - ---Executed Successfully GetUserRecentFacNs() in UserController----
2025-04-10 05:37:11,033 [63] DEBUG LTCPro.ServiceLayer.Log4net - ---Executing GetUserToken() in UserService----
2025-04-10 05:37:11,038 [63] DEBUG LTCPro.ServiceLayer.Log4net - ---Executing GetUserAccessFacilityNurseStaions() in FacilityController----
2025-04-10 05:37:11,038 [63] DEBUG LTCPro.ServiceLayer.Log4net - ---Executing GetUserAccessFacilityNurseStaions() in FacilityService----
2025-04-10 05:37:11,039 [57] DEBUG LTCPro.ServiceLayer.Log4net - ---Executing InsertUserActivityDetails() in CompanyController----
2025-04-10 05:37:11,039 [57] DEBUG LTCPro.ServiceLayer.Log4net - ---Executing InsertUserActivityDetails() in UserActivityService----
2025-04-10 05:37:11,044 [57] DEBUG LTCPro.ServiceLayer.Log4net - ---Executed Successfully InsertUserActivityDetails() in CompanyController----
2025-04-10 05:37:11,047 [63] DEBUG LTCPro.ServiceLayer.Log4net - ---Executed Successfully GetUserAccessFacilityNurseStaions() in FacilityController----
2025-04-10 05:37:11,071 [69] DEBUG LTCPro.ServiceLayer.Log4net - ---Executing GetUserToken() in UserService----
2025-04-10 05:37:11,071 [61] DEBUG LTCPro.ServiceLayer.Log4net - ---Executing GetUserToken() in UserService----
2025-04-10 05:37:11,079 [69] DEBUG LTCPro.ServiceLayer.Log4net - ---Executing UserNurseStationDrop() in FacilityController----
2025-04-10 05:37:11,079 [69] DEBUG LTCPro.ServiceLayer.Log4net - ---Executing UserNurseStationDrop() in FacilityService----
2025-04-10 05:37:11,083 [61] DEBUG LTCPro.ServiceLayer.Log4net - ---Executing UserNurseStationDrop() in FacilityController----
2025-04-10 05:37:11,083 [61] DEBUG LTCPro.ServiceLayer.Log4net - ---Executing UserNurseStationDrop() in FacilityService----
2025-04-10 05:37:11,117 [69] DEBUG LTCPro.ServiceLayer.Log4net - ---Executed Successfully UserNurseStationDrop() in FacilityController----
2025-04-10 05:37:11,122 [61] DEBUG LTCPro.ServiceLayer.Log4net - ---Executed Successfully UserNurseStationDrop() in FacilityController----
2025-04-10 05:37:15,798 [69] DEBUG LTCPro.ServiceLayer.Log4net - ---Executing GetUserToken() in UserService----
2025-04-10 05:37:15,802 [69] DEBUG LTCPro.ServiceLayer.Log4net - ---Executing InsertUserActivityDetails() in CompanyController----
2025-04-10 05:37:15,802 [69] DEBUG LTCPro.ServiceLayer.Log4net - ---Executing InsertUserActivityDetails() in UserActivityService----
2025-04-10 05:37:15,808 [69] DEBUG LTCPro.ServiceLayer.Log4net - ---Executed Successfully InsertUserActivityDetails() in CompanyController----
2025-04-10 05:37:15,838 [63] DEBUG LTCPro.ServiceLayer.Log4net - ---Executing GetUserToken() in UserService----
2025-04-10 05:37:15,843 [63] DEBUG LTCPro.ServiceLayer.Log4net - ---Executing GetUserRecentFacNs() in UserController----
2025-04-10 05:37:15,843 [63] DEBUG LTCPro.ServiceLayer.Log4net - ---Executing GetUserRecentFacNs() in UserService----
2025-04-10 05:37:15,849 [63] DEBUG LTCPro.ServiceLayer.Log4net - ---Executed Successfully GetUserRecentFacNs() in UserController----
2025-04-10 05:37:15,865 [59] DEBUG LTCPro.ServiceLayer.Log4net - ---Executing GetUserToken() in UserService----
2025-04-10 05:37:15,869 [59] DEBUG LTCPro.ServiceLayer.Log4net - ---Executing GetUserAccessFacilityNurseStaions() in FacilityController----
2025-04-10 05:37:15,869 [59] DEBUG LTCPro.ServiceLayer.Log4net - ---Executing GetUserAccessFacilityNurseStaions() in FacilityService----
2025-04-10 05:37:15,876 [59] DEBUG LTCPro.ServiceLayer.Log4net - ---Executed Successfully GetUserAccessFacilityNurseStaions() in FacilityController----
2025-04-10 05:37:15,894 [69] DEBUG LTCPro.ServiceLayer.Log4net - ---Executing GetUserToken() in UserService----
2025-04-10 05:37:15,898 [69] DEBUG LTCPro.ServiceLayer.Log4net - ---Executing UserNurseStationDrop() in FacilityController----
2025-04-10 05:37:15,898 [69] DEBUG LTCPro.ServiceLayer.Log4net - ---Executing UserNurseStationDrop() in FacilityService----
2025-04-10 05:37:15,902 [57] DEBUG LTCPro.ServiceLayer.Log4net - ---Executing GetUserToken() in UserService----
2025-04-10 05:37:15,902 [69] DEBUG LTCPro.ServiceLayer.Log4net - ---Executed Successfully UserNurseStationDrop() in FacilityController----
2025-04-10 05:37:15,906 [57] DEBUG LTCPro.ServiceLayer.Log4net - ---Executing UserNurseStationDrop() in FacilityController----
2025-04-10 05:37:15,906 [57] DEBUG LTCPro.ServiceLayer.Log4net - ---Executing UserNurseStationDrop() in FacilityService----
2025-04-10 05:37:15,912 [57] DEBUG LTCPro.ServiceLayer.Log4net - ---Executed Successfully UserNurseStationDrop() in FacilityController----
2025-04-10 05:37:15,926 [63] DEBUG LTCPro.ServiceLayer.Log4net - ---Executing GetUserToken() in UserService----
2025-04-10 05:37:15,930 [63] DEBUG LTCPro.ServiceLayer.Log4net - ---Executing UnionBarcodeDetails() in CheckInPharmacyMedsController----
2025-04-10 05:37:15,930 [63] DEBUG LTCPro.ServiceLayer.Log4net - ---Executing UnionBarcodeDetails() in CheckInPharmacyMedsService----
2025-04-10 05:37:15,950 [63] DEBUG LTCPro.ServiceLayer.Log4net - ---Executed Successfully UnionBarcodeDetails() in CheckInPharmacyMedsController----
2025-04-10 05:37:15,950 [69] DEBUG LTCPro.ServiceLayer.Log4net - ---Executing GetUserToken() in UserService----
2025-04-10 05:37:15,954 [69] DEBUG LTCPro.ServiceLayer.Log4net - ---Executing GetEkitGridDetails() in CheckInPharmacyMedsController----
2025-04-10 05:37:15,954 [69] DEBUG LTCPro.ServiceLayer.Log4net - ---Executing GetEkitGridDetails() in CheckInPharmacyMedsService----
2025-04-10 05:37:15,955 [60] DEBUG LTCPro.ServiceLayer.Log4net - ---Executing GetUserToken() in UserService----
2025-04-10 05:37:15,960 [60] DEBUG LTCPro.ServiceLayer.Log4net - ---Executing GetEkitGridDetails() in CheckInPharmacyMedsController----
2025-04-10 05:37:15,960 [60] DEBUG LTCPro.ServiceLayer.Log4net - ---Executing GetEkitGridDetails() in CheckInPharmacyMedsService----
2025-04-10 05:37:15,960 [69] DEBUG LTCPro.ServiceLayer.Log4net - ---Executed Successfully GetEkitGridDetails() in CheckInPharmacyMedsController----
2025-04-10 05:37:15,967 [60] DEBUG LTCPro.ServiceLayer.Log4net - ---Executed Successfully GetEkitGridDetails() in CheckInPharmacyMedsController----
2025-04-10 05:37:26,650 [63] DEBUG LTCPro.ServiceLayer.Log4net - ---Executing GetUserToken() in UserService----
2025-04-10 05:37:26,660 [63] DEBUG LTCPro.ServiceLayer.Log4net - ---Executing InsertUserActivityDetails() in CompanyController----
2025-04-10 05:37:26,660 [63] DEBUG LTCPro.ServiceLayer.Log4net - ---Executing InsertUserActivityDetails() in UserActivityService----
2025-04-10 05:37:26,728 [60] DEBUG LTCPro.ServiceLayer.Log4net - ---Executing GetUserToken() in UserService----
2025-04-10 05:37:26,733 [60] DEBUG LTCPro.ServiceLayer.Log4net - ---Executing GetUserRecentFacNs() in UserController----
2025-04-10 05:37:26,733 [60] DEBUG LTCPro.ServiceLayer.Log4net - ---Executing GetUserRecentFacNs() in UserService----
2025-04-10 05:37:26,749 [60] DEBUG LTCPro.ServiceLayer.Log4net - ---Executed Successfully GetUserRecentFacNs() in UserController----
2025-04-10 05:37:26,891 [59] DEBUG LTCPro.ServiceLayer.Log4net - ---Executing GetUserToken() in UserService----
2025-04-10 05:37:26,895 [59] DEBUG LTCPro.ServiceLayer.Log4net - ---Executing GetWeekMasterData() in OrdersController----
2025-04-10 05:37:26,897 [61] DEBUG LTCPro.ServiceLayer.Log4net - ---Executing GetUserToken() in UserService----
2025-04-10 05:37:26,900 [61] DEBUG LTCPro.ServiceLayer.Log4net - ---Executing GetFrequencyMasterData() in OrdersController----
2025-04-10 05:37:26,901 [61] DEBUG LTCPro.ServiceLayer.Log4net - ---Executing GetFrequencyMasterData() in OrdersService----
2025-04-10 05:37:26,906 [59] DEBUG LTCPro.ServiceLayer.Log4net - ---Executing GetWeekMasterData() in OrdersService----
2025-04-10 05:37:26,949 [59] DEBUG LTCPro.ServiceLayer.Log4net - ---Executed Successfully GetWeekMasterData() in OrdersController----
2025-04-10 05:37:26,964 [63] DEBUG LTCPro.ServiceLayer.Log4net - ---Executed Successfully InsertUserActivityDetails() in CompanyController----
2025-04-10 05:37:26,972 [61] DEBUG LTCPro.ServiceLayer.Log4net - ---Executed Successfully GetFrequencyMasterData() in OrdersController----
2025-04-10 05:37:26,979 [60] DEBUG LTCPro.ServiceLayer.Log4net - ---Executing GetUserToken() in UserService----
2025-04-10 05:37:26,985 [60] DEBUG LTCPro.ServiceLayer.Log4net - ---Executing GetMonthMasterData() in OrdersController----
2025-04-10 05:37:26,986 [60] DEBUG LTCPro.ServiceLayer.Log4net - ---Executing GetMonthMasterData() in OrdersService----
2025-04-10 05:37:26,988 [56] DEBUG LTCPro.ServiceLayer.Log4net - ---Executing GetUserToken() in UserService----
2025-04-10 05:37:26,991 [56] DEBUG LTCPro.ServiceLayer.Log4net - ---Executing GetUserAccessFacilityNurseStaions() in FacilityController----
2025-04-10 05:37:26,991 [56] DEBUG LTCPro.ServiceLayer.Log4net - ---Executing GetUserAccessFacilityNurseStaions() in FacilityService----
2025-04-10 05:37:26,999 [56] DEBUG LTCPro.ServiceLayer.Log4net - ---Executed Successfully GetUserAccessFacilityNurseStaions() in FacilityController----
2025-04-10 05:37:27,001 [59] DEBUG LTCPro.ServiceLayer.Log4net - ---Executing GetUserToken() in UserService----
2025-04-10 05:37:27,011 [59] DEBUG LTCPro.ServiceLayer.Log4net - ---Executing GetNursingFrequencyConfigsData() in EmarController----
2025-04-10 05:37:27,042 [59] DEBUG LTCPro.ServiceLayer.Log4net - ---Executing GetNursingFrequencyConfigsData() in EmarService----
2025-04-10 05:37:27,057 [60] DEBUG LTCPro.ServiceLayer.Log4net - ---Executed Successfully GetMonthMasterData() in OrdersController----
2025-04-10 05:37:27,057 [69] DEBUG LTCPro.ServiceLayer.Log4net - ---Executing GetUserToken() in UserService----
2025-04-10 05:37:27,063 [69] DEBUG LTCPro.ServiceLayer.Log4net - ---Executing UserNurseStationDrop() in FacilityController----
2025-04-10 05:37:27,063 [69] DEBUG LTCPro.ServiceLayer.Log4net - ---Executing UserNurseStationDrop() in FacilityService----
2025-04-10 05:37:27,074 [69] DEBUG LTCPro.ServiceLayer.Log4net - ---Executed Successfully UserNurseStationDrop() in FacilityController----
2025-04-10 05:37:27,115 [59] DEBUG LTCPro.ServiceLayer.Log4net - ---Executed Successfully GetNursingFrequencyConfigsData() in EmarController----
2025-04-10 05:37:27,306 [63] DEBUG LTCPro.ServiceLayer.Log4net - ---Executing GetUserToken() in UserService----
2025-04-10 05:37:27,310 [63] DEBUG LTCPro.ServiceLayer.Log4net - ---Executing GetHoursMasterData() in OrdersController----
2025-04-10 05:37:27,311 [63] DEBUG LTCPro.ServiceLayer.Log4net - ---Executing GetHoursMasterData() in OrdersService----
2025-04-10 05:37:27,330 [63] DEBUG LTCPro.ServiceLayer.Log4net - ---Executed Successfully GetHoursMasterData() in OrdersController----
2025-04-10 05:37:31,240 [69] DEBUG LTCPro.ServiceLayer.Log4net - ---Executing GetUserToken() in UserService----
2025-04-10 05:37:31,244 [69] DEBUG LTCPro.ServiceLayer.Log4net - ---Executing InsertUserActivityDetails() in CompanyController----
2025-04-10 05:37:31,244 [69] DEBUG LTCPro.ServiceLayer.Log4net - ---Executing InsertUserActivityDetails() in UserActivityService----
2025-04-10 05:37:31,249 [63] DEBUG LTCPro.ServiceLayer.Log4net - ---Executing GetUserToken() in UserService----
2025-04-10 05:37:31,251 [69] DEBUG LTCPro.ServiceLayer.Log4net - ---Executed Successfully InsertUserActivityDetails() in CompanyController----
2025-04-10 05:37:31,253 [63] DEBUG LTCPro.ServiceLayer.Log4net - ---Executing GetUserRecentFacNs() in UserController----
2025-04-10 05:37:31,253 [63] DEBUG LTCPro.ServiceLayer.Log4net - ---Executing GetUserRecentFacNs() in UserService----
2025-04-10 05:37:31,263 [63] DEBUG LTCPro.ServiceLayer.Log4net - ---Executed Successfully GetUserRecentFacNs() in UserController----
2025-04-10 05:37:31,295 [63] DEBUG LTCPro.ServiceLayer.Log4net - ---Executing GetUserToken() in UserService----
2025-04-10 05:37:31,299 [63] DEBUG LTCPro.ServiceLayer.Log4net - ---Executing GetUserAccessFacilityNurseStaions() in FacilityController----
2025-04-10 05:37:31,299 [63] DEBUG LTCPro.ServiceLayer.Log4net - ---Executing GetUserAccessFacilityNurseStaions() in FacilityService----
2025-04-10 05:37:31,306 [63] DEBUG LTCPro.ServiceLayer.Log4net - ---Executed Successfully GetUserAccessFacilityNurseStaions() in FacilityController----
2025-04-10 05:37:31,320 [61] DEBUG LTCPro.ServiceLayer.Log4net - ---Executing GetUserToken() in UserService----
2025-04-10 05:37:31,324 [61] DEBUG LTCPro.ServiceLayer.Log4net - ---Executing UserNurseStationDrop() in FacilityController----
2025-04-10 05:37:31,324 [61] DEBUG LTCPro.ServiceLayer.Log4net - ---Executing UserNurseStationDrop() in FacilityService----
2025-04-10 05:37:31,328 [61] DEBUG LTCPro.ServiceLayer.Log4net - ---Executed Successfully UserNurseStationDrop() in FacilityController----
2025-04-10 05:37:31,381 [56] DEBUG LTCPro.ServiceLayer.Log4net - ---Executing GetUserToken() in UserService----
2025-04-10 05:37:31,381 [59] DEBUG LTCPro.ServiceLayer.Log4net - ---Executing GetUserToken() in UserService----
2025-04-10 05:37:31,395 [57] DEBUG LTCPro.ServiceLayer.Log4net - ---Executing GetUserToken() in UserService----
2025-04-10 05:37:31,398 [56] DEBUG LTCPro.ServiceLayer.Log4net - ---Executing GetPRNDetailsByfilter() in EMARController----
2025-04-10 05:37:31,398 [56] DEBUG LTCPro.ServiceLayer.Log4net - ---Executing GetPRNDetailsByfilter() in EmarService----
2025-04-10 05:37:31,401 [59] DEBUG LTCPro.ServiceLayer.Log4net - ---Executing GetSeventyTwoHourDetailsByfilter() in EMARController----
2025-04-10 05:37:31,401 [59] DEBUG LTCPro.ServiceLayer.Log4net - ---Executing GetSeventyTwoHourDetailsByfilter() in EmarService----
2025-04-10 05:37:31,406 [57] DEBUG LTCPro.ServiceLayer.Log4net - ---Executing GetCompanyToBedFlagByFacId() in FacilityController----
2025-04-10 05:37:31,406 [57] DEBUG LTCPro.ServiceLayer.Log4net - ---Executing GetCompanyToBedFlagByFacId() in FacilityService----
2025-04-10 05:37:31,525 [60] DEBUG LTCPro.ServiceLayer.Log4net - ---Executing GetUserToken() in UserService----
2025-04-10 05:37:31,529 [60] DEBUG LTCPro.ServiceLayer.Log4net - ---Executing OrderEndingSoonStatus() in OrdersController----
2025-04-10 05:37:31,529 [60] DEBUG LTCPro.ServiceLayer.Log4net - ---Executing OrderEndingSoonStatus() in OrdersService----
2025-04-10 05:37:31,536 [57] DEBUG LTCPro.ServiceLayer.Log4net - ---Executed Successfully GetCompanyToBedFlagByFacId() in FacilityController----
2025-04-10 05:37:31,543 [60] DEBUG LTCPro.ServiceLayer.Log4net - ---Executed Successfully OrderEndingSoonStatus() in OrdersController----
2025-04-10 05:37:31,646 [57] DEBUG LTCPro.ServiceLayer.Log4net - ---Executing GetUserToken() in UserService----
2025-04-10 05:37:31,659 [63] DEBUG LTCPro.ServiceLayer.Log4net - ---Executing GetUserToken() in UserService----
2025-04-10 05:37:31,661 [57] DEBUG LTCPro.ServiceLayer.Log4net - ---Executing GetNurseStationHierarchyDetailsbyNsId() in CompanyController----
2025-04-10 05:37:31,661 [57] DEBUG LTCPro.ServiceLayer.Log4net - ---Executing GetNurseStationHierarchyDetailsbyNsId() in CompanyService----
2025-04-10 05:37:31,662 [56] DEBUG LTCPro.ServiceLayer.Log4net - ---Executed Successfully GetPRNDetailsByfilter() in EMARController----
2025-04-10 05:37:31,663 [63] DEBUG LTCPro.ServiceLayer.Log4net - ---Executing OrderEndingSoonStatus() in OrdersController----
2025-04-10 05:37:31,664 [63] DEBUG LTCPro.ServiceLayer.Log4net - ---Executing OrderEndingSoonStatus() in OrdersService----
2025-04-10 05:37:31,673 [57] DEBUG LTCPro.ServiceLayer.Log4net - ---Executed Successfully GetNurseStationHierarchyDetailsbyNsId() in CompanyController----
2025-04-10 05:37:31,677 [61] DEBUG LTCPro.ServiceLayer.Log4net - ---Executing GetUserToken() in UserService----
2025-04-10 05:37:31,678 [63] DEBUG LTCPro.ServiceLayer.Log4net - ---Executed Successfully OrderEndingSoonStatus() in OrdersController----
2025-04-10 05:37:31,683 [61] DEBUG LTCPro.ServiceLayer.Log4net - ---Executing GetOrdersGridData() in OrdersController----
2025-04-10 05:37:31,683 [61] DEBUG LTCPro.ServiceLayer.Log4net - ---Executing GetOrdersGridData() in OrdersService----
2025-04-10 05:37:31,817 [69] DEBUG LTCPro.ServiceLayer.Log4net - ---Executing GetUserToken() in UserService----
2025-04-10 05:37:31,822 [69] DEBUG LTCPro.ServiceLayer.Log4net - ---Executing GetOrdersEndingSoon() in OrdersController----
2025-04-10 05:37:31,822 [69] DEBUG LTCPro.ServiceLayer.Log4net - ---Executing GetOrdersEndingSoon() in OrdersService----
2025-04-10 05:37:31,828 [59] DEBUG LTCPro.ServiceLayer.Log4net - ---Executed Successfully GetSeventyTwoHourDetailsByfilter() in EMARController----
2025-04-10 05:37:31,838 [69] DEBUG LTCPro.ServiceLayer.Log4net - ---Executed Successfully GetOrdersEndingSoon() in OrdersController----
2025-04-10 05:37:31,844 [61] DEBUG LTCPro.ServiceLayer.Log4net - ---Executed Successfully GetOrdersGridData() in OrdersController----
2025-04-10 05:37:32,077 [69] DEBUG LTCPro.ServiceLayer.Log4net - ---Executing GetUserToken() in UserService----
2025-04-10 05:37:32,080 [69] DEBUG LTCPro.ServiceLayer.Log4net - ---Executing GetPendingOrdersGridData() in OrdersController----
2025-04-10 05:37:32,081 [69] DEBUG LTCPro.ServiceLayer.Log4net - ---Executing GetPendingOrdersGridData() in OrdersService----
2025-04-10 05:37:32,209 [69] DEBUG LTCPro.ServiceLayer.Log4net - ---Executed Successfully GetPendingOrdersGridData() in OrdersController----
2025-04-10 05:37:34,086 [69] DEBUG LTCPro.ServiceLayer.Log4net - ---Executing GetUserToken() in UserService----
2025-04-10 05:37:34,090 [69] DEBUG LTCPro.ServiceLayer.Log4net - ---Executing InsertUserActivityDetails() in CompanyController----
2025-04-10 05:37:34,090 [69] DEBUG LTCPro.ServiceLayer.Log4net - ---Executing InsertUserActivityDetails() in UserActivityService----
2025-04-10 05:37:34,095 [69] DEBUG LTCPro.ServiceLayer.Log4net - ---Executed Successfully InsertUserActivityDetails() in CompanyController----
2025-04-10 05:37:34,148 [69] DEBUG LTCPro.ServiceLayer.Log4net - ---Executing GetUserToken() in UserService----
2025-04-10 05:37:34,197 [69] DEBUG LTCPro.ServiceLayer.Log4net - ---Executing GetUserRecentFacNs() in UserController----
2025-04-10 05:37:34,198 [69] DEBUG LTCPro.ServiceLayer.Log4net - ---Executing GetUserRecentFacNs() in UserService----
2025-04-10 05:37:34,207 [69] DEBUG LTCPro.ServiceLayer.Log4net - ---Executed Successfully GetUserRecentFacNs() in UserController----
2025-04-10 05:37:34,233 [69] DEBUG LTCPro.ServiceLayer.Log4net - ---Executing GetUserToken() in UserService----
2025-04-10 05:37:34,237 [69] DEBUG LTCPro.ServiceLayer.Log4net - ---Executing GetUserAccessFacilityNurseStaions() in FacilityController----
2025-04-10 05:37:34,237 [69] DEBUG LTCPro.ServiceLayer.Log4net - ---Executing GetUserAccessFacilityNurseStaions() in FacilityService----
2025-04-10 05:37:34,248 [69] DEBUG LTCPro.ServiceLayer.Log4net - ---Executed Successfully GetUserAccessFacilityNurseStaions() in FacilityController----
2025-04-10 05:37:34,279 [57] DEBUG LTCPro.ServiceLayer.Log4net - ---Executing GetUserToken() in UserService----
2025-04-10 05:37:34,280 [60] DEBUG LTCPro.ServiceLayer.Log4net - ---Executing GetUserToken() in UserService----
2025-04-10 05:37:34,283 [57] DEBUG LTCPro.ServiceLayer.Log4net - ---Executing UserNurseStationDrop() in FacilityController----
2025-04-10 05:37:34,283 [57] DEBUG LTCPro.ServiceLayer.Log4net - ---Executing UserNurseStationDrop() in FacilityService----
2025-04-10 05:37:34,286 [60] DEBUG LTCPro.ServiceLayer.Log4net - ---Executing UserNurseStationDrop() in FacilityController----
2025-04-10 05:37:34,286 [60] DEBUG LTCPro.ServiceLayer.Log4net - ---Executing UserNurseStationDrop() in FacilityService----
2025-04-10 05:37:34,286 [61] DEBUG LTCPro.ServiceLayer.Log4net - ---Executing GetUserToken() in UserService----
2025-04-10 05:37:34,292 [57] DEBUG LTCPro.ServiceLayer.Log4net - ---Executed Successfully UserNurseStationDrop() in FacilityController----
2025-04-10 05:37:34,292 [61] DEBUG LTCPro.ServiceLayer.Log4net - ---Executing UnionBarcodeDetails() in CheckInPharmacyMedsController----
2025-04-10 05:37:34,292 [61] DEBUG LTCPro.ServiceLayer.Log4net - ---Executing UnionBarcodeDetails() in CheckInPharmacyMedsService----
2025-04-10 05:37:34,293 [60] DEBUG LTCPro.ServiceLayer.Log4net - ---Executed Successfully UserNurseStationDrop() in FacilityController----
2025-04-10 05:37:34,311 [61] DEBUG LTCPro.ServiceLayer.Log4net - ---Executed Successfully UnionBarcodeDetails() in CheckInPharmacyMedsController----
2025-04-10 05:37:34,326 [60] DEBUG LTCPro.ServiceLayer.Log4net - ---Executing GetUserToken() in UserService----
2025-04-10 05:37:34,329 [59] DEBUG LTCPro.ServiceLayer.Log4net - ---Executing GetUserToken() in UserService----
2025-04-10 05:37:34,330 [60] DEBUG LTCPro.ServiceLayer.Log4net - ---Executing GetEkitGridDetails() in CheckInPharmacyMedsController----
2025-04-10 05:37:34,330 [60] DEBUG LTCPro.ServiceLayer.Log4net - ---Executing GetEkitGridDetails() in CheckInPharmacyMedsService----
2025-04-10 05:37:34,336 [59] DEBUG LTCPro.ServiceLayer.Log4net - ---Executing GetEkitGridDetails() in CheckInPharmacyMedsController----
2025-04-10 05:37:34,336 [59] DEBUG LTCPro.ServiceLayer.Log4net - ---Executing GetEkitGridDetails() in CheckInPharmacyMedsService----
2025-04-10 05:37:34,337 [60] DEBUG LTCPro.ServiceLayer.Log4net - ---Executed Successfully GetEkitGridDetails() in CheckInPharmacyMedsController----
2025-04-10 05:37:34,342 [59] DEBUG LTCPro.ServiceLayer.Log4net - ---Executed Successfully GetEkitGridDetails() in CheckInPharmacyMedsController----
2025-04-10 05:37:36,586 [63] DEBUG LTCPro.ServiceLayer.Log4net - ---Executing GetUserToken() in UserService----
2025-04-10 05:37:36,590 [63] DEBUG LTCPro.ServiceLayer.Log4net - ---Executing GetEkitLotDetails() in CheckInPharmacyMedsController----
2025-04-10 05:37:36,591 [63] DEBUG LTCPro.ServiceLayer.Log4net - ---Executing GetEkitLotDetails() in CheckInPharmacyMedsService----
2025-04-10 05:37:36,594 [63] DEBUG LTCPro.ServiceLayer.Log4net - ---Executed Successfully GetEkitLotDetails() in CheckInPharmacyMedsController----
2025-04-10 05:37:39,631 [69] DEBUG LTCPro.ServiceLayer.Log4net - ---Executing GetUserToken() in UserService----
2025-04-10 05:37:39,635 [69] DEBUG LTCPro.ServiceLayer.Log4net - ---Executing GetEkitGridDetails() in CheckInPharmacyMedsController----
2025-04-10 05:37:39,635 [69] DEBUG LTCPro.ServiceLayer.Log4net - ---Executing GetEkitGridDetails() in CheckInPharmacyMedsService----
2025-04-10 05:37:39,642 [69] DEBUG LTCPro.ServiceLayer.Log4net - ---Executed Successfully GetEkitGridDetails() in CheckInPharmacyMedsController----
2025-04-10 05:37:42,112 [59] DEBUG LTCPro.ServiceLayer.Log4net - ---Executing GetUserToken() in UserService----
2025-04-10 05:37:42,116 [59] DEBUG LTCPro.ServiceLayer.Log4net - ---Executing GetExpiredEkitMedDestruction() in CheckInPharmacyMedsController----
2025-04-10 05:37:42,116 [59] DEBUG LTCPro.ServiceLayer.Log4net - ---Executing GetExpiredEkitMedDestruction() in CheckInPharmacyMedsService----
2025-04-10 05:37:42,122 [59] DEBUG LTCPro.ServiceLayer.Log4net - ---Executed Successfully GetExpiredEkitMedDestruction() in CheckInPharmacyMedsController----
2025-04-10 05:37:44,048 [57] DEBUG LTCPro.ServiceLayer.Log4net - ---Executing GetUserToken() in UserService----
2025-04-10 05:37:44,052 [57] DEBUG LTCPro.ServiceLayer.Log4net - ---Executing GetEkitGridDetails() in CheckInPharmacyMedsController----
2025-04-10 05:37:44,052 [57] DEBUG LTCPro.ServiceLayer.Log4net - ---Executing GetEkitGridDetails() in CheckInPharmacyMedsService----
2025-04-10 05:37:44,058 [57] DEBUG LTCPro.ServiceLayer.Log4net - ---Executed Successfully GetEkitGridDetails() in CheckInPharmacyMedsController----
2025-04-10 05:37:45,413 [69] DEBUG LTCPro.ServiceLayer.Log4net - ---Executing GetUserToken() in UserService----
2025-04-10 05:37:45,417 [69] DEBUG LTCPro.ServiceLayer.Log4net - ---Executing GetEkitLotDetails() in CheckInPharmacyMedsController----
2025-04-10 05:37:45,417 [69] DEBUG LTCPro.ServiceLayer.Log4net - ---Executing GetEkitLotDetails() in CheckInPharmacyMedsService----
2025-04-10 05:37:45,420 [69] DEBUG LTCPro.ServiceLayer.Log4net - ---Executed Successfully GetEkitLotDetails() in CheckInPharmacyMedsController----
2025-04-10 06:50:32,011 [21] DEBUG LTCPro.ServiceLayer.Log4net - ---Executing LogoutUser() in UserController----
2025-04-10 06:50:32,011 [21] DEBUG LTCPro.ServiceLayer.Log4net - ---Executing LogoutUser() in UserService----
2025-04-10 06:50:35,355 [21] ERROR LTCPro.ServiceLayer.Log4net - ===================================
2025-04-10 06:50:35,355 [21] ERROR LTCPro.ServiceLayer.Log4net -  Source : = mscorlib
2025-04-10 06:50:35,356 [21] ERROR LTCPro.ServiceLayer.Log4net -  Stack Trace : =    at System.Threading.Tasks.Task.ThrowIfExceptional(Boolean includeTaskCanceledExceptions)
   at System.Threading.Tasks.Task`1.GetResultCore(Boolean waitCompletionNotification)
   at System.Threading.Tasks.Task`1.get_Result()
   at WebApi.Controllers.UserController.LogoutUser(Int32 userId) in D:\old system Data 04042021\Angular5\OnlineEmarForEkit\Emar Service Latest 1\WebApi\Controllers\UserController.cs:line 79
   at lambda_method(Closure , Object , Object[] )
   at System.Web.Http.Controllers.ReflectedHttpActionDescriptor.ActionExecutor.<>c__DisplayClass6_1.<GetExecutor>b__3(Object instance, Object[] methodParameters)
   at System.Web.Http.Controllers.ReflectedHttpActionDescriptor.ActionExecutor.Execute(Object instance, Object[] arguments)
   at System.Web.Http.Controllers.ReflectedHttpActionDescriptor.ExecuteAsync(HttpControllerContext controllerContext, IDictionary`2 arguments, CancellationToken cancellationToken)
--- End of stack trace from previous location where exception was thrown ---
   at System.Runtime.CompilerServices.TaskAwaiter.ThrowForNonSuccess(Task task)
   at System.Runtime.CompilerServices.TaskAwaiter.HandleNonSuccessAndDebuggerNotification(Task task)
   at System.Web.Http.Controllers.ApiControllerActionInvoker.<InvokeActionAsyncCore>d__1.MoveNext()
--- End of stack trace from previous location where exception was thrown ---
   at System.Runtime.CompilerServices.TaskAwaiter.ThrowForNonSuccess(Task task)
   at System.Runtime.CompilerServices.TaskAwaiter.HandleNonSuccessAndDebuggerNotification(Task task)
   at System.Web.Http.Controllers.ActionFilterResult.<ExecuteAsync>d__5.MoveNext()
--- End of stack trace from previous location where exception was thrown ---
   at System.Runtime.CompilerServices.TaskAwaiter.ThrowForNonSuccess(Task task)
   at System.Runtime.CompilerServices.TaskAwaiter.HandleNonSuccessAndDebuggerNotification(Task task)
   at System.Web.Http.Filters.AuthorizationFilterAttribute.<ExecuteAuthorizationFilterAsyncCore>d__3.MoveNext()
--- End of stack trace from previous location where exception was thrown ---
   at System.Runtime.CompilerServices.TaskAwaiter.ThrowForNonSuccess(Task task)
   at System.Runtime.CompilerServices.TaskAwaiter.HandleNonSuccessAndDebuggerNotification(Task task)
   at System.Web.Http.Controllers.ExceptionFilterResult.<ExecuteAsync>d__6.MoveNext()
2025-04-10 06:50:35,356 [21] ERROR LTCPro.ServiceLayer.Log4net -  Exception Message : = One or more errors occurred.
2025-04-10 06:50:35,356 [21] ERROR LTCPro.ServiceLayer.Log4net - ============= Inner Exception  Stack Trace  ===========
2025-04-10 06:50:35,356 [21] ERROR LTCPro.ServiceLayer.Log4net -  Inner Exception  Stack Trace : =    at System.Threading.Tasks.Task.ThrowIfExceptional(Boolean includeTaskCanceledExceptions)
   at System.Threading.Tasks.Task`1.GetResultCore(Boolean waitCompletionNotification)
   at System.Threading.Tasks.Task`1.get_Result()
   at WebApi.Controllers.UserController.LogoutUser(Int32 userId) in D:\old system Data 04042021\Angular5\OnlineEmarForEkit\Emar Service Latest 1\WebApi\Controllers\UserController.cs:line 79
   at lambda_method(Closure , Object , Object[] )
   at System.Web.Http.Controllers.ReflectedHttpActionDescriptor.ActionExecutor.<>c__DisplayClass6_1.<GetExecutor>b__3(Object instance, Object[] methodParameters)
   at System.Web.Http.Controllers.ReflectedHttpActionDescriptor.ActionExecutor.Execute(Object instance, Object[] arguments)
   at System.Web.Http.Controllers.ReflectedHttpActionDescriptor.ExecuteAsync(HttpControllerContext controllerContext, IDictionary`2 arguments, CancellationToken cancellationToken)
--- End of stack trace from previous location where exception was thrown ---
   at System.Runtime.CompilerServices.TaskAwaiter.ThrowForNonSuccess(Task task)
   at System.Runtime.CompilerServices.TaskAwaiter.HandleNonSuccessAndDebuggerNotification(Task task)
   at System.Web.Http.Controllers.ApiControllerActionInvoker.<InvokeActionAsyncCore>d__1.MoveNext()
--- End of stack trace from previous location where exception was thrown ---
   at System.Runtime.CompilerServices.TaskAwaiter.ThrowForNonSuccess(Task task)
   at System.Runtime.CompilerServices.TaskAwaiter.HandleNonSuccessAndDebuggerNotification(Task task)
   at System.Web.Http.Controllers.ActionFilterResult.<ExecuteAsync>d__5.MoveNext()
--- End of stack trace from previous location where exception was thrown ---
   at System.Runtime.CompilerServices.TaskAwaiter.ThrowForNonSuccess(Task task)
   at System.Runtime.CompilerServices.TaskAwaiter.HandleNonSuccessAndDebuggerNotification(Task task)
   at System.Web.Http.Filters.AuthorizationFilterAttribute.<ExecuteAuthorizationFilterAsyncCore>d__3.MoveNext()
--- End of stack trace from previous location where exception was thrown ---
   at System.Runtime.CompilerServices.TaskAwaiter.ThrowForNonSuccess(Task task)
   at System.Runtime.CompilerServices.TaskAwaiter.HandleNonSuccessAndDebuggerNotification(Task task)
   at System.Web.Http.Controllers.ExceptionFilterResult.<ExecuteAsync>d__6.MoveNext()
2025-04-10 06:50:35,356 [21] ERROR LTCPro.ServiceLayer.Log4net - =============  Exception  Stack Trace End  ===========
2025-04-10 06:50:35,356 [21] ERROR LTCPro.ServiceLayer.Log4net - ============= Inner Exception  Message  ===========
2025-04-10 06:50:35,356 [21] ERROR LTCPro.ServiceLayer.Log4net -  Inner Exception Message : = An error occurred while updating the entries. See the inner exception for details.
2025-04-10 06:50:35,356 [21] ERROR LTCPro.ServiceLayer.Log4net - ============= Inner Exception  Message End  ===========
2025-04-10 06:50:35,839 [21] DEBUG LTCPro.ServiceLayer.Log4net - ---Executing UsersConfigNurseStationDrop() in FacilityController----
2025-04-10 06:50:35,840 [21] DEBUG LTCPro.ServiceLayer.Log4net - ---Executing UsersConfigNurseStationDrop() in FacilityService----
2025-04-10 06:50:35,847 [21] DEBUG LTCPro.ServiceLayer.Log4net - ---Executed Successfully UsersConfigNurseStationDrop() in FacilityController----
2025-04-10 06:50:35,928 [22] DEBUG LTCPro.ServiceLayer.Log4net - ---Executing GetProcessKeyMasterList() in FacilityController----
2025-04-10 06:50:35,928 [22] DEBUG LTCPro.ServiceLayer.Log4net - ---Executing GetProcessKeyMasterList() in FacilityService----
2025-04-10 06:50:35,932 [22] DEBUG LTCPro.ServiceLayer.Log4net - ---Executed Successfully GetProcessKeyMasterList() in FacilityController----
