2026-06-05 10:29:01,418 [57] DEBUG LTCPro.ServiceLayer.Log4net - ---Executing UsersConfigNurseStationDrop() in FacilityController----
2026-06-05 10:29:02,010 [57] DEBUG LTCPro.ServiceLayer.Log4net - ---Executing UsersConfigNurseStationDrop() in FacilityService----
2026-06-05 10:32:25,574 [117] DEBUG LTCPro.ServiceLayer.Log4net - ---Executing UsersConfigNurseStationDrop() in FacilityController----
2026-06-05 10:32:25,574 [117] DEBUG LTCPro.ServiceLayer.Log4net - ---Executing UsersConfigNurseStationDrop() in FacilityService----
2026-06-05 10:37:07,777 [55] DEBUG LTCPro.ServiceLayer.Log4net - ---Executing UsersConfigNurseStationDrop() in FacilityController----
2026-06-05 10:37:07,777 [55] DEBUG LTCPro.ServiceLayer.Log4net - ---Executing UsersConfigNurseStationDrop() in FacilityService----
2026-06-05 10:42:42,582 [55] DEBUG LTCPro.ServiceLayer.Log4net - ---Executed Successfully UsersConfigNurseStationDrop() in FacilityController----
2026-06-05 10:42:44,505 [117] DEBUG LTCPro.ServiceLayer.Log4net - ---Executed Successfully UsersConfigNurseStationDrop() in FacilityController----
2026-06-05 10:42:45,377 [57] DEBUG LTCPro.ServiceLayer.Log4net - ---Executed Successfully UsersConfigNurseStationDrop() in FacilityController----
2026-06-05 10:44:08,637 [117] DEBUG LTCPro.ServiceLayer.Log4net - ---Executing UsersConfigNurseStationDrop() in FacilityController----
2026-06-05 10:44:08,637 [117] DEBUG LTCPro.ServiceLayer.Log4net - ---Executing UsersConfigNurseStationDrop() in FacilityService----
2026-06-05 10:44:09,082 [117] DEBUG LTCPro.ServiceLayer.Log4net - ---Executed Successfully UsersConfigNurseStationDrop() in FacilityController----
2026-06-05 10:44:09,578 [117] DEBUG LTCPro.ServiceLayer.Log4net - ---Executing GetProcessKeyMasterList() in FacilityController----
2026-06-05 10:44:09,578 [117] DEBUG LTCPro.ServiceLayer.Log4net - ---Executing GetProcessKeyMasterList() in FacilityService----
2026-06-05 10:44:10,030 [117] DEBUG LTCPro.ServiceLayer.Log4net - ---Executed Successfully GetProcessKeyMasterList() in FacilityController----
2026-06-05 10:44:14,865 [55] DEBUG LTCPro.ServiceLayer.Log4net - ---Executing CheckUser() in UserService----
2026-06-05 10:44:15,991 [55] DEBUG LTCPro.ServiceLayer.Log4net - ---Executing FindUser() in UserService----
2026-06-05 10:44:16,635 [55] DEBUG LTCPro.ServiceLayer.Log4net - ---Executing InsertUserSession() in UserService----
2026-06-05 10:44:18,048 [55] DEBUG LTCPro.ServiceLayer.Log4net - ---Executing InsertUserToken() in UserService----
2026-06-05 10:44:19,332 [117] DEBUG LTCPro.ServiceLayer.Log4net - ---Executing InsertUpdateUserRecentFacNs() in UserController----
2026-06-05 10:44:19,352 [117] DEBUG LTCPro.ServiceLayer.Log4net - ---Executing GetUserRecentFacNs() in UserService----
2026-06-05 10:44:19,489 [22] DEBUG LTCPro.ServiceLayer.Log4net - ---Executing GetScreenPermissionsForLoggedInUser() in RoleController----
2026-06-05 10:44:19,490 [22] DEBUG LTCPro.ServiceLayer.Log4net - ---Executing GetScreenPermissionsForLoggedInUser() in RoleService----
2026-06-05 10:44:19,901 [117] DEBUG LTCPro.ServiceLayer.Log4net - ---Executing InsertUpdateUserRecentFacNs() in CommonService----
2026-06-05 10:44:20,703 [22] DEBUG LTCPro.ServiceLayer.Log4net - ---Executed Successfully GetScreenPermissionsForLoggedInUser() in RoleController----
2026-06-05 10:44:21,979 [42] DEBUG LTCPro.ServiceLayer.Log4net - ---Executing GetUserToken() in UserService----
2026-06-05 10:44:21,979 [106] DEBUG LTCPro.ServiceLayer.Log4net - ---Executing GetUserToken() in UserService----
2026-06-05 10:44:21,979 [55] DEBUG LTCPro.ServiceLayer.Log4net - ---Executing GetUserToken() in UserService----
2026-06-05 10:44:21,979 [59] DEBUG LTCPro.ServiceLayer.Log4net - ---Executing GetUserToken() in UserService----
2026-06-05 10:44:21,991 [80] DEBUG LTCPro.ServiceLayer.Log4net - ---Executing GetUserToken() in UserService----
2026-06-05 10:44:22,143 [117] DEBUG LTCPro.ServiceLayer.Log4net - ---Executed Successfully InsertUpdateUserRecentFacNs() in UserController----
2026-06-05 10:44:22,171 [117] DEBUG LTCPro.ServiceLayer.Log4net - ---Executing GetUserToken() in UserService----
2026-06-05 10:44:22,194 [42] DEBUG LTCPro.ServiceLayer.Log4net - ---Executing GetDueMARAlertData() in EmarController----
2026-06-05 10:44:22,195 [42] DEBUG LTCPro.ServiceLayer.Log4net - ---Executing GetDueMARAlertData() in EmarService----
2026-06-05 10:44:22,595 [55] DEBUG LTCPro.ServiceLayer.Log4net - ---Executing GetOutboundErrorDetails() in CommonController----
2026-06-05 10:44:22,692 [55] DEBUG LTCPro.ServiceLayer.Log4net - ---Executing GetOutboundErrorDetails() in CommonService----
2026-06-05 10:44:22,693 [117] DEBUG LTCPro.ServiceLayer.Log4net - ---Executing GetUserPassedDueFlag() in UserController----
2026-06-05 10:44:22,693 [117] DEBUG LTCPro.ServiceLayer.Log4net - ---Executing GetUserPassedDueFlag() in UserService----
2026-06-05 10:44:22,789 [59] DEBUG LTCPro.ServiceLayer.Log4net - ---Executing GetAlertsDetails() in MailboxController----
2026-06-05 10:44:22,789 [59] DEBUG LTCPro.ServiceLayer.Log4net - ---Executing GetAlertsDetails() in MailboxService----
2026-06-05 10:44:22,996 [80] DEBUG LTCPro.ServiceLayer.Log4net - ---Executing InsertUserActivityDetails() in CompanyController----
2026-06-05 10:44:22,996 [80] DEBUG LTCPro.ServiceLayer.Log4net - ---Executing InsertUserActivityDetails() in UserActivityService----
2026-06-05 10:44:23,273 [106] DEBUG LTCPro.ServiceLayer.Log4net - ---Executing GetReadMailsCount() in MailboxController----
2026-06-05 10:44:23,273 [106] DEBUG LTCPro.ServiceLayer.Log4net - ---Executing GetReadMailsCount() in MailboxService----
2026-06-05 10:44:23,628 [59] DEBUG LTCPro.ServiceLayer.Log4net - ---Executed successfully GetAlertsDetails() in MailboxController----
2026-06-05 10:44:23,667 [59] DEBUG LTCPro.ServiceLayer.Log4net - ---Executing GetUserToken() in UserService----
2026-06-05 10:44:23,730 [55] DEBUG LTCPro.ServiceLayer.Log4net - ---Executed Successfully GetOutboundErrorDetails() in CommonController----
2026-06-05 10:44:23,990 [106] DEBUG LTCPro.ServiceLayer.Log4net - ---Executed successfully GetReadMailsCount() in MailboxController----
2026-06-05 10:44:24,058 [22] DEBUG LTCPro.ServiceLayer.Log4net - ---Executing GetUserToken() in UserService----
2026-06-05 10:44:24,069 [55] DEBUG LTCPro.ServiceLayer.Log4net - ---Executing GetUserToken() in UserService----
2026-06-05 10:44:24,139 [42] DEBUG LTCPro.ServiceLayer.Log4net - ---Executed Successfully GetDueMARAlertData() in EmarController----
2026-06-05 10:44:24,208 [59] DEBUG LTCPro.ServiceLayer.Log4net - ---Executing GetPendingDosesList() in CommonController----
2026-06-05 10:44:24,208 [59] DEBUG LTCPro.ServiceLayer.Log4net - ---Executing GetPendingDosesList() in CommonService----
2026-06-05 10:44:24,354 [55] DEBUG LTCPro.ServiceLayer.Log4net - ---Executing GetUserRecentFacNs() in UserController----
2026-06-05 10:44:24,354 [55] DEBUG LTCPro.ServiceLayer.Log4net - ---Executing GetUserRecentFacNs() in UserService----
2026-06-05 10:44:24,396 [80] DEBUG LTCPro.ServiceLayer.Log4net - ---Executed Successfully InsertUserActivityDetails() in CompanyController----
2026-06-05 10:44:24,425 [22] DEBUG LTCPro.ServiceLayer.Log4net - ---Executing GetUserActiveCompanyMasterList() in CompanyController----
2026-06-05 10:44:24,459 [22] DEBUG LTCPro.ServiceLayer.Log4net - ---Executing GetActiveCompanyMasterList() in CompanyService----
2026-06-05 10:44:24,459 [117] DEBUG LTCPro.ServiceLayer.Log4net - ---Executed Successfully GetUserPassedDueFlag() in UserController----
2026-06-05 10:44:24,824 [55] DEBUG LTCPro.ServiceLayer.Log4net - ---Executed Successfully GetUserRecentFacNs() in UserController----
2026-06-05 10:44:25,015 [106] DEBUG LTCPro.ServiceLayer.Log4net - ---Executing GetUserToken() in UserService----
2026-06-05 10:44:25,271 [106] DEBUG LTCPro.ServiceLayer.Log4net - ---Executing GetUserAccessFacilityNurseStaions() in FacilityController----
2026-06-05 10:44:25,271 [106] DEBUG LTCPro.ServiceLayer.Log4net - ---Executing GetUserAccessFacilityNurseStaions() in FacilityService----
2026-06-05 10:44:25,788 [106] DEBUG LTCPro.ServiceLayer.Log4net - ---Executed Successfully GetUserAccessFacilityNurseStaions() in FacilityController----
2026-06-05 10:44:26,768 [22] DEBUG LTCPro.ServiceLayer.Log4net - ---Executed Successfully GetUserActiveCompanyMasterList() in CompanyController----
2026-06-05 10:44:27,661 [59] DEBUG LTCPro.ServiceLayer.Log4net - ---Executed Successfully GetPendingDosesList() in CommonController----
2026-06-05 10:45:35,338 [117] DEBUG LTCPro.ServiceLayer.Log4net - ---Executing GetUserToken() in UserService----
2026-06-05 10:45:35,456 [22] DEBUG LTCPro.ServiceLayer.Log4net - ---Executing GetUserToken() in UserService----
2026-06-05 10:45:35,560 [117] DEBUG LTCPro.ServiceLayer.Log4net - ---Executing InsertUserActivityDetails() in CompanyController----
2026-06-05 10:45:35,560 [117] DEBUG LTCPro.ServiceLayer.Log4net - ---Executing InsertUserActivityDetails() in UserActivityService----
2026-06-05 10:45:35,678 [22] DEBUG LTCPro.ServiceLayer.Log4net - ---Executing GetUserRecentFacNs() in UserController----
2026-06-05 10:45:35,678 [22] DEBUG LTCPro.ServiceLayer.Log4net - ---Executing GetUserRecentFacNs() in UserService----
2026-06-05 10:45:35,984 [106] DEBUG LTCPro.ServiceLayer.Log4net - ---Executing GetUserToken() in UserService----
2026-06-05 10:45:36,162 [22] DEBUG LTCPro.ServiceLayer.Log4net - ---Executed Successfully GetUserRecentFacNs() in UserController----
2026-06-05 10:45:36,201 [99] DEBUG LTCPro.ServiceLayer.Log4net - ---Executing GetUserToken() in UserService----
2026-06-05 10:45:36,207 [117] DEBUG LTCPro.ServiceLayer.Log4net - ---Executed Successfully InsertUserActivityDetails() in CompanyController----
2026-06-05 10:45:36,208 [106] DEBUG LTCPro.ServiceLayer.Log4net - ---Executing OrderEndingSoonStatus() in OrdersController----
2026-06-05 10:45:36,225 [106] DEBUG LTCPro.ServiceLayer.Log4net - ---Executing OrderEndingSoonStatus() in OrdersService----
2026-06-05 10:45:36,417 [99] DEBUG LTCPro.ServiceLayer.Log4net - ---Executing GetUserAccessFacilityNurseStaions() in FacilityController----
2026-06-05 10:45:36,417 [99] DEBUG LTCPro.ServiceLayer.Log4net - ---Executing GetUserAccessFacilityNurseStaions() in FacilityService----
2026-06-05 10:45:36,650 [106] DEBUG LTCPro.ServiceLayer.Log4net - ---Executed Successfully OrderEndingSoonStatus() in OrdersController----
2026-06-05 10:45:36,864 [99] DEBUG LTCPro.ServiceLayer.Log4net - ---Executed Successfully GetUserAccessFacilityNurseStaions() in FacilityController----
2026-06-05 10:45:36,888 [59] DEBUG LTCPro.ServiceLayer.Log4net - ---Executing GetUserToken() in UserService----
2026-06-05 10:45:37,121 [59] DEBUG LTCPro.ServiceLayer.Log4net - ---Executing UserNurseStationDrop() in FacilityController----
2026-06-05 10:45:37,121 [59] DEBUG LTCPro.ServiceLayer.Log4net - ---Executing UserNurseStationDrop() in FacilityService----
2026-06-05 10:45:37,340 [59] DEBUG LTCPro.ServiceLayer.Log4net - ---Executed Successfully UserNurseStationDrop() in FacilityController----
2026-06-05 10:45:37,436 [89] DEBUG LTCPro.ServiceLayer.Log4net - ---Executing GetUserToken() in UserService----
2026-06-05 10:45:37,494 [117] DEBUG LTCPro.ServiceLayer.Log4net - ---Executing GetUserToken() in UserService----
2026-06-05 10:45:37,625 [59] DEBUG LTCPro.ServiceLayer.Log4net - ---Executing GetUserToken() in UserService----
2026-06-05 10:45:37,694 [89] DEBUG LTCPro.ServiceLayer.Log4net - ---Executing GetCompanyToBedFlagByFacId() in FacilityController----
2026-06-05 10:45:37,695 [89] DEBUG LTCPro.ServiceLayer.Log4net - ---Executing GetCompanyToBedFlagByFacId() in FacilityService----
2026-06-05 10:45:37,779 [117] DEBUG LTCPro.ServiceLayer.Log4net - ---Executing GetPRNDetailsByfilter() in EMARController----
2026-06-05 10:45:37,792 [117] DEBUG LTCPro.ServiceLayer.Log4net - ---Executing GetPRNDetailsByfilter() in EmarService----
2026-06-05 10:45:37,897 [59] DEBUG LTCPro.ServiceLayer.Log4net - ---Executing GetSeventyTwoHourDetailsByfilter() in EMARController----
2026-06-05 10:45:37,897 [59] DEBUG LTCPro.ServiceLayer.Log4net - ---Executing GetSeventyTwoHourDetailsByfilter() in EmarService----
2026-06-05 10:45:38,312 [99] DEBUG LTCPro.ServiceLayer.Log4net - ---Executing GetUserToken() in UserService----
2026-06-05 10:45:38,523 [106] DEBUG LTCPro.ServiceLayer.Log4net - ---Executing GetUserToken() in UserService----
2026-06-05 10:45:38,676 [80] DEBUG LTCPro.ServiceLayer.Log4net - ---Executing GetUserToken() in UserService----
2026-06-05 10:45:38,713 [99] DEBUG LTCPro.ServiceLayer.Log4net - ---Executing GetOrdersEndingSoon() in OrdersController----
2026-06-05 10:45:38,714 [99] DEBUG LTCPro.ServiceLayer.Log4net - ---Executing GetOrdersEndingSoon() in OrdersService----
2026-06-05 10:45:38,748 [106] DEBUG LTCPro.ServiceLayer.Log4net - ---Executing OrderEndingSoonStatus() in OrdersController----
2026-06-05 10:45:38,748 [106] DEBUG LTCPro.ServiceLayer.Log4net - ---Executing OrderEndingSoonStatus() in OrdersService----
2026-06-05 10:45:39,190 [106] DEBUG LTCPro.ServiceLayer.Log4net - ---Executed Successfully OrderEndingSoonStatus() in OrdersController----
2026-06-05 10:45:40,358 [89] DEBUG LTCPro.ServiceLayer.Log4net - ---Executed Successfully GetCompanyToBedFlagByFacId() in FacilityController----
2026-06-05 10:45:40,431 [59] DEBUG LTCPro.ServiceLayer.Log4net - ---Executed Successfully GetSeventyTwoHourDetailsByfilter() in EMARController----
2026-06-05 10:45:40,483 [117] DEBUG LTCPro.ServiceLayer.Log4net - ---Executed Successfully GetPRNDetailsByfilter() in EMARController----
2026-06-05 10:45:40,609 [55] DEBUG LTCPro.ServiceLayer.Log4net - ---Executing GetUserToken() in UserService----
2026-06-05 10:45:40,824 [55] DEBUG LTCPro.ServiceLayer.Log4net - ---Executing GetNurseStationHierarchyDetailsbyNsId() in CompanyController----
2026-06-05 10:45:40,824 [55] DEBUG LTCPro.ServiceLayer.Log4net - ---Executing GetNurseStationHierarchyDetailsbyNsId() in CompanyService----
2026-06-05 10:45:40,937 [80] DEBUG LTCPro.ServiceLayer.Log4net - ---Executing GetOrdersGridData() in OrdersController----
2026-06-05 10:45:40,937 [80] DEBUG LTCPro.ServiceLayer.Log4net - ---Executing GetOrdersGridData() in OrdersService----
2026-06-05 10:45:41,042 [55] DEBUG LTCPro.ServiceLayer.Log4net - ---Executed Successfully GetNurseStationHierarchyDetailsbyNsId() in CompanyController----
2026-06-05 10:45:41,169 [99] DEBUG LTCPro.ServiceLayer.Log4net - ---Executed Successfully GetOrdersEndingSoon() in OrdersController----
2026-06-05 10:45:42,132 [59] DEBUG LTCPro.ServiceLayer.Log4net - ---Executing GetUserToken() in UserService----
2026-06-05 10:45:42,399 [59] DEBUG LTCPro.ServiceLayer.Log4net - ---Executing GetOrdersEndingSoon() in OrdersController----
2026-06-05 10:45:42,399 [59] DEBUG LTCPro.ServiceLayer.Log4net - ---Executing GetOrdersEndingSoon() in OrdersService----
2026-06-05 10:45:42,854 [59] DEBUG LTCPro.ServiceLayer.Log4net - ---Executed Successfully GetOrdersEndingSoon() in OrdersController----
2026-06-05 10:45:43,583 [80] DEBUG LTCPro.ServiceLayer.Log4net - ---Executed Successfully GetOrdersGridData() in OrdersController----
2026-06-05 10:45:44,401 [59] DEBUG LTCPro.ServiceLayer.Log4net - ---Executing GetUserToken() in UserService----
2026-06-05 10:45:44,620 [59] DEBUG LTCPro.ServiceLayer.Log4net - ---Executing GetPendingOrdersGridData() in OrdersController----
2026-06-05 10:45:44,620 [59] DEBUG LTCPro.ServiceLayer.Log4net - ---Executing GetPendingOrdersGridData() in OrdersService----
2026-06-05 10:45:46,834 [117] DEBUG LTCPro.ServiceLayer.Log4net - ---Executing GetUserToken() in UserService----
2026-06-05 10:45:46,998 [59] DEBUG LTCPro.ServiceLayer.Log4net - ---Executed Successfully GetPendingOrdersGridData() in OrdersController----
2026-06-05 10:45:47,239 [117] DEBUG LTCPro.ServiceLayer.Log4net - ---Executing GetOrdersGridDataByPatientId() in OrdersController----
2026-06-05 10:45:47,323 [117] DEBUG LTCPro.ServiceLayer.Log4net - ---Executing GetOrdersGridDataByPatientId() in OrdersService----
2026-06-05 10:45:50,773 [55] DEBUG LTCPro.ServiceLayer.Log4net - ---Executing GetUserToken() in UserService----
2026-06-05 10:45:50,921 [117] DEBUG LTCPro.ServiceLayer.Log4net - ---Executed Successfully GetOrdersGridDataByPatientId() in OrdersController----
2026-06-05 10:45:50,989 [55] DEBUG LTCPro.ServiceLayer.Log4net - ---Executing GetOrdersGridDataByPatientId() in OrdersController----
2026-06-05 10:45:50,989 [55] DEBUG LTCPro.ServiceLayer.Log4net - ---Executing GetOrdersGridDataByPatientId() in OrdersService----
2026-06-05 10:45:51,670 [55] DEBUG LTCPro.ServiceLayer.Log4net - ---Executed Successfully GetOrdersGridDataByPatientId() in OrdersController----
2026-06-05 10:45:56,731 [117] DEBUG LTCPro.ServiceLayer.Log4net - ---Executing GetUserToken() in UserService----
2026-06-05 10:45:56,965 [117] DEBUG LTCPro.ServiceLayer.Log4net - ---Executing GetFacilityNSResidentsDataByPId() in ResidentDemographicController----
2026-06-05 10:45:56,998 [117] DEBUG LTCPro.ServiceLayer.Log4net - ---Executing GetFacilityNSResidentsDataByPId() in ResidentDemographicService----
2026-06-05 10:45:59,326 [117] DEBUG LTCPro.ServiceLayer.Log4net - ---Executed Successfully GetFacilityNSResidentsDataByPId() in ResidentDemographicController----
2026-06-05 10:45:59,776 [106] DEBUG LTCPro.ServiceLayer.Log4net - ---Executing GetUserToken() in UserService----
2026-06-05 10:45:59,815 [22] DEBUG LTCPro.ServiceLayer.Log4net - ---Executing GetUserToken() in UserService----
2026-06-05 10:45:59,874 [117] DEBUG LTCPro.ServiceLayer.Log4net - ---Executing GetUserToken() in UserService----
2026-06-05 10:46:00,082 [55] DEBUG LTCPro.ServiceLayer.Log4net - ---Executing GetUserToken() in UserService----
2026-06-05 10:46:00,096 [89] DEBUG LTCPro.ServiceLayer.Log4net - ---Executing GetUserToken() in UserService----
2026-06-05 10:46:00,127 [117] DEBUG LTCPro.ServiceLayer.Log4net - ---Executing GetDrFirstFlagForCompanyByNSId() in CompanyController----
2026-06-05 10:46:00,162 [22] DEBUG LTCPro.ServiceLayer.Log4net - ---Executing GetResidentInformation() in ResidentDemographicController----
2026-06-05 10:46:00,163 [22] DEBUG LTCPro.ServiceLayer.Log4net - ---Executing GetResidentInformation() in ResidentDemographicService----
2026-06-05 10:46:00,171 [106] DEBUG LTCPro.ServiceLayer.Log4net - ---Executing GetAllBarcodes() in StockEkitController----
2026-06-05 10:46:00,179 [117] DEBUG LTCPro.ServiceLayer.Log4net - ---Executing GetDrFirstFlagForCompanyByNSId() in CompanyService----
2026-06-05 10:46:00,180 [106] DEBUG LTCPro.ServiceLayer.Log4net - ---Executing GetAllBarcodes() in StockEkitService----
2026-06-05 10:46:00,302 [55] DEBUG LTCPro.ServiceLayer.Log4net - ---Executing GetPhysicianDropData() in OrdersController----
2026-06-05 10:46:00,359 [89] DEBUG LTCPro.ServiceLayer.Log4net - ---Executing GetOrderRoutes() in OrdersController----
2026-06-05 10:46:00,403 [55] DEBUG LTCPro.ServiceLayer.Log4net - ---Executing GetPhysicianDropData() in OrdersService----
2026-06-05 10:46:00,404 [89] DEBUG LTCPro.ServiceLayer.Log4net - ---Executing GetOrderRoutes() in OrdersService----
2026-06-05 10:46:00,692 [89] DEBUG LTCPro.ServiceLayer.Log4net - ---Executed Successfully GetOrderRoutes() in OrdersController----
2026-06-05 10:46:00,772 [117] DEBUG LTCPro.ServiceLayer.Log4net - ---Executed Successfully GetDrFirstFlagForCompanyByNSId() in CompanyController----
2026-06-05 10:46:01,241 [49] DEBUG LTCPro.ServiceLayer.Log4net - ---Executing GetUserToken() in UserService----
2026-06-05 10:46:01,412 [55] DEBUG LTCPro.ServiceLayer.Log4net - ---Executed Successfully GetPhysicianDropData() in OrdersController----
2026-06-05 10:46:01,494 [49] DEBUG LTCPro.ServiceLayer.Log4net - ---Executing GetTimeZoneDate() in CommonController----
2026-06-05 10:46:01,530 [106] DEBUG LTCPro.ServiceLayer.Log4net - ---Executed Successfully GetAllBarcodes() in StockEkitController----
2026-06-05 10:46:01,544 [49] DEBUG LTCPro.ServiceLayer.Log4net - ---Executing GetTimeZoneDate() in CommonService----
2026-06-05 10:46:01,853 [49] DEBUG LTCPro.ServiceLayer.Log4net - ---Executed Successfully GetTimeZoneDate() in CommonController----
2026-06-05 10:46:05,143 [22] DEBUG LTCPro.ServiceLayer.Log4net - ---Executed Successfully GetResidentInformation() in ResidentDemographicController----
2026-06-05 10:46:05,328 [59] DEBUG LTCPro.ServiceLayer.Log4net - ---Executing GetUserToken() in UserService----
2026-06-05 10:46:05,364 [89] DEBUG LTCPro.ServiceLayer.Log4net - ---Executing GetUserToken() in UserService----
2026-06-05 10:46:05,380 [99] DEBUG LTCPro.ServiceLayer.Log4net - ---Executing GetUserToken() in UserService----
2026-06-05 10:46:05,383 [22] DEBUG LTCPro.ServiceLayer.Log4net - ---Executing GetUserToken() in UserService----
2026-06-05 10:46:05,565 [59] DEBUG LTCPro.ServiceLayer.Log4net - ---Executing GetWeightList(Patient_Id) in AssessmentController----
2026-06-05 10:46:05,572 [59] DEBUG LTCPro.ServiceLayer.Log4net - ---Executing GetWeightList() in AssessmentService----
2026-06-05 10:46:05,583 [89] DEBUG LTCPro.ServiceLayer.Log4net - ---Executing GetPatientType() in ResidentDemographicController----
2026-06-05 10:46:05,584 [89] DEBUG LTCPro.ServiceLayer.Log4net - ---Executing GetPatientType() in EmarService----
2026-06-05 10:46:05,621 [22] DEBUG LTCPro.ServiceLayer.Log4net - ---Executing GetAllBarcodes() in StockEkitController----
2026-06-05 10:46:05,621 [22] DEBUG LTCPro.ServiceLayer.Log4net - ---Executing GetAllBarcodes() in StockEkitService----
2026-06-05 10:46:05,626 [99] DEBUG LTCPro.ServiceLayer.Log4net - ---Executing GetDrFirstOrderCheck() in DrFirstIntegrationController----
2026-06-05 10:46:05,626 [99] DEBUG LTCPro.ServiceLayer.Log4net - ---Executing GetDrFirstOrderCheck() in DrFirstIntegrationService----
2026-06-05 10:46:05,889 [89] DEBUG LTCPro.ServiceLayer.Log4net - ---Executed Successfully GetPatientType() in ResidentDemographicController----
2026-06-05 10:46:05,902 [49] DEBUG LTCPro.ServiceLayer.Log4net - ---Executing GetUserToken() in UserService----
2026-06-05 10:46:05,924 [80] DEBUG LTCPro.ServiceLayer.Log4net - ---Executing GetUserToken() in UserService----
2026-06-05 10:46:06,168 [49] DEBUG LTCPro.ServiceLayer.Log4net - ---Executing GetOrderGridData() in OrdersController----
2026-06-05 10:46:06,169 [49] DEBUG LTCPro.ServiceLayer.Log4net - ---Executing GetOrderGridData() in OrdersService----
2026-06-05 10:46:06,172 [80] DEBUG LTCPro.ServiceLayer.Log4net - ---Executing GetDiagnosisDetails() in OrdersController----
2026-06-05 10:46:06,173 [80] DEBUG LTCPro.ServiceLayer.Log4net - ---Executing GetDiagnosisDetails() in OrdersService----
2026-06-05 10:46:06,221 [117] DEBUG LTCPro.ServiceLayer.Log4net - ---Executing GetUserToken() in UserService----
2026-06-05 10:46:06,445 [117] DEBUG LTCPro.ServiceLayer.Log4net - ---Executing GetOrderGridData() in OrdersController----
2026-06-05 10:46:06,445 [117] DEBUG LTCPro.ServiceLayer.Log4net - ---Executing GetOrderGridData() in OrdersService----
2026-06-05 10:46:06,605 [99] DEBUG LTCPro.ServiceLayer.Log4net - ---Executed Successfully GetDrFirstOrderCheck() in DrFirstIntegrationController----
2026-06-05 10:46:06,868 [22] DEBUG LTCPro.ServiceLayer.Log4net - ---Executed Successfully GetAllBarcodes() in StockEkitController----
2026-06-05 10:46:07,161 [80] DEBUG LTCPro.ServiceLayer.Log4net - ---Executed Successfully GetDiagnosisDetails() in OrdersController----
2026-06-05 10:46:07,163 [49] DEBUG LTCPro.ServiceLayer.Log4net - ---Executed Successfully GetOrderGridData() in OrdersController----
2026-06-05 10:46:07,387 [59] DEBUG LTCPro.ServiceLayer.Log4net - ---Executed Successfully GetWeightList(Patient_Id) in AssessmentController----
2026-06-05 10:46:07,916 [117] DEBUG LTCPro.ServiceLayer.Log4net - ---Executed Successfully GetOrderGridData() in OrdersController----
2026-06-05 10:46:08,198 [106] DEBUG LTCPro.ServiceLayer.Log4net - ---Executing GetUserToken() in UserService----
2026-06-05 10:46:08,308 [22] DEBUG LTCPro.ServiceLayer.Log4net - ---Executing GetUserToken() in UserService----
2026-06-05 10:46:08,356 [49] DEBUG LTCPro.ServiceLayer.Log4net - ---Executing GetUserToken() in UserService----
2026-06-05 10:46:08,378 [59] DEBUG LTCPro.ServiceLayer.Log4net - ---Executing GetUserToken() in UserService----
2026-06-05 10:46:08,414 [106] DEBUG LTCPro.ServiceLayer.Log4net - ---Executing GetOrderStockDetails() in OrdersController----
2026-06-05 10:46:08,415 [106] DEBUG LTCPro.ServiceLayer.Log4net - ---Executing GetOrderStockDetails() in OrdersService----
2026-06-05 10:46:08,479 [70] DEBUG LTCPro.ServiceLayer.Log4net - ---Executing GetUserToken() in UserService----
2026-06-05 10:46:08,533 [22] DEBUG LTCPro.ServiceLayer.Log4net - ---Executing GetOrderGridData() in OrdersController----
2026-06-05 10:46:08,533 [22] DEBUG LTCPro.ServiceLayer.Log4net - ---Executing GetOrderGridData() in OrdersService----
2026-06-05 10:46:08,574 [49] DEBUG LTCPro.ServiceLayer.Log4net - ---Executing GetOrdersData() in OrdersController----
2026-06-05 10:46:08,574 [49] DEBUG LTCPro.ServiceLayer.Log4net - ---Executing GetOrdersData() in OrdersService----
2026-06-05 10:46:08,594 [59] DEBUG LTCPro.ServiceLayer.Log4net - ---Executing GetFavouritesMasterData() in OrdersController----
2026-06-05 10:46:08,595 [59] DEBUG LTCPro.ServiceLayer.Log4net - ---Executing GetFavouritesMasterData() in OrdersService----
2026-06-05 10:46:08,727 [70] DEBUG LTCPro.ServiceLayer.Log4net - ---Executing GetPhysicianDropData() in OrdersController----
2026-06-05 10:46:08,728 [70] DEBUG LTCPro.ServiceLayer.Log4net - ---Executing GetPhysicianDropData() in OrdersService----
2026-06-05 10:46:08,736 [106] DEBUG LTCPro.ServiceLayer.Log4net - ---Executed Successfully GetOrderStockDetails() in OrdersController----
2026-06-05 10:46:08,847 [49] DEBUG LTCPro.ServiceLayer.Log4net - ---Executed Successfully GetOrdersData() in OrdersController----
2026-06-05 10:46:08,868 [22] DEBUG LTCPro.ServiceLayer.Log4net - ---Executed Successfully GetOrderGridData() in OrdersController----
2026-06-05 10:46:09,116 [89] DEBUG LTCPro.ServiceLayer.Log4net - ---Executing GetUserToken() in UserService----
2026-06-05 10:46:09,185 [70] DEBUG LTCPro.ServiceLayer.Log4net - ---Executed Successfully GetPhysicianDropData() in OrdersController----
2026-06-05 10:46:09,341 [89] DEBUG LTCPro.ServiceLayer.Log4net - ---Executing GetPhysicianDropData() in OrdersController----
2026-06-05 10:46:09,341 [89] DEBUG LTCPro.ServiceLayer.Log4net - ---Executing GetPhysicianDropData() in OrdersService----
2026-06-05 10:46:09,796 [89] DEBUG LTCPro.ServiceLayer.Log4net - ---Executed Successfully GetPhysicianDropData() in OrdersController----
2026-06-05 10:46:09,937 [59] DEBUG LTCPro.ServiceLayer.Log4net - ---Executed Successfully GetFavouritesMasterData() in OrdersController----
2026-06-05 10:46:16,428 [55] DEBUG LTCPro.ServiceLayer.Log4net - ---Executing GetUserToken() in UserService----
2026-06-05 10:46:16,766 [55] DEBUG LTCPro.ServiceLayer.Log4net - ---Executing UpdateOrdersDatabyOrderId() in OrdersController----
2026-06-05 10:46:16,933 [55] DEBUG LTCPro.ServiceLayer.Log4net - ---Executing UpdateOrdersDatabyOrderId() in OrdersController Data----{"POrderId":100490,"PQuantityId":101881,"PhysicianId":2596,"DrugName":"Adainzde 0.3-2.5-1 % (Gel)","Quantity":"2","Directions":"TAKE 1 TABLET(S) BY MOUTH AS NEEDED","StartDate":"\/Date(1724907600000)\/","EndDate":null,"NumberofRefills":"0","MaxPerdays":5,"Alerttext":"","InsulinComments":"","OrderstockFlag":true,"PRNFlag":true,"TreatmentFlag":false,"SelfAdministeredFlag":false,"controlSubstance":0,"Route":34,"Inhand":"0.00","Createdby":74,"Barcode":"test123445","DAdminId":89909,"orderTypeID":1,"OrderUpdatedOn":"\/Date(1780674376161)\/","PatientId":3652,"RequestedGiveCode":"90059903024020","ScheduleText":"PRN - As Needed"}
2026-06-05 10:46:16,937 [55] DEBUG LTCPro.ServiceLayer.Log4net - ---Executing UpdateOrdersDatabyOrderId() in OrdersService----
2026-06-05 10:46:16,937 [55] DEBUG LTCPro.ServiceLayer.Log4net - ---Executing UpdateOrdersDatabyOrderId() in OrdersService---- OrderID, UserID 100490,74
2026-06-05 10:46:19,683 [55] DEBUG LTCPro.ServiceLayer.Log4net - ---Executed Successfully UpdateOrdersDatabyOrderId() in OrdersController----
2026-06-05 10:46:19,816 [117] DEBUG LTCPro.ServiceLayer.Log4net - ---Executing GetUserToken() in UserService----
2026-06-05 10:46:20,198 [117] DEBUG LTCPro.ServiceLayer.Log4net - ---Executing GetAllBarcodes() in StockEkitController----
2026-06-05 10:46:20,198 [117] DEBUG LTCPro.ServiceLayer.Log4net - ---Executing GetAllBarcodes() in StockEkitService----
2026-06-05 10:46:20,293 [106] DEBUG LTCPro.ServiceLayer.Log4net - ---Executing GetUserToken() in UserService----
2026-06-05 10:46:20,329 [22] DEBUG LTCPro.ServiceLayer.Log4net - ---Executing GetUserToken() in UserService----
2026-06-05 10:46:20,509 [106] DEBUG LTCPro.ServiceLayer.Log4net - ---Executing GetOrderGridData() in OrdersController----
2026-06-05 10:46:20,509 [106] DEBUG LTCPro.ServiceLayer.Log4net - ---Executing GetOrderGridData() in OrdersService----
2026-06-05 10:46:20,544 [22] DEBUG LTCPro.ServiceLayer.Log4net - ---Executing GetOrderGridData() in OrdersController----
2026-06-05 10:46:20,544 [22] DEBUG LTCPro.ServiceLayer.Log4net - ---Executing GetOrderGridData() in OrdersService----
2026-06-05 10:46:20,848 [106] DEBUG LTCPro.ServiceLayer.Log4net - ---Executed Successfully GetOrderGridData() in OrdersController----
2026-06-05 10:46:20,932 [22] DEBUG LTCPro.ServiceLayer.Log4net - ---Executed Successfully GetOrderGridData() in OrdersController----
2026-06-05 10:46:21,163 [59] DEBUG LTCPro.ServiceLayer.Log4net - ---Executing GetUserToken() in UserService----
2026-06-05 10:46:21,176 [80] DEBUG LTCPro.ServiceLayer.Log4net - ---Executing GetUserToken() in UserService----
2026-06-05 10:46:21,179 [55] DEBUG LTCPro.ServiceLayer.Log4net - ---Executing GetUserToken() in UserService----
2026-06-05 10:46:21,241 [117] DEBUG LTCPro.ServiceLayer.Log4net - ---Executed Successfully GetAllBarcodes() in StockEkitController----
2026-06-05 10:46:21,396 [59] DEBUG LTCPro.ServiceLayer.Log4net - ---Executing GetFavouritesMasterData() in OrdersController----
2026-06-05 10:46:21,396 [59] DEBUG LTCPro.ServiceLayer.Log4net - ---Executing GetFavouritesMasterData() in OrdersService----
2026-06-05 10:46:21,404 [70] DEBUG LTCPro.ServiceLayer.Log4net - ---Executing GetUserToken() in UserService----
2026-06-05 10:46:21,412 [55] DEBUG LTCPro.ServiceLayer.Log4net - ---Executing GetOrderGridData() in OrdersController----
2026-06-05 10:46:21,412 [55] DEBUG LTCPro.ServiceLayer.Log4net - ---Executing GetOrderGridData() in OrdersService----
2026-06-05 10:46:21,413 [80] DEBUG LTCPro.ServiceLayer.Log4net - ---Executing GetOrderStockDetails() in OrdersController----
2026-06-05 10:46:21,413 [80] DEBUG LTCPro.ServiceLayer.Log4net - ---Executing GetOrderStockDetails() in OrdersService----
2026-06-05 10:46:21,462 [49] DEBUG LTCPro.ServiceLayer.Log4net - ---Executing GetUserToken() in UserService----
2026-06-05 10:46:21,612 [59] DEBUG LTCPro.ServiceLayer.Log4net - ---Executed Successfully GetFavouritesMasterData() in OrdersController----
2026-06-05 10:46:21,621 [70] DEBUG LTCPro.ServiceLayer.Log4net - ---Executing GetPhysicianDropData() in OrdersController----
2026-06-05 10:46:21,621 [70] DEBUG LTCPro.ServiceLayer.Log4net - ---Executing GetPhysicianDropData() in OrdersService----
2026-06-05 10:46:21,633 [80] DEBUG LTCPro.ServiceLayer.Log4net - ---Executed Successfully GetOrderStockDetails() in OrdersController----
2026-06-05 10:46:21,685 [49] DEBUG LTCPro.ServiceLayer.Log4net - ---Executing GetOrdersData() in OrdersController----
2026-06-05 10:46:21,685 [49] DEBUG LTCPro.ServiceLayer.Log4net - ---Executing GetOrdersData() in OrdersService----
2026-06-05 10:46:21,737 [55] DEBUG LTCPro.ServiceLayer.Log4net - ---Executed Successfully GetOrderGridData() in OrdersController----
2026-06-05 10:46:21,905 [49] DEBUG LTCPro.ServiceLayer.Log4net - ---Executed Successfully GetOrdersData() in OrdersController----
2026-06-05 10:46:22,076 [70] DEBUG LTCPro.ServiceLayer.Log4net - ---Executed Successfully GetPhysicianDropData() in OrdersController----
2026-06-05 10:46:22,142 [59] DEBUG LTCPro.ServiceLayer.Log4net - ---Executing GetUserToken() in UserService----
2026-06-05 10:46:22,357 [59] DEBUG LTCPro.ServiceLayer.Log4net - ---Executing GetPhysicianDropData() in OrdersController----
2026-06-05 10:46:22,357 [59] DEBUG LTCPro.ServiceLayer.Log4net - ---Executing GetPhysicianDropData() in OrdersService----
2026-06-05 10:46:22,812 [59] DEBUG LTCPro.ServiceLayer.Log4net - ---Executed Successfully GetPhysicianDropData() in OrdersController----
2026-06-05 10:46:39,112 [117] DEBUG LTCPro.ServiceLayer.Log4net - ---Executing LogoutUser() in UserController----
2026-06-05 10:46:39,112 [117] DEBUG LTCPro.ServiceLayer.Log4net - ---Executing LogoutUser() in UserService----
2026-06-05 10:46:41,632 [117] DEBUG LTCPro.ServiceLayer.Log4net - ---Executed Successfully LogoutUser() in UserController----
2026-06-05 10:46:55,595 [22] DEBUG LTCPro.ServiceLayer.Log4net - ---Executing UsersConfigNurseStationDrop() in FacilityController----
2026-06-05 10:46:55,595 [22] DEBUG LTCPro.ServiceLayer.Log4net - ---Executing UsersConfigNurseStationDrop() in FacilityService----
2026-06-05 10:46:55,812 [22] DEBUG LTCPro.ServiceLayer.Log4net - ---Executed Successfully UsersConfigNurseStationDrop() in FacilityController----
2026-06-05 10:47:11,379 [117] DEBUG LTCPro.ServiceLayer.Log4net - ---Executing UsersConfigNurseStationDrop() in FacilityController----
2026-06-05 10:47:11,379 [117] DEBUG LTCPro.ServiceLayer.Log4net - ---Executing UsersConfigNurseStationDrop() in FacilityService----
2026-06-05 10:47:11,595 [117] DEBUG LTCPro.ServiceLayer.Log4net - ---Executed Successfully UsersConfigNurseStationDrop() in FacilityController----
2026-06-05 10:47:16,212 [117] DEBUG LTCPro.ServiceLayer.Log4net - ---Executing UsersConfigNurseStationDrop() in FacilityController----
2026-06-05 10:47:16,212 [117] DEBUG LTCPro.ServiceLayer.Log4net - ---Executing UsersConfigNurseStationDrop() in FacilityService----
2026-06-05 10:47:16,427 [117] DEBUG LTCPro.ServiceLayer.Log4net - ---Executed Successfully UsersConfigNurseStationDrop() in FacilityController----
2026-06-05 10:47:21,651 [106] DEBUG LTCPro.ServiceLayer.Log4net - ---Executing UsersConfigNurseStationDrop() in FacilityController----
2026-06-05 10:47:21,651 [106] DEBUG LTCPro.ServiceLayer.Log4net - ---Executing UsersConfigNurseStationDrop() in FacilityService----
2026-06-05 10:47:22,093 [106] DEBUG LTCPro.ServiceLayer.Log4net - ---Executed Successfully UsersConfigNurseStationDrop() in FacilityController----
2026-06-05 10:47:22,204 [22] DEBUG LTCPro.ServiceLayer.Log4net - ---Executing GetProcessKeyMasterList() in FacilityController----
2026-06-05 10:47:22,205 [22] DEBUG LTCPro.ServiceLayer.Log4net - ---Executing GetProcessKeyMasterList() in FacilityService----
2026-06-05 10:47:22,420 [22] DEBUG LTCPro.ServiceLayer.Log4net - ---Executed Successfully GetProcessKeyMasterList() in FacilityController----
2026-06-05 10:47:23,751 [117] DEBUG LTCPro.ServiceLayer.Log4net - ---Executing GetProcessKeyMasterList() in FacilityController----
2026-06-05 10:47:23,751 [117] DEBUG LTCPro.ServiceLayer.Log4net - ---Executing GetProcessKeyMasterList() in FacilityService----
2026-06-05 10:47:23,968 [117] DEBUG LTCPro.ServiceLayer.Log4net - ---Executed Successfully GetProcessKeyMasterList() in FacilityController----
2026-06-05 10:47:25,569 [117] DEBUG LTCPro.ServiceLayer.Log4net - ---Executing CheckUser() in UserService----
2026-06-05 10:47:27,705 [117] DEBUG LTCPro.ServiceLayer.Log4net - ---Executing FindUser() in UserService----
2026-06-05 10:47:27,929 [117] DEBUG LTCPro.ServiceLayer.Log4net - ---Executing InsertUserSession() in UserService----
2026-06-05 10:47:28,586 [117] DEBUG LTCPro.ServiceLayer.Log4net - ---Executing InsertUserToken() in UserService----
2026-06-05 10:47:29,495 [22] DEBUG LTCPro.ServiceLayer.Log4net - ---Executing InsertUpdateUserRecentFacNs() in UserController----
2026-06-05 10:47:29,495 [22] DEBUG LTCPro.ServiceLayer.Log4net - ---Executing GetUserRecentFacNs() in UserService----
2026-06-05 10:47:29,546 [106] DEBUG LTCPro.ServiceLayer.Log4net - ---Executing GetScreenPermissionsForLoggedInUser() in RoleController----
2026-06-05 10:47:29,546 [106] DEBUG LTCPro.ServiceLayer.Log4net - ---Executing GetScreenPermissionsForLoggedInUser() in RoleService----
2026-06-05 10:47:29,763 [106] DEBUG LTCPro.ServiceLayer.Log4net - ---Executed Successfully GetScreenPermissionsForLoggedInUser() in RoleController----
2026-06-05 10:47:29,936 [99] DEBUG LTCPro.ServiceLayer.Log4net - ---Executing GetUserToken() in UserService----
2026-06-05 10:47:29,958 [80] DEBUG LTCPro.ServiceLayer.Log4net - ---Executing GetUserToken() in UserService----
2026-06-05 10:47:29,960 [42] DEBUG LTCPro.ServiceLayer.Log4net - ---Executing GetUserToken() in UserService----
2026-06-05 10:47:29,962 [22] DEBUG LTCPro.ServiceLayer.Log4net - ---Executing InsertUpdateUserRecentFacNs() in CommonService----
2026-06-05 10:47:29,962 [57] DEBUG LTCPro.ServiceLayer.Log4net - ---Executing GetUserToken() in UserService----
2026-06-05 10:47:29,962 [106] DEBUG LTCPro.ServiceLayer.Log4net - ---Executing GetUserToken() in UserService----
2026-06-05 10:47:30,154 [99] DEBUG LTCPro.ServiceLayer.Log4net - ---Executing GetDueMARAlertData() in EmarController----
2026-06-05 10:47:30,154 [99] DEBUG LTCPro.ServiceLayer.Log4net - ---Executing GetDueMARAlertData() in EmarService----
2026-06-05 10:47:30,176 [80] DEBUG LTCPro.ServiceLayer.Log4net - ---Executing GetReadMailsCount() in MailboxController----
2026-06-05 10:47:30,176 [80] DEBUG LTCPro.ServiceLayer.Log4net - ---Executing GetReadMailsCount() in MailboxService----
2026-06-05 10:47:30,185 [57] DEBUG LTCPro.ServiceLayer.Log4net - ---Executing GetAlertsDetails() in MailboxController----
2026-06-05 10:47:30,186 [57] DEBUG LTCPro.ServiceLayer.Log4net - ---Executing GetAlertsDetails() in MailboxService----
2026-06-05 10:47:30,186 [106] DEBUG LTCPro.ServiceLayer.Log4net - ---Executing GetUserPassedDueFlag() in UserController----
2026-06-05 10:47:30,186 [106] DEBUG LTCPro.ServiceLayer.Log4net - ---Executing GetUserPassedDueFlag() in UserService----
2026-06-05 10:47:30,187 [42] DEBUG LTCPro.ServiceLayer.Log4net - ---Executing GetOutboundErrorDetails() in CommonController----
2026-06-05 10:47:30,188 [42] DEBUG LTCPro.ServiceLayer.Log4net - ---Executing GetOutboundErrorDetails() in CommonService----
2026-06-05 10:47:30,427 [80] DEBUG LTCPro.ServiceLayer.Log4net - ---Executed successfully GetReadMailsCount() in MailboxController----
2026-06-05 10:47:30,429 [22] DEBUG LTCPro.ServiceLayer.Log4net - ---Executed Successfully InsertUpdateUserRecentFacNs() in UserController----
2026-06-05 10:47:30,429 [106] DEBUG LTCPro.ServiceLayer.Log4net - ---Executed Successfully GetUserPassedDueFlag() in UserController----
2026-06-05 10:47:30,506 [106] DEBUG LTCPro.ServiceLayer.Log4net - ---Executing GetUserToken() in UserService----
2026-06-05 10:47:30,572 [59] DEBUG LTCPro.ServiceLayer.Log4net - ---Executing GetUserToken() in UserService----
2026-06-05 10:47:30,573 [57] DEBUG LTCPro.ServiceLayer.Log4net - ---Executed successfully GetAlertsDetails() in MailboxController----
2026-06-05 10:47:30,646 [117] DEBUG LTCPro.ServiceLayer.Log4net - ---Executing GetUserToken() in UserService----
2026-06-05 10:47:30,677 [46] DEBUG LTCPro.ServiceLayer.Log4net - ---Executing GetUserToken() in UserService----
2026-06-05 10:47:30,724 [106] DEBUG LTCPro.ServiceLayer.Log4net - ---Executing InsertUserActivityDetails() in CompanyController----
2026-06-05 10:47:30,724 [106] DEBUG LTCPro.ServiceLayer.Log4net - ---Executing InsertUserActivityDetails() in UserActivityService----
2026-06-05 10:47:30,821 [99] DEBUG LTCPro.ServiceLayer.Log4net - ---Executed Successfully GetDueMARAlertData() in EmarController----
2026-06-05 10:47:30,908 [117] DEBUG LTCPro.ServiceLayer.Log4net - ---Executing GetUserRecentFacNs() in UserController----
2026-06-05 10:47:30,909 [117] DEBUG LTCPro.ServiceLayer.Log4net - ---Executing GetUserRecentFacNs() in UserService----
2026-06-05 10:47:30,909 [46] DEBUG LTCPro.ServiceLayer.Log4net - ---Executing GetUserRecentFacNs() in UserController----
2026-06-05 10:47:30,909 [46] DEBUG LTCPro.ServiceLayer.Log4net - ---Executing GetUserRecentFacNs() in UserService----
2026-06-05 10:47:31,044 [59] DEBUG LTCPro.ServiceLayer.Log4net - ---Executing GetPendingDosesList() in CommonController----
2026-06-05 10:47:31,045 [59] DEBUG LTCPro.ServiceLayer.Log4net - ---Executing GetPendingDosesList() in CommonService----
2026-06-05 10:47:31,119 [42] DEBUG LTCPro.ServiceLayer.Log4net - ---Executed Successfully GetOutboundErrorDetails() in CommonController----
2026-06-05 10:47:31,343 [46] DEBUG LTCPro.ServiceLayer.Log4net - ---Executed Successfully GetUserRecentFacNs() in UserController----
2026-06-05 10:47:31,345 [117] DEBUG LTCPro.ServiceLayer.Log4net - ---Executed Successfully GetUserRecentFacNs() in UserController----
2026-06-05 10:47:31,381 [106] DEBUG LTCPro.ServiceLayer.Log4net - ---Executed Successfully InsertUserActivityDetails() in CompanyController----
2026-06-05 10:47:31,404 [22] DEBUG LTCPro.ServiceLayer.Log4net - ---Executing GetUserToken() in UserService----
2026-06-05 10:47:31,413 [99] DEBUG LTCPro.ServiceLayer.Log4net - ---Executing GetUserToken() in UserService----
2026-06-05 10:47:31,623 [22] DEBUG LTCPro.ServiceLayer.Log4net - ---Executing GetUserAccessFacilityNurseStaions() in FacilityController----
2026-06-05 10:47:31,623 [22] DEBUG LTCPro.ServiceLayer.Log4net - ---Executing GetUserAccessFacilityNurseStaions() in FacilityService----
2026-06-05 10:47:31,627 [99] DEBUG LTCPro.ServiceLayer.Log4net - ---Executing GetUserAccessFacilityNurseStaions() in FacilityController----
2026-06-05 10:47:31,627 [99] DEBUG LTCPro.ServiceLayer.Log4net - ---Executing GetUserAccessFacilityNurseStaions() in FacilityService----
2026-06-05 10:47:32,066 [22] DEBUG LTCPro.ServiceLayer.Log4net - ---Executed Successfully GetUserAccessFacilityNurseStaions() in FacilityController----
2026-06-05 10:47:32,069 [99] DEBUG LTCPro.ServiceLayer.Log4net - ---Executed Successfully GetUserAccessFacilityNurseStaions() in FacilityController----
2026-06-05 10:47:32,105 [117] DEBUG LTCPro.ServiceLayer.Log4net - ---Executing GetUserToken() in UserService----
2026-06-05 10:47:32,278 [59] DEBUG LTCPro.ServiceLayer.Log4net - ---Executed Successfully GetPendingDosesList() in CommonController----
2026-06-05 10:47:32,328 [117] DEBUG LTCPro.ServiceLayer.Log4net - ---Executing UserNurseStationDrop() in FacilityController----
2026-06-05 10:47:32,328 [117] DEBUG LTCPro.ServiceLayer.Log4net - ---Executing UserNurseStationDrop() in FacilityService----
2026-06-05 10:47:32,545 [117] DEBUG LTCPro.ServiceLayer.Log4net - ---Executed Successfully UserNurseStationDrop() in FacilityController----
2026-06-05 10:47:32,590 [57] DEBUG LTCPro.ServiceLayer.Log4net - ---Executing GetUserToken() in UserService----
2026-06-05 10:47:32,806 [57] DEBUG LTCPro.ServiceLayer.Log4net - ---Executing GetCompanyToBedFlagByFacId() in FacilityController----
2026-06-05 10:47:32,806 [57] DEBUG LTCPro.ServiceLayer.Log4net - ---Executing GetCompanyToBedFlagByFacId() in FacilityService----
2026-06-05 10:47:32,899 [42] DEBUG LTCPro.ServiceLayer.Log4net - ---Executing GetUserToken() in UserService----
2026-06-05 10:47:33,114 [42] DEBUG LTCPro.ServiceLayer.Log4net - ---Executing GetOrdersGridData() in OrdersController----
2026-06-05 10:47:33,114 [42] DEBUG LTCPro.ServiceLayer.Log4net - ---Executing GetOrdersGridData() in OrdersService----
2026-06-05 10:47:34,125 [57] DEBUG LTCPro.ServiceLayer.Log4net - ---Executed Successfully GetCompanyToBedFlagByFacId() in FacilityController----
2026-06-05 10:47:34,200 [117] DEBUG LTCPro.ServiceLayer.Log4net - ---Executing GetUserToken() in UserService----
2026-06-05 10:47:34,419 [117] DEBUG LTCPro.ServiceLayer.Log4net - ---Executing GetNurseStationHierarchyDetailsbyNsId() in CompanyController----
2026-06-05 10:47:34,420 [117] DEBUG LTCPro.ServiceLayer.Log4net - ---Executing GetNurseStationHierarchyDetailsbyNsId() in CompanyService----
2026-06-05 10:47:34,660 [117] DEBUG LTCPro.ServiceLayer.Log4net - ---Executed Successfully GetNurseStationHierarchyDetailsbyNsId() in CompanyController----
2026-06-05 10:47:35,988 [42] DEBUG LTCPro.ServiceLayer.Log4net - ---Executed Successfully GetOrdersGridData() in OrdersController----
2026-06-05 10:47:41,217 [117] DEBUG LTCPro.ServiceLayer.Log4net - ---Executing GetUserToken() in UserService----
2026-06-05 10:47:41,435 [117] DEBUG LTCPro.ServiceLayer.Log4net - ---Executing GetOrdersGridDataByPatientId() in OrdersController----
2026-06-05 10:47:41,435 [117] DEBUG LTCPro.ServiceLayer.Log4net - ---Executing GetOrdersGridDataByPatientId() in OrdersService----
2026-06-05 10:47:42,074 [117] DEBUG LTCPro.ServiceLayer.Log4net - ---Executed Successfully GetOrdersGridDataByPatientId() in OrdersController----
2026-06-05 10:47:44,036 [117] DEBUG LTCPro.ServiceLayer.Log4net - ---Executing GetUserToken() in UserService----
2026-06-05 10:47:44,254 [117] DEBUG LTCPro.ServiceLayer.Log4net - ---Executing GetFacilityNSResidentsDataByPId() in ResidentDemographicController----
2026-06-05 10:47:44,255 [117] DEBUG LTCPro.ServiceLayer.Log4net - ---Executing GetFacilityNSResidentsDataByPId() in ResidentDemographicService----
2026-06-05 10:47:45,786 [117] DEBUG LTCPro.ServiceLayer.Log4net - ---Executed Successfully GetFacilityNSResidentsDataByPId() in ResidentDemographicController----
2026-06-05 10:47:45,958 [80] DEBUG LTCPro.ServiceLayer.Log4net - ---Executing GetUserToken() in UserService----
2026-06-05 10:47:46,283 [59] DEBUG LTCPro.ServiceLayer.Log4net - ---Executing GetUserToken() in UserService----
2026-06-05 10:47:46,284 [80] DEBUG LTCPro.ServiceLayer.Log4net - ---Executing GetAllBarcodes() in StockEkitController----
2026-06-05 10:47:46,284 [80] DEBUG LTCPro.ServiceLayer.Log4net - ---Executing GetAllBarcodes() in StockEkitService----
2026-06-05 10:47:46,288 [57] DEBUG LTCPro.ServiceLayer.Log4net - ---Executing GetUserToken() in UserService----
2026-06-05 10:47:46,290 [99] DEBUG LTCPro.ServiceLayer.Log4net - ---Executing GetUserToken() in UserService----
2026-06-05 10:47:46,316 [22] DEBUG LTCPro.ServiceLayer.Log4net - ---Executing GetUserToken() in UserService----
2026-06-05 10:47:46,365 [117] DEBUG LTCPro.ServiceLayer.Log4net - ---Executing GetUserToken() in UserService----
2026-06-05 10:47:46,506 [57] DEBUG LTCPro.ServiceLayer.Log4net - ---Executing GetPhysicianNPIByRoleRes() in OrdersController----
2026-06-05 10:47:46,506 [59] DEBUG LTCPro.ServiceLayer.Log4net - ---Executing GetQuantityDoseDrop() in OrdersController----
2026-06-05 10:47:46,506 [99] DEBUG LTCPro.ServiceLayer.Log4net - ---Executing GetUnitMeasurementsDrop() in OrdersController----
2026-06-05 10:47:46,507 [57] DEBUG LTCPro.ServiceLayer.Log4net - ---Executing GetPhysicianNPIByRoleRes() in OrdersService----
2026-06-05 10:47:46,507 [59] DEBUG LTCPro.ServiceLayer.Log4net - ---Executing GetQuantityDoseDrop() in OrdersService----
2026-06-05 10:47:46,507 [99] DEBUG LTCPro.ServiceLayer.Log4net - ---Executing GetUnitMeasurementsDrop() in OrdersService----
2026-06-05 10:47:46,581 [22] DEBUG LTCPro.ServiceLayer.Log4net - ---Executing GetCpoeSourceDrop() in OrdersController----
2026-06-05 10:47:46,581 [117] DEBUG LTCPro.ServiceLayer.Log4net - ---Executing GetDoseUomDrop() in OrdersController----
2026-06-05 10:47:46,582 [22] DEBUG LTCPro.ServiceLayer.Log4net - ---Executing GetCpoeSourceDrop() in OrdersService----
2026-06-05 10:47:46,582 [117] DEBUG LTCPro.ServiceLayer.Log4net - ---Executing GetDoseUom() in OrdersService----
2026-06-05 10:47:46,740 [99] DEBUG LTCPro.ServiceLayer.Log4net - ---Executed Successfully GetUnitMeasurementsDrop() in OrdersController----
2026-06-05 10:47:46,741 [59] DEBUG LTCPro.ServiceLayer.Log4net - ---Executed Successfully GetQuantityDoseDrop() in OrdersController----
2026-06-05 10:47:46,806 [117] DEBUG LTCPro.ServiceLayer.Log4net - ---Executed Successfully GetDoseUomDrop() in OrdersController----
2026-06-05 10:47:46,836 [59] DEBUG LTCPro.ServiceLayer.Log4net - ---Executing GetUserToken() in UserService----
2026-06-05 10:47:46,866 [117] DEBUG LTCPro.ServiceLayer.Log4net - ---Executing GetUserToken() in UserService----
2026-06-05 10:47:47,050 [59] DEBUG LTCPro.ServiceLayer.Log4net - ---Executing GetResidentInformation() in ResidentDemographicController----
2026-06-05 10:47:47,050 [59] DEBUG LTCPro.ServiceLayer.Log4net - ---Executing GetResidentInformation() in ResidentDemographicService----
2026-06-05 10:47:47,072 [106] DEBUG LTCPro.ServiceLayer.Log4net - ---Executing GetUserToken() in UserService----
2026-06-05 10:47:47,083 [117] DEBUG LTCPro.ServiceLayer.Log4net - ---Executing GetTimeZoneDate() in CommonController----
2026-06-05 10:47:47,084 [117] DEBUG LTCPro.ServiceLayer.Log4net - ---Executing GetTimeZoneDate() in CommonService----
2026-06-05 10:47:47,229 [57] DEBUG LTCPro.ServiceLayer.Log4net - ---Executed Successfully GetPhysicianNPIByRoleRes() in OrdersController----
2026-06-05 10:47:47,245 [22] DEBUG LTCPro.ServiceLayer.Log4net - ---Executed Successfully GetCpoeSourceDrop() in OrdersController----
2026-06-05 10:47:47,287 [106] DEBUG LTCPro.ServiceLayer.Log4net - ---Executing GetPhysicianDropData() in OrdersController----
2026-06-05 10:47:47,287 [106] DEBUG LTCPro.ServiceLayer.Log4net - ---Executing GetPhysicianDropData() in OrdersService----
2026-06-05 10:47:47,297 [80] DEBUG LTCPro.ServiceLayer.Log4net - ---Executed Successfully GetAllBarcodes() in StockEkitController----
2026-06-05 10:47:47,298 [117] DEBUG LTCPro.ServiceLayer.Log4net - ---Executed Successfully GetTimeZoneDate() in CommonController----
2026-06-05 10:47:47,462 [99] DEBUG LTCPro.ServiceLayer.Log4net - ---Executing GetUserToken() in UserService----
2026-06-05 10:47:47,682 [99] DEBUG LTCPro.ServiceLayer.Log4net - ---Executing GetOrderRoutes() in OrdersController----
2026-06-05 10:47:47,682 [99] DEBUG LTCPro.ServiceLayer.Log4net - ---Executing GetOrderRoutes() in OrdersService----
2026-06-05 10:47:47,751 [106] DEBUG LTCPro.ServiceLayer.Log4net - ---Executed Successfully GetPhysicianDropData() in OrdersController----
2026-06-05 10:47:47,905 [99] DEBUG LTCPro.ServiceLayer.Log4net - ---Executed Successfully GetOrderRoutes() in OrdersController----
2026-06-05 10:47:48,019 [106] DEBUG LTCPro.ServiceLayer.Log4net - ---Executing GetUserToken() in UserService----
2026-06-05 10:47:48,239 [106] DEBUG LTCPro.ServiceLayer.Log4net - ---Executing GetFrequencyMasterDataWithShifts() in OrdersController----
2026-06-05 10:47:48,239 [106] DEBUG LTCPro.ServiceLayer.Log4net - ---Executing GetFrequencyMasterDataWithShifts() in OrdersService----
2026-06-05 10:47:50,527 [59] DEBUG LTCPro.ServiceLayer.Log4net - ---Executed Successfully GetResidentInformation() in ResidentDemographicController----
2026-06-05 10:47:50,593 [59] DEBUG LTCPro.ServiceLayer.Log4net - ---Executing GetUserToken() in UserService----
2026-06-05 10:47:50,594 [106] DEBUG LTCPro.ServiceLayer.Log4net - ---Executed Successfully GetFrequencyMasterDataWithShifts() in OrdersController----
2026-06-05 10:48:35,456 [57] DEBUG LTCPro.ServiceLayer.Log4net - ---Executing GetUserToken() in UserService----
2026-06-05 10:48:35,459 [59] DEBUG LTCPro.ServiceLayer.Log4net - ---Executing GetWeightList(Patient_Id) in AssessmentController----
2026-06-05 10:48:35,459 [59] DEBUG LTCPro.ServiceLayer.Log4net - ---Executing GetWeightList() in AssessmentService----
2026-06-05 10:48:35,644 [117] DEBUG LTCPro.ServiceLayer.Log4net - ---Executing GetUserToken() in UserService----
2026-06-05 10:48:35,681 [57] DEBUG LTCPro.ServiceLayer.Log4net - ---Executing GetPatientType() in ResidentDemographicController----
2026-06-05 10:48:35,681 [57] DEBUG LTCPro.ServiceLayer.Log4net - ---Executing GetPatientType() in EmarService----
2026-06-05 10:48:35,800 [80] DEBUG LTCPro.ServiceLayer.Log4net - ---Executing GetUserToken() in UserService----
2026-06-05 10:48:35,822 [99] DEBUG LTCPro.ServiceLayer.Log4net - ---Executing GetUserToken() in UserService----
2026-06-05 10:48:35,867 [117] DEBUG LTCPro.ServiceLayer.Log4net - ---Executing GetResidentDiagnosisInfo() in ResidentDemographicController----
2026-06-05 10:48:35,867 [117] DEBUG LTCPro.ServiceLayer.Log4net - ---Executing GetResidentDiagnosisInfo() in DiagnosisInfoService----
2026-06-05 10:48:35,956 [57] DEBUG LTCPro.ServiceLayer.Log4net - ---Executed Successfully GetPatientType() in ResidentDemographicController----
2026-06-05 10:48:36,015 [80] DEBUG LTCPro.ServiceLayer.Log4net - ---Executing GetOrderGridData() in OrdersController----
2026-06-05 10:48:36,015 [80] DEBUG LTCPro.ServiceLayer.Log4net - ---Executing GetOrderGridData() in OrdersService----
2026-06-05 10:48:36,039 [99] DEBUG LTCPro.ServiceLayer.Log4net - ---Executing GetDiagnosisDetails() in OrdersController----
2026-06-05 10:48:36,039 [99] DEBUG LTCPro.ServiceLayer.Log4net - ---Executing GetDiagnosisDetails() in OrdersService----
2026-06-05 10:48:36,130 [117] DEBUG LTCPro.ServiceLayer.Log4net - ---Executed Successfully GetResidentDiagnosisInfo() in ResidentDemographicController----
2026-06-05 10:48:36,344 [80] DEBUG LTCPro.ServiceLayer.Log4net - ---Executed Successfully GetOrderGridData() in OrdersController----
2026-06-05 10:48:36,426 [59] DEBUG LTCPro.ServiceLayer.Log4net - ---Executed Successfully GetWeightList(Patient_Id) in AssessmentController----
2026-06-05 10:48:36,439 [117] DEBUG LTCPro.ServiceLayer.Log4net - ---Executing GetUserToken() in UserService----
2026-06-05 10:48:36,637 [106] DEBUG LTCPro.ServiceLayer.Log4net - ---Executing GetUserToken() in UserService----
2026-06-05 10:48:36,646 [80] DEBUG LTCPro.ServiceLayer.Log4net - ---Executing GetUserToken() in UserService----
2026-06-05 10:48:36,660 [117] DEBUG LTCPro.ServiceLayer.Log4net - ---Executing GetAllBarcodes() in StockEkitController----
2026-06-05 10:48:36,661 [117] DEBUG LTCPro.ServiceLayer.Log4net - ---Executing GetAllBarcodes() in StockEkitService----
2026-06-05 10:48:36,691 [99] DEBUG LTCPro.ServiceLayer.Log4net - ---Executed Successfully GetDiagnosisDetails() in OrdersController----
2026-06-05 10:48:36,853 [106] DEBUG LTCPro.ServiceLayer.Log4net - ---Executing GetOrderGridData() in OrdersController----
2026-06-05 10:48:36,853 [106] DEBUG LTCPro.ServiceLayer.Log4net - ---Executing GetOrderGridData() in OrdersService----
2026-06-05 10:48:36,861 [80] DEBUG LTCPro.ServiceLayer.Log4net - ---Executing GetOrdersData() in OrdersController----
2026-06-05 10:48:36,861 [80] DEBUG LTCPro.ServiceLayer.Log4net - ---Executing GetOrdersData() in OrdersService----
2026-06-05 10:48:37,093 [80] DEBUG LTCPro.ServiceLayer.Log4net - ---Executed Successfully GetOrdersData() in OrdersController----
2026-06-05 10:48:37,332 [106] DEBUG LTCPro.ServiceLayer.Log4net - ---Executed Successfully GetOrderGridData() in OrdersController----
2026-06-05 10:48:37,549 [99] DEBUG LTCPro.ServiceLayer.Log4net - ---Executing GetUserToken() in UserService----
2026-06-05 10:48:37,567 [67] DEBUG LTCPro.ServiceLayer.Log4net - ---Executing GetUserToken() in UserService----
2026-06-05 10:48:37,599 [22] DEBUG LTCPro.ServiceLayer.Log4net - ---Executing GetUserToken() in UserService----
2026-06-05 10:48:37,674 [80] DEBUG LTCPro.ServiceLayer.Log4net - ---Executing GetUserToken() in UserService----
2026-06-05 10:48:37,766 [99] DEBUG LTCPro.ServiceLayer.Log4net - ---Executing GetOrderStockDetails() in OrdersController----
2026-06-05 10:48:37,766 [99] DEBUG LTCPro.ServiceLayer.Log4net - ---Executing GetOrderStockDetails() in OrdersService----
2026-06-05 10:48:37,785 [67] DEBUG LTCPro.ServiceLayer.Log4net - ---Executing GetFavouritesMasterData() in OrdersController----
2026-06-05 10:48:37,785 [67] DEBUG LTCPro.ServiceLayer.Log4net - ---Executing GetFavouritesMasterData() in OrdersService----
2026-06-05 10:48:37,814 [22] DEBUG LTCPro.ServiceLayer.Log4net - ---Executing GetPhysicianDropData() in OrdersController----
2026-06-05 10:48:37,814 [22] DEBUG LTCPro.ServiceLayer.Log4net - ---Executing GetPhysicianDropData() in OrdersService----
2026-06-05 10:48:37,898 [80] DEBUG LTCPro.ServiceLayer.Log4net - ---Executing GetCpoeSourceDrop() in OrdersController----
2026-06-05 10:48:37,898 [80] DEBUG LTCPro.ServiceLayer.Log4net - ---Executing GetCpoeSourceDrop() in OrdersService----
2026-06-05 10:48:37,988 [99] DEBUG LTCPro.ServiceLayer.Log4net - ---Executed Successfully GetOrderStockDetails() in OrdersController----
2026-06-05 10:48:38,005 [67] DEBUG LTCPro.ServiceLayer.Log4net - ---Executed Successfully GetFavouritesMasterData() in OrdersController----
2026-06-05 10:48:38,119 [80] DEBUG LTCPro.ServiceLayer.Log4net - ---Executed Successfully GetCpoeSourceDrop() in OrdersController----
2026-06-05 10:48:38,435 [117] DEBUG LTCPro.ServiceLayer.Log4net - ---Executed Successfully GetAllBarcodes() in StockEkitController----
2026-06-05 10:48:39,328 [22] DEBUG LTCPro.ServiceLayer.Log4net - ---Executed Successfully GetPhysicianDropData() in OrdersController----
2026-06-05 10:48:46,494 [117] DEBUG LTCPro.ServiceLayer.Log4net - ---Executing GetUserToken() in UserService----
2026-06-05 10:48:46,507 [106] DEBUG LTCPro.ServiceLayer.Log4net - ---Executing GetUserToken() in UserService----
2026-06-05 10:48:46,691 [22] DEBUG LTCPro.ServiceLayer.Log4net - ---Executing GetUserToken() in UserService----
2026-06-05 10:48:46,708 [117] DEBUG LTCPro.ServiceLayer.Log4net - ---Executing InsertUserActivityDetails() in CompanyController----
2026-06-05 10:48:46,708 [117] DEBUG LTCPro.ServiceLayer.Log4net - ---Executing InsertUserActivityDetails() in UserActivityService----
2026-06-05 10:48:46,721 [106] DEBUG LTCPro.ServiceLayer.Log4net - ---Executing GetUserRecentFacNs() in UserController----
2026-06-05 10:48:46,721 [106] DEBUG LTCPro.ServiceLayer.Log4net - ---Executing GetUserRecentFacNs() in UserService----
2026-06-05 10:48:46,911 [22] DEBUG LTCPro.ServiceLayer.Log4net - ---Executing OrderEndingSoonStatus() in OrdersController----
2026-06-05 10:48:46,911 [22] DEBUG LTCPro.ServiceLayer.Log4net - ---Executing OrderEndingSoonStatus() in OrdersService----
2026-06-05 10:48:47,155 [106] DEBUG LTCPro.ServiceLayer.Log4net - ---Executed Successfully GetUserRecentFacNs() in UserController----
2026-06-05 10:48:47,182 [55] DEBUG LTCPro.ServiceLayer.Log4net - ---Executing GetUserToken() in UserService----
2026-06-05 10:48:47,354 [22] DEBUG LTCPro.ServiceLayer.Log4net - ---Executed Successfully OrderEndingSoonStatus() in OrdersController----
2026-06-05 10:48:47,398 [55] DEBUG LTCPro.ServiceLayer.Log4net - ---Executing GetUserAccessFacilityNurseStaions() in FacilityController----
2026-06-05 10:48:47,398 [55] DEBUG LTCPro.ServiceLayer.Log4net - ---Executing GetUserAccessFacilityNurseStaions() in FacilityService----
2026-06-05 10:48:47,402 [117] DEBUG LTCPro.ServiceLayer.Log4net - ---Executed Successfully InsertUserActivityDetails() in CompanyController----
2026-06-05 10:48:47,829 [55] DEBUG LTCPro.ServiceLayer.Log4net - ---Executed Successfully GetUserAccessFacilityNurseStaions() in FacilityController----
2026-06-05 10:48:47,864 [117] DEBUG LTCPro.ServiceLayer.Log4net - ---Executing GetUserToken() in UserService----
2026-06-05 10:48:48,078 [117] DEBUG LTCPro.ServiceLayer.Log4net - ---Executing UserNurseStationDrop() in FacilityController----
2026-06-05 10:48:48,078 [117] DEBUG LTCPro.ServiceLayer.Log4net - ---Executing UserNurseStationDrop() in FacilityService----
2026-06-05 10:48:48,295 [117] DEBUG LTCPro.ServiceLayer.Log4net - ---Executed Successfully UserNurseStationDrop() in FacilityController----
2026-06-05 10:48:48,381 [55] DEBUG LTCPro.ServiceLayer.Log4net - ---Executing GetUserToken() in UserService----
2026-06-05 10:48:48,394 [106] DEBUG LTCPro.ServiceLayer.Log4net - ---Executing GetUserToken() in UserService----
2026-06-05 10:48:48,444 [117] DEBUG LTCPro.ServiceLayer.Log4net - ---Executing GetUserToken() in UserService----
2026-06-05 10:48:48,616 [55] DEBUG LTCPro.ServiceLayer.Log4net - ---Executing GetCompanyToBedFlagByFacId() in FacilityController----
2026-06-05 10:48:48,616 [55] DEBUG LTCPro.ServiceLayer.Log4net - ---Executing GetCompanyToBedFlagByFacId() in FacilityService----
2026-06-05 10:48:48,625 [59] DEBUG LTCPro.ServiceLayer.Log4net - ---Executing GetUserToken() in UserService----
2026-06-05 10:48:48,625 [106] DEBUG LTCPro.ServiceLayer.Log4net - ---Executing GetSeventyTwoHourDetailsByfilter() in EMARController----
2026-06-05 10:48:48,625 [106] DEBUG LTCPro.ServiceLayer.Log4net - ---Executing GetSeventyTwoHourDetailsByfilter() in EmarService----
2026-06-05 10:48:48,636 [89] DEBUG LTCPro.ServiceLayer.Log4net - ---Executing GetUserToken() in UserService----
2026-06-05 10:48:48,649 [80] DEBUG LTCPro.ServiceLayer.Log4net - ---Executing GetUserToken() in UserService----
2026-06-05 10:48:48,659 [117] DEBUG LTCPro.ServiceLayer.Log4net - ---Executing GetPRNDetailsByfilter() in EMARController----
2026-06-05 10:48:48,659 [117] DEBUG LTCPro.ServiceLayer.Log4net - ---Executing GetPRNDetailsByfilter() in EmarService----
2026-06-05 10:48:48,840 [59] DEBUG LTCPro.ServiceLayer.Log4net - ---Executing OrderEndingSoonStatus() in OrdersController----
2026-06-05 10:48:48,840 [59] DEBUG LTCPro.ServiceLayer.Log4net - ---Executing OrderEndingSoonStatus() in OrdersService----
2026-06-05 10:48:48,851 [89] DEBUG LTCPro.ServiceLayer.Log4net - ---Executing GetOrdersGridData() in OrdersController----
2026-06-05 10:48:48,851 [89] DEBUG LTCPro.ServiceLayer.Log4net - ---Executing GetOrdersGridData() in OrdersService----
2026-06-05 10:48:48,869 [80] DEBUG LTCPro.ServiceLayer.Log4net - ---Executing GetOrdersEndingSoon() in OrdersController----
2026-06-05 10:48:48,869 [80] DEBUG LTCPro.ServiceLayer.Log4net - ---Executing GetOrdersEndingSoon() in OrdersService----
2026-06-05 10:48:49,313 [59] DEBUG LTCPro.ServiceLayer.Log4net - ---Executed Successfully OrderEndingSoonStatus() in OrdersController----
2026-06-05 10:48:49,363 [80] DEBUG LTCPro.ServiceLayer.Log4net - ---Executed Successfully GetOrdersEndingSoon() in OrdersController----
2026-06-05 10:48:49,914 [55] DEBUG LTCPro.ServiceLayer.Log4net - ---Executed Successfully GetCompanyToBedFlagByFacId() in FacilityController----
2026-06-05 10:48:49,977 [22] DEBUG LTCPro.ServiceLayer.Log4net - ---Executing GetUserToken() in UserService----
2026-06-05 10:48:50,192 [22] DEBUG LTCPro.ServiceLayer.Log4net - ---Executing GetNurseStationHierarchyDetailsbyNsId() in CompanyController----
2026-06-05 10:48:50,192 [22] DEBUG LTCPro.ServiceLayer.Log4net - ---Executing GetNurseStationHierarchyDetailsbyNsId() in CompanyService----
2026-06-05 10:48:50,407 [22] DEBUG LTCPro.ServiceLayer.Log4net - ---Executed Successfully GetNurseStationHierarchyDetailsbyNsId() in CompanyController----
2026-06-05 10:48:51,588 [89] DEBUG LTCPro.ServiceLayer.Log4net - ---Executed Successfully GetOrdersGridData() in OrdersController----
2026-06-05 10:48:51,935 [80] DEBUG LTCPro.ServiceLayer.Log4net - ---Executing GetUserToken() in UserService----
2026-06-05 10:48:52,151 [80] DEBUG LTCPro.ServiceLayer.Log4net - ---Executing GetPendingOrdersGridData() in OrdersController----
2026-06-05 10:48:52,151 [80] DEBUG LTCPro.ServiceLayer.Log4net - ---Executing GetPendingOrdersGridData() in OrdersService----
2026-06-05 10:48:53,433 [22] DEBUG LTCPro.ServiceLayer.Log4net - ---Executing GetUserToken() in UserService----
2026-06-05 10:48:53,649 [22] DEBUG LTCPro.ServiceLayer.Log4net - ---Executing GetOrdersGridDataByPatientId() in OrdersController----
2026-06-05 10:48:53,649 [22] DEBUG LTCPro.ServiceLayer.Log4net - ---Executing GetOrdersGridDataByPatientId() in OrdersService----
2026-06-05 10:48:54,277 [22] DEBUG LTCPro.ServiceLayer.Log4net - ---Executed Successfully GetOrdersGridDataByPatientId() in OrdersController----
2026-06-05 10:48:54,751 [80] DEBUG LTCPro.ServiceLayer.Log4net - ---Executed Successfully GetPendingOrdersGridData() in OrdersController----
2026-06-05 10:48:59,432 [80] DEBUG LTCPro.ServiceLayer.Log4net - ---Executing GetUserToken() in UserService----
2026-06-05 10:48:59,650 [80] DEBUG LTCPro.ServiceLayer.Log4net - ---Executing GetFacilityNSResidentsDataByPId() in ResidentDemographicController----
2026-06-05 10:48:59,651 [80] DEBUG LTCPro.ServiceLayer.Log4net - ---Executing GetFacilityNSResidentsDataByPId() in ResidentDemographicService----
2026-06-05 10:49:01,234 [80] DEBUG LTCPro.ServiceLayer.Log4net - ---Executed Successfully GetFacilityNSResidentsDataByPId() in ResidentDemographicController----
2026-06-05 10:49:01,345 [59] DEBUG LTCPro.ServiceLayer.Log4net - ---Executing GetUserToken() in UserService----
2026-06-05 10:49:01,534 [57] DEBUG LTCPro.ServiceLayer.Log4net - ---Executing GetUserToken() in UserService----
2026-06-05 10:49:01,547 [22] DEBUG LTCPro.ServiceLayer.Log4net - ---Executing GetUserToken() in UserService----
2026-06-05 10:49:01,561 [59] DEBUG LTCPro.ServiceLayer.Log4net - ---Executing GetAllBarcodes() in StockEkitController----
2026-06-05 10:49:01,561 [59] DEBUG LTCPro.ServiceLayer.Log4net - ---Executing GetAllBarcodes() in StockEkitService----
2026-06-05 10:49:01,697 [55] DEBUG LTCPro.ServiceLayer.Log4net - ---Executing GetUserToken() in UserService----
2026-06-05 10:49:01,759 [57] DEBUG LTCPro.ServiceLayer.Log4net - ---Executing GetDrFirstFlagForCompanyByNSId() in CompanyController----
2026-06-05 10:49:01,760 [57] DEBUG LTCPro.ServiceLayer.Log4net - ---Executing GetDrFirstFlagForCompanyByNSId() in CompanyService----
2026-06-05 10:49:01,763 [22] DEBUG LTCPro.ServiceLayer.Log4net - ---Executing GetResidentInformation() in ResidentDemographicController----
2026-06-05 10:49:01,763 [22] DEBUG LTCPro.ServiceLayer.Log4net - ---Executing GetResidentInformation() in ResidentDemographicService----
2026-06-05 10:49:01,916 [55] DEBUG LTCPro.ServiceLayer.Log4net - ---Executing GetOrderRoutes() in OrdersController----
2026-06-05 10:49:01,916 [55] DEBUG LTCPro.ServiceLayer.Log4net - ---Executing GetOrderRoutes() in OrdersService----
2026-06-05 10:49:02,000 [57] DEBUG LTCPro.ServiceLayer.Log4net - ---Executed Successfully GetDrFirstFlagForCompanyByNSId() in CompanyController----
2026-06-05 10:49:02,169 [55] DEBUG LTCPro.ServiceLayer.Log4net - ---Executed Successfully GetOrderRoutes() in OrdersController----
2026-06-05 10:49:02,225 [89] DEBUG LTCPro.ServiceLayer.Log4net - ---Executing GetUserToken() in UserService----
2026-06-05 10:49:02,227 [57] DEBUG LTCPro.ServiceLayer.Log4net - ---Executing GetUserToken() in UserService----
2026-06-05 10:49:02,440 [89] DEBUG LTCPro.ServiceLayer.Log4net - ---Executing GetPhysicianDropData() in OrdersController----
2026-06-05 10:49:02,440 [89] DEBUG LTCPro.ServiceLayer.Log4net - ---Executing GetPhysicianDropData() in OrdersService----
2026-06-05 10:49:02,442 [57] DEBUG LTCPro.ServiceLayer.Log4net - ---Executing GetTimeZoneDate() in CommonController----
2026-06-05 10:49:02,442 [57] DEBUG LTCPro.ServiceLayer.Log4net - ---Executing GetTimeZoneDate() in CommonService----
2026-06-05 10:49:02,592 [59] DEBUG LTCPro.ServiceLayer.Log4net - ---Executed Successfully GetAllBarcodes() in StockEkitController----
2026-06-05 10:49:02,663 [57] DEBUG LTCPro.ServiceLayer.Log4net - ---Executed Successfully GetTimeZoneDate() in CommonController----
2026-06-05 10:49:02,899 [89] DEBUG LTCPro.ServiceLayer.Log4net - ---Executed Successfully GetPhysicianDropData() in OrdersController----
2026-06-05 10:49:05,166 [117] DEBUG LTCPro.ServiceLayer.Log4net - ---Executed Successfully GetPRNDetailsByfilter() in EMARController----
2026-06-05 10:49:05,259 [22] DEBUG LTCPro.ServiceLayer.Log4net - ---Executed Successfully GetResidentInformation() in ResidentDemographicController----
2026-06-05 10:49:05,365 [57] DEBUG LTCPro.ServiceLayer.Log4net - ---Executing GetUserToken() in UserService----
2026-06-05 10:49:05,428 [99] DEBUG LTCPro.ServiceLayer.Log4net - ---Executing GetUserToken() in UserService----
2026-06-05 10:49:05,447 [80] DEBUG LTCPro.ServiceLayer.Log4net - ---Executing GetUserToken() in UserService----
2026-06-05 10:49:05,505 [106] DEBUG LTCPro.ServiceLayer.Log4net - ---Executed Successfully GetSeventyTwoHourDetailsByfilter() in EMARController----
2026-06-05 10:49:05,544 [67] DEBUG LTCPro.ServiceLayer.Log4net - ---Executing GetUserToken() in UserService----
2026-06-05 10:49:05,719 [57] DEBUG LTCPro.ServiceLayer.Log4net - ---Executing GetAllBarcodes() in StockEkitController----
2026-06-05 10:49:05,719 [57] DEBUG LTCPro.ServiceLayer.Log4net - ---Executing GetAllBarcodes() in StockEkitService----
2026-06-05 10:49:05,722 [99] DEBUG LTCPro.ServiceLayer.Log4net - ---Executing GetWeightList(Patient_Id) in AssessmentController----
2026-06-05 10:49:05,722 [99] DEBUG LTCPro.ServiceLayer.Log4net - ---Executing GetWeightList() in AssessmentService----
2026-06-05 10:49:05,724 [80] DEBUG LTCPro.ServiceLayer.Log4net - ---Executing GetPatientType() in ResidentDemographicController----
2026-06-05 10:49:05,724 [80] DEBUG LTCPro.ServiceLayer.Log4net - ---Executing GetPatientType() in EmarService----
2026-06-05 10:49:05,760 [67] DEBUG LTCPro.ServiceLayer.Log4net - ---Executing GetDrFirstOrderCheck() in DrFirstIntegrationController----
2026-06-05 10:49:05,760 [67] DEBUG LTCPro.ServiceLayer.Log4net - ---Executing GetDrFirstOrderCheck() in DrFirstIntegrationService----
2026-06-05 10:49:05,802 [89] DEBUG LTCPro.ServiceLayer.Log4net - ---Executing GetUserToken() in UserService----
2026-06-05 10:49:05,806 [22] DEBUG LTCPro.ServiceLayer.Log4net - ---Executing GetUserToken() in UserService----
2026-06-05 10:49:05,941 [80] DEBUG LTCPro.ServiceLayer.Log4net - ---Executed Successfully GetPatientType() in ResidentDemographicController----
2026-06-05 10:49:05,976 [67] DEBUG LTCPro.ServiceLayer.Log4net - ---Executed Successfully GetDrFirstOrderCheck() in DrFirstIntegrationController----
2026-06-05 10:49:06,018 [89] DEBUG LTCPro.ServiceLayer.Log4net - ---Executing GetOrderGridData() in OrdersController----
2026-06-05 10:49:06,018 [89] DEBUG LTCPro.ServiceLayer.Log4net - ---Executing GetOrderGridData() in OrdersService----
2026-06-05 10:49:06,025 [22] DEBUG LTCPro.ServiceLayer.Log4net - ---Executing GetOrderGridData() in OrdersController----
2026-06-05 10:49:06,025 [22] DEBUG LTCPro.ServiceLayer.Log4net - ---Executing GetOrderGridData() in OrdersService----
2026-06-05 10:49:06,193 [55] DEBUG LTCPro.ServiceLayer.Log4net - ---Executing GetUserToken() in UserService----
2026-06-05 10:49:06,413 [55] DEBUG LTCPro.ServiceLayer.Log4net - ---Executing GetDiagnosisDetails() in OrdersController----
2026-06-05 10:49:06,413 [55] DEBUG LTCPro.ServiceLayer.Log4net - ---Executing GetDiagnosisDetails() in OrdersService----
2026-06-05 10:49:06,749 [57] DEBUG LTCPro.ServiceLayer.Log4net - ---Executed Successfully GetAllBarcodes() in StockEkitController----
2026-06-05 10:49:06,910 [22] DEBUG LTCPro.ServiceLayer.Log4net - ---Executed Successfully GetOrderGridData() in OrdersController----
2026-06-05 10:49:06,910 [89] DEBUG LTCPro.ServiceLayer.Log4net - ---Executed Successfully GetOrderGridData() in OrdersController----
2026-06-05 10:49:07,159 [55] DEBUG LTCPro.ServiceLayer.Log4net - ---Executed Successfully GetDiagnosisDetails() in OrdersController----
2026-06-05 10:49:07,461 [57] DEBUG LTCPro.ServiceLayer.Log4net - ---Executing GetUserToken() in UserService----
2026-06-05 10:49:07,462 [99] DEBUG LTCPro.ServiceLayer.Log4net - ---Executed Successfully GetWeightList(Patient_Id) in AssessmentController----
2026-06-05 10:49:07,503 [80] DEBUG LTCPro.ServiceLayer.Log4net - ---Executing GetUserToken() in UserService----
2026-06-05 10:49:07,524 [117] DEBUG LTCPro.ServiceLayer.Log4net - ---Executing GetUserToken() in UserService----
2026-06-05 10:49:07,565 [106] DEBUG LTCPro.ServiceLayer.Log4net - ---Executing GetUserToken() in UserService----
2026-06-05 10:49:07,688 [57] DEBUG LTCPro.ServiceLayer.Log4net - ---Executing GetFavouritesMasterData() in OrdersController----
2026-06-05 10:49:07,688 [57] DEBUG LTCPro.ServiceLayer.Log4net - ---Executing GetFavouritesMasterData() in OrdersService----
2026-06-05 10:49:07,704 [22] DEBUG LTCPro.ServiceLayer.Log4net - ---Executing GetUserToken() in UserService----
2026-06-05 10:49:07,719 [80] DEBUG LTCPro.ServiceLayer.Log4net - ---Executing GetOrderGridData() in OrdersController----
2026-06-05 10:49:07,719 [80] DEBUG LTCPro.ServiceLayer.Log4net - ---Executing GetOrderGridData() in OrdersService----
2026-06-05 10:49:07,742 [117] DEBUG LTCPro.ServiceLayer.Log4net - ---Executing GetPhysicianDropData() in OrdersController----
2026-06-05 10:49:07,742 [117] DEBUG LTCPro.ServiceLayer.Log4net - ---Executing GetPhysicianDropData() in OrdersService----
2026-06-05 10:49:07,780 [106] DEBUG LTCPro.ServiceLayer.Log4net - ---Executing GetOrderStockDetails() in OrdersController----
2026-06-05 10:49:07,780 [106] DEBUG LTCPro.ServiceLayer.Log4net - ---Executing GetOrderStockDetails() in OrdersService----
2026-06-05 10:49:07,905 [57] DEBUG LTCPro.ServiceLayer.Log4net - ---Executed Successfully GetFavouritesMasterData() in OrdersController----
2026-06-05 10:49:07,939 [22] DEBUG LTCPro.ServiceLayer.Log4net - ---Executing GetOrdersData() in OrdersController----
2026-06-05 10:49:07,939 [22] DEBUG LTCPro.ServiceLayer.Log4net - ---Executing GetOrdersData() in OrdersService----
2026-06-05 10:49:08,015 [106] DEBUG LTCPro.ServiceLayer.Log4net - ---Executed Successfully GetOrderStockDetails() in OrdersController----
2026-06-05 10:49:08,115 [80] DEBUG LTCPro.ServiceLayer.Log4net - ---Executed Successfully GetOrderGridData() in OrdersController----
2026-06-05 10:49:08,225 [22] DEBUG LTCPro.ServiceLayer.Log4net - ---Executed Successfully GetOrdersData() in OrdersController----
2026-06-05 10:49:08,261 [117] DEBUG LTCPro.ServiceLayer.Log4net - ---Executed Successfully GetPhysicianDropData() in OrdersController----
2026-06-05 10:49:08,520 [22] DEBUG LTCPro.ServiceLayer.Log4net - ---Executing GetUserToken() in UserService----
2026-06-05 10:49:08,735 [22] DEBUG LTCPro.ServiceLayer.Log4net - ---Executing GetPhysicianDropData() in OrdersController----
2026-06-05 10:49:08,735 [22] DEBUG LTCPro.ServiceLayer.Log4net - ---Executing GetPhysicianDropData() in OrdersService----
2026-06-05 10:49:09,197 [22] DEBUG LTCPro.ServiceLayer.Log4net - ---Executed Successfully GetPhysicianDropData() in OrdersController----
2026-06-05 10:49:15,648 [99] DEBUG LTCPro.ServiceLayer.Log4net - ---Executing GetUserToken() in UserService----
2026-06-05 10:49:15,865 [99] DEBUG LTCPro.ServiceLayer.Log4net - ---Executing UpdateOrdersDatabyOrderId() in OrdersController----
2026-06-05 10:49:15,865 [99] DEBUG LTCPro.ServiceLayer.Log4net - ---Executing UpdateOrdersDatabyOrderId() in OrdersController Data----{"POrderId":56526,"PQuantityId":57534,"PhysicianId":2983,"DrugName":"ACTOS        TAB 45MG","Quantity":"1","Directions":"TAKE 1 TABLET(S) BY MOUTH AS NEEDED","StartDate":"\/Date(1671170400000)\/","EndDate":null,"NumberofRefills":"0","MaxPerdays":1,"Alerttext":"","InsulinComments":"","OrderstockFlag":true,"PRNFlag":true,"TreatmentFlag":false,"SelfAdministeredFlag":false,"controlSubstance":0,"Route":1,"Inhand":"9","Createdby":85,"Barcode":"TESTING12345","DAdminId":45919,"orderTypeID":1,"OrderUpdatedOn":"\/Date(1780674555151)\/","PatientId":965,"RequestedGiveCode":"27607050100340","ScheduleText":"  04:30 "}
2026-06-05 10:49:15,865 [99] DEBUG LTCPro.ServiceLayer.Log4net - ---Executing UpdateOrdersDatabyOrderId() in OrdersService----
2026-06-05 10:49:15,865 [99] DEBUG LTCPro.ServiceLayer.Log4net - ---Executing UpdateOrdersDatabyOrderId() in OrdersService---- OrderID, UserID 56526,85
2026-06-05 10:49:21,520 [99] DEBUG LTCPro.ServiceLayer.Log4net - ---Executed Successfully UpdateOrdersDatabyOrderId() in OrdersController----
2026-06-05 10:49:21,637 [89] DEBUG LTCPro.ServiceLayer.Log4net - ---Executing GetUserToken() in UserService----
2026-06-05 10:49:21,921 [117] DEBUG LTCPro.ServiceLayer.Log4net - ---Executing GetUserToken() in UserService----
2026-06-05 10:49:21,921 [55] DEBUG LTCPro.ServiceLayer.Log4net - ---Executing GetUserToken() in UserService----
2026-06-05 10:49:22,135 [89] DEBUG LTCPro.ServiceLayer.Log4net - ---Executing GetAllBarcodes() in StockEkitController----
2026-06-05 10:49:22,136 [89] DEBUG LTCPro.ServiceLayer.Log4net - ---Executing GetAllBarcodes() in StockEkitService----
2026-06-05 10:49:22,137 [117] DEBUG LTCPro.ServiceLayer.Log4net - ---Executing GetOrderGridData() in OrdersController----
2026-06-05 10:49:22,138 [117] DEBUG LTCPro.ServiceLayer.Log4net - ---Executing GetOrderGridData() in OrdersService----
2026-06-05 10:49:22,138 [55] DEBUG LTCPro.ServiceLayer.Log4net - ---Executing GetOrderGridData() in OrdersController----
2026-06-05 10:49:22,138 [55] DEBUG LTCPro.ServiceLayer.Log4net - ---Executing GetOrderGridData() in OrdersService----
2026-06-05 10:49:22,566 [55] DEBUG LTCPro.ServiceLayer.Log4net - ---Executed Successfully GetOrderGridData() in OrdersController----
2026-06-05 10:49:22,610 [117] DEBUG LTCPro.ServiceLayer.Log4net - ---Executed Successfully GetOrderGridData() in OrdersController----
2026-06-05 10:49:23,087 [57] DEBUG LTCPro.ServiceLayer.Log4net - ---Executing GetUserToken() in UserService----
2026-06-05 10:49:23,115 [99] DEBUG LTCPro.ServiceLayer.Log4net - ---Executing GetUserToken() in UserService----
2026-06-05 10:49:23,126 [59] DEBUG LTCPro.ServiceLayer.Log4net - ---Executing GetUserToken() in UserService----
2026-06-05 10:49:23,203 [55] DEBUG LTCPro.ServiceLayer.Log4net - ---Executing GetUserToken() in UserService----
2026-06-05 10:49:23,206 [22] DEBUG LTCPro.ServiceLayer.Log4net - ---Executing GetUserToken() in UserService----
2026-06-05 10:49:23,303 [57] DEBUG LTCPro.ServiceLayer.Log4net - ---Executing GetOrderStockDetails() in OrdersController----
2026-06-05 10:49:23,303 [57] DEBUG LTCPro.ServiceLayer.Log4net - ---Executing GetOrderStockDetails() in OrdersService----
2026-06-05 10:49:23,328 [99] DEBUG LTCPro.ServiceLayer.Log4net - ---Executing GetPhysicianDropData() in OrdersController----
2026-06-05 10:49:23,328 [99] DEBUG LTCPro.ServiceLayer.Log4net - ---Executing GetPhysicianDropData() in OrdersService----
2026-06-05 10:49:23,352 [59] DEBUG LTCPro.ServiceLayer.Log4net - ---Executing GetOrderGridData() in OrdersController----
2026-06-05 10:49:23,352 [59] DEBUG LTCPro.ServiceLayer.Log4net - ---Executing GetOrderGridData() in OrdersService----
2026-06-05 10:49:23,416 [55] DEBUG LTCPro.ServiceLayer.Log4net - ---Executing GetOrdersData() in OrdersController----
2026-06-05 10:49:23,417 [55] DEBUG LTCPro.ServiceLayer.Log4net - ---Executing GetOrdersData() in OrdersService----
2026-06-05 10:49:23,420 [22] DEBUG LTCPro.ServiceLayer.Log4net - ---Executing GetFavouritesMasterData() in OrdersController----
2026-06-05 10:49:23,420 [22] DEBUG LTCPro.ServiceLayer.Log4net - ---Executing GetFavouritesMasterData() in OrdersService----
2026-06-05 10:49:23,518 [57] DEBUG LTCPro.ServiceLayer.Log4net - ---Executed Successfully GetOrderStockDetails() in OrdersController----
2026-06-05 10:49:23,635 [22] DEBUG LTCPro.ServiceLayer.Log4net - ---Executed Successfully GetFavouritesMasterData() in OrdersController----
2026-06-05 10:49:23,637 [55] DEBUG LTCPro.ServiceLayer.Log4net - ---Executed Successfully GetOrdersData() in OrdersController----
2026-06-05 10:49:23,814 [59] DEBUG LTCPro.ServiceLayer.Log4net - ---Executed Successfully GetOrderGridData() in OrdersController----
2026-06-05 10:49:23,850 [89] DEBUG LTCPro.ServiceLayer.Log4net - ---Executed Successfully GetAllBarcodes() in StockEkitController----
2026-06-05 10:49:23,882 [67] DEBUG LTCPro.ServiceLayer.Log4net - ---Executing GetUserToken() in UserService----
2026-06-05 10:49:24,100 [67] DEBUG LTCPro.ServiceLayer.Log4net - ---Executing GetPhysicianDropData() in OrdersController----
2026-06-05 10:49:24,100 [67] DEBUG LTCPro.ServiceLayer.Log4net - ---Executing GetPhysicianDropData() in OrdersService----
2026-06-05 10:49:24,601 [67] DEBUG LTCPro.ServiceLayer.Log4net - ---Executed Successfully GetPhysicianDropData() in OrdersController----
2026-06-05 10:49:26,338 [99] DEBUG LTCPro.ServiceLayer.Log4net - ---Executed Successfully GetPhysicianDropData() in OrdersController----
2026-06-05 16:17:35,916 [40] DEBUG LTCPro.ServiceLayer.Log4net - ---Executing LogoutUser() in UserController----
2026-06-05 16:17:35,947 [40] DEBUG LTCPro.ServiceLayer.Log4net - ---Executing LogoutUser() in UserService----
2026-06-05 16:19:50,639 [19] DEBUG LTCPro.ServiceLayer.Log4net - ---Executing GetUserToken() in UserService----
2026-06-05 16:47:49,321 [40] ERROR LTCPro.ServiceLayer.Log4net - ===================================
2026-06-05 16:47:51,356 [40] ERROR LTCPro.ServiceLayer.Log4net -  Source : = mscorlib
2026-06-05 16:47:51,386 [40] ERROR LTCPro.ServiceLayer.Log4net -  Stack Trace : =    at System.Threading.Tasks.Task.ThrowIfExceptional(Boolean includeTaskCanceledExceptions)
   at System.Threading.Tasks.Task`1.GetResultCore(Boolean waitCompletionNotification)
   at System.Threading.Tasks.Task`1.get_Result()
   at WebApi.Controllers.UserController.LogoutUser(Int32 userId) in E:\EmarLiveWithDTMS\EMAR_Live\WebApi\Controllers\UserController.cs:line 79
   at lambda_method(Closure , Object , Object[] )
   at System.Web.Http.Controllers.ReflectedHttpActionDescriptor.ActionExecutor.<>c__DisplayClass6_1.<GetExecutor>b__3(Object instance, Object[] methodParameters)
   at System.Web.Http.Controllers.ReflectedHttpActionDescriptor.ActionExecutor.Execute(Object instance, Object[] arguments)
   at System.Web.Http.Controllers.ReflectedHttpActionDescriptor.ExecuteAsync(HttpControllerContext controllerContext, IDictionary`2 arguments, CancellationToken cancellationToken)
--- End of stack trace from previous location where exception was thrown ---
   at System.Runtime.CompilerServices.TaskAwaiter.ThrowForNonSuccess(Task task)
   at System.Runtime.CompilerServices.TaskAwaiter.HandleNonSuccessAndDebuggerNotification(Task task)
   at System.Web.Http.Controllers.ApiControllerActionInvoker.<InvokeActionAsyncCore>d__1.MoveNext()
--- End of stack trace from previous location where exception was thrown ---
   at System.Runtime.CompilerServices.TaskAwaiter.ThrowForNonSuccess(Task task)
   at System.Runtime.CompilerServices.TaskAwaiter.HandleNonSuccessAndDebuggerNotification(Task task)
   at System.Web.Http.Controllers.ActionFilterResult.<ExecuteAsync>d__5.MoveNext()
--- End of stack trace from previous location where exception was thrown ---
   at System.Runtime.CompilerServices.TaskAwaiter.ThrowForNonSuccess(Task task)
   at System.Runtime.CompilerServices.TaskAwaiter.HandleNonSuccessAndDebuggerNotification(Task task)
   at System.Web.Http.Filters.AuthorizationFilterAttribute.<ExecuteAuthorizationFilterAsyncCore>d__3.MoveNext()
--- End of stack trace from previous location where exception was thrown ---
   at System.Runtime.CompilerServices.TaskAwaiter.ThrowForNonSuccess(Task task)
   at System.Runtime.CompilerServices.TaskAwaiter.HandleNonSuccessAndDebuggerNotification(Task task)
   at System.Web.Http.Controllers.ExceptionFilterResult.<ExecuteAsync>d__6.MoveNext()
2026-06-05 16:47:51,386 [40] ERROR LTCPro.ServiceLayer.Log4net -  Exception Message : = One or more errors occurred.
2026-06-05 16:47:51,386 [40] ERROR LTCPro.ServiceLayer.Log4net - ============= Inner Exception  Stack Trace  ===========
2026-06-05 16:47:51,386 [40] ERROR LTCPro.ServiceLayer.Log4net -  Inner Exception  Stack Trace : =    at System.Threading.Tasks.Task.ThrowIfExceptional(Boolean includeTaskCanceledExceptions)
   at System.Threading.Tasks.Task`1.GetResultCore(Boolean waitCompletionNotification)
   at System.Threading.Tasks.Task`1.get_Result()
   at WebApi.Controllers.UserController.LogoutUser(Int32 userId) in E:\EmarLiveWithDTMS\EMAR_Live\WebApi\Controllers\UserController.cs:line 79
   at lambda_method(Closure , Object , Object[] )
   at System.Web.Http.Controllers.ReflectedHttpActionDescriptor.ActionExecutor.<>c__DisplayClass6_1.<GetExecutor>b__3(Object instance, Object[] methodParameters)
   at System.Web.Http.Controllers.ReflectedHttpActionDescriptor.ActionExecutor.Execute(Object instance, Object[] arguments)
   at System.Web.Http.Controllers.ReflectedHttpActionDescriptor.ExecuteAsync(HttpControllerContext controllerContext, IDictionary`2 arguments, CancellationToken cancellationToken)
--- End of stack trace from previous location where exception was thrown ---
   at System.Runtime.CompilerServices.TaskAwaiter.ThrowForNonSuccess(Task task)
   at System.Runtime.CompilerServices.TaskAwaiter.HandleNonSuccessAndDebuggerNotification(Task task)
   at System.Web.Http.Controllers.ApiControllerActionInvoker.<InvokeActionAsyncCore>d__1.MoveNext()
--- End of stack trace from previous location where exception was thrown ---
   at System.Runtime.CompilerServices.TaskAwaiter.ThrowForNonSuccess(Task task)
   at System.Runtime.CompilerServices.TaskAwaiter.HandleNonSuccessAndDebuggerNotification(Task task)
   at System.Web.Http.Controllers.ActionFilterResult.<ExecuteAsync>d__5.MoveNext()
--- End of stack trace from previous location where exception was thrown ---
   at System.Runtime.CompilerServices.TaskAwaiter.ThrowForNonSuccess(Task task)
   at System.Runtime.CompilerServices.TaskAwaiter.HandleNonSuccessAndDebuggerNotification(Task task)
   at System.Web.Http.Filters.AuthorizationFilterAttribute.<ExecuteAuthorizationFilterAsyncCore>d__3.MoveNext()
--- End of stack trace from previous location where exception was thrown ---
   at System.Runtime.CompilerServices.TaskAwaiter.ThrowForNonSuccess(Task task)
   at System.Runtime.CompilerServices.TaskAwaiter.HandleNonSuccessAndDebuggerNotification(Task task)
   at System.Web.Http.Controllers.ExceptionFilterResult.<ExecuteAsync>d__6.MoveNext()
2026-06-05 16:47:51,386 [40] ERROR LTCPro.ServiceLayer.Log4net - =============  Exception  Stack Trace End  ===========
2026-06-05 16:47:51,386 [40] ERROR LTCPro.ServiceLayer.Log4net - ============= Inner Exception  Message  ===========
2026-06-05 16:47:51,386 [40] ERROR LTCPro.ServiceLayer.Log4net -  Inner Exception Message : = An exception has been raised that is likely due to a transient failure. If you are connecting to a SQL Azure database consider using SqlAzureExecutionStrategy.
2026-06-05 16:47:51,387 [40] ERROR LTCPro.ServiceLayer.Log4net - ============= Inner Exception  Message End  ===========
