2026-06-17 11:32:37,734 [36] DEBUG LTCPro.ServiceLayer.Log4net - ---Executing GetUserToken() in UserService----
2026-06-17 11:32:37,734 [28] DEBUG LTCPro.ServiceLayer.Log4net - ---Executing GetUserToken() in UserService----
2026-06-17 11:32:38,725 [35] DEBUG LTCPro.ServiceLayer.Log4net - ---Executing GetUserToken() in UserService----
2026-06-17 11:32:38,726 [37] DEBUG LTCPro.ServiceLayer.Log4net - ---Executing GetUserToken() in UserService----
2026-06-17 11:32:37,734 [38] DEBUG LTCPro.ServiceLayer.Log4net - ---Executing GetUserToken() in UserService----
2026-06-17 11:32:38,332 [39] DEBUG LTCPro.ServiceLayer.Log4net - ---Executing GetUserToken() in UserService----
2026-06-17 11:32:46,687 [38] DEBUG LTCPro.ServiceLayer.Log4net - ---Executing AutoLogoutUser() in UserService----
2026-06-17 11:32:46,920 [28] DEBUG LTCPro.ServiceLayer.Log4net - ---Executing AutoLogoutUser() in UserService----
2026-06-17 11:32:47,140 [35] DEBUG LTCPro.ServiceLayer.Log4net - ---Executing AutoLogoutUser() in UserService----
2026-06-17 11:32:47,371 [36] DEBUG LTCPro.ServiceLayer.Log4net - ---Executing AutoLogoutUser() in UserService----
2026-06-17 11:32:48,654 [37] DEBUG LTCPro.ServiceLayer.Log4net - ---Executing AutoLogoutUser() in UserService----
2026-06-17 11:32:49,703 [39] DEBUG LTCPro.ServiceLayer.Log4net - ---Executing AutoLogoutUser() in UserService----
2026-06-17 11:32:52,335 [40] DEBUG LTCPro.ServiceLayer.Log4net - ---Executing GetUserToken() in UserService----
2026-06-17 11:32:52,541 [23] DEBUG LTCPro.ServiceLayer.Log4net - ---Executing GetUserToken() in UserService----
2026-06-17 11:32:53,123 [23] DEBUG LTCPro.ServiceLayer.Log4net - ---Executing AutoLogoutUser() in UserService----
2026-06-17 11:32:53,152 [36] DEBUG LTCPro.ServiceLayer.Log4net - ---Executing GetUserToken() in UserService----
2026-06-17 11:32:53,203 [40] DEBUG LTCPro.ServiceLayer.Log4net - ---Executing AutoLogoutUser() in UserService----
2026-06-17 11:32:53,435 [36] DEBUG LTCPro.ServiceLayer.Log4net - ---Executing AutoLogoutUser() in UserService----
2026-06-17 11:32:54,574 [38] DEBUG LTCPro.ServiceLayer.Log4net - ---Executing GetUserToken() in UserService----
2026-06-17 11:32:54,801 [38] DEBUG LTCPro.ServiceLayer.Log4net - ---Executing AutoLogoutUser() in UserService----
2026-06-17 11:33:58,562 [35] DEBUG LTCPro.ServiceLayer.Log4net - ---Executing UsersConfigNurseStationDrop() in FacilityController----
2026-06-17 11:33:58,562 [35] DEBUG LTCPro.ServiceLayer.Log4net - ---Executing UsersConfigNurseStationDrop() in FacilityService----
2026-06-17 11:33:59,505 [35] DEBUG LTCPro.ServiceLayer.Log4net - ---Executed Successfully UsersConfigNurseStationDrop() in FacilityController----
2026-06-17 11:33:59,617 [28] DEBUG LTCPro.ServiceLayer.Log4net - ---Executing GetProcessKeyMasterList() in FacilityController----
2026-06-17 11:33:59,617 [28] DEBUG LTCPro.ServiceLayer.Log4net - ---Executing GetProcessKeyMasterList() in FacilityService----
2026-06-17 11:33:59,890 [28] DEBUG LTCPro.ServiceLayer.Log4net - ---Executed Successfully GetProcessKeyMasterList() in FacilityController----
2026-06-17 11:34:03,885 [38] DEBUG LTCPro.ServiceLayer.Log4net - ---Executing CheckUser() in UserService----
2026-06-17 11:34:04,777 [38] DEBUG LTCPro.ServiceLayer.Log4net - ---Executing FindUser() in UserService----
2026-06-17 11:34:05,169 [38] DEBUG LTCPro.ServiceLayer.Log4net - ---Executing InsertUserSession() in UserService----
2026-06-17 11:34:05,956 [38] DEBUG LTCPro.ServiceLayer.Log4net - ---Executing InsertUserToken() in UserService----
2026-06-17 11:34:07,133 [36] DEBUG LTCPro.ServiceLayer.Log4net - ---Executing InsertUpdateUserRecentFacNs() in UserController----
2026-06-17 11:34:07,133 [36] DEBUG LTCPro.ServiceLayer.Log4net - ---Executing GetUserRecentFacNs() in UserService----
2026-06-17 11:34:07,202 [38] DEBUG LTCPro.ServiceLayer.Log4net - ---Executing GetScreenPermissionsForLoggedInUser() in RoleController----
2026-06-17 11:34:07,230 [38] DEBUG LTCPro.ServiceLayer.Log4net - ---Executing GetScreenPermissionsForLoggedInUser() in RoleService----
2026-06-17 11:34:07,453 [38] DEBUG LTCPro.ServiceLayer.Log4net - ---Executed Successfully GetScreenPermissionsForLoggedInUser() in RoleController----
2026-06-17 11:34:07,642 [36] DEBUG LTCPro.ServiceLayer.Log4net - ---Executing InsertUpdateUserRecentFacNs() in CommonService----
2026-06-17 11:34:07,958 [38] DEBUG LTCPro.ServiceLayer.Log4net - ---Executing GetUserToken() in UserService----
2026-06-17 11:34:07,959 [35] DEBUG LTCPro.ServiceLayer.Log4net - ---Executing GetUserToken() in UserService----
2026-06-17 11:34:08,211 [35] DEBUG LTCPro.ServiceLayer.Log4net - ---Executing GetAlertsDetails() in MailboxController----
2026-06-17 11:34:08,212 [35] DEBUG LTCPro.ServiceLayer.Log4net - ---Executing GetAlertsDetails() in MailboxService----
2026-06-17 11:34:08,222 [37] DEBUG LTCPro.ServiceLayer.Log4net - ---Executing GetUserToken() in UserService----
2026-06-17 11:34:08,225 [38] DEBUG LTCPro.ServiceLayer.Log4net - ---Executing InsertUserActivityDetails() in CompanyController----
2026-06-17 11:34:08,225 [38] DEBUG LTCPro.ServiceLayer.Log4net - ---Executing InsertUserActivityDetails() in UserActivityService----
2026-06-17 11:34:08,462 [37] DEBUG LTCPro.ServiceLayer.Log4net - ---Executing GetReadMailsCount() in MailboxController----
2026-06-17 11:34:08,462 [37] DEBUG LTCPro.ServiceLayer.Log4net - ---Executing GetReadMailsCount() in MailboxService----
2026-06-17 11:34:08,771 [35] DEBUG LTCPro.ServiceLayer.Log4net - ---Executed successfully GetAlertsDetails() in MailboxController----
2026-06-17 11:34:08,800 [35] DEBUG LTCPro.ServiceLayer.Log4net - ---Executing GetUserToken() in UserService----
2026-06-17 11:34:08,837 [28] DEBUG LTCPro.ServiceLayer.Log4net - ---Executing GetUserToken() in UserService----
2026-06-17 11:34:08,951 [38] DEBUG LTCPro.ServiceLayer.Log4net - ---Executed Successfully InsertUserActivityDetails() in CompanyController----
2026-06-17 11:34:08,955 [36] DEBUG LTCPro.ServiceLayer.Log4net - ---Executed Successfully InsertUpdateUserRecentFacNs() in UserController----
2026-06-17 11:34:08,968 [37] DEBUG LTCPro.ServiceLayer.Log4net - ---Executed successfully GetReadMailsCount() in MailboxController----
2026-06-17 11:34:09,019 [37] DEBUG LTCPro.ServiceLayer.Log4net - ---Executing GetUserToken() in UserService----
2026-06-17 11:34:09,024 [35] DEBUG LTCPro.ServiceLayer.Log4net - ---Executing GetOutboundErrorDetails() in CommonController----
2026-06-17 11:34:09,024 [35] DEBUG LTCPro.ServiceLayer.Log4net - ---Executing GetOutboundErrorDetails() in CommonService----
2026-06-17 11:34:09,097 [36] DEBUG LTCPro.ServiceLayer.Log4net - ---Executing GetUserToken() in UserService----
2026-06-17 11:34:09,107 [28] DEBUG LTCPro.ServiceLayer.Log4net - ---Executing GetUserPassedDueFlag() in UserController----
2026-06-17 11:34:09,108 [28] DEBUG LTCPro.ServiceLayer.Log4net - ---Executing GetUserPassedDueFlag() in UserService----
2026-06-17 11:34:09,251 [37] DEBUG LTCPro.ServiceLayer.Log4net - ---Executing GetDueMARAlertData() in EmarController----
2026-06-17 11:34:09,251 [37] DEBUG LTCPro.ServiceLayer.Log4net - ---Executing GetDueMARAlertData() in EmarService----
2026-06-17 11:34:09,396 [38] DEBUG LTCPro.ServiceLayer.Log4net - ---Executing GetUserToken() in UserService----
2026-06-17 11:34:09,474 [28] DEBUG LTCPro.ServiceLayer.Log4net - ---Executed Successfully GetUserPassedDueFlag() in UserController----
2026-06-17 11:34:09,474 [36] DEBUG LTCPro.ServiceLayer.Log4net - ---Executing GetUserRecentFacNs() in UserController----
2026-06-17 11:34:09,475 [36] DEBUG LTCPro.ServiceLayer.Log4net - ---Executing GetUserRecentFacNs() in UserService----
2026-06-17 11:34:09,603 [12] DEBUG LTCPro.ServiceLayer.Log4net - ---Executing GetUserToken() in UserService----
2026-06-17 11:34:09,619 [38] DEBUG LTCPro.ServiceLayer.Log4net - ---Executing GetPendingDosesList() in CommonController----
2026-06-17 11:34:09,619 [38] DEBUG LTCPro.ServiceLayer.Log4net - ---Executing GetPendingDosesList() in CommonService----
2026-06-17 11:34:09,816 [12] DEBUG LTCPro.ServiceLayer.Log4net - ---Executing GetUserActiveCompanyMasterList() in CompanyController----
2026-06-17 11:34:09,816 [12] DEBUG LTCPro.ServiceLayer.Log4net - ---Executing GetActiveCompanyMasterList() in CompanyService----
2026-06-17 11:34:09,975 [36] DEBUG LTCPro.ServiceLayer.Log4net - ---Executed Successfully GetUserRecentFacNs() in UserController----
2026-06-17 11:34:10,145 [28] DEBUG LTCPro.ServiceLayer.Log4net - ---Executing GetUserToken() in UserService----
2026-06-17 11:34:10,186 [35] DEBUG LTCPro.ServiceLayer.Log4net - ---Executed Successfully GetOutboundErrorDetails() in CommonController----
2026-06-17 11:34:10,671 [28] DEBUG LTCPro.ServiceLayer.Log4net - ---Executing GetUserAccessFacilityNurseStaions() in FacilityController----
2026-06-17 11:34:10,671 [28] DEBUG LTCPro.ServiceLayer.Log4net - ---Executing GetUserAccessFacilityNurseStaions() in FacilityService----
2026-06-17 11:34:10,755 [37] DEBUG LTCPro.ServiceLayer.Log4net - ---Executed Successfully GetDueMARAlertData() in EmarController----
2026-06-17 11:34:10,756 [38] DEBUG LTCPro.ServiceLayer.Log4net - ---Executed Successfully GetPendingDosesList() in CommonController----
2026-06-17 11:34:11,378 [28] DEBUG LTCPro.ServiceLayer.Log4net - ---Executed Successfully GetUserAccessFacilityNurseStaions() in FacilityController----
2026-06-17 11:34:12,496 [12] DEBUG LTCPro.ServiceLayer.Log4net - ---Executed Successfully GetUserActiveCompanyMasterList() in CompanyController----
2026-06-17 11:34:16,103 [35] DEBUG LTCPro.ServiceLayer.Log4net - ---Executing GetUserToken() in UserService----
2026-06-17 11:34:16,113 [37] DEBUG LTCPro.ServiceLayer.Log4net - ---Executing GetUserToken() in UserService----
2026-06-17 11:34:16,337 [35] DEBUG LTCPro.ServiceLayer.Log4net - ---Executing GetUserRecentFacNs() in UserController----
2026-06-17 11:34:16,337 [35] DEBUG LTCPro.ServiceLayer.Log4net - ---Executing GetUserRecentFacNs() in UserService----
2026-06-17 11:34:16,354 [37] DEBUG LTCPro.ServiceLayer.Log4net - ---Executing InsertUserActivityDetails() in CompanyController----
2026-06-17 11:34:16,354 [37] DEBUG LTCPro.ServiceLayer.Log4net - ---Executing InsertUserActivityDetails() in UserActivityService----
2026-06-17 11:34:16,715 [38] DEBUG LTCPro.ServiceLayer.Log4net - ---Executing GetUserToken() in UserService----
2026-06-17 11:34:16,764 [35] DEBUG LTCPro.ServiceLayer.Log4net - ---Executed Successfully GetUserRecentFacNs() in UserController----
2026-06-17 11:34:16,845 [28] DEBUG LTCPro.ServiceLayer.Log4net - ---Executing GetUserToken() in UserService----
2026-06-17 11:34:16,932 [38] DEBUG LTCPro.ServiceLayer.Log4net - ---Executing OrderEndingSoonStatus() in OrdersController----
2026-06-17 11:34:16,932 [38] DEBUG LTCPro.ServiceLayer.Log4net - ---Executing OrderEndingSoonStatus() in OrdersService----
2026-06-17 11:34:17,040 [37] DEBUG LTCPro.ServiceLayer.Log4net - ---Executed Successfully InsertUserActivityDetails() in CompanyController----
2026-06-17 11:34:17,058 [28] DEBUG LTCPro.ServiceLayer.Log4net - ---Executing GetUserAccessFacilityNurseStaions() in FacilityController----
2026-06-17 11:34:17,058 [28] DEBUG LTCPro.ServiceLayer.Log4net - ---Executing GetUserAccessFacilityNurseStaions() in FacilityService----
2026-06-17 11:34:17,485 [38] DEBUG LTCPro.ServiceLayer.Log4net - ---Executed Successfully OrderEndingSoonStatus() in OrdersController----
2026-06-17 11:34:17,520 [28] DEBUG LTCPro.ServiceLayer.Log4net - ---Executed Successfully GetUserAccessFacilityNurseStaions() in FacilityController----
2026-06-17 11:34:18,439 [35] DEBUG LTCPro.ServiceLayer.Log4net - ---Executing GetUserToken() in UserService----
2026-06-17 11:34:18,651 [35] DEBUG LTCPro.ServiceLayer.Log4net - ---Executing UserNurseStationDrop() in FacilityController----
2026-06-17 11:34:18,652 [35] DEBUG LTCPro.ServiceLayer.Log4net - ---Executing UserNurseStationDrop() in FacilityService----
2026-06-17 11:34:18,931 [35] DEBUG LTCPro.ServiceLayer.Log4net - ---Executed Successfully UserNurseStationDrop() in FacilityController----
2026-06-17 11:34:19,414 [7] DEBUG LTCPro.ServiceLayer.Log4net - ---Executing GetUserToken() in UserService----
2026-06-17 11:34:19,438 [35] DEBUG LTCPro.ServiceLayer.Log4net - ---Executing GetUserToken() in UserService----
2026-06-17 11:34:19,530 [9] DEBUG LTCPro.ServiceLayer.Log4net - ---Executing GetUserToken() in UserService----
2026-06-17 11:34:19,855 [7] DEBUG LTCPro.ServiceLayer.Log4net - ---Executing GetCompanyToBedFlagByFacId() in FacilityController----
2026-06-17 11:34:19,856 [7] DEBUG LTCPro.ServiceLayer.Log4net - ---Executing GetCompanyToBedFlagByFacId() in FacilityService----
2026-06-17 11:34:19,857 [9] DEBUG LTCPro.ServiceLayer.Log4net - ---Executing GetPRNDetailsByfilter() in EMARController----
2026-06-17 11:34:19,857 [9] DEBUG LTCPro.ServiceLayer.Log4net - ---Executing GetPRNDetailsByfilter() in EmarService----
2026-06-17 11:34:19,873 [35] DEBUG LTCPro.ServiceLayer.Log4net - ---Executing GetSeventyTwoHourDetailsByfilter() in EMARController----
2026-06-17 11:34:19,873 [35] DEBUG LTCPro.ServiceLayer.Log4net - ---Executing GetSeventyTwoHourDetailsByfilter() in EmarService----
2026-06-17 11:34:19,902 [18] DEBUG LTCPro.ServiceLayer.Log4net - ---Executing GetUserToken() in UserService----
2026-06-17 11:34:19,915 [37] DEBUG LTCPro.ServiceLayer.Log4net - ---Executing GetUserToken() in UserService----
2026-06-17 11:34:19,925 [12] DEBUG LTCPro.ServiceLayer.Log4net - ---Executing GetUserToken() in UserService----
2026-06-17 11:34:20,245 [37] DEBUG LTCPro.ServiceLayer.Log4net - ---Executing OrderEndingSoonStatus() in OrdersController----
2026-06-17 11:34:20,245 [37] DEBUG LTCPro.ServiceLayer.Log4net - ---Executing OrderEndingSoonStatus() in OrdersService----
2026-06-17 11:34:20,245 [18] DEBUG LTCPro.ServiceLayer.Log4net - ---Executing GetOrdersEndingSoon() in OrdersController----
2026-06-17 11:34:20,246 [18] DEBUG LTCPro.ServiceLayer.Log4net - ---Executing GetOrdersEndingSoon() in OrdersService----
2026-06-17 11:34:20,246 [12] DEBUG LTCPro.ServiceLayer.Log4net - ---Executing GetOrdersGridData() in OrdersController----
2026-06-17 11:34:20,246 [12] DEBUG LTCPro.ServiceLayer.Log4net - ---Executing GetOrdersGridData() in OrdersService----
2026-06-17 11:34:20,796 [37] DEBUG LTCPro.ServiceLayer.Log4net - ---Executed Successfully OrderEndingSoonStatus() in OrdersController----
2026-06-17 11:34:20,824 [18] DEBUG LTCPro.ServiceLayer.Log4net - ---Executed Successfully GetOrdersEndingSoon() in OrdersController----
2026-06-17 11:34:20,999 [9] DEBUG LTCPro.ServiceLayer.Log4net - ---Executed Successfully GetPRNDetailsByfilter() in EMARController----
2026-06-17 11:34:21,374 [35] DEBUG LTCPro.ServiceLayer.Log4net - ---Executed Successfully GetSeventyTwoHourDetailsByfilter() in EMARController----
2026-06-17 11:34:21,765 [7] DEBUG LTCPro.ServiceLayer.Log4net - ---Executed Successfully GetCompanyToBedFlagByFacId() in FacilityController----
2026-06-17 11:34:22,172 [35] DEBUG LTCPro.ServiceLayer.Log4net - ---Executing GetUserToken() in UserService----
2026-06-17 11:34:22,386 [35] DEBUG LTCPro.ServiceLayer.Log4net - ---Executing GetNurseStationHierarchyDetailsbyNsId() in CompanyController----
2026-06-17 11:34:22,386 [35] DEBUG LTCPro.ServiceLayer.Log4net - ---Executing GetNurseStationHierarchyDetailsbyNsId() in CompanyService----
2026-06-17 11:34:22,615 [35] DEBUG LTCPro.ServiceLayer.Log4net - ---Executed Successfully GetNurseStationHierarchyDetailsbyNsId() in CompanyController----
2026-06-17 11:34:23,087 [12] DEBUG LTCPro.ServiceLayer.Log4net - ---Executed Successfully GetOrdersGridData() in OrdersController----
2026-06-17 11:34:23,901 [7] DEBUG LTCPro.ServiceLayer.Log4net - ---Executing GetUserToken() in UserService----
2026-06-17 11:34:24,120 [7] DEBUG LTCPro.ServiceLayer.Log4net - ---Executing GetPendingOrdersGridData() in OrdersController----
2026-06-17 11:34:24,147 [7] DEBUG LTCPro.ServiceLayer.Log4net - ---Executing GetPendingOrdersGridData() in OrdersService----
2026-06-17 11:34:26,861 [7] DEBUG LTCPro.ServiceLayer.Log4net - ---Executed Successfully GetPendingOrdersGridData() in OrdersController----
2026-06-17 11:34:31,924 [9] DEBUG LTCPro.ServiceLayer.Log4net - ---Executing GetUserToken() in UserService----
2026-06-17 11:34:32,021 [7] DEBUG LTCPro.ServiceLayer.Log4net - ---Executing GetUserToken() in UserService----
2026-06-17 11:34:32,193 [9] DEBUG LTCPro.ServiceLayer.Log4net - ---Executing InsertUserActivityDetails() in CompanyController----
2026-06-17 11:34:32,193 [9] DEBUG LTCPro.ServiceLayer.Log4net - ---Executing InsertUserActivityDetails() in UserActivityService----
2026-06-17 11:34:32,364 [7] DEBUG LTCPro.ServiceLayer.Log4net - ---Executing GetDueMARAlertData() in EmarController----
2026-06-17 11:34:32,364 [7] DEBUG LTCPro.ServiceLayer.Log4net - ---Executing GetDueMARAlertData() in EmarService----
2026-06-17 11:34:32,373 [28] DEBUG LTCPro.ServiceLayer.Log4net - ---Executing GetUserToken() in UserService----
2026-06-17 11:34:32,689 [28] DEBUG LTCPro.ServiceLayer.Log4net - ---Executing GetUserRecentFacNs() in UserController----
2026-06-17 11:34:32,689 [28] DEBUG LTCPro.ServiceLayer.Log4net - ---Executing GetUserRecentFacNs() in UserService----
2026-06-17 11:34:32,910 [9] DEBUG LTCPro.ServiceLayer.Log4net - ---Executed Successfully InsertUserActivityDetails() in CompanyController----
2026-06-17 11:34:32,980 [7] DEBUG LTCPro.ServiceLayer.Log4net - ---Executed Successfully GetDueMARAlertData() in EmarController----
2026-06-17 11:34:33,119 [28] DEBUG LTCPro.ServiceLayer.Log4net - ---Executed Successfully GetUserRecentFacNs() in UserController----
2026-06-17 11:34:33,287 [28] DEBUG LTCPro.ServiceLayer.Log4net - ---Executing GetUserToken() in UserService----
2026-06-17 11:34:34,258 [28] DEBUG LTCPro.ServiceLayer.Log4net - ---Executing GetCompanyToBedData() in FacilityController----
2026-06-17 11:34:34,729 [28] DEBUG LTCPro.ServiceLayer.Log4net - ---Executing GetCompanyToBedData() in FacilityService----
2026-06-17 11:34:41,181 [28] DEBUG LTCPro.ServiceLayer.Log4net - ---Executed Successfully GetCompanyToBedData() in FacilityController----
2026-06-17 11:34:42,020 [9] DEBUG LTCPro.ServiceLayer.Log4net - ---Executing GetUserToken() in UserService----
2026-06-17 11:34:42,278 [9] DEBUG LTCPro.ServiceLayer.Log4net - ---Executing UserNurseStationDrop() in FacilityController----
2026-06-17 11:34:42,278 [9] DEBUG LTCPro.ServiceLayer.Log4net - ---Executing UserNurseStationDrop() in FacilityService----
2026-06-17 11:34:42,521 [9] DEBUG LTCPro.ServiceLayer.Log4net - ---Executed Successfully UserNurseStationDrop() in FacilityController----
2026-06-17 11:34:42,572 [18] DEBUG LTCPro.ServiceLayer.Log4net - ---Executing GetUserToken() in UserService----
2026-06-17 11:34:42,576 [7] DEBUG LTCPro.ServiceLayer.Log4net - ---Executing GetUserToken() in UserService----
2026-06-17 11:34:43,135 [18] DEBUG LTCPro.ServiceLayer.Log4net - ---Executing GetNursingScheduleData() in EmarController----
2026-06-17 11:34:43,199 [7] DEBUG LTCPro.ServiceLayer.Log4net - ---Executing GetDrFirstFlagForCompanyByNSId() in CompanyController----
2026-06-17 11:34:43,223 [9] DEBUG LTCPro.ServiceLayer.Log4net - ---Executing GetUserToken() in UserService----
2026-06-17 11:34:43,318 [7] DEBUG LTCPro.ServiceLayer.Log4net - ---Executing GetDrFirstFlagForCompanyByNSId() in CompanyService----
2026-06-17 11:34:43,318 [18] DEBUG LTCPro.ServiceLayer.Log4net - ---Executing GetNursingScheduleData() in EmarService----
2026-06-17 11:34:43,490 [9] DEBUG LTCPro.ServiceLayer.Log4net - ---Executing GetPendingOrdersGridData() in OrdersController----
2026-06-17 11:34:43,490 [9] DEBUG LTCPro.ServiceLayer.Log4net - ---Executing GetPendingOrdersGridData() in OrdersService----
2026-06-17 11:34:44,329 [7] DEBUG LTCPro.ServiceLayer.Log4net - ---Executed Successfully GetDrFirstFlagForCompanyByNSId() in CompanyController----
2026-06-17 11:34:45,495 [28] DEBUG LTCPro.ServiceLayer.Log4net - ---Executing GetUserToken() in UserService----
2026-06-17 11:34:45,819 [28] DEBUG LTCPro.ServiceLayer.Log4net - ---Executing GetTimeZoneDate() in CommonController----
2026-06-17 11:34:45,904 [28] DEBUG LTCPro.ServiceLayer.Log4net - ---Executing GetTimeZoneDate() in CommonService----
2026-06-17 11:34:46,309 [28] DEBUG LTCPro.ServiceLayer.Log4net - ---Executed Successfully GetTimeZoneDate() in CommonController----
2026-06-17 11:34:46,438 [18] DEBUG LTCPro.ServiceLayer.Log4net - ---Executed Successfully GetNursingScheduleData() in EmarController----
2026-06-17 11:34:46,828 [7] DEBUG LTCPro.ServiceLayer.Log4net - ---Executing GetUserToken() in UserService----
2026-06-17 11:34:47,000 [9] DEBUG LTCPro.ServiceLayer.Log4net - ---Executed Successfully GetPendingOrdersGridData() in OrdersController----
2026-06-17 11:34:47,205 [7] DEBUG LTCPro.ServiceLayer.Log4net - ---Executing GetNurseShiftDrop() in CommonController----
2026-06-17 11:34:47,228 [7] DEBUG LTCPro.ServiceLayer.Log4net - ---Executing GetNurseShiftDrop() in CommonService----
2026-06-17 11:34:54,072 [7] DEBUG LTCPro.ServiceLayer.Log4net - ---Executed Successfully GetNurseShiftDrop() in CommonController----
2026-06-17 11:35:02,989 [28] DEBUG LTCPro.ServiceLayer.Log4net - ---Executing GetUserToken() in UserService----
2026-06-17 11:35:03,203 [28] DEBUG LTCPro.ServiceLayer.Log4net - ---Executing GetEmarResidentGridData() in EmarController----
2026-06-17 11:35:03,204 [28] DEBUG LTCPro.ServiceLayer.Log4net - ---Executing GetEmarResidentGridData() in EmarService----
2026-06-17 11:35:05,372 [28] DEBUG LTCPro.ServiceLayer.Log4net - ---Executed Successfully GetEmarResidentGridData() in EmarController----
2026-06-17 11:35:11,553 [40] DEBUG LTCPro.ServiceLayer.Log4net - ---Executing GetUserToken() in UserService----
2026-06-17 11:35:11,800 [40] DEBUG LTCPro.ServiceLayer.Log4net - ---Executing GetEmarResidentBarcodes() in EmarController----
2026-06-17 11:35:11,801 [40] DEBUG LTCPro.ServiceLayer.Log4net - ---Executing GetEmarResidentBarcodes() in EmarService----
2026-06-17 11:35:11,839 [9] DEBUG LTCPro.ServiceLayer.Log4net - ---Executing GetUserToken() in UserService----
2026-06-17 11:35:11,914 [28] DEBUG LTCPro.ServiceLayer.Log4net - ---Executing GetUserToken() in UserService----
2026-06-17 11:35:12,053 [40] DEBUG LTCPro.ServiceLayer.Log4net - ---Executed Successfully GetEmarResidentBarcodes() in EmarController----
2026-06-17 11:35:12,265 [28] DEBUG LTCPro.ServiceLayer.Log4net - ---Executing GetLiteralOrderGridData() in OrdersController----
2026-06-17 11:35:12,483 [28] DEBUG LTCPro.ServiceLayer.Log4net - ---Executing GetLiteralOrderGridData() in OrdersService----
2026-06-17 11:35:12,486 [7] DEBUG LTCPro.ServiceLayer.Log4net - ---Executing GetUserToken() in UserService----
2026-06-17 11:35:12,595 [9] DEBUG LTCPro.ServiceLayer.Log4net - ---Executing GetPendingOrdersGridData() in OrdersController----
2026-06-17 11:35:12,595 [9] DEBUG LTCPro.ServiceLayer.Log4net - ---Executing GetPendingOrdersGridData() in OrdersService----
2026-06-17 11:35:12,806 [7] DEBUG LTCPro.ServiceLayer.Log4net - ---Executing GetResidentInformation() in ResidentDemographicController----
2026-06-17 11:35:13,090 [7] DEBUG LTCPro.ServiceLayer.Log4net - ---Executing GetResidentInformation() in ResidentDemographicService----
2026-06-17 11:35:13,304 [28] DEBUG LTCPro.ServiceLayer.Log4net - ---Executed Successfully GetLiteralOrderGridData() in OrdersController----
2026-06-17 11:35:15,228 [9] DEBUG LTCPro.ServiceLayer.Log4net - ---Executed Successfully GetPendingOrdersGridData() in OrdersController----
2026-06-17 11:35:18,170 [7] DEBUG LTCPro.ServiceLayer.Log4net - ---Executed Successfully GetResidentInformation() in ResidentDemographicController----
2026-06-17 11:35:18,352 [40] DEBUG LTCPro.ServiceLayer.Log4net - ---Executing GetUserToken() in UserService----
2026-06-17 11:35:18,355 [7] DEBUG LTCPro.ServiceLayer.Log4net - ---Executing GetUserToken() in UserService----
2026-06-17 11:35:18,365 [39] DEBUG LTCPro.ServiceLayer.Log4net - ---Executing GetUserToken() in UserService----
2026-06-17 11:35:18,550 [25] DEBUG LTCPro.ServiceLayer.Log4net - ---Executing GetUserToken() in UserService----
2026-06-17 11:37:26,838 [7] DEBUG LTCPro.ServiceLayer.Log4net - ---Executing GetMedicationReason() in EmarController----
2026-06-17 11:37:26,839 [40] DEBUG LTCPro.ServiceLayer.Log4net - ---Executing GetEmarOrdersList() in EmarController----
2026-06-17 11:37:26,839 [40] DEBUG LTCPro.ServiceLayer.Log4net - ---Executing GetEmarOrdersList() in Slow Loading Test Start----74_06/17/2026 11:37:26 AM
2026-06-17 11:37:26,841 [7] DEBUG LTCPro.ServiceLayer.Log4net - ---Executing GetMedicationReason() in EmarService----
2026-06-17 11:37:26,841 [40] DEBUG LTCPro.ServiceLayer.Log4net - ---Executing GetEmarOrdersList() in EmarService----
2026-06-17 11:37:26,874 [39] DEBUG LTCPro.ServiceLayer.Log4net - ---Executing GetPatientType() in ResidentDemographicController----
2026-06-17 11:37:26,881 [39] DEBUG LTCPro.ServiceLayer.Log4net - ---Executing GetPatientType() in EmarService----
2026-06-17 11:37:29,547 [25] DEBUG LTCPro.ServiceLayer.Log4net - ---Executing GetDiagnosisDetails() in OrdersController----
2026-06-17 11:37:29,621 [25] DEBUG LTCPro.ServiceLayer.Log4net - ---Executing GetDiagnosisDetails() in OrdersService----
2026-06-17 11:37:29,907 [39] DEBUG LTCPro.ServiceLayer.Log4net - ---Executed Successfully GetPatientType() in ResidentDemographicController----
2026-06-17 11:37:30,313 [7] DEBUG LTCPro.ServiceLayer.Log4net - ---Executed Successfully GetMedicationReason() in EmarController----
2026-06-17 11:37:30,683 [25] DEBUG LTCPro.ServiceLayer.Log4net - ---Executed Successfully GetDiagnosisDetails() in OrdersController----
2026-06-17 11:37:30,901 [40] DEBUG LTCPro.ServiceLayer.Log4net - ---Executed Successfully GetEmarOrdersList() in EmarController----
2026-06-17 11:37:30,901 [40] DEBUG LTCPro.ServiceLayer.Log4net - ---Executing GetEmarOrdersList() in Slow Loading Test end----74_06/17/2026 11:37:30 AM
2026-06-17 11:37:31,020 [6] DEBUG LTCPro.ServiceLayer.Log4net - ---Executing GetUserToken() in UserService----
2026-06-17 11:37:31,238 [6] DEBUG LTCPro.ServiceLayer.Log4net - ---Executing GetVitalsCheckList() in EMARController----
2026-06-17 11:37:31,986 [6] DEBUG LTCPro.ServiceLayer.Log4net - ---Executed Successfully GetVitalsCheckList() in EMARController----
2026-06-17 11:37:35,155 [7] DEBUG LTCPro.ServiceLayer.Log4net - ---Executing GetUserToken() in UserService----
2026-06-17 11:37:35,338 [40] DEBUG LTCPro.ServiceLayer.Log4net - ---Executing GetUserToken() in UserService----
2026-06-17 11:37:35,368 [7] DEBUG LTCPro.ServiceLayer.Log4net - ---Executing GetEmarResidentGridData() in EmarController----
2026-06-17 11:37:35,368 [7] DEBUG LTCPro.ServiceLayer.Log4net - ---Executing GetEmarResidentGridData() in EmarService----
2026-06-17 11:37:35,557 [40] DEBUG LTCPro.ServiceLayer.Log4net - ---Executing GetPendingOrdersGridData() in OrdersController----
2026-06-17 11:37:35,557 [40] DEBUG LTCPro.ServiceLayer.Log4net - ---Executing GetPendingOrdersGridData() in OrdersService----
2026-06-17 11:37:37,365 [7] DEBUG LTCPro.ServiceLayer.Log4net - ---Executed Successfully GetEmarResidentGridData() in EmarController----
2026-06-17 11:37:38,147 [40] DEBUG LTCPro.ServiceLayer.Log4net - ---Executed Successfully GetPendingOrdersGridData() in OrdersController----
2026-06-17 11:37:41,006 [40] DEBUG LTCPro.ServiceLayer.Log4net - ---Executing GetUserToken() in UserService----
2026-06-17 11:37:41,032 [25] DEBUG LTCPro.ServiceLayer.Log4net - ---Executing GetUserToken() in UserService----
2026-06-17 11:37:41,224 [40] DEBUG LTCPro.ServiceLayer.Log4net - ---Executing GetResidentInformation() in ResidentDemographicController----
2026-06-17 11:37:41,224 [40] DEBUG LTCPro.ServiceLayer.Log4net - ---Executing GetResidentInformation() in ResidentDemographicService----
2026-06-17 11:37:41,250 [6] DEBUG LTCPro.ServiceLayer.Log4net - ---Executing GetUserToken() in UserService----
2026-06-17 11:37:41,256 [25] DEBUG LTCPro.ServiceLayer.Log4net - ---Executing GetEmarResidentBarcodes() in EmarController----
2026-06-17 11:37:41,256 [25] DEBUG LTCPro.ServiceLayer.Log4net - ---Executing GetEmarResidentBarcodes() in EmarService----
2026-06-17 11:37:41,271 [7] DEBUG LTCPro.ServiceLayer.Log4net - ---Executing GetUserToken() in UserService----
2026-06-17 11:37:41,465 [6] DEBUG LTCPro.ServiceLayer.Log4net - ---Executing GetLiteralOrderGridData() in OrdersController----
2026-06-17 11:37:41,465 [6] DEBUG LTCPro.ServiceLayer.Log4net - ---Executing GetLiteralOrderGridData() in OrdersService----
2026-06-17 11:37:41,473 [25] DEBUG LTCPro.ServiceLayer.Log4net - ---Executed Successfully GetEmarResidentBarcodes() in EmarController----
2026-06-17 11:37:41,498 [7] DEBUG LTCPro.ServiceLayer.Log4net - ---Executing GetPendingOrdersGridData() in OrdersController----
2026-06-17 11:37:41,498 [7] DEBUG LTCPro.ServiceLayer.Log4net - ---Executing GetPendingOrdersGridData() in OrdersService----
2026-06-17 11:37:42,568 [6] DEBUG LTCPro.ServiceLayer.Log4net - ---Executed Successfully GetLiteralOrderGridData() in OrdersController----
2026-06-17 11:37:44,488 [7] DEBUG LTCPro.ServiceLayer.Log4net - ---Executed Successfully GetPendingOrdersGridData() in OrdersController----
2026-06-17 11:37:44,765 [40] DEBUG LTCPro.ServiceLayer.Log4net - ---Executed Successfully GetResidentInformation() in ResidentDemographicController----
2026-06-17 11:37:44,832 [17] DEBUG LTCPro.ServiceLayer.Log4net - ---Executing GetUserToken() in UserService----
2026-06-17 11:37:44,847 [7] DEBUG LTCPro.ServiceLayer.Log4net - ---Executing GetUserToken() in UserService----
2026-06-17 11:37:44,872 [40] DEBUG LTCPro.ServiceLayer.Log4net - ---Executing GetUserToken() in UserService----
2026-06-17 11:37:48,363 [17] DEBUG LTCPro.ServiceLayer.Log4net - ---Executing GetEmarOrdersList() in EmarController----
2026-06-17 11:37:48,363 [17] DEBUG LTCPro.ServiceLayer.Log4net - ---Executing GetEmarOrdersList() in Slow Loading Test Start----74_06/17/2026 11:37:48 AM
2026-06-17 11:37:48,363 [17] DEBUG LTCPro.ServiceLayer.Log4net - ---Executing GetEmarOrdersList() in EmarService----
2026-06-17 11:37:48,366 [40] DEBUG LTCPro.ServiceLayer.Log4net - ---Executing GetPatientType() in ResidentDemographicController----
2026-06-17 11:37:48,366 [40] DEBUG LTCPro.ServiceLayer.Log4net - ---Executing GetPatientType() in EmarService----
2026-06-17 11:37:49,368 [7] DEBUG LTCPro.ServiceLayer.Log4net - ---Executing GetMedicationReason() in EmarController----
2026-06-17 11:37:49,368 [7] DEBUG LTCPro.ServiceLayer.Log4net - ---Executing GetMedicationReason() in EmarService----
2026-06-17 11:37:49,374 [39] DEBUG LTCPro.ServiceLayer.Log4net - ---Executing GetUserToken() in UserService----
2026-06-17 11:37:49,580 [40] DEBUG LTCPro.ServiceLayer.Log4net - ---Executed Successfully GetPatientType() in ResidentDemographicController----
2026-06-17 11:37:49,588 [7] DEBUG LTCPro.ServiceLayer.Log4net - ---Executed Successfully GetMedicationReason() in EmarController----
2026-06-17 11:37:49,590 [39] DEBUG LTCPro.ServiceLayer.Log4net - ---Executing GetDiagnosisDetails() in OrdersController----
2026-06-17 11:37:49,590 [39] DEBUG LTCPro.ServiceLayer.Log4net - ---Executing GetDiagnosisDetails() in OrdersService----
2026-06-17 11:37:49,673 [17] DEBUG LTCPro.ServiceLayer.Log4net - ---Executed Successfully GetEmarOrdersList() in EmarController----
2026-06-17 11:37:49,673 [17] DEBUG LTCPro.ServiceLayer.Log4net - ---Executing GetEmarOrdersList() in Slow Loading Test end----74_06/17/2026 11:37:49 AM
2026-06-17 11:37:49,705 [40] DEBUG LTCPro.ServiceLayer.Log4net - ---Executing GetUserToken() in UserService----
2026-06-17 11:37:49,921 [40] DEBUG LTCPro.ServiceLayer.Log4net - ---Executing GetVitalsCheckList() in EMARController----
2026-06-17 11:37:50,234 [39] DEBUG LTCPro.ServiceLayer.Log4net - ---Executed Successfully GetDiagnosisDetails() in OrdersController----
2026-06-17 11:37:50,557 [40] DEBUG LTCPro.ServiceLayer.Log4net - ---Executed Successfully GetVitalsCheckList() in EMARController----
2026-06-17 11:37:52,257 [7] DEBUG LTCPro.ServiceLayer.Log4net - ---Executing GetUserToken() in UserService----
2026-06-17 11:37:52,257 [39] DEBUG LTCPro.ServiceLayer.Log4net - ---Executing GetUserToken() in UserService----
2026-06-17 11:37:52,462 [40] DEBUG LTCPro.ServiceLayer.Log4net - ---Executing GetUserToken() in UserService----
2026-06-17 11:37:52,471 [39] DEBUG LTCPro.ServiceLayer.Log4net - ---Executing GetInsulinCommentsByQuantityId() in CommonController----
2026-06-17 11:37:52,472 [39] DEBUG LTCPro.ServiceLayer.Log4net - ---Executing GetInsulinCommentsByQuantityId() in EmarService----
2026-06-17 11:37:52,474 [7] DEBUG LTCPro.ServiceLayer.Log4net - ---Executing GetEmarRefillNotes() in EmarController----
2026-06-17 11:37:52,475 [7] DEBUG LTCPro.ServiceLayer.Log4net - ---Executing GetEmarRefillNotes () in EmarService----
2026-06-17 11:37:52,676 [40] DEBUG LTCPro.ServiceLayer.Log4net - ---Executing GetNurseNotes() in OrdersController----
2026-06-17 11:37:52,687 [7] DEBUG LTCPro.ServiceLayer.Log4net - ---Executed Successfully GetEmarRefillNotes() in EmarController----
2026-06-17 11:37:52,689 [40] DEBUG LTCPro.ServiceLayer.Log4net - ---Executing GetNurseNotes() in OrdersService----
2026-06-17 11:37:52,702 [39] DEBUG LTCPro.ServiceLayer.Log4net - ---Executed Successfully GetInsulinCommentsByQuantityId() in CommonController----
2026-06-17 11:37:54,602 [40] DEBUG LTCPro.ServiceLayer.Log4net - ---Executed Successfully GetNurseNotes() in OrdersController----
2026-06-17 11:37:56,287 [7] DEBUG LTCPro.ServiceLayer.Log4net - ---Executing GetUserToken() in UserService----
2026-06-17 11:37:56,659 [7] DEBUG LTCPro.ServiceLayer.Log4net - ---Executing InsertDrugAdminister() in EmarController----
2026-06-17 11:37:56,659 [7] DEBUG LTCPro.ServiceLayer.Log4net - ---Executing InsertDrugAdminister() in EmarService----POrderID, PQuantityID, Medication_ReasonID 141923, 143660,2
2026-06-17 11:38:01,571 [7] DEBUG LTCPro.ServiceLayer.Log4net - ---Executed Successfully InsertDrugAdminister() in EmarController----
2026-06-17 11:38:01,669 [40] DEBUG LTCPro.ServiceLayer.Log4net - ---Executing GetUserToken() in UserService----
2026-06-17 11:38:01,673 [25] DEBUG LTCPro.ServiceLayer.Log4net - ---Executing GetUserToken() in UserService----
2026-06-17 11:38:01,680 [39] DEBUG LTCPro.ServiceLayer.Log4net - ---Executing GetUserToken() in UserService----
2026-06-17 11:38:01,887 [40] DEBUG LTCPro.ServiceLayer.Log4net - ---Executing GetPendingDosesList() in CommonController----
2026-06-17 11:38:01,887 [40] DEBUG LTCPro.ServiceLayer.Log4net - ---Executing GetPendingDosesList() in CommonService----
2026-06-17 11:38:01,887 [25] DEBUG LTCPro.ServiceLayer.Log4net - ---Executing GetDueMARAlertData() in EmarController----
2026-06-17 11:38:01,887 [25] DEBUG LTCPro.ServiceLayer.Log4net - ---Executing GetDueMARAlertData() in EmarService----
2026-06-17 11:38:04,576 [39] DEBUG LTCPro.ServiceLayer.Log4net - ---Executing GetEmarOrdersList() in EmarController----
2026-06-17 11:38:04,576 [39] DEBUG LTCPro.ServiceLayer.Log4net - ---Executing GetEmarOrdersList() in Slow Loading Test Start----74_06/17/2026 11:38:04 AM
2026-06-17 11:38:04,576 [39] DEBUG LTCPro.ServiceLayer.Log4net - ---Executing GetEmarOrdersList() in EmarService----
2026-06-17 11:38:04,589 [40] DEBUG LTCPro.ServiceLayer.Log4net - ---Executed Successfully GetPendingDosesList() in CommonController----
2026-06-17 11:38:04,952 [25] DEBUG LTCPro.ServiceLayer.Log4net - ---Executed Successfully GetDueMARAlertData() in EmarController----
2026-06-17 11:38:05,260 [39] DEBUG LTCPro.ServiceLayer.Log4net - ---Executed Successfully GetEmarOrdersList() in EmarController----
2026-06-17 11:38:05,260 [39] DEBUG LTCPro.ServiceLayer.Log4net - ---Executing GetEmarOrdersList() in Slow Loading Test end----74_06/17/2026 11:38:05 AM
2026-06-17 11:38:05,294 [12] DEBUG LTCPro.ServiceLayer.Log4net - ---Executing GetUserToken() in UserService----
2026-06-17 11:38:05,509 [12] DEBUG LTCPro.ServiceLayer.Log4net - ---Executing GetVitalsCheckList() in EMARController----
2026-06-17 11:38:06,145 [12] DEBUG LTCPro.ServiceLayer.Log4net - ---Executed Successfully GetVitalsCheckList() in EMARController----
2026-06-17 11:38:11,698 [17] DEBUG LTCPro.ServiceLayer.Log4net - ---Executing GetUserToken() in UserService----
2026-06-17 11:38:11,701 [6] DEBUG LTCPro.ServiceLayer.Log4net - ---Executing GetUserToken() in UserService----
2026-06-17 11:38:11,736 [12] DEBUG LTCPro.ServiceLayer.Log4net - ---Executing GetUserToken() in UserService----
2026-06-17 11:38:11,917 [6] DEBUG LTCPro.ServiceLayer.Log4net - ---Executing GetInsulinCommentsByQuantityId() in CommonController----
2026-06-17 11:38:11,917 [6] DEBUG LTCPro.ServiceLayer.Log4net - ---Executing GetInsulinCommentsByQuantityId() in EmarService----
2026-06-17 11:38:11,918 [17] DEBUG LTCPro.ServiceLayer.Log4net - ---Executing GetVitalsCheckList() in EMARController----
2026-06-17 11:38:11,953 [37] DEBUG LTCPro.ServiceLayer.Log4net - ---Executing GetUserToken() in UserService----
2026-06-17 11:38:11,956 [12] DEBUG LTCPro.ServiceLayer.Log4net - ---Executing GetEmarRefillNotes() in EmarController----
2026-06-17 11:38:11,956 [12] DEBUG LTCPro.ServiceLayer.Log4net - ---Executing GetEmarRefillNotes () in EmarService----
2026-06-17 11:38:12,133 [6] DEBUG LTCPro.ServiceLayer.Log4net - ---Executed Successfully GetInsulinCommentsByQuantityId() in CommonController----
2026-06-17 11:38:12,169 [12] DEBUG LTCPro.ServiceLayer.Log4net - ---Executed Successfully GetEmarRefillNotes() in EmarController----
2026-06-17 11:38:12,171 [37] DEBUG LTCPro.ServiceLayer.Log4net - ---Executing GetNurseNotes() in OrdersController----
2026-06-17 11:38:12,172 [37] DEBUG LTCPro.ServiceLayer.Log4net - ---Executing GetNurseNotes() in OrdersService----
2026-06-17 11:38:12,553 [17] DEBUG LTCPro.ServiceLayer.Log4net - ---Executed Successfully GetVitalsCheckList() in EMARController----
2026-06-17 11:38:13,286 [37] DEBUG LTCPro.ServiceLayer.Log4net - ---Executed Successfully GetNurseNotes() in OrdersController----
2026-06-17 11:38:17,335 [6] DEBUG LTCPro.ServiceLayer.Log4net - ---Executing GetUserToken() in UserService----
2026-06-17 11:38:17,341 [17] DEBUG LTCPro.ServiceLayer.Log4net - ---Executing GetUserToken() in UserService----
2026-06-17 11:38:17,347 [12] DEBUG LTCPro.ServiceLayer.Log4net - ---Executing GetUserToken() in UserService----
2026-06-17 11:38:17,548 [6] DEBUG LTCPro.ServiceLayer.Log4net - ---Executing GetEmarPreviewYearDrop() in OrdersController----
2026-06-17 11:38:17,549 [6] DEBUG LTCPro.ServiceLayer.Log4net - ---Executing GetEmarPreviewYearDrop() in OrdersService----
2026-06-17 11:38:19,675 [17] DEBUG LTCPro.ServiceLayer.Log4net - ---Executing GetEmarpreviewdetails() in OrdersController----
2026-06-17 11:38:19,679 [12] DEBUG LTCPro.ServiceLayer.Log4net - ---Executing GetEmarpreviewdetails() in OrdersController----
2026-06-17 11:38:19,680 [12] DEBUG LTCPro.ServiceLayer.Log4net - ---Executing GetEmarpreviewdetails() in OrdersService----
2026-06-17 11:38:19,695 [17] DEBUG LTCPro.ServiceLayer.Log4net - ---Executing GetEmarpreviewdetails() in OrdersService----
2026-06-17 11:38:20,008 [12] DEBUG LTCPro.ServiceLayer.Log4net - ---Executed Successfully GetEmarpreviewdetails() in OrdersController----
2026-06-17 11:38:20,071 [6] DEBUG LTCPro.ServiceLayer.Log4net - ---Executed Successfully GetEmarPreviewYearDrop() in OrdersController----
2026-06-17 11:38:21,283 [17] DEBUG LTCPro.ServiceLayer.Log4net - ---Executed Successfully GetEmarpreviewdetails() in OrdersController----
2026-06-17 11:38:33,325 [7] DEBUG LTCPro.ServiceLayer.Log4net - ---Executing GetUserToken() in UserService----
2026-06-17 11:38:33,539 [7] DEBUG LTCPro.ServiceLayer.Log4net - ---Executing GetVitalsCheckList() in EMARController----
2026-06-17 11:38:34,180 [7] DEBUG LTCPro.ServiceLayer.Log4net - ---Executed Successfully GetVitalsCheckList() in EMARController----
2026-06-17 11:38:34,253 [36] DEBUG LTCPro.ServiceLayer.Log4net - ---Executing GetUserToken() in UserService----
2026-06-17 11:38:34,468 [36] DEBUG LTCPro.ServiceLayer.Log4net - ---Executing InsertDrugAdminister() in EmarController----
2026-06-17 11:38:34,468 [36] DEBUG LTCPro.ServiceLayer.Log4net - ---Executing InsertDrugAdminister() in EmarService----POrderID, PQuantityID, Medication_ReasonID 141923, 143660,1
2026-06-17 11:38:37,106 [36] DEBUG LTCPro.ServiceLayer.Log4net - ---Executed Successfully InsertDrugAdminister() in EmarController----
2026-06-17 11:38:37,232 [6] DEBUG LTCPro.ServiceLayer.Log4net - ---Executing GetUserToken() in UserService----
2026-06-17 11:38:37,301 [12] DEBUG LTCPro.ServiceLayer.Log4net - ---Executing GetUserToken() in UserService----
2026-06-17 11:38:37,312 [36] DEBUG LTCPro.ServiceLayer.Log4net - ---Executing GetUserToken() in UserService----
2026-06-17 11:38:39,556 [6] DEBUG LTCPro.ServiceLayer.Log4net - ---Executing GetEmarOrdersList() in EmarController----
2026-06-17 11:38:39,556 [6] DEBUG LTCPro.ServiceLayer.Log4net - ---Executing GetEmarOrdersList() in Slow Loading Test Start----74_06/17/2026 11:38:39 AM
2026-06-17 11:38:39,556 [6] DEBUG LTCPro.ServiceLayer.Log4net - ---Executing GetEmarOrdersList() in EmarService----
2026-06-17 11:38:39,917 [36] DEBUG LTCPro.ServiceLayer.Log4net - ---Executing GetDueMARAlertData() in EmarController----
2026-06-17 11:38:39,917 [36] DEBUG LTCPro.ServiceLayer.Log4net - ---Executing GetDueMARAlertData() in EmarService----
2026-06-17 11:38:39,918 [12] DEBUG LTCPro.ServiceLayer.Log4net - ---Executing GetPendingDosesList() in CommonController----
2026-06-17 11:38:39,918 [12] DEBUG LTCPro.ServiceLayer.Log4net - ---Executing GetPendingDosesList() in CommonService----
2026-06-17 11:38:40,455 [6] DEBUG LTCPro.ServiceLayer.Log4net - ---Executed Successfully GetEmarOrdersList() in EmarController----
2026-06-17 11:38:40,455 [6] DEBUG LTCPro.ServiceLayer.Log4net - ---Executing GetEmarOrdersList() in Slow Loading Test end----74_06/17/2026 11:38:40 AM
2026-06-17 11:38:40,552 [36] DEBUG LTCPro.ServiceLayer.Log4net - ---Executed Successfully GetDueMARAlertData() in EmarController----
2026-06-17 11:38:40,553 [6] DEBUG LTCPro.ServiceLayer.Log4net - ---Executing GetUserToken() in UserService----
2026-06-17 11:38:40,717 [12] DEBUG LTCPro.ServiceLayer.Log4net - ---Executed Successfully GetPendingDosesList() in CommonController----
2026-06-17 11:38:40,767 [6] DEBUG LTCPro.ServiceLayer.Log4net - ---Executing GetVitalsCheckList() in EMARController----
2026-06-17 11:38:41,408 [6] DEBUG LTCPro.ServiceLayer.Log4net - ---Executed Successfully GetVitalsCheckList() in EMARController----
2026-06-17 11:38:43,846 [7] DEBUG LTCPro.ServiceLayer.Log4net - ---Executing GetUserToken() in UserService----
2026-06-17 11:38:43,889 [6] DEBUG LTCPro.ServiceLayer.Log4net - ---Executing GetUserToken() in UserService----
2026-06-17 11:38:44,059 [7] DEBUG LTCPro.ServiceLayer.Log4net - ---Executing GetEmarRefillNotes() in EmarController----
2026-06-17 11:38:44,059 [7] DEBUG LTCPro.ServiceLayer.Log4net - ---Executing GetEmarRefillNotes () in EmarService----
2026-06-17 11:38:44,102 [6] DEBUG LTCPro.ServiceLayer.Log4net - ---Executing GetInsulinCommentsByQuantityId() in CommonController----
2026-06-17 11:38:44,102 [6] DEBUG LTCPro.ServiceLayer.Log4net - ---Executing GetInsulinCommentsByQuantityId() in EmarService----
2026-06-17 11:38:44,115 [12] DEBUG LTCPro.ServiceLayer.Log4net - ---Executing GetUserToken() in UserService----
2026-06-17 11:38:44,272 [7] DEBUG LTCPro.ServiceLayer.Log4net - ---Executed Successfully GetEmarRefillNotes() in EmarController----
2026-06-17 11:38:44,317 [6] DEBUG LTCPro.ServiceLayer.Log4net - ---Executed Successfully GetInsulinCommentsByQuantityId() in CommonController----
2026-06-17 11:38:44,331 [12] DEBUG LTCPro.ServiceLayer.Log4net - ---Executing GetNurseNotes() in OrdersController----
2026-06-17 11:38:44,331 [12] DEBUG LTCPro.ServiceLayer.Log4net - ---Executing GetNurseNotes() in OrdersService----
2026-06-17 11:38:45,449 [12] DEBUG LTCPro.ServiceLayer.Log4net - ---Executed Successfully GetNurseNotes() in OrdersController----
2026-06-17 11:38:54,719 [6] DEBUG LTCPro.ServiceLayer.Log4net - ---Executing GetUserToken() in UserService----
2026-06-17 11:38:54,934 [6] DEBUG LTCPro.ServiceLayer.Log4net - ---Executing InsertDrugAdminister() in EmarController----
2026-06-17 11:38:54,934 [6] DEBUG LTCPro.ServiceLayer.Log4net - ---Executing InsertDrugAdminister() in EmarService----POrderID, PQuantityID, Medication_ReasonID 141923, 143660,2
2026-06-17 11:38:57,503 [6] DEBUG LTCPro.ServiceLayer.Log4net - ---Executed Successfully InsertDrugAdminister() in EmarController----
2026-06-17 11:38:57,560 [12] DEBUG LTCPro.ServiceLayer.Log4net - ---Executing GetUserToken() in UserService----
2026-06-17 11:38:57,567 [17] DEBUG LTCPro.ServiceLayer.Log4net - ---Executing GetUserToken() in UserService----
2026-06-17 11:38:57,591 [36] DEBUG LTCPro.ServiceLayer.Log4net - ---Executing GetUserToken() in UserService----
2026-06-17 11:38:59,485 [12] DEBUG LTCPro.ServiceLayer.Log4net - ---Executing GetEmarOrdersList() in EmarController----
2026-06-17 11:38:59,485 [12] DEBUG LTCPro.ServiceLayer.Log4net - ---Executing GetEmarOrdersList() in Slow Loading Test Start----74_06/17/2026 11:38:59 AM
2026-06-17 11:38:59,485 [12] DEBUG LTCPro.ServiceLayer.Log4net - ---Executing GetEmarOrdersList() in EmarService----
2026-06-17 11:38:59,892 [17] DEBUG LTCPro.ServiceLayer.Log4net - ---Executing GetDueMARAlertData() in EmarController----
2026-06-17 11:38:59,892 [17] DEBUG LTCPro.ServiceLayer.Log4net - ---Executing GetDueMARAlertData() in EmarService----
2026-06-17 11:38:59,896 [36] DEBUG LTCPro.ServiceLayer.Log4net - ---Executing GetPendingDosesList() in CommonController----
2026-06-17 11:38:59,896 [36] DEBUG LTCPro.ServiceLayer.Log4net - ---Executing GetPendingDosesList() in CommonService----
2026-06-17 11:39:00,364 [12] DEBUG LTCPro.ServiceLayer.Log4net - ---Executed Successfully GetEmarOrdersList() in EmarController----
2026-06-17 11:39:00,364 [12] DEBUG LTCPro.ServiceLayer.Log4net - ---Executing GetEmarOrdersList() in Slow Loading Test end----74_06/17/2026 11:39:00 AM
2026-06-17 11:39:00,428 [33] DEBUG LTCPro.ServiceLayer.Log4net - ---Executing GetUserToken() in UserService----
2026-06-17 11:39:00,532 [17] DEBUG LTCPro.ServiceLayer.Log4net - ---Executed Successfully GetDueMARAlertData() in EmarController----
2026-06-17 11:39:00,647 [36] DEBUG LTCPro.ServiceLayer.Log4net - ---Executed Successfully GetPendingDosesList() in CommonController----
2026-06-17 11:39:00,649 [33] DEBUG LTCPro.ServiceLayer.Log4net - ---Executing GetVitalsCheckList() in EMARController----
2026-06-17 11:39:01,289 [33] DEBUG LTCPro.ServiceLayer.Log4net - ---Executed Successfully GetVitalsCheckList() in EMARController----
2026-06-17 11:39:06,982 [12] DEBUG LTCPro.ServiceLayer.Log4net - ---Executing GetUserToken() in UserService----
2026-06-17 11:39:07,018 [6] DEBUG LTCPro.ServiceLayer.Log4net - ---Executing GetUserToken() in UserService----
2026-06-17 11:39:07,217 [12] DEBUG LTCPro.ServiceLayer.Log4net - ---Executing InsertUserActivityDetails() in CompanyController----
2026-06-17 11:39:07,217 [12] DEBUG LTCPro.ServiceLayer.Log4net - ---Executing InsertUserActivityDetails() in UserActivityService----
2026-06-17 11:39:07,219 [17] DEBUG LTCPro.ServiceLayer.Log4net - ---Executing GetUserToken() in UserService----
2026-06-17 11:39:07,231 [6] DEBUG LTCPro.ServiceLayer.Log4net - ---Executing GetUserRecentFacNs() in UserController----
2026-06-17 11:39:07,231 [6] DEBUG LTCPro.ServiceLayer.Log4net - ---Executing GetUserRecentFacNs() in UserService----
2026-06-17 11:39:07,433 [17] DEBUG LTCPro.ServiceLayer.Log4net - ---Executing OrderEndingSoonStatus() in OrdersController----
2026-06-17 11:39:07,433 [17] DEBUG LTCPro.ServiceLayer.Log4net - ---Executing OrderEndingSoonStatus() in OrdersService----
2026-06-17 11:39:07,671 [6] DEBUG LTCPro.ServiceLayer.Log4net - ---Executed Successfully GetUserRecentFacNs() in UserController----
2026-06-17 11:39:07,717 [35] DEBUG LTCPro.ServiceLayer.Log4net - ---Executing GetUserToken() in UserService----
2026-06-17 11:39:07,906 [12] DEBUG LTCPro.ServiceLayer.Log4net - ---Executed Successfully InsertUserActivityDetails() in CompanyController----
2026-06-17 11:39:07,927 [17] DEBUG LTCPro.ServiceLayer.Log4net - ---Executed Successfully OrderEndingSoonStatus() in OrdersController----
2026-06-17 11:39:07,935 [35] DEBUG LTCPro.ServiceLayer.Log4net - ---Executing GetUserAccessFacilityNurseStaions() in FacilityController----
2026-06-17 11:39:07,935 [35] DEBUG LTCPro.ServiceLayer.Log4net - ---Executing GetUserAccessFacilityNurseStaions() in FacilityService----
2026-06-17 11:39:08,369 [35] DEBUG LTCPro.ServiceLayer.Log4net - ---Executed Successfully GetUserAccessFacilityNurseStaions() in FacilityController----
2026-06-17 11:39:08,404 [17] DEBUG LTCPro.ServiceLayer.Log4net - ---Executing GetUserToken() in UserService----
2026-06-17 11:39:08,619 [17] DEBUG LTCPro.ServiceLayer.Log4net - ---Executing UserNurseStationDrop() in FacilityController----
2026-06-17 11:39:08,619 [17] DEBUG LTCPro.ServiceLayer.Log4net - ---Executing UserNurseStationDrop() in FacilityService----
2026-06-17 11:39:08,835 [17] DEBUG LTCPro.ServiceLayer.Log4net - ---Executed Successfully UserNurseStationDrop() in FacilityController----
2026-06-17 11:39:08,909 [17] DEBUG LTCPro.ServiceLayer.Log4net - ---Executing GetUserToken() in UserService----
2026-06-17 11:39:08,924 [35] DEBUG LTCPro.ServiceLayer.Log4net - ---Executing GetUserToken() in UserService----
2026-06-17 11:39:09,157 [17] DEBUG LTCPro.ServiceLayer.Log4net - ---Executing GetPRNDetailsByfilter() in EMARController----
2026-06-17 11:39:09,157 [17] DEBUG LTCPro.ServiceLayer.Log4net - ---Executing GetPRNDetailsByfilter() in EmarService----
2026-06-17 11:39:09,160 [35] DEBUG LTCPro.ServiceLayer.Log4net - ---Executing GetSeventyTwoHourDetailsByfilter() in EMARController----
2026-06-17 11:39:09,160 [35] DEBUG LTCPro.ServiceLayer.Log4net - ---Executing GetSeventyTwoHourDetailsByfilter() in EmarService----
2026-06-17 11:39:09,213 [36] DEBUG LTCPro.ServiceLayer.Log4net - ---Executing GetUserToken() in UserService----
2026-06-17 11:39:09,217 [12] DEBUG LTCPro.ServiceLayer.Log4net - ---Executing GetUserToken() in UserService----
2026-06-17 11:39:09,427 [36] DEBUG LTCPro.ServiceLayer.Log4net - ---Executing OrderEndingSoonStatus() in OrdersController----
2026-06-17 11:39:09,427 [36] DEBUG LTCPro.ServiceLayer.Log4net - ---Executing OrderEndingSoonStatus() in OrdersService----
2026-06-17 11:39:09,432 [12] DEBUG LTCPro.ServiceLayer.Log4net - ---Executing GetOrdersEndingSoon() in OrdersController----
2026-06-17 11:39:09,432 [12] DEBUG LTCPro.ServiceLayer.Log4net - ---Executing GetOrdersEndingSoon() in OrdersService----
2026-06-17 11:39:09,697 [7] DEBUG LTCPro.ServiceLayer.Log4net - ---Executing GetUserToken() in UserService----
2026-06-17 11:39:09,919 [7] DEBUG LTCPro.ServiceLayer.Log4net - ---Executing GetOrdersGridData() in OrdersController----
2026-06-17 11:39:09,919 [7] DEBUG LTCPro.ServiceLayer.Log4net - ---Executing GetOrdersGridData() in OrdersService----
2026-06-17 11:39:09,935 [36] DEBUG LTCPro.ServiceLayer.Log4net - ---Executed Successfully OrderEndingSoonStatus() in OrdersController----
2026-06-17 11:39:09,937 [12] DEBUG LTCPro.ServiceLayer.Log4net - ---Executed Successfully GetOrdersEndingSoon() in OrdersController----
2026-06-17 11:39:09,956 [12] DEBUG LTCPro.ServiceLayer.Log4net - ---Executing GetUserToken() in UserService----
2026-06-17 11:39:10,137 [17] DEBUG LTCPro.ServiceLayer.Log4net - ---Executed Successfully GetPRNDetailsByfilter() in EMARController----
2026-06-17 11:39:10,184 [12] DEBUG LTCPro.ServiceLayer.Log4net - ---Executing GetCompanyToBedFlagByFacId() in FacilityController----
2026-06-17 11:39:10,184 [12] DEBUG LTCPro.ServiceLayer.Log4net - ---Executing GetCompanyToBedFlagByFacId() in FacilityService----
2026-06-17 11:39:10,523 [35] DEBUG LTCPro.ServiceLayer.Log4net - ---Executed Successfully GetSeventyTwoHourDetailsByfilter() in EMARController----
2026-06-17 11:39:11,482 [12] DEBUG LTCPro.ServiceLayer.Log4net - ---Executed Successfully GetCompanyToBedFlagByFacId() in FacilityController----
2026-06-17 11:39:11,534 [12] DEBUG LTCPro.ServiceLayer.Log4net - ---Executing GetUserToken() in UserService----
2026-06-17 11:39:11,753 [12] DEBUG LTCPro.ServiceLayer.Log4net - ---Executing GetNurseStationHierarchyDetailsbyNsId() in CompanyController----
2026-06-17 11:39:11,753 [12] DEBUG LTCPro.ServiceLayer.Log4net - ---Executing GetNurseStationHierarchyDetailsbyNsId() in CompanyService----
2026-06-17 11:39:11,977 [12] DEBUG LTCPro.ServiceLayer.Log4net - ---Executed Successfully GetNurseStationHierarchyDetailsbyNsId() in CompanyController----
2026-06-17 11:39:12,768 [7] DEBUG LTCPro.ServiceLayer.Log4net - ---Executed Successfully GetOrdersGridData() in OrdersController----
2026-06-17 11:39:13,111 [6] DEBUG LTCPro.ServiceLayer.Log4net - ---Executing GetUserToken() in UserService----
2026-06-17 11:39:13,331 [6] DEBUG LTCPro.ServiceLayer.Log4net - ---Executing GetPendingOrdersGridData() in OrdersController----
2026-06-17 11:39:13,331 [6] DEBUG LTCPro.ServiceLayer.Log4net - ---Executing GetPendingOrdersGridData() in OrdersService----
2026-06-17 11:39:15,345 [7] DEBUG LTCPro.ServiceLayer.Log4net - ---Executing GetUserToken() in UserService----
2026-06-17 11:39:15,357 [37] DEBUG LTCPro.ServiceLayer.Log4net - ---Executing GetUserToken() in UserService----
2026-06-17 11:39:15,560 [7] DEBUG LTCPro.ServiceLayer.Log4net - ---Executing InsertUserActivityDetails() in CompanyController----
2026-06-17 11:39:15,560 [7] DEBUG LTCPro.ServiceLayer.Log4net - ---Executing InsertUserActivityDetails() in UserActivityService----
2026-06-17 11:39:15,570 [37] DEBUG LTCPro.ServiceLayer.Log4net - ---Executing GetUserRecentFacNs() in UserController----
2026-06-17 11:39:15,570 [37] DEBUG LTCPro.ServiceLayer.Log4net - ---Executing GetUserRecentFacNs() in UserService----
2026-06-17 11:39:15,995 [37] DEBUG LTCPro.ServiceLayer.Log4net - ---Executed Successfully GetUserRecentFacNs() in UserController----
2026-06-17 11:39:16,083 [6] DEBUG LTCPro.ServiceLayer.Log4net - ---Executed Successfully GetPendingOrdersGridData() in OrdersController----
2026-06-17 11:39:16,107 [17] DEBUG LTCPro.ServiceLayer.Log4net - ---Executing GetUserToken() in UserService----
2026-06-17 11:39:16,204 [7] DEBUG LTCPro.ServiceLayer.Log4net - ---Executed Successfully InsertUserActivityDetails() in CompanyController----
2026-06-17 11:39:16,277 [36] DEBUG LTCPro.ServiceLayer.Log4net - ---Executing GetUserToken() in UserService----
2026-06-17 11:39:16,325 [17] DEBUG LTCPro.ServiceLayer.Log4net - ---Executing GetUserAccessFacilityNurseStaions() in FacilityController----
2026-06-17 11:39:16,325 [17] DEBUG LTCPro.ServiceLayer.Log4net - ---Executing GetUserAccessFacilityNurseStaions() in FacilityService----
2026-06-17 11:39:16,531 [36] DEBUG LTCPro.ServiceLayer.Log4net - ---Executing UnionBarcodeDetails() in CheckInPharmacyMedsController----
2026-06-17 11:39:16,537 [36] DEBUG LTCPro.ServiceLayer.Log4net - ---Executing UnionBarcodeDetails() in CheckInPharmacyMedsService----
2026-06-17 11:39:16,769 [17] DEBUG LTCPro.ServiceLayer.Log4net - ---Executed Successfully GetUserAccessFacilityNurseStaions() in FacilityController----
2026-06-17 11:39:16,813 [6] DEBUG LTCPro.ServiceLayer.Log4net - ---Executing GetUserToken() in UserService----
2026-06-17 11:39:16,813 [12] DEBUG LTCPro.ServiceLayer.Log4net - ---Executing GetUserToken() in UserService----
2026-06-17 11:39:17,031 [12] DEBUG LTCPro.ServiceLayer.Log4net - ---Executing UserNurseStationDrop() in FacilityController----
2026-06-17 11:39:17,031 [12] DEBUG LTCPro.ServiceLayer.Log4net - ---Executing UserNurseStationDrop() in FacilityService----
2026-06-17 11:39:17,040 [6] DEBUG LTCPro.ServiceLayer.Log4net - ---Executing UserNurseStationDrop() in FacilityController----
2026-06-17 11:39:17,040 [6] DEBUG LTCPro.ServiceLayer.Log4net - ---Executing UserNurseStationDrop() in FacilityService----
2026-06-17 11:39:17,246 [12] DEBUG LTCPro.ServiceLayer.Log4net - ---Executed Successfully UserNurseStationDrop() in FacilityController----
2026-06-17 11:39:17,260 [6] DEBUG LTCPro.ServiceLayer.Log4net - ---Executed Successfully UserNurseStationDrop() in FacilityController----
2026-06-17 11:39:17,304 [36] DEBUG LTCPro.ServiceLayer.Log4net - ---Executed Successfully UnionBarcodeDetails() in CheckInPharmacyMedsController----
2026-06-17 11:39:17,348 [37] DEBUG LTCPro.ServiceLayer.Log4net - ---Executing GetUserToken() in UserService----
2026-06-17 11:39:17,394 [7] DEBUG LTCPro.ServiceLayer.Log4net - ---Executing GetUserToken() in UserService----
2026-06-17 11:39:17,564 [37] DEBUG LTCPro.ServiceLayer.Log4net - ---Executing GetEkitGridDetails() in CheckInPharmacyMedsController----
2026-06-17 11:39:17,564 [37] DEBUG LTCPro.ServiceLayer.Log4net - ---Executing GetEkitGridDetails() in CheckInPharmacyMedsService----
2026-06-17 11:39:17,616 [7] DEBUG LTCPro.ServiceLayer.Log4net - ---Executing GetEkitGridDetails() in CheckInPharmacyMedsController----
2026-06-17 11:39:17,616 [7] DEBUG LTCPro.ServiceLayer.Log4net - ---Executing GetEkitGridDetails() in CheckInPharmacyMedsService----
2026-06-17 11:39:17,828 [37] DEBUG LTCPro.ServiceLayer.Log4net - ---Executed Successfully GetEkitGridDetails() in CheckInPharmacyMedsController----
2026-06-17 11:39:17,844 [7] DEBUG LTCPro.ServiceLayer.Log4net - ---Executed Successfully GetEkitGridDetails() in CheckInPharmacyMedsController----
2026-06-17 11:39:27,684 [6] DEBUG LTCPro.ServiceLayer.Log4net - ---Executing LogoutUser() in UserController----
2026-06-17 11:39:27,805 [6] DEBUG LTCPro.ServiceLayer.Log4net - ---Executing LogoutUser() in UserService----
2026-06-17 11:39:30,199 [6] DEBUG LTCPro.ServiceLayer.Log4net - ---Executed Successfully LogoutUser() in UserController----
2026-06-17 11:39:55,817 [37] DEBUG LTCPro.ServiceLayer.Log4net - ---Executing UsersConfigNurseStationDrop() in FacilityController----
2026-06-17 11:39:55,817 [37] DEBUG LTCPro.ServiceLayer.Log4net - ---Executing UsersConfigNurseStationDrop() in FacilityService----
2026-06-17 11:39:56,255 [37] DEBUG LTCPro.ServiceLayer.Log4net - ---Executed Successfully UsersConfigNurseStationDrop() in FacilityController----
2026-06-17 11:39:56,472 [36] DEBUG LTCPro.ServiceLayer.Log4net - ---Executing GetProcessKeyMasterList() in FacilityController----
2026-06-17 11:39:56,472 [36] DEBUG LTCPro.ServiceLayer.Log4net - ---Executing GetProcessKeyMasterList() in FacilityService----
2026-06-17 11:39:56,696 [36] DEBUG LTCPro.ServiceLayer.Log4net - ---Executed Successfully GetProcessKeyMasterList() in FacilityController----
2026-06-17 11:40:07,192 [6] DEBUG LTCPro.ServiceLayer.Log4net - ---Executing CheckUser() in UserService----
2026-06-17 11:40:09,375 [6] DEBUG LTCPro.ServiceLayer.Log4net - ---Executing FindUser() in UserService----
2026-06-17 11:40:09,596 [6] DEBUG LTCPro.ServiceLayer.Log4net - ---Executing InsertUserSession() in UserService----
2026-06-17 11:40:10,263 [6] DEBUG LTCPro.ServiceLayer.Log4net - ---Executing InsertUserToken() in UserService----
2026-06-17 11:40:11,170 [36] DEBUG LTCPro.ServiceLayer.Log4net - ---Executing InsertUpdateUserRecentFacNs() in UserController----
2026-06-17 11:40:11,170 [36] DEBUG LTCPro.ServiceLayer.Log4net - ---Executing GetUserRecentFacNs() in UserService----
2026-06-17 11:40:11,360 [37] DEBUG LTCPro.ServiceLayer.Log4net - ---Executing GetScreenPermissionsForLoggedInUser() in RoleController----
2026-06-17 11:40:11,360 [37] DEBUG LTCPro.ServiceLayer.Log4net - ---Executing GetScreenPermissionsForLoggedInUser() in RoleService----
2026-06-17 11:40:11,580 [37] DEBUG LTCPro.ServiceLayer.Log4net - ---Executed Successfully GetScreenPermissionsForLoggedInUser() in RoleController----
2026-06-17 11:40:11,649 [36] DEBUG LTCPro.ServiceLayer.Log4net - ---Executing InsertUpdateUserRecentFacNs() in CommonService----
2026-06-17 11:40:11,738 [6] DEBUG LTCPro.ServiceLayer.Log4net - ---Executing GetUserToken() in UserService----
2026-06-17 11:40:11,739 [37] DEBUG LTCPro.ServiceLayer.Log4net - ---Executing GetUserToken() in UserService----
2026-06-17 11:40:11,740 [35] DEBUG LTCPro.ServiceLayer.Log4net - ---Executing GetUserToken() in UserService----
2026-06-17 11:40:11,751 [16] DEBUG LTCPro.ServiceLayer.Log4net - ---Executing GetUserToken() in UserService----
2026-06-17 11:40:11,953 [35] DEBUG LTCPro.ServiceLayer.Log4net - ---Executing GetUserPassedDueFlag() in UserController----
2026-06-17 11:40:11,953 [35] DEBUG LTCPro.ServiceLayer.Log4net - ---Executing GetUserPassedDueFlag() in UserService----
2026-06-17 11:40:11,960 [37] DEBUG LTCPro.ServiceLayer.Log4net - ---Executing GetReadMailsCount() in MailboxController----
2026-06-17 11:40:11,960 [37] DEBUG LTCPro.ServiceLayer.Log4net - ---Executing GetReadMailsCount() in MailboxService----
2026-06-17 11:40:11,964 [6] DEBUG LTCPro.ServiceLayer.Log4net - ---Executing GetOutboundErrorDetails() in CommonController----
2026-06-17 11:40:11,965 [6] DEBUG LTCPro.ServiceLayer.Log4net - ---Executing GetOutboundErrorDetails() in CommonService----
2026-06-17 11:40:11,965 [16] DEBUG LTCPro.ServiceLayer.Log4net - ---Executing GetAlertsDetails() in MailboxController----
2026-06-17 11:40:11,965 [16] DEBUG LTCPro.ServiceLayer.Log4net - ---Executing GetAlertsDetails() in MailboxService----
2026-06-17 11:40:12,167 [35] DEBUG LTCPro.ServiceLayer.Log4net - ---Executed Successfully GetUserPassedDueFlag() in UserController----
2026-06-17 11:40:12,174 [37] DEBUG LTCPro.ServiceLayer.Log4net - ---Executed successfully GetReadMailsCount() in MailboxController----
2026-06-17 11:40:12,205 [35] DEBUG LTCPro.ServiceLayer.Log4net - ---Executing GetUserToken() in UserService----
2026-06-17 11:40:12,217 [37] DEBUG LTCPro.ServiceLayer.Log4net - ---Executing GetUserToken() in UserService----
2026-06-17 11:40:12,444 [37] DEBUG LTCPro.ServiceLayer.Log4net - ---Executing GetPendingDosesList() in CommonController----
2026-06-17 11:40:12,444 [37] DEBUG LTCPro.ServiceLayer.Log4net - ---Executing GetPendingDosesList() in CommonService----
2026-06-17 11:40:12,460 [35] DEBUG LTCPro.ServiceLayer.Log4net - ---Executing GetDueMARAlertData() in EmarController----
2026-06-17 11:40:12,462 [35] DEBUG LTCPro.ServiceLayer.Log4net - ---Executing GetDueMARAlertData() in EmarService----
2026-06-17 11:40:12,600 [16] DEBUG LTCPro.ServiceLayer.Log4net - ---Executed successfully GetAlertsDetails() in MailboxController----
2026-06-17 11:40:12,621 [16] DEBUG LTCPro.ServiceLayer.Log4net - ---Executing GetUserToken() in UserService----
2026-06-17 11:40:12,770 [36] DEBUG LTCPro.ServiceLayer.Log4net - ---Executed Successfully InsertUpdateUserRecentFacNs() in UserController----
2026-06-17 11:40:12,785 [36] DEBUG LTCPro.ServiceLayer.Log4net - ---Executing GetUserToken() in UserService----
2026-06-17 11:40:12,854 [16] DEBUG LTCPro.ServiceLayer.Log4net - ---Executing GetUserRecentFacNs() in UserController----
2026-06-17 11:40:12,854 [16] DEBUG LTCPro.ServiceLayer.Log4net - ---Executing GetUserRecentFacNs() in UserService----
2026-06-17 11:40:12,999 [36] DEBUG LTCPro.ServiceLayer.Log4net - ---Executing InsertUserActivityDetails() in CompanyController----
2026-06-17 11:40:12,999 [36] DEBUG LTCPro.ServiceLayer.Log4net - ---Executing InsertUserActivityDetails() in UserActivityService----
2026-06-17 11:40:13,286 [16] DEBUG LTCPro.ServiceLayer.Log4net - ---Executed Successfully GetUserRecentFacNs() in UserController----
2026-06-17 11:40:13,318 [16] DEBUG LTCPro.ServiceLayer.Log4net - ---Executing GetUserToken() in UserService----
2026-06-17 11:40:13,534 [16] DEBUG LTCPro.ServiceLayer.Log4net - ---Executing GetUserActiveCompanyMasterList() in CompanyController----
2026-06-17 11:40:13,534 [16] DEBUG LTCPro.ServiceLayer.Log4net - ---Executing GetActiveCompanyMasterList() in CompanyService----
2026-06-17 11:40:13,657 [36] DEBUG LTCPro.ServiceLayer.Log4net - ---Executed Successfully InsertUserActivityDetails() in CompanyController----
2026-06-17 11:40:14,265 [35] DEBUG LTCPro.ServiceLayer.Log4net - ---Executed Successfully GetDueMARAlertData() in EmarController----
2026-06-17 11:40:14,331 [35] DEBUG LTCPro.ServiceLayer.Log4net - ---Executing GetUserToken() in UserService----
2026-06-17 11:40:14,545 [35] DEBUG LTCPro.ServiceLayer.Log4net - ---Executing GetUserAccessFacilityNurseStaions() in FacilityController----
2026-06-17 11:40:14,545 [35] DEBUG LTCPro.ServiceLayer.Log4net - ---Executing GetUserAccessFacilityNurseStaions() in FacilityService----
2026-06-17 11:40:14,776 [37] DEBUG LTCPro.ServiceLayer.Log4net - ---Executed Successfully GetPendingDosesList() in CommonController----
2026-06-17 11:40:14,987 [35] DEBUG LTCPro.ServiceLayer.Log4net - ---Executed Successfully GetUserAccessFacilityNurseStaions() in FacilityController----
2026-06-17 11:40:15,322 [16] DEBUG LTCPro.ServiceLayer.Log4net - ---Executed Successfully GetUserActiveCompanyMasterList() in CompanyController----
2026-06-17 11:40:16,430 [35] DEBUG LTCPro.ServiceLayer.Log4net - ---Executing GetUserToken() in UserService----
2026-06-17 11:40:16,439 [16] DEBUG LTCPro.ServiceLayer.Log4net - ---Executing GetUserToken() in UserService----
2026-06-17 11:40:16,442 [37] DEBUG LTCPro.ServiceLayer.Log4net - ---Executing GetUserToken() in UserService----
2026-06-17 11:40:16,650 [35] DEBUG LTCPro.ServiceLayer.Log4net - ---Executing InsertUserActivityDetails() in CompanyController----
2026-06-17 11:40:16,650 [35] DEBUG LTCPro.ServiceLayer.Log4net - ---Executing InsertUserActivityDetails() in UserActivityService----
2026-06-17 11:40:16,652 [16] DEBUG LTCPro.ServiceLayer.Log4net - ---Executing GetUserRecentFacNs() in UserController----
2026-06-17 11:40:16,652 [16] DEBUG LTCPro.ServiceLayer.Log4net - ---Executing GetUserRecentFacNs() in UserService----
2026-06-17 11:40:16,657 [37] DEBUG LTCPro.ServiceLayer.Log4net - ---Executing GetDueMARAlertData() in EmarController----
2026-06-17 11:40:16,657 [37] DEBUG LTCPro.ServiceLayer.Log4net - ---Executing GetDueMARAlertData() in EmarService----
2026-06-17 11:40:17,079 [16] DEBUG LTCPro.ServiceLayer.Log4net - ---Executed Successfully GetUserRecentFacNs() in UserController----
2026-06-17 11:40:17,137 [16] DEBUG LTCPro.ServiceLayer.Log4net - ---Executing GetUserToken() in UserService----
2026-06-17 11:40:17,327 [35] DEBUG LTCPro.ServiceLayer.Log4net - ---Executed Successfully InsertUserActivityDetails() in CompanyController----
2026-06-17 11:40:17,353 [16] DEBUG LTCPro.ServiceLayer.Log4net - ---Executing GetCompanyToBedData() in FacilityController----
2026-06-17 11:40:17,353 [16] DEBUG LTCPro.ServiceLayer.Log4net - ---Executing GetCompanyToBedData() in FacilityService----
2026-06-17 11:40:18,919 [37] DEBUG LTCPro.ServiceLayer.Log4net - ---Executed Successfully GetDueMARAlertData() in EmarController----
2026-06-17 11:40:19,573 [16] DEBUG LTCPro.ServiceLayer.Log4net - ---Executed Successfully GetCompanyToBedData() in FacilityController----
2026-06-17 11:40:19,678 [16] DEBUG LTCPro.ServiceLayer.Log4net - ---Executing GetUserToken() in UserService----
2026-06-17 11:40:19,893 [16] DEBUG LTCPro.ServiceLayer.Log4net - ---Executing UserNurseStationDrop() in FacilityController----
2026-06-17 11:40:19,894 [16] DEBUG LTCPro.ServiceLayer.Log4net - ---Executing UserNurseStationDrop() in FacilityService----
2026-06-17 11:40:20,112 [16] DEBUG LTCPro.ServiceLayer.Log4net - ---Executed Successfully UserNurseStationDrop() in FacilityController----
2026-06-17 11:40:20,203 [37] DEBUG LTCPro.ServiceLayer.Log4net - ---Executing GetUserToken() in UserService----
2026-06-17 11:40:20,206 [16] DEBUG LTCPro.ServiceLayer.Log4net - ---Executing GetUserToken() in UserService----
2026-06-17 11:40:20,405 [35] DEBUG LTCPro.ServiceLayer.Log4net - ---Executing GetUserToken() in UserService----
2026-06-17 11:40:20,417 [37] DEBUG LTCPro.ServiceLayer.Log4net - ---Executing GetDrFirstFlagForCompanyByNSId() in CompanyController----
2026-06-17 11:40:20,417 [37] DEBUG LTCPro.ServiceLayer.Log4net - ---Executing GetDrFirstFlagForCompanyByNSId() in CompanyService----
2026-06-17 11:40:20,430 [16] DEBUG LTCPro.ServiceLayer.Log4net - ---Executing GetNursingScheduleData() in EmarController----
2026-06-17 11:40:20,431 [16] DEBUG LTCPro.ServiceLayer.Log4net - ---Executing GetNursingScheduleData() in EmarService----
2026-06-17 11:40:20,619 [35] DEBUG LTCPro.ServiceLayer.Log4net - ---Executing GetPendingOrdersGridData() in OrdersController----
2026-06-17 11:40:20,619 [35] DEBUG LTCPro.ServiceLayer.Log4net - ---Executing GetPendingOrdersGridData() in OrdersService----
2026-06-17 11:40:20,639 [37] DEBUG LTCPro.ServiceLayer.Log4net - ---Executed Successfully GetDrFirstFlagForCompanyByNSId() in CompanyController----
2026-06-17 11:40:20,674 [36] DEBUG LTCPro.ServiceLayer.Log4net - ---Executing GetUserToken() in UserService----
2026-06-17 11:40:20,703 [16] DEBUG LTCPro.ServiceLayer.Log4net - ---Executed Successfully GetNursingScheduleData() in EmarController----
2026-06-17 11:40:20,854 [37] DEBUG LTCPro.ServiceLayer.Log4net - ---Executing GetUserToken() in UserService----
2026-06-17 11:40:20,887 [36] DEBUG LTCPro.ServiceLayer.Log4net - ---Executing GetTimeZoneDate() in CommonController----
2026-06-17 11:40:20,887 [36] DEBUG LTCPro.ServiceLayer.Log4net - ---Executing GetTimeZoneDate() in CommonService----
2026-06-17 11:40:21,086 [37] DEBUG LTCPro.ServiceLayer.Log4net - ---Executing GetNurseShiftDrop() in CommonController----
2026-06-17 11:40:21,107 [37] DEBUG LTCPro.ServiceLayer.Log4net - ---Executing GetNurseShiftDrop() in CommonService----
2026-06-17 11:40:21,115 [36] DEBUG LTCPro.ServiceLayer.Log4net - ---Executed Successfully GetTimeZoneDate() in CommonController----
2026-06-17 11:40:21,391 [37] DEBUG LTCPro.ServiceLayer.Log4net - ---Executed Successfully GetNurseShiftDrop() in CommonController----
2026-06-17 11:40:22,729 [36] DEBUG LTCPro.ServiceLayer.Log4net - ---Executing GetUserToken() in UserService----
2026-06-17 11:40:22,733 [16] DEBUG LTCPro.ServiceLayer.Log4net - ---Executing GetUserToken() in UserService----
2026-06-17 11:40:22,935 [37] DEBUG LTCPro.ServiceLayer.Log4net - ---Executing GetUserToken() in UserService----
2026-06-17 11:40:22,944 [36] DEBUG LTCPro.ServiceLayer.Log4net - ---Executing InsertUserActivityDetails() in CompanyController----
2026-06-17 11:40:22,944 [36] DEBUG LTCPro.ServiceLayer.Log4net - ---Executing InsertUserActivityDetails() in UserActivityService----
2026-06-17 11:40:22,946 [16] DEBUG LTCPro.ServiceLayer.Log4net - ---Executing GetUserRecentFacNs() in UserController----
2026-06-17 11:40:22,946 [16] DEBUG LTCPro.ServiceLayer.Log4net - ---Executing GetUserRecentFacNs() in UserService----
2026-06-17 11:40:23,148 [37] DEBUG LTCPro.ServiceLayer.Log4net - ---Executing OrderEndingSoonStatus() in OrdersController----
2026-06-17 11:40:23,148 [37] DEBUG LTCPro.ServiceLayer.Log4net - ---Executing OrderEndingSoonStatus() in OrdersService----
2026-06-17 11:40:23,371 [16] DEBUG LTCPro.ServiceLayer.Log4net - ---Executed Successfully GetUserRecentFacNs() in UserController----
2026-06-17 11:40:23,406 [11] DEBUG LTCPro.ServiceLayer.Log4net - ---Executing GetUserToken() in UserService----
2026-06-17 11:40:23,592 [36] DEBUG LTCPro.ServiceLayer.Log4net - ---Executed Successfully InsertUserActivityDetails() in CompanyController----
2026-06-17 11:40:23,627 [11] DEBUG LTCPro.ServiceLayer.Log4net - ---Executing GetUserAccessFacilityNurseStaions() in FacilityController----
2026-06-17 11:40:23,627 [11] DEBUG LTCPro.ServiceLayer.Log4net - ---Executing GetUserAccessFacilityNurseStaions() in FacilityService----
2026-06-17 11:40:23,670 [37] DEBUG LTCPro.ServiceLayer.Log4net - ---Executed Successfully OrderEndingSoonStatus() in OrdersController----
2026-06-17 11:40:23,747 [6] DEBUG LTCPro.ServiceLayer.Log4net - ---Executed Successfully GetOutboundErrorDetails() in CommonController----
2026-06-17 11:40:24,123 [11] DEBUG LTCPro.ServiceLayer.Log4net - ---Executed Successfully GetUserAccessFacilityNurseStaions() in FacilityController----
2026-06-17 11:40:27,005 [6] DEBUG LTCPro.ServiceLayer.Log4net - ---Executing GetUserToken() in UserService----
2026-06-17 11:40:27,223 [6] DEBUG LTCPro.ServiceLayer.Log4net - ---Executing UserNurseStationDrop() in FacilityController----
2026-06-17 11:40:27,223 [6] DEBUG LTCPro.ServiceLayer.Log4net - ---Executing UserNurseStationDrop() in FacilityService----
2026-06-17 11:40:27,439 [6] DEBUG LTCPro.ServiceLayer.Log4net - ---Executed Successfully UserNurseStationDrop() in FacilityController----
2026-06-17 11:40:27,579 [37] DEBUG LTCPro.ServiceLayer.Log4net - ---Executing GetUserToken() in UserService----
2026-06-17 11:40:27,688 [34] DEBUG LTCPro.ServiceLayer.Log4net - ---Executing GetUserToken() in UserService----
2026-06-17 11:40:27,807 [37] DEBUG LTCPro.ServiceLayer.Log4net - ---Executing GetSeventyTwoHourDetailsByfilter() in EMARController----
2026-06-17 11:40:27,807 [37] DEBUG LTCPro.ServiceLayer.Log4net - ---Executing GetSeventyTwoHourDetailsByfilter() in EmarService----
2026-06-17 11:40:27,834 [11] DEBUG LTCPro.ServiceLayer.Log4net - ---Executing GetUserToken() in UserService----
2026-06-17 11:40:27,847 [16] DEBUG LTCPro.ServiceLayer.Log4net - ---Executing GetUserToken() in UserService----
2026-06-17 11:40:27,850 [6] DEBUG LTCPro.ServiceLayer.Log4net - ---Executing GetUserToken() in UserService----
2026-06-17 11:40:27,905 [34] DEBUG LTCPro.ServiceLayer.Log4net - ---Executing GetCompanyToBedFlagByFacId() in FacilityController----
2026-06-17 11:40:27,905 [34] DEBUG LTCPro.ServiceLayer.Log4net - ---Executing GetCompanyToBedFlagByFacId() in FacilityService----
2026-06-17 11:40:28,052 [11] DEBUG LTCPro.ServiceLayer.Log4net - ---Executing GetOrdersEndingSoon() in OrdersController----
2026-06-17 11:40:28,052 [11] DEBUG LTCPro.ServiceLayer.Log4net - ---Executing GetOrdersEndingSoon() in OrdersService----
2026-06-17 11:40:28,061 [16] DEBUG LTCPro.ServiceLayer.Log4net - ---Executing OrderEndingSoonStatus() in OrdersController----
2026-06-17 11:40:28,061 [16] DEBUG LTCPro.ServiceLayer.Log4net - ---Executing OrderEndingSoonStatus() in OrdersService----
2026-06-17 11:40:28,062 [6] DEBUG LTCPro.ServiceLayer.Log4net - ---Executing GetOrdersGridData() in OrdersController----
2026-06-17 11:40:28,062 [6] DEBUG LTCPro.ServiceLayer.Log4net - ---Executing GetOrdersGridData() in OrdersService----
2026-06-17 11:40:28,343 [34] DEBUG LTCPro.ServiceLayer.Log4net - ---Executed Successfully GetCompanyToBedFlagByFacId() in FacilityController----
2026-06-17 11:40:28,375 [36] DEBUG LTCPro.ServiceLayer.Log4net - ---Executing GetUserToken() in UserService----
2026-06-17 11:40:28,511 [11] DEBUG LTCPro.ServiceLayer.Log4net - ---Executed Successfully GetOrdersEndingSoon() in OrdersController----
2026-06-17 11:40:28,576 [34] DEBUG LTCPro.ServiceLayer.Log4net - ---Executing GetUserToken() in UserService----
2026-06-17 11:40:28,604 [16] DEBUG LTCPro.ServiceLayer.Log4net - ---Executed Successfully OrderEndingSoonStatus() in OrdersController----
2026-06-17 11:40:28,608 [36] DEBUG LTCPro.ServiceLayer.Log4net - ---Executing GetPRNDetailsByfilter() in EMARController----
2026-06-17 11:40:28,608 [36] DEBUG LTCPro.ServiceLayer.Log4net - ---Executing GetPRNDetailsByfilter() in EmarService----
2026-06-17 11:40:28,793 [34] DEBUG LTCPro.ServiceLayer.Log4net - ---Executing GetNurseStationHierarchyDetailsbyNsId() in CompanyController----
2026-06-17 11:40:28,793 [34] DEBUG LTCPro.ServiceLayer.Log4net - ---Executing GetNurseStationHierarchyDetailsbyNsId() in CompanyService----
2026-06-17 11:40:29,011 [34] DEBUG LTCPro.ServiceLayer.Log4net - ---Executed Successfully GetNurseStationHierarchyDetailsbyNsId() in CompanyController----
2026-06-17 11:40:30,365 [6] DEBUG LTCPro.ServiceLayer.Log4net - ---Executed Successfully GetOrdersGridData() in OrdersController----
2026-06-17 11:40:30,591 [6] DEBUG LTCPro.ServiceLayer.Log4net - ---Executing GetUserToken() in UserService----
2026-06-17 11:40:30,832 [6] DEBUG LTCPro.ServiceLayer.Log4net - ---Executing GetPendingOrdersGridData() in OrdersController----
2026-06-17 11:40:30,832 [6] DEBUG LTCPro.ServiceLayer.Log4net - ---Executing GetPendingOrdersGridData() in OrdersService----
2026-06-17 11:40:31,935 [11] DEBUG LTCPro.ServiceLayer.Log4net - ---Executing GetUserToken() in UserService----
2026-06-17 11:40:31,942 [16] DEBUG LTCPro.ServiceLayer.Log4net - ---Executing GetUserToken() in UserService----
2026-06-17 11:40:32,155 [11] DEBUG LTCPro.ServiceLayer.Log4net - ---Executing InsertUserActivityDetails() in CompanyController----
2026-06-17 11:40:32,155 [11] DEBUG LTCPro.ServiceLayer.Log4net - ---Executing InsertUserActivityDetails() in UserActivityService----
2026-06-17 11:40:32,156 [16] DEBUG LTCPro.ServiceLayer.Log4net - ---Executing GetUserRecentFacNs() in UserController----
2026-06-17 11:40:32,156 [16] DEBUG LTCPro.ServiceLayer.Log4net - ---Executing GetUserRecentFacNs() in UserService----
2026-06-17 11:40:32,582 [16] DEBUG LTCPro.ServiceLayer.Log4net - ---Executed Successfully GetUserRecentFacNs() in UserController----
2026-06-17 11:40:32,807 [11] DEBUG LTCPro.ServiceLayer.Log4net - ---Executed Successfully InsertUserActivityDetails() in CompanyController----
2026-06-17 11:40:32,885 [6] DEBUG LTCPro.ServiceLayer.Log4net - ---Executed Successfully GetPendingOrdersGridData() in OrdersController----
2026-06-17 11:40:33,164 [6] DEBUG LTCPro.ServiceLayer.Log4net - ---Executing GetUserToken() in UserService----
2026-06-17 11:40:33,448 [6] DEBUG LTCPro.ServiceLayer.Log4net - ---Executing GetUserAccessFacilityNurseStaions() in FacilityController----
2026-06-17 11:40:33,448 [6] DEBUG LTCPro.ServiceLayer.Log4net - ---Executing GetUserAccessFacilityNurseStaions() in FacilityService----
2026-06-17 11:40:33,875 [6] DEBUG LTCPro.ServiceLayer.Log4net - ---Executed Successfully GetUserAccessFacilityNurseStaions() in FacilityController----
2026-06-17 11:40:33,903 [6] DEBUG LTCPro.ServiceLayer.Log4net - ---Executing GetUserToken() in UserService----
2026-06-17 11:40:34,129 [6] DEBUG LTCPro.ServiceLayer.Log4net - ---Executing UnionBarcodeDetails() in CheckInPharmacyMedsController----
2026-06-17 11:40:34,129 [6] DEBUG LTCPro.ServiceLayer.Log4net - ---Executing UnionBarcodeDetails() in CheckInPharmacyMedsService----
2026-06-17 11:40:34,481 [16] DEBUG LTCPro.ServiceLayer.Log4net - ---Executing GetUserToken() in UserService----
2026-06-17 11:40:34,700 [16] DEBUG LTCPro.ServiceLayer.Log4net - ---Executing UserNurseStationDrop() in FacilityController----
2026-06-17 11:40:34,700 [16] DEBUG LTCPro.ServiceLayer.Log4net - ---Executing UserNurseStationDrop() in FacilityService----
2026-06-17 11:40:34,930 [16] DEBUG LTCPro.ServiceLayer.Log4net - ---Executed Successfully UserNurseStationDrop() in FacilityController----
2026-06-17 11:40:34,971 [16] DEBUG LTCPro.ServiceLayer.Log4net - ---Executing GetUserToken() in UserService----
2026-06-17 11:40:35,202 [16] DEBUG LTCPro.ServiceLayer.Log4net - ---Executing GetEkitGridDetails() in CheckInPharmacyMedsController----
2026-06-17 11:40:35,202 [16] DEBUG LTCPro.ServiceLayer.Log4net - ---Executing GetEkitGridDetails() in CheckInPharmacyMedsService----
2026-06-17 11:40:35,423 [16] DEBUG LTCPro.ServiceLayer.Log4net - ---Executed Successfully GetEkitGridDetails() in CheckInPharmacyMedsController----
2026-06-17 11:40:36,983 [6] DEBUG LTCPro.ServiceLayer.Log4net - ---Executed Successfully UnionBarcodeDetails() in CheckInPharmacyMedsController----
2026-06-17 11:40:45,426 [37] DEBUG LTCPro.ServiceLayer.Log4net - ---Executed Successfully GetSeventyTwoHourDetailsByfilter() in EMARController----
2026-06-17 11:40:46,765 [36] DEBUG LTCPro.ServiceLayer.Log4net - ---Executed Successfully GetPRNDetailsByfilter() in EMARController----
2026-06-17 11:40:50,881 [36] DEBUG LTCPro.ServiceLayer.Log4net - ---Executing GetUserToken() in UserService----
2026-06-17 11:40:51,101 [36] DEBUG LTCPro.ServiceLayer.Log4net - ---Executing GetEkitGridDetails() in CheckInPharmacyMedsController----
2026-06-17 11:40:51,101 [36] DEBUG LTCPro.ServiceLayer.Log4net - ---Executing GetEkitGridDetails() in CheckInPharmacyMedsService----
2026-06-17 11:40:51,318 [36] DEBUG LTCPro.ServiceLayer.Log4net - ---Executed Successfully GetEkitGridDetails() in CheckInPharmacyMedsController----
2026-06-17 11:40:56,041 [6] DEBUG LTCPro.ServiceLayer.Log4net - ---Executing GetUserToken() in UserService----
2026-06-17 11:40:56,254 [6] DEBUG LTCPro.ServiceLayer.Log4net - ---Executing GetEkitGridDetails() in CheckInPharmacyMedsController----
2026-06-17 11:40:56,254 [6] DEBUG LTCPro.ServiceLayer.Log4net - ---Executing GetEkitGridDetails() in CheckInPharmacyMedsService----
2026-06-17 11:40:56,491 [6] DEBUG LTCPro.ServiceLayer.Log4net - ---Executed Successfully GetEkitGridDetails() in CheckInPharmacyMedsController----
2026-06-17 11:41:03,363 [16] DEBUG LTCPro.ServiceLayer.Log4net - ---Executing GetUserToken() in UserService----
2026-06-17 11:41:03,604 [16] DEBUG LTCPro.ServiceLayer.Log4net - ---Executing GetEkitGridDetails() in CheckInPharmacyMedsController----
2026-06-17 11:41:03,604 [16] DEBUG LTCPro.ServiceLayer.Log4net - ---Executing GetEkitGridDetails() in CheckInPharmacyMedsService----
2026-06-17 11:41:03,822 [16] DEBUG LTCPro.ServiceLayer.Log4net - ---Executed Successfully GetEkitGridDetails() in CheckInPharmacyMedsController----
2026-06-17 11:41:04,786 [35] DEBUG LTCPro.ServiceLayer.Log4net - ---Executed Successfully GetPendingOrdersGridData() in OrdersController----
