2021-07-26 23:51:40,774 [9] DEBUG LTCPro.ServiceLayer.Log4net - ---Executing UsersConfigNurseStationDrop() in FacilityController----
2021-07-26 23:51:40,814 [9] DEBUG LTCPro.ServiceLayer.Log4net - ---Executing UsersConfigNurseStationDrop() in FacilityService----
2021-07-26 23:51:44,428 [9] DEBUG LTCPro.ServiceLayer.Log4net - ---Executed Successfully UsersConfigNurseStationDrop() in FacilityController----
2021-07-26 23:51:44,670 [9] DEBUG LTCPro.ServiceLayer.Log4net - ---Executing GetProcessKeyMasterList() in FacilityController----
2021-07-26 23:51:44,671 [9] DEBUG LTCPro.ServiceLayer.Log4net - ---Executing GetProcessKeyMasterList() in FacilityService----
2021-07-26 23:51:44,696 [9] DEBUG LTCPro.ServiceLayer.Log4net - ---Executed Successfully GetProcessKeyMasterList() in FacilityController----
2021-07-26 23:51:49,091 [10] DEBUG LTCPro.ServiceLayer.Log4net - ---Executing CheckUser() in UserService----
2021-07-26 23:51:49,251 [10] DEBUG LTCPro.ServiceLayer.Log4net - ---Executing FindUser() in UserService----
2021-07-26 23:51:49,372 [10] DEBUG LTCPro.ServiceLayer.Log4net - ---Executing InsertUserSession() in UserService----
2021-07-26 23:51:49,697 [10] DEBUG LTCPro.ServiceLayer.Log4net - ---Executing InsertUserToken() in UserService----
2021-07-26 23:51:49,835 [10] DEBUG LTCPro.ServiceLayer.Log4net - ---Executing GetScreenPermissionsForLoggedInUser() in RoleController----
2021-07-26 23:51:49,836 [10] DEBUG LTCPro.ServiceLayer.Log4net - ---Executing GetScreenPermissionsForLoggedInUser() in RoleService----
2021-07-26 23:51:49,872 [10] DEBUG LTCPro.ServiceLayer.Log4net - ---Executed Successfully GetScreenPermissionsForLoggedInUser() in RoleController----
2021-07-26 23:51:49,879 [8] DEBUG LTCPro.ServiceLayer.Log4net - ---Executing InsertUpdateUserRecentFacNs() in UserController----
2021-07-26 23:51:49,901 [8] DEBUG LTCPro.ServiceLayer.Log4net - ---Executing GetUserRecentFacNs() in UserService----
2021-07-26 23:51:50,005 [9] DEBUG LTCPro.ServiceLayer.Log4net - ---Executing GetUserToken() in UserService----
2021-07-26 23:51:50,005 [10] DEBUG LTCPro.ServiceLayer.Log4net - ---Executing GetUserToken() in UserService----
2021-07-26 23:51:50,005 [11] DEBUG LTCPro.ServiceLayer.Log4net - ---Executing GetUserToken() in UserService----
2021-07-26 23:51:50,005 [12] DEBUG LTCPro.ServiceLayer.Log4net - ---Executing GetUserToken() in UserService----
2021-07-26 23:51:50,021 [11] DEBUG LTCPro.ServiceLayer.Log4net - ---Executing GetUserPassedDueFlag() in UserController----
2021-07-26 23:51:50,022 [9] DEBUG LTCPro.ServiceLayer.Log4net - ---Executing GetDueMARAlertData() in EmarController----
2021-07-26 23:51:50,023 [11] DEBUG LTCPro.ServiceLayer.Log4net - ---Executing GetUserPassedDueFlag() in UserService----
2021-07-26 23:51:50,023 [10] DEBUG LTCPro.ServiceLayer.Log4net - ---Executing GetAlertsDetails() in MailboxController----
2021-07-26 23:51:50,027 [11] DEBUG LTCPro.ServiceLayer.Log4net - ---Executed Successfully GetUserPassedDueFlag() in UserController----
2021-07-26 23:51:50,031 [12] DEBUG LTCPro.ServiceLayer.Log4net - ---Executing GetReadMailsCount() in MailboxController----
2021-07-26 23:51:50,038 [12] DEBUG LTCPro.ServiceLayer.Log4net - ---Executing GetReadMailsCount() in MailboxService----
2021-07-26 23:51:50,038 [10] DEBUG LTCPro.ServiceLayer.Log4net - ---Executing GetAlertsDetails() in MailboxService----
2021-07-26 23:51:50,040 [11] DEBUG LTCPro.ServiceLayer.Log4net - ---Executing GetUserToken() in UserService----
2021-07-26 23:51:50,045 [11] DEBUG LTCPro.ServiceLayer.Log4net - ---Executing GetOutboundErrorDetails() in CommonController----
2021-07-26 23:51:50,046 [11] DEBUG LTCPro.ServiceLayer.Log4net - ---Executing GetOutboundErrorDetails() in CommonService----
2021-07-26 23:51:50,072 [8] DEBUG LTCPro.ServiceLayer.Log4net - ---Executing InsertUpdateUserRecentFacNs() in CommonService----
2021-07-26 23:51:50,088 [9] DEBUG LTCPro.ServiceLayer.Log4net - ---Executing GetDueMARAlertData() in EmarService----
2021-07-26 23:51:50,088 [12] DEBUG LTCPro.ServiceLayer.Log4net - ---Executed successfully GetReadMailsCount() in MailboxController----
2021-07-26 23:51:50,094 [12] DEBUG LTCPro.ServiceLayer.Log4net - ---Executing GetUserToken() in UserService----
2021-07-26 23:51:50,104 [12] DEBUG LTCPro.ServiceLayer.Log4net - ---Executing GetUserRecentFacNs() in UserController----
2021-07-26 23:51:50,104 [12] DEBUG LTCPro.ServiceLayer.Log4net - ---Executing GetUserRecentFacNs() in UserService----
2021-07-26 23:51:50,105 [10] DEBUG LTCPro.ServiceLayer.Log4net - ---Executed successfully GetAlertsDetails() in MailboxController----
2021-07-26 23:51:50,109 [12] DEBUG LTCPro.ServiceLayer.Log4net - ---Executed Successfully GetUserRecentFacNs() in UserController----
2021-07-26 23:51:50,111 [10] DEBUG LTCPro.ServiceLayer.Log4net - ---Executing GetUserToken() in UserService----
2021-07-26 23:51:50,116 [10] DEBUG LTCPro.ServiceLayer.Log4net - ---Executing GetPendingDosesList() in CommonController----
2021-07-26 23:51:50,117 [10] DEBUG LTCPro.ServiceLayer.Log4net - ---Executing GetPendingDosesList() in CommonService----
2021-07-26 23:51:50,164 [8] DEBUG LTCPro.ServiceLayer.Log4net - ---Executed Successfully InsertUpdateUserRecentFacNs() in UserController----
2021-07-26 23:51:50,171 [8] DEBUG LTCPro.ServiceLayer.Log4net - ---Executing GetUserToken() in UserService----
2021-07-26 23:51:50,207 [11] DEBUG LTCPro.ServiceLayer.Log4net - ---Executed Successfully GetOutboundErrorDetails() in CommonController----
2021-07-26 23:51:50,240 [11] DEBUG LTCPro.ServiceLayer.Log4net - ---Executing GetUserToken() in UserService----
2021-07-26 23:51:50,246 [8] DEBUG LTCPro.ServiceLayer.Log4net - ---Executing GetUserActiveCompanyMasterList() in CompanyController----
2021-07-26 23:51:50,247 [8] DEBUG LTCPro.ServiceLayer.Log4net - ---Executing GetActiveCompanyMasterList() in CompanyService----
2021-07-26 23:51:50,311 [10] DEBUG LTCPro.ServiceLayer.Log4net - ---Executed Successfully GetPendingDosesList() in CommonController----
2021-07-26 23:51:50,360 [9] DEBUG LTCPro.ServiceLayer.Log4net - ---Executed Successfully GetDueMARAlertData() in EmarController----
2021-07-26 23:51:50,367 [11] DEBUG LTCPro.ServiceLayer.Log4net - ---Executing InsertUserActivityDetails() in CompanyController----
2021-07-26 23:51:50,368 [11] DEBUG LTCPro.ServiceLayer.Log4net - ---Executing InsertUserActivityDetails() in UserActivityService----
2021-07-26 23:51:50,370 [10] DEBUG LTCPro.ServiceLayer.Log4net - ---Executing GetUserToken() in UserService----
2021-07-26 23:51:50,375 [8] DEBUG LTCPro.ServiceLayer.Log4net - ---Executed Successfully GetUserActiveCompanyMasterList() in CompanyController----
2021-07-26 23:51:50,376 [10] DEBUG LTCPro.ServiceLayer.Log4net - ---Executing GetUserAccessFacilityNurseStaions() in FacilityController----
2021-07-26 23:51:50,377 [10] DEBUG LTCPro.ServiceLayer.Log4net - ---Executing GetUserAccessFacilityNurseStaions() in FacilityService----
2021-07-26 23:51:50,390 [11] DEBUG LTCPro.ServiceLayer.Log4net - ---Executed Successfully InsertUserActivityDetails() in CompanyController----
2021-07-26 23:51:50,400 [10] DEBUG LTCPro.ServiceLayer.Log4net - ---Executed Successfully GetUserAccessFacilityNurseStaions() in FacilityController----
2021-07-26 23:52:33,651 [13] DEBUG LTCPro.ServiceLayer.Log4net - ---Executing GetUserToken() in UserService----
2021-07-26 23:52:33,655 [13] DEBUG LTCPro.ServiceLayer.Log4net - ---Executing InsertUserActivityDetails() in CompanyController----
2021-07-26 23:52:33,655 [13] DEBUG LTCPro.ServiceLayer.Log4net - ---Executing InsertUserActivityDetails() in UserActivityService----
2021-07-26 23:52:33,660 [16] DEBUG LTCPro.ServiceLayer.Log4net - ---Executing GetUserToken() in UserService----
2021-07-26 23:52:33,660 [9] DEBUG LTCPro.ServiceLayer.Log4net - ---Executing GetUserToken() in UserService----
2021-07-26 23:52:33,661 [13] DEBUG LTCPro.ServiceLayer.Log4net - ---Executed Successfully InsertUserActivityDetails() in CompanyController----
2021-07-26 23:52:33,664 [16] DEBUG LTCPro.ServiceLayer.Log4net - ---Executing GetUserRecentFacNs() in UserController----
2021-07-26 23:52:33,664 [16] DEBUG LTCPro.ServiceLayer.Log4net - ---Executing GetUserRecentFacNs() in UserService----
2021-07-26 23:52:33,664 [9] DEBUG LTCPro.ServiceLayer.Log4net - ---Executing GetDueMARAlertData() in EmarController----
2021-07-26 23:52:33,664 [9] DEBUG LTCPro.ServiceLayer.Log4net - ---Executing GetDueMARAlertData() in EmarService----
2021-07-26 23:52:33,672 [16] DEBUG LTCPro.ServiceLayer.Log4net - ---Executed Successfully GetUserRecentFacNs() in UserController----
2021-07-26 23:52:33,731 [8] DEBUG LTCPro.ServiceLayer.Log4net - ---Executing GetUserToken() in UserService----
2021-07-26 23:52:33,739 [8] DEBUG LTCPro.ServiceLayer.Log4net - ---Executing GetCompanyToBedData() in FacilityController----
2021-07-26 23:52:33,740 [8] DEBUG LTCPro.ServiceLayer.Log4net - ---Executing GetCompanyToBedData() in FacilityService----
2021-07-26 23:52:33,778 [9] DEBUG LTCPro.ServiceLayer.Log4net - ---Executed Successfully GetDueMARAlertData() in EmarController----
2021-07-26 23:52:33,838 [8] DEBUG LTCPro.ServiceLayer.Log4net - ---Executed Successfully GetCompanyToBedData() in FacilityController----
2021-07-26 23:52:33,865 [12] DEBUG LTCPro.ServiceLayer.Log4net - ---Executing GetUserToken() in UserService----
2021-07-26 23:52:33,881 [12] DEBUG LTCPro.ServiceLayer.Log4net - ---Executing UserNurseStationDrop() in FacilityController----
2021-07-26 23:52:33,882 [12] DEBUG LTCPro.ServiceLayer.Log4net - ---Executing UserNurseStationDrop() in FacilityService----
2021-07-26 23:52:33,896 [12] DEBUG LTCPro.ServiceLayer.Log4net - ---Executed Successfully UserNurseStationDrop() in FacilityController----
2021-07-26 23:52:33,923 [11] DEBUG LTCPro.ServiceLayer.Log4net - ---Executing GetUserToken() in UserService----
2021-07-26 23:52:33,924 [13] DEBUG LTCPro.ServiceLayer.Log4net - ---Executing GetUserToken() in UserService----
2021-07-26 23:52:33,928 [11] DEBUG LTCPro.ServiceLayer.Log4net - ---Executing GetNursingScheduleData() in EmarController----
2021-07-26 23:52:33,928 [13] DEBUG LTCPro.ServiceLayer.Log4net - ---Executing GetDrFirstFlagForCompanyByNSId() in CompanyController----
2021-07-26 23:52:33,929 [13] DEBUG LTCPro.ServiceLayer.Log4net - ---Executing GetDrFirstFlagForCompanyByNSId() in CompanyService----
2021-07-26 23:52:34,017 [11] DEBUG LTCPro.ServiceLayer.Log4net - ---Executing GetNursingScheduleData() in EmarService----
2021-07-26 23:52:34,028 [13] DEBUG LTCPro.ServiceLayer.Log4net - ---Executed Successfully GetDrFirstFlagForCompanyByNSId() in CompanyController----
2021-07-26 23:52:34,043 [13] DEBUG LTCPro.ServiceLayer.Log4net - ---Executing GetUserToken() in UserService----
2021-07-26 23:52:34,047 [13] DEBUG LTCPro.ServiceLayer.Log4net - ---Executing GetTimeZoneDate() in CommonController----
2021-07-26 23:52:34,048 [13] DEBUG LTCPro.ServiceLayer.Log4net - ---Executing GetTimeZoneDate() in CommonService----
2021-07-26 23:52:34,074 [13] DEBUG LTCPro.ServiceLayer.Log4net - ---Executed Successfully GetTimeZoneDate() in CommonController----
2021-07-26 23:52:34,611 [11] DEBUG LTCPro.ServiceLayer.Log4net - ---Executed Successfully GetNursingScheduleData() in EmarController----
2021-07-26 23:52:34,631 [13] DEBUG LTCPro.ServiceLayer.Log4net - ---Executing GetUserToken() in UserService----
2021-07-26 23:52:34,636 [13] DEBUG LTCPro.ServiceLayer.Log4net - ---Executing GetNurseShiftDrop() in CommonController----
2021-07-26 23:52:34,637 [13] DEBUG LTCPro.ServiceLayer.Log4net - ---Executing GetNurseShiftDrop() in CommonService----
2021-07-26 23:52:34,733 [13] DEBUG LTCPro.ServiceLayer.Log4net - ---Executed Successfully GetNurseShiftDrop() in CommonController----
2021-07-26 23:52:40,698 [12] DEBUG LTCPro.ServiceLayer.Log4net - ---Executing GetUserToken() in UserService----
2021-07-26 23:52:40,703 [12] DEBUG LTCPro.ServiceLayer.Log4net - ---Executing GetEmarResidentGridData() in EmarController----
2021-07-26 23:52:40,705 [12] DEBUG LTCPro.ServiceLayer.Log4net - ---Executing GetEmarResidentGridData() in EmarService----
2021-07-26 23:52:41,597 [12] DEBUG LTCPro.ServiceLayer.Log4net - ---Executed Successfully GetEmarResidentGridData() in EmarController----
2021-07-26 23:52:45,326 [12] DEBUG LTCPro.ServiceLayer.Log4net - ---Executing GetUserToken() in UserService----
2021-07-26 23:52:45,327 [8] DEBUG LTCPro.ServiceLayer.Log4net - ---Executing GetUserToken() in UserService----
2021-07-26 23:52:45,330 [12] DEBUG LTCPro.ServiceLayer.Log4net - ---Executing GetLiteralOrderGridData() in OrdersController----
2021-07-26 23:52:45,332 [8] DEBUG LTCPro.ServiceLayer.Log4net - ---Executing GetResidentInformation() in ResidentDemographicController----
2021-07-26 23:52:45,342 [12] DEBUG LTCPro.ServiceLayer.Log4net - ---Executing GetLiteralOrderGridData() in OrdersService----
2021-07-26 23:52:45,379 [8] DEBUG LTCPro.ServiceLayer.Log4net - ---Executing GetResidentInformation() in ResidentDemographicService----
2021-07-26 23:52:45,407 [12] DEBUG LTCPro.ServiceLayer.Log4net - ---Executed Successfully GetLiteralOrderGridData() in OrdersController----
2021-07-26 23:52:45,608 [8] DEBUG LTCPro.ServiceLayer.Log4net - ---Executed Successfully GetResidentInformation() in ResidentDemographicController----
2021-07-26 23:52:45,634 [13] DEBUG LTCPro.ServiceLayer.Log4net - ---Executing GetUserToken() in UserService----
2021-07-26 23:52:45,635 [9] DEBUG LTCPro.ServiceLayer.Log4net - ---Executing GetUserToken() in UserService----
2021-07-26 23:52:45,635 [12] DEBUG LTCPro.ServiceLayer.Log4net - ---Executing GetUserToken() in UserService----
2021-07-26 23:52:45,639 [13] DEBUG LTCPro.ServiceLayer.Log4net - ---Executing GetMedicationReason() in EmarController----
2021-07-26 23:52:45,639 [9] DEBUG LTCPro.ServiceLayer.Log4net - ---Executing GetPatientType() in ResidentDemographicController----
2021-07-26 23:52:45,640 [12] DEBUG LTCPro.ServiceLayer.Log4net - ---Executing GetEmarOrdersList() in EmarController----
2021-07-26 23:52:45,640 [13] DEBUG LTCPro.ServiceLayer.Log4net - ---Executing GetMedicationReason() in EmarService----
2021-07-26 23:52:45,640 [9] DEBUG LTCPro.ServiceLayer.Log4net - ---Executing GetPatientType() in EmarService----
2021-07-26 23:52:45,641 [12] DEBUG LTCPro.ServiceLayer.Log4net - ---Executing GetEmarOrdersList() in EmarService----
2021-07-26 23:52:45,642 [8] DEBUG LTCPro.ServiceLayer.Log4net - ---Executing GetUserToken() in UserService----
2021-07-26 23:52:45,648 [8] DEBUG LTCPro.ServiceLayer.Log4net - ---Executing GetDiagnosisDetails() in OrdersController----
2021-07-26 23:52:45,649 [8] DEBUG LTCPro.ServiceLayer.Log4net - ---Executing GetDiagnosisDetails() in OrdersService----
2021-07-26 23:52:45,650 [9] DEBUG LTCPro.ServiceLayer.Log4net - ---Executed Successfully GetPatientType() in ResidentDemographicController----
2021-07-26 23:52:45,675 [13] DEBUG LTCPro.ServiceLayer.Log4net - ---Executed Successfully GetMedicationReason() in EmarController----
2021-07-26 23:52:45,704 [8] DEBUG LTCPro.ServiceLayer.Log4net - ---Executed Successfully GetDiagnosisDetails() in OrdersController----
2021-07-26 23:52:47,848 [12] DEBUG LTCPro.ServiceLayer.Log4net - ---Executed Successfully GetEmarOrdersList() in EmarController----
2021-07-26 23:52:47,871 [13] DEBUG LTCPro.ServiceLayer.Log4net - ---Executing GetUserToken() in UserService----
2021-07-26 23:52:47,871 [9] DEBUG LTCPro.ServiceLayer.Log4net - ---Executing GetUserToken() in UserService----
2021-07-26 23:52:47,875 [13] DEBUG LTCPro.ServiceLayer.Log4net - ---Executing GetVitalsCheckList() in EMARController----
2021-07-26 23:52:47,875 [9] DEBUG LTCPro.ServiceLayer.Log4net - ---Executing GetVitalsCheckList() in EMARController----
2021-07-26 23:52:47,876 [13] DEBUG LTCPro.ServiceLayer.Log4net - ---Executing GetVitalsCheckList() in EmarService----
2021-07-26 23:52:47,876 [9] DEBUG LTCPro.ServiceLayer.Log4net - ---Executing GetVitalsCheckList() in EmarService----
2021-07-26 23:52:47,887 [13] DEBUG LTCPro.ServiceLayer.Log4net - ---Executed Successfully GetVitalsCheckList() in EMARController----
2021-07-26 23:52:47,887 [9] DEBUG LTCPro.ServiceLayer.Log4net - ---Executed Successfully GetVitalsCheckList() in EMARController----
2021-07-26 23:58:55,508 [31] DEBUG LTCPro.ServiceLayer.Log4net - ---Executing GetUserToken() in UserService----
2021-07-26 23:58:55,509 [29] DEBUG LTCPro.ServiceLayer.Log4net - ---Executing GetUserToken() in UserService----
2021-07-26 23:58:55,513 [27] DEBUG LTCPro.ServiceLayer.Log4net - ---Executing GetUserToken() in UserService----
2021-07-26 23:58:55,525 [31] DEBUG LTCPro.ServiceLayer.Log4net - ---Executing GetUserRecentFacNs() in UserController----
2021-07-26 23:58:55,525 [31] DEBUG LTCPro.ServiceLayer.Log4net - ---Executing GetUserRecentFacNs() in UserService----
2021-07-26 23:58:55,528 [27] DEBUG LTCPro.ServiceLayer.Log4net - ---Executing GetDueMARAlertData() in EmarController----
2021-07-26 23:58:55,528 [27] DEBUG LTCPro.ServiceLayer.Log4net - ---Executing GetDueMARAlertData() in EmarService----
2021-07-26 23:58:55,532 [31] DEBUG LTCPro.ServiceLayer.Log4net - ---Executed Successfully GetUserRecentFacNs() in UserController----
2021-07-26 23:58:55,537 [29] DEBUG LTCPro.ServiceLayer.Log4net - ---Executing InsertUserActivityDetails() in CompanyController----
2021-07-26 23:58:55,537 [29] DEBUG LTCPro.ServiceLayer.Log4net - ---Executing InsertUserActivityDetails() in UserActivityService----
2021-07-26 23:58:55,551 [29] DEBUG LTCPro.ServiceLayer.Log4net - ---Executed Successfully InsertUserActivityDetails() in CompanyController----
2021-07-26 23:58:55,616 [37] DEBUG LTCPro.ServiceLayer.Log4net - ---Executing GetUserToken() in UserService----
2021-07-26 23:58:55,620 [37] DEBUG LTCPro.ServiceLayer.Log4net - ---Executing GetCompanyToBedData() in FacilityController----
2021-07-26 23:58:55,620 [37] DEBUG LTCPro.ServiceLayer.Log4net - ---Executing GetCompanyToBedData() in FacilityService----
2021-07-26 23:58:55,642 [27] DEBUG LTCPro.ServiceLayer.Log4net - ---Executed Successfully GetDueMARAlertData() in EmarController----
2021-07-26 23:58:55,668 [37] DEBUG LTCPro.ServiceLayer.Log4net - ---Executed Successfully GetCompanyToBedData() in FacilityController----
2021-07-26 23:58:55,680 [35] DEBUG LTCPro.ServiceLayer.Log4net - ---Executing GetUserToken() in UserService----
2021-07-26 23:58:55,683 [35] DEBUG LTCPro.ServiceLayer.Log4net - ---Executing UserNurseStationDrop() in FacilityController----
2021-07-26 23:58:55,683 [35] DEBUG LTCPro.ServiceLayer.Log4net - ---Executing UserNurseStationDrop() in FacilityService----
2021-07-26 23:58:55,688 [35] DEBUG LTCPro.ServiceLayer.Log4net - ---Executed Successfully UserNurseStationDrop() in FacilityController----
2021-07-26 23:58:55,710 [27] DEBUG LTCPro.ServiceLayer.Log4net - ---Executing GetUserToken() in UserService----
2021-07-26 23:58:55,713 [35] DEBUG LTCPro.ServiceLayer.Log4net - ---Executing GetUserToken() in UserService----
2021-07-26 23:58:55,714 [27] DEBUG LTCPro.ServiceLayer.Log4net - ---Executing GetDrFirstFlagForCompanyByNSId() in CompanyController----
2021-07-26 23:58:55,714 [27] DEBUG LTCPro.ServiceLayer.Log4net - ---Executing GetDrFirstFlagForCompanyByNSId() in CompanyService----
2021-07-26 23:58:55,717 [35] DEBUG LTCPro.ServiceLayer.Log4net - ---Executing GetNursingScheduleData() in EmarController----
2021-07-26 23:58:55,717 [35] DEBUG LTCPro.ServiceLayer.Log4net - ---Executing GetNursingScheduleData() in EmarService----
2021-07-26 23:58:55,721 [27] DEBUG LTCPro.ServiceLayer.Log4net - ---Executed Successfully GetDrFirstFlagForCompanyByNSId() in CompanyController----
2021-07-26 23:58:55,732 [34] DEBUG LTCPro.ServiceLayer.Log4net - ---Executing GetUserToken() in UserService----
2021-07-26 23:58:55,736 [34] DEBUG LTCPro.ServiceLayer.Log4net - ---Executing GetTimeZoneDate() in CommonController----
2021-07-26 23:58:55,736 [34] DEBUG LTCPro.ServiceLayer.Log4net - ---Executing GetTimeZoneDate() in CommonService----
2021-07-26 23:58:55,739 [34] DEBUG LTCPro.ServiceLayer.Log4net - ---Executed Successfully GetTimeZoneDate() in CommonController----
2021-07-26 23:58:56,226 [35] DEBUG LTCPro.ServiceLayer.Log4net - ---Executed Successfully GetNursingScheduleData() in EmarController----
2021-07-26 23:58:56,237 [35] DEBUG LTCPro.ServiceLayer.Log4net - ---Executing GetUserToken() in UserService----
2021-07-26 23:58:56,241 [35] DEBUG LTCPro.ServiceLayer.Log4net - ---Executing GetNurseShiftDrop() in CommonController----
2021-07-26 23:58:56,241 [35] DEBUG LTCPro.ServiceLayer.Log4net - ---Executing GetNurseShiftDrop() in CommonService----
2021-07-26 23:58:56,303 [35] DEBUG LTCPro.ServiceLayer.Log4net - ---Executed Successfully GetNurseShiftDrop() in CommonController----
2021-07-26 23:59:17,972 [32] DEBUG LTCPro.ServiceLayer.Log4net - ---Executing GetUserToken() in UserService----
2021-07-26 23:59:17,976 [32] DEBUG LTCPro.ServiceLayer.Log4net - ---Executing GetEmarResidentGridData() in EmarController----
2021-07-26 23:59:17,976 [32] DEBUG LTCPro.ServiceLayer.Log4net - ---Executing GetEmarResidentGridData() in EmarService----
2021-07-26 23:59:18,659 [32] DEBUG LTCPro.ServiceLayer.Log4net - ---Executed Successfully GetEmarResidentGridData() in EmarController----
2021-07-26 23:59:21,603 [31] DEBUG LTCPro.ServiceLayer.Log4net - ---Executing GetUserToken() in UserService----
2021-07-26 23:59:21,607 [31] DEBUG LTCPro.ServiceLayer.Log4net - ---Executing GetResidentInformation() in ResidentDemographicController----
2021-07-26 23:59:21,607 [31] DEBUG LTCPro.ServiceLayer.Log4net - ---Executing GetResidentInformation() in ResidentDemographicService----
2021-07-26 23:59:21,610 [17] DEBUG LTCPro.ServiceLayer.Log4net - ---Executing GetUserToken() in UserService----
2021-07-26 23:59:21,613 [17] DEBUG LTCPro.ServiceLayer.Log4net - ---Executing GetLiteralOrderGridData() in OrdersController----
2021-07-26 23:59:21,613 [17] DEBUG LTCPro.ServiceLayer.Log4net - ---Executing GetLiteralOrderGridData() in OrdersService----
2021-07-26 23:59:21,647 [17] DEBUG LTCPro.ServiceLayer.Log4net - ---Executed Successfully GetLiteralOrderGridData() in OrdersController----
2021-07-26 23:59:21,706 [31] DEBUG LTCPro.ServiceLayer.Log4net - ---Executed Successfully GetResidentInformation() in ResidentDemographicController----
2021-07-26 23:59:21,722 [27] DEBUG LTCPro.ServiceLayer.Log4net - ---Executing GetUserToken() in UserService----
2021-07-26 23:59:21,723 [31] DEBUG LTCPro.ServiceLayer.Log4net - ---Executing GetUserToken() in UserService----
2021-07-26 23:59:21,724 [32] DEBUG LTCPro.ServiceLayer.Log4net - ---Executing GetUserToken() in UserService----
2021-07-26 23:59:21,726 [27] DEBUG LTCPro.ServiceLayer.Log4net - ---Executing GetMedicationReason() in EmarController----
2021-07-26 23:59:21,726 [27] DEBUG LTCPro.ServiceLayer.Log4net - ---Executing GetMedicationReason() in EmarService----
2021-07-26 23:59:21,726 [31] DEBUG LTCPro.ServiceLayer.Log4net - ---Executing GetEmarOrdersList() in EmarController----
2021-07-26 23:59:21,726 [31] DEBUG LTCPro.ServiceLayer.Log4net - ---Executing GetEmarOrdersList() in EmarService----
2021-07-26 23:59:21,729 [27] DEBUG LTCPro.ServiceLayer.Log4net - ---Executed Successfully GetMedicationReason() in EmarController----
2021-07-26 23:59:21,731 [37] DEBUG LTCPro.ServiceLayer.Log4net - ---Executing GetUserToken() in UserService----
2021-07-26 23:59:21,735 [37] DEBUG LTCPro.ServiceLayer.Log4net - ---Executing GetDiagnosisDetails() in OrdersController----
2021-07-26 23:59:21,735 [37] DEBUG LTCPro.ServiceLayer.Log4net - ---Executing GetDiagnosisDetails() in OrdersService----
2021-07-26 23:59:21,741 [37] DEBUG LTCPro.ServiceLayer.Log4net - ---Executed Successfully GetDiagnosisDetails() in OrdersController----
2021-07-26 23:59:21,775 [32] DEBUG LTCPro.ServiceLayer.Log4net - ---Executing GetPatientType() in ResidentDemographicController----
2021-07-26 23:59:21,775 [32] DEBUG LTCPro.ServiceLayer.Log4net - ---Executing GetPatientType() in EmarService----
2021-07-26 23:59:21,777 [32] DEBUG LTCPro.ServiceLayer.Log4net - ---Executed Successfully GetPatientType() in ResidentDemographicController----
2021-07-26 23:59:23,723 [31] DEBUG LTCPro.ServiceLayer.Log4net - ---Executed Successfully GetEmarOrdersList() in EmarController----
2021-07-26 23:59:23,748 [32] DEBUG LTCPro.ServiceLayer.Log4net - ---Executing GetUserToken() in UserService----
2021-07-26 23:59:23,748 [31] DEBUG LTCPro.ServiceLayer.Log4net - ---Executing GetUserToken() in UserService----
2021-07-26 23:59:23,753 [32] DEBUG LTCPro.ServiceLayer.Log4net - ---Executing GetVitalsCheckList() in EMARController----
2021-07-26 23:59:23,754 [32] DEBUG LTCPro.ServiceLayer.Log4net - ---Executing GetVitalsCheckList() in EmarService----
2021-07-26 23:59:23,753 [31] DEBUG LTCPro.ServiceLayer.Log4net - ---Executing GetVitalsCheckList() in EMARController----
2021-07-26 23:59:23,754 [31] DEBUG LTCPro.ServiceLayer.Log4net - ---Executing GetVitalsCheckList() in EmarService----
2021-07-26 23:59:23,756 [32] DEBUG LTCPro.ServiceLayer.Log4net - ---Executed Successfully GetVitalsCheckList() in EMARController----
2021-07-26 23:59:23,757 [31] DEBUG LTCPro.ServiceLayer.Log4net - ---Executed Successfully GetVitalsCheckList() in EMARController----
