2022-07-14 18:20:18,365 [14] DEBUG LTCPro.ServiceLayer.Log4net - ---Executing UsersConfigNurseStationDrop() in FacilityController----
2022-07-14 18:20:18,408 [14] DEBUG LTCPro.ServiceLayer.Log4net - ---Executing UsersConfigNurseStationDrop() in FacilityService----
2022-07-14 18:20:20,868 [14] DEBUG LTCPro.ServiceLayer.Log4net - ---Executed Successfully UsersConfigNurseStationDrop() in FacilityController----
2022-07-14 18:20:21,214 [15] DEBUG LTCPro.ServiceLayer.Log4net - ---Executing GetProcessKeyMasterList() in FacilityController----
2022-07-14 18:20:21,215 [15] DEBUG LTCPro.ServiceLayer.Log4net - ---Executing GetProcessKeyMasterList() in FacilityService----
2022-07-14 18:20:21,244 [15] DEBUG LTCPro.ServiceLayer.Log4net - ---Executed Successfully GetProcessKeyMasterList() in FacilityController----
2022-07-14 18:21:11,583 [14] DEBUG LTCPro.ServiceLayer.Log4net - ---Executing GetProcessKeyMasterList() in FacilityController----
2022-07-14 18:21:11,583 [14] DEBUG LTCPro.ServiceLayer.Log4net - ---Executing GetProcessKeyMasterList() in FacilityService----
2022-07-14 18:21:11,589 [14] DEBUG LTCPro.ServiceLayer.Log4net - ---Executed Successfully GetProcessKeyMasterList() in FacilityController----
2022-07-14 18:21:12,312 [14] DEBUG LTCPro.ServiceLayer.Log4net - ---Executing CheckUser() in UserService----
2022-07-14 18:21:12,724 [14] DEBUG LTCPro.ServiceLayer.Log4net - ---Executing FindUser() in UserService----
2022-07-14 18:21:12,877 [14] DEBUG LTCPro.ServiceLayer.Log4net - ---Executing InsertUserSession() in UserService----
2022-07-14 18:21:13,084 [14] DEBUG LTCPro.ServiceLayer.Log4net - ---Executing InsertUserToken() in UserService----
2022-07-14 18:21:13,264 [13] DEBUG LTCPro.ServiceLayer.Log4net - ---Executing InsertUpdateUserRecentFacNs() in UserController----
2022-07-14 18:21:13,292 [12] DEBUG LTCPro.ServiceLayer.Log4net - ---Executing GetScreenPermissionsForLoggedInUser() in RoleController----
2022-07-14 18:21:13,309 [12] DEBUG LTCPro.ServiceLayer.Log4net - ---Executing GetScreenPermissionsForLoggedInUser() in RoleService----
2022-07-14 18:21:13,310 [13] DEBUG LTCPro.ServiceLayer.Log4net - ---Executing GetUserRecentFacNs() in UserService----
2022-07-14 18:21:13,362 [12] DEBUG LTCPro.ServiceLayer.Log4net - ---Executed Successfully GetScreenPermissionsForLoggedInUser() in RoleController----
2022-07-14 18:21:13,547 [17] DEBUG LTCPro.ServiceLayer.Log4net - ---Executing GetUserToken() in UserService----
2022-07-14 18:21:13,648 [7] DEBUG LTCPro.ServiceLayer.Log4net - ---Executing GetUserToken() in UserService----
2022-07-14 18:21:13,680 [16] DEBUG LTCPro.ServiceLayer.Log4net - ---Executing GetUserToken() in UserService----
2022-07-14 18:21:13,682 [13] DEBUG LTCPro.ServiceLayer.Log4net - ---Executing InsertUpdateUserRecentFacNs() in CommonService----
2022-07-14 18:21:13,696 [7] DEBUG LTCPro.ServiceLayer.Log4net - ---Executing GetReadMailsCount() in MailboxController----
2022-07-14 18:21:13,725 [7] DEBUG LTCPro.ServiceLayer.Log4net - ---Executing GetReadMailsCount() in MailboxService----
2022-07-14 18:21:13,726 [16] DEBUG LTCPro.ServiceLayer.Log4net - ---Executing GetDueMARAlertData() in EmarController----
2022-07-14 18:21:13,727 [16] DEBUG LTCPro.ServiceLayer.Log4net - ---Executing GetDueMARAlertData() in EmarService----
2022-07-14 18:21:13,778 [17] DEBUG LTCPro.ServiceLayer.Log4net - ---Executing InsertUserActivityDetails() in CompanyController----
2022-07-14 18:21:13,779 [17] DEBUG LTCPro.ServiceLayer.Log4net - ---Executing InsertUserActivityDetails() in UserActivityService----
2022-07-14 18:21:13,802 [17] DEBUG LTCPro.ServiceLayer.Log4net - ---Executed Successfully InsertUserActivityDetails() in CompanyController----
2022-07-14 18:21:13,812 [13] DEBUG LTCPro.ServiceLayer.Log4net - ---Executed Successfully InsertUpdateUserRecentFacNs() in UserController----
2022-07-14 18:21:13,822 [7] DEBUG LTCPro.ServiceLayer.Log4net - ---Executed successfully GetReadMailsCount() in MailboxController----
2022-07-14 18:21:13,916 [17] DEBUG LTCPro.ServiceLayer.Log4net - ---Executing GetUserToken() in UserService----
2022-07-14 18:21:13,919 [13] DEBUG LTCPro.ServiceLayer.Log4net - ---Executing GetUserToken() in UserService----
2022-07-14 18:21:13,925 [17] DEBUG LTCPro.ServiceLayer.Log4net - ---Executing GetAlertsDetails() in MailboxController----
2022-07-14 18:21:13,927 [17] DEBUG LTCPro.ServiceLayer.Log4net - ---Executing GetAlertsDetails() in MailboxService----
2022-07-14 18:21:13,927 [13] DEBUG LTCPro.ServiceLayer.Log4net - ---Executing GetUserPassedDueFlag() in UserController----
2022-07-14 18:21:13,927 [13] DEBUG LTCPro.ServiceLayer.Log4net - ---Executing GetUserPassedDueFlag() in UserService----
2022-07-14 18:21:13,931 [7] DEBUG LTCPro.ServiceLayer.Log4net - ---Executing GetUserToken() in UserService----
2022-07-14 18:21:13,934 [13] DEBUG LTCPro.ServiceLayer.Log4net - ---Executed Successfully GetUserPassedDueFlag() in UserController----
2022-07-14 18:21:13,940 [7] DEBUG LTCPro.ServiceLayer.Log4net - ---Executing GetPendingDosesList() in CommonController----
2022-07-14 18:21:13,941 [7] DEBUG LTCPro.ServiceLayer.Log4net - ---Executing GetPendingDosesList() in CommonService----
2022-07-14 18:21:13,953 [13] DEBUG LTCPro.ServiceLayer.Log4net - ---Executing GetUserToken() in UserService----
2022-07-14 18:21:13,961 [13] DEBUG LTCPro.ServiceLayer.Log4net - ---Executing GetOutboundErrorDetails() in CommonController----
2022-07-14 18:21:13,962 [13] DEBUG LTCPro.ServiceLayer.Log4net - ---Executing GetOutboundErrorDetails() in CommonService----
2022-07-14 18:21:14,024 [17] DEBUG LTCPro.ServiceLayer.Log4net - ---Executed successfully GetAlertsDetails() in MailboxController----
2022-07-14 18:21:14,044 [17] DEBUG LTCPro.ServiceLayer.Log4net - ---Executing GetUserToken() in UserService----
2022-07-14 18:21:14,064 [17] DEBUG LTCPro.ServiceLayer.Log4net - ---Executing GetUserRecentFacNs() in UserController----
2022-07-14 18:21:14,064 [17] DEBUG LTCPro.ServiceLayer.Log4net - ---Executing GetUserRecentFacNs() in UserService----
2022-07-14 18:21:14,094 [17] DEBUG LTCPro.ServiceLayer.Log4net - ---Executed Successfully GetUserRecentFacNs() in UserController----
2022-07-14 18:21:14,132 [7] DEBUG LTCPro.ServiceLayer.Log4net - ---Executed Successfully GetPendingDosesList() in CommonController----
2022-07-14 18:21:14,189 [17] DEBUG LTCPro.ServiceLayer.Log4net - ---Executing GetUserToken() in UserService----
2022-07-14 18:21:14,212 [7] DEBUG LTCPro.ServiceLayer.Log4net - ---Executing GetUserToken() in UserService----
2022-07-14 18:21:14,213 [17] DEBUG LTCPro.ServiceLayer.Log4net - ---Executing GetUserActiveCompanyMasterList() in CompanyController----
2022-07-14 18:21:14,214 [17] DEBUG LTCPro.ServiceLayer.Log4net - ---Executing GetActiveCompanyMasterList() in CompanyService----
2022-07-14 18:21:14,220 [7] DEBUG LTCPro.ServiceLayer.Log4net - ---Executing GetUserAccessFacilityNurseStaions() in FacilityController----
2022-07-14 18:21:14,236 [7] DEBUG LTCPro.ServiceLayer.Log4net - ---Executing GetUserAccessFacilityNurseStaions() in FacilityService----
2022-07-14 18:21:14,273 [7] DEBUG LTCPro.ServiceLayer.Log4net - ---Executed Successfully GetUserAccessFacilityNurseStaions() in FacilityController----
2022-07-14 18:21:14,313 [16] DEBUG LTCPro.ServiceLayer.Log4net - ---Executed Successfully GetDueMARAlertData() in EmarController----
2022-07-14 18:21:14,335 [13] DEBUG LTCPro.ServiceLayer.Log4net - ---Executed Successfully GetOutboundErrorDetails() in CommonController----
2022-07-14 18:21:14,337 [17] DEBUG LTCPro.ServiceLayer.Log4net - ---Executed Successfully GetUserActiveCompanyMasterList() in CompanyController----
2022-07-14 18:21:19,012 [7] DEBUG LTCPro.ServiceLayer.Log4net - ---Executing GetUserToken() in UserService----
2022-07-14 18:21:19,021 [7] DEBUG LTCPro.ServiceLayer.Log4net - ---Executing InsertUserActivityDetails() in CompanyController----
2022-07-14 18:21:19,021 [7] DEBUG LTCPro.ServiceLayer.Log4net - ---Executing InsertUserActivityDetails() in UserActivityService----
2022-07-14 18:21:19,027 [14] DEBUG LTCPro.ServiceLayer.Log4net - ---Executing GetUserToken() in UserService----
2022-07-14 18:21:19,027 [15] DEBUG LTCPro.ServiceLayer.Log4net - ---Executing GetUserToken() in UserService----
2022-07-14 18:21:19,035 [7] DEBUG LTCPro.ServiceLayer.Log4net - ---Executed Successfully InsertUserActivityDetails() in CompanyController----
2022-07-14 18:21:19,057 [15] DEBUG LTCPro.ServiceLayer.Log4net - ---Executing GetUserRecentFacNs() in UserController----
2022-07-14 18:21:19,057 [15] DEBUG LTCPro.ServiceLayer.Log4net - ---Executing GetUserRecentFacNs() in UserService----
2022-07-14 18:21:19,057 [14] DEBUG LTCPro.ServiceLayer.Log4net - ---Executing GpiList() in FacilityController----
2022-07-14 18:21:19,058 [14] DEBUG LTCPro.ServiceLayer.Log4net - ---Executing UserNurseStationDrop() in FacilityService----
2022-07-14 18:21:19,066 [15] DEBUG LTCPro.ServiceLayer.Log4net - ---Executed Successfully GetUserRecentFacNs() in UserController----
2022-07-14 18:21:19,154 [14] DEBUG LTCPro.ServiceLayer.Log4net - ---Executed Successfully GpiList() in FacilityController----
2022-07-14 18:21:19,191 [12] DEBUG LTCPro.ServiceLayer.Log4net - ---Executing GetUserToken() in UserService----
2022-07-14 18:21:19,198 [12] DEBUG LTCPro.ServiceLayer.Log4net - ---Executing GetUserAccessFacilityNurseStaions() in FacilityController----
2022-07-14 18:21:19,198 [12] DEBUG LTCPro.ServiceLayer.Log4net - ---Executing GetUserAccessFacilityNurseStaions() in FacilityService----
2022-07-14 18:21:19,210 [12] DEBUG LTCPro.ServiceLayer.Log4net - ---Executed Successfully GetUserAccessFacilityNurseStaions() in FacilityController----
2022-07-14 18:21:19,243 [7] DEBUG LTCPro.ServiceLayer.Log4net - ---Executing GetUserToken() in UserService----
2022-07-14 18:21:19,251 [7] DEBUG LTCPro.ServiceLayer.Log4net - ---Executing UserNurseStationDrop() in FacilityController----
2022-07-14 18:21:19,251 [7] DEBUG LTCPro.ServiceLayer.Log4net - ---Executing UserNurseStationDrop() in FacilityService----
2022-07-14 18:21:19,266 [7] DEBUG LTCPro.ServiceLayer.Log4net - ---Executed Successfully UserNurseStationDrop() in FacilityController----
2022-07-14 18:21:19,297 [14] DEBUG LTCPro.ServiceLayer.Log4net - ---Executing GetUserToken() in UserService----
2022-07-14 18:21:19,418 [14] DEBUG LTCPro.ServiceLayer.Log4net - ---Executing GetTimeZoneDate() in CommonController----
2022-07-14 18:21:19,428 [14] DEBUG LTCPro.ServiceLayer.Log4net - ---Executing GetTimeZoneDate() in CommonService----
2022-07-14 18:21:19,505 [14] DEBUG LTCPro.ServiceLayer.Log4net - ---Executed Successfully GetTimeZoneDate() in CommonController----
2022-07-14 18:21:19,532 [16] DEBUG LTCPro.ServiceLayer.Log4net - ---Executing GetUserToken() in UserService----
2022-07-14 18:21:27,387 [16] DEBUG LTCPro.ServiceLayer.Log4net - ---Executing GetCommonDashboard() in DashboardsController----
2022-07-14 18:21:27,389 [16] DEBUG LTCPro.ServiceLayer.Log4net - ---Executing GetCommonDashboard() in DashboardsService---- 
2022-07-14 18:21:31,794 [16] DEBUG LTCPro.ServiceLayer.Log4net - ---Executed Successfully GetCommonDashboard() DashboardsController----
2022-07-14 18:22:09,005 [12] DEBUG LTCPro.ServiceLayer.Log4net - ---Executing GetUserToken() in UserService----
2022-07-14 18:22:09,012 [12] DEBUG LTCPro.ServiceLayer.Log4net - ---Executing GetCommonDashboard() in DashboardsController----
2022-07-14 18:22:09,012 [12] DEBUG LTCPro.ServiceLayer.Log4net - ---Executing GetCommonDashboard() in DashboardsService---- 
2022-07-14 18:22:09,256 [12] DEBUG LTCPro.ServiceLayer.Log4net - ---Executed Successfully GetCommonDashboard() DashboardsController----
2022-07-14 18:22:29,564 [13] DEBUG LTCPro.ServiceLayer.Log4net - ---Executing GetUserToken() in UserService----
2022-07-14 18:22:29,571 [13] DEBUG LTCPro.ServiceLayer.Log4net - ---Executing GetCommonDashboard() in DashboardsController----
2022-07-14 18:22:29,571 [13] DEBUG LTCPro.ServiceLayer.Log4net - ---Executing GetCommonDashboard() in DashboardsService---- 
2022-07-14 18:22:29,842 [13] DEBUG LTCPro.ServiceLayer.Log4net - ---Executed Successfully GetCommonDashboard() DashboardsController----
2022-07-14 18:22:43,411 [13] DEBUG LTCPro.ServiceLayer.Log4net - ---Executing GetUserToken() in UserService----
2022-07-14 18:22:43,434 [13] DEBUG LTCPro.ServiceLayer.Log4net - ---Executing GetCommonDashboard() in DashboardsController----
2022-07-14 18:22:43,434 [13] DEBUG LTCPro.ServiceLayer.Log4net - ---Executing GetCommonDashboard() in DashboardsService---- 
2022-07-14 18:22:43,675 [13] DEBUG LTCPro.ServiceLayer.Log4net - ---Executed Successfully GetCommonDashboard() DashboardsController----
2022-07-14 18:22:45,290 [12] DEBUG LTCPro.ServiceLayer.Log4net - ---Executing GetUserToken() in UserService----
2022-07-14 18:22:48,431 [12] DEBUG LTCPro.ServiceLayer.Log4net - ---Executing  GetRefusedByResidentDetailsReport() in ReportsController----
2022-07-14 18:22:48,459 [12] DEBUG LTCPro.ServiceLayer.Log4net - ---Executing GetRefusedByResidentDetailsReport() in ReportsService----
2022-07-14 18:22:51,985 [12] DEBUG LTCPro.ServiceLayer.Log4net - ---Executing GetEmarlogo() in ReportsService----
2022-07-14 18:22:52,012 [12] DEBUG LTCPro.ServiceLayer.Log4net - ---Executing GetFacilitylogo() in ReportsService----
2022-07-14 18:23:12,331 [12] DEBUG LTCPro.ServiceLayer.Log4net - ---Executed Successfully  GetRefusedByResidentDetailsReport() in ReportsController----
2022-07-14 18:23:19,436 [13] DEBUG LTCPro.ServiceLayer.Log4net - ---Executing GetUserToken() in UserService----
2022-07-14 18:23:19,479 [13] DEBUG LTCPro.ServiceLayer.Log4net - ---Executing GetCommonExcel() in ReportsController----
2022-07-14 18:23:19,479 [13] DEBUG LTCPro.ServiceLayer.Log4net - ---Executing GetRefusedByResidentDetailsReport() in ReportsService----
