2023-07-12 06:16:01,616 [23] DEBUG LTCPro.ServiceLayer.Log4net - ---Executing UsersConfigNurseStationDrop() in FacilityController----
2023-07-12 06:16:01,703 [23] DEBUG LTCPro.ServiceLayer.Log4net - ---Executing UsersConfigNurseStationDrop() in FacilityService----
2023-07-12 06:16:24,529 [23] ERROR LTCPro.ServiceLayer.Log4net - ===================================
2023-07-12 06:16:24,550 [23] ERROR LTCPro.ServiceLayer.Log4net -  Source : = System.Web.Http
2023-07-12 06:16:24,550 [23] ERROR LTCPro.ServiceLayer.Log4net -  Stack Trace : =    at System.Web.Http.Controllers.ApiControllerActionInvoker.<InvokeActionAsyncCore>d__1.MoveNext()
--- End of stack trace from previous location where exception was thrown ---
   at System.Runtime.CompilerServices.TaskAwaiter.ThrowForNonSuccess(Task task)
   at System.Runtime.CompilerServices.TaskAwaiter.HandleNonSuccessAndDebuggerNotification(Task task)
   at System.Web.Http.Controllers.ActionFilterResult.<ExecuteAsync>d__5.MoveNext()
--- End of stack trace from previous location where exception was thrown ---
   at System.Runtime.CompilerServices.TaskAwaiter.ThrowForNonSuccess(Task task)
   at System.Runtime.CompilerServices.TaskAwaiter.HandleNonSuccessAndDebuggerNotification(Task task)
   at System.Web.Http.Controllers.ExceptionFilterResult.<ExecuteAsync>d__6.MoveNext()
2023-07-12 06:16:24,565 [23] ERROR LTCPro.ServiceLayer.Log4net -  Exception Message : = A null value was returned where an instance of IHttpActionResult was expected.
2023-07-12 06:16:24,565 [23] ERROR LTCPro.ServiceLayer.Log4net - ============= Inner Exception  Stack Trace  ===========
2023-07-12 06:19:53,660 [10] DEBUG LTCPro.ServiceLayer.Log4net - ---Executing UsersConfigNurseStationDrop() in FacilityController----
2023-07-12 06:19:53,713 [10] DEBUG LTCPro.ServiceLayer.Log4net - ---Executing UsersConfigNurseStationDrop() in FacilityService----
2023-07-12 06:20:15,441 [10] ERROR LTCPro.ServiceLayer.Log4net - ===================================
2023-07-12 06:20:15,463 [10] ERROR LTCPro.ServiceLayer.Log4net -  Source : = System.Web.Http
2023-07-12 06:20:15,463 [10] ERROR LTCPro.ServiceLayer.Log4net -  Stack Trace : =    at System.Web.Http.Controllers.ApiControllerActionInvoker.<InvokeActionAsyncCore>d__1.MoveNext()
--- End of stack trace from previous location where exception was thrown ---
   at System.Runtime.CompilerServices.TaskAwaiter.ThrowForNonSuccess(Task task)
   at System.Runtime.CompilerServices.TaskAwaiter.HandleNonSuccessAndDebuggerNotification(Task task)
   at System.Web.Http.Controllers.ActionFilterResult.<ExecuteAsync>d__5.MoveNext()
--- End of stack trace from previous location where exception was thrown ---
   at System.Runtime.CompilerServices.TaskAwaiter.ThrowForNonSuccess(Task task)
   at System.Runtime.CompilerServices.TaskAwaiter.HandleNonSuccessAndDebuggerNotification(Task task)
   at System.Web.Http.Controllers.ExceptionFilterResult.<ExecuteAsync>d__6.MoveNext()
2023-07-12 06:20:15,463 [10] ERROR LTCPro.ServiceLayer.Log4net -  Exception Message : = A null value was returned where an instance of IHttpActionResult was expected.
2023-07-12 06:20:15,463 [10] ERROR LTCPro.ServiceLayer.Log4net - ============= Inner Exception  Stack Trace  ===========
2023-07-12 06:21:06,577 [10] DEBUG LTCPro.ServiceLayer.Log4net - ---Executing UsersConfigNurseStationDrop() in FacilityController----
2023-07-12 06:21:06,577 [10] DEBUG LTCPro.ServiceLayer.Log4net - ---Executing UsersConfigNurseStationDrop() in FacilityService----
2023-07-12 06:21:28,243 [10] ERROR LTCPro.ServiceLayer.Log4net - ===================================
2023-07-12 06:21:28,243 [10] ERROR LTCPro.ServiceLayer.Log4net -  Source : = System.Web.Http
2023-07-12 06:21:28,243 [10] ERROR LTCPro.ServiceLayer.Log4net -  Stack Trace : =    at System.Web.Http.Controllers.ApiControllerActionInvoker.<InvokeActionAsyncCore>d__1.MoveNext()
--- End of stack trace from previous location where exception was thrown ---
   at System.Runtime.CompilerServices.TaskAwaiter.ThrowForNonSuccess(Task task)
   at System.Runtime.CompilerServices.TaskAwaiter.HandleNonSuccessAndDebuggerNotification(Task task)
   at System.Web.Http.Controllers.ActionFilterResult.<ExecuteAsync>d__5.MoveNext()
--- End of stack trace from previous location where exception was thrown ---
   at System.Runtime.CompilerServices.TaskAwaiter.ThrowForNonSuccess(Task task)
   at System.Runtime.CompilerServices.TaskAwaiter.HandleNonSuccessAndDebuggerNotification(Task task)
   at System.Web.Http.Controllers.ExceptionFilterResult.<ExecuteAsync>d__6.MoveNext()
2023-07-12 06:21:28,244 [10] ERROR LTCPro.ServiceLayer.Log4net -  Exception Message : = A null value was returned where an instance of IHttpActionResult was expected.
2023-07-12 06:21:28,244 [10] ERROR LTCPro.ServiceLayer.Log4net - ============= Inner Exception  Stack Trace  ===========
2023-07-12 06:22:05,556 [11] DEBUG LTCPro.ServiceLayer.Log4net - ---Executing UsersConfigNurseStationDrop() in FacilityController----
2023-07-12 06:22:05,556 [11] DEBUG LTCPro.ServiceLayer.Log4net - ---Executing UsersConfigNurseStationDrop() in FacilityService----
2023-07-12 06:22:27,038 [11] ERROR LTCPro.ServiceLayer.Log4net - ===================================
2023-07-12 06:22:27,038 [11] ERROR LTCPro.ServiceLayer.Log4net -  Source : = System.Web.Http
2023-07-12 06:22:27,038 [11] ERROR LTCPro.ServiceLayer.Log4net -  Stack Trace : =    at System.Web.Http.Controllers.ApiControllerActionInvoker.<InvokeActionAsyncCore>d__1.MoveNext()
--- End of stack trace from previous location where exception was thrown ---
   at System.Runtime.CompilerServices.TaskAwaiter.ThrowForNonSuccess(Task task)
   at System.Runtime.CompilerServices.TaskAwaiter.HandleNonSuccessAndDebuggerNotification(Task task)
   at System.Web.Http.Controllers.ActionFilterResult.<ExecuteAsync>d__5.MoveNext()
--- End of stack trace from previous location where exception was thrown ---
   at System.Runtime.CompilerServices.TaskAwaiter.ThrowForNonSuccess(Task task)
   at System.Runtime.CompilerServices.TaskAwaiter.HandleNonSuccessAndDebuggerNotification(Task task)
   at System.Web.Http.Controllers.ExceptionFilterResult.<ExecuteAsync>d__6.MoveNext()
2023-07-12 06:22:27,038 [11] ERROR LTCPro.ServiceLayer.Log4net -  Exception Message : = A null value was returned where an instance of IHttpActionResult was expected.
2023-07-12 06:22:27,038 [11] ERROR LTCPro.ServiceLayer.Log4net - ============= Inner Exception  Stack Trace  ===========
2023-07-12 06:25:43,350 [15] DEBUG LTCPro.ServiceLayer.Log4net - ---Executing UsersConfigNurseStationDrop() in FacilityController----
2023-07-12 06:25:43,351 [15] DEBUG LTCPro.ServiceLayer.Log4net - ---Executing UsersConfigNurseStationDrop() in FacilityService----
2023-07-12 06:26:04,819 [15] ERROR LTCPro.ServiceLayer.Log4net - ===================================
2023-07-12 06:26:04,819 [15] ERROR LTCPro.ServiceLayer.Log4net -  Source : = System.Web.Http
2023-07-12 06:26:04,819 [15] ERROR LTCPro.ServiceLayer.Log4net -  Stack Trace : =    at System.Web.Http.Controllers.ApiControllerActionInvoker.<InvokeActionAsyncCore>d__1.MoveNext()
--- End of stack trace from previous location where exception was thrown ---
   at System.Runtime.CompilerServices.TaskAwaiter.ThrowForNonSuccess(Task task)
   at System.Runtime.CompilerServices.TaskAwaiter.HandleNonSuccessAndDebuggerNotification(Task task)
   at System.Web.Http.Controllers.ActionFilterResult.<ExecuteAsync>d__5.MoveNext()
--- End of stack trace from previous location where exception was thrown ---
   at System.Runtime.CompilerServices.TaskAwaiter.ThrowForNonSuccess(Task task)
   at System.Runtime.CompilerServices.TaskAwaiter.HandleNonSuccessAndDebuggerNotification(Task task)
   at System.Web.Http.Controllers.ExceptionFilterResult.<ExecuteAsync>d__6.MoveNext()
2023-07-12 06:26:04,819 [15] ERROR LTCPro.ServiceLayer.Log4net -  Exception Message : = A null value was returned where an instance of IHttpActionResult was expected.
2023-07-12 06:26:04,819 [15] ERROR LTCPro.ServiceLayer.Log4net - ============= Inner Exception  Stack Trace  ===========
2023-07-12 06:27:48,094 [11] DEBUG LTCPro.ServiceLayer.Log4net - ---Executing UsersConfigNurseStationDrop() in FacilityController----
2023-07-12 06:27:48,130 [11] DEBUG LTCPro.ServiceLayer.Log4net - ---Executing UsersConfigNurseStationDrop() in FacilityService----
2023-07-12 06:27:50,057 [11] DEBUG LTCPro.ServiceLayer.Log4net - ---Executed Successfully UsersConfigNurseStationDrop() in FacilityController----
2023-07-12 06:27:50,312 [6] DEBUG LTCPro.ServiceLayer.Log4net - ---Executing GetProcessKeyMasterList() in FacilityController----
2023-07-12 06:27:50,313 [6] DEBUG LTCPro.ServiceLayer.Log4net - ---Executing GetProcessKeyMasterList() in FacilityService----
2023-07-12 06:27:50,460 [6] DEBUG LTCPro.ServiceLayer.Log4net - ---Executed Successfully GetProcessKeyMasterList() in FacilityController----
2023-07-12 06:27:53,964 [6] DEBUG LTCPro.ServiceLayer.Log4net - ---Executing GetProcessKeyMasterList() in FacilityController----
2023-07-12 06:27:53,964 [6] DEBUG LTCPro.ServiceLayer.Log4net - ---Executing GetProcessKeyMasterList() in FacilityService----
2023-07-12 06:27:54,049 [6] DEBUG LTCPro.ServiceLayer.Log4net - ---Executed Successfully GetProcessKeyMasterList() in FacilityController----
2023-07-12 06:27:55,287 [5] DEBUG LTCPro.ServiceLayer.Log4net - ---Executing CheckUser() in UserService----
2023-07-12 06:27:57,296 [5] DEBUG LTCPro.ServiceLayer.Log4net - ---Executing FindUser() in UserService----
2023-07-12 06:27:57,771 [5] DEBUG LTCPro.ServiceLayer.Log4net - ---Executing InsertUserSession() in UserService----
2023-07-12 06:27:58,672 [5] DEBUG LTCPro.ServiceLayer.Log4net - ---Executing InsertUserToken() in UserService----
2023-07-12 06:27:59,559 [8] DEBUG LTCPro.ServiceLayer.Log4net - ---Executing GetScreenPermissionsForLoggedInUser() in RoleController----
2023-07-12 06:27:59,561 [8] DEBUG LTCPro.ServiceLayer.Log4net - ---Executing GetScreenPermissionsForLoggedInUser() in RoleService----
2023-07-12 06:27:59,564 [6] DEBUG LTCPro.ServiceLayer.Log4net - ---Executing InsertUpdateUserRecentFacNs() in UserController----
2023-07-12 06:27:59,592 [6] DEBUG LTCPro.ServiceLayer.Log4net - ---Executing GetUserRecentFacNs() in UserService----
2023-07-12 06:27:59,787 [6] DEBUG LTCPro.ServiceLayer.Log4net - ---Executing InsertUpdateUserRecentFacNs() in CommonService----
2023-07-12 06:27:59,810 [6] DEBUG LTCPro.ServiceLayer.Log4net - ---Executed Successfully InsertUpdateUserRecentFacNs() in UserController----
2023-07-12 06:28:00,135 [8] DEBUG LTCPro.ServiceLayer.Log4net - ---Executed Successfully GetScreenPermissionsForLoggedInUser() in RoleController----
2023-07-12 06:28:00,306 [6] DEBUG LTCPro.ServiceLayer.Log4net - ---Executing GetUserToken() in UserService----
2023-07-12 06:28:00,307 [8] DEBUG LTCPro.ServiceLayer.Log4net - ---Executing GetUserToken() in UserService----
2023-07-12 06:28:00,309 [11] DEBUG LTCPro.ServiceLayer.Log4net - ---Executing GetUserToken() in UserService----
2023-07-12 06:28:00,310 [5] DEBUG LTCPro.ServiceLayer.Log4net - ---Executing GetUserToken() in UserService----
2023-07-12 06:28:00,323 [8] DEBUG LTCPro.ServiceLayer.Log4net - ---Executing GetReadMailsCount() in MailboxController----
2023-07-12 06:28:00,325 [11] DEBUG LTCPro.ServiceLayer.Log4net - ---Executing GetAlertsDetails() in MailboxController----
2023-07-12 06:28:00,330 [5] DEBUG LTCPro.ServiceLayer.Log4net - ---Executing GetUserPassedDueFlag() in UserController----
2023-07-12 06:28:00,331 [5] DEBUG LTCPro.ServiceLayer.Log4net - ---Executing GetUserPassedDueFlag() in UserService----
2023-07-12 06:28:00,340 [11] DEBUG LTCPro.ServiceLayer.Log4net - ---Executing GetAlertsDetails() in MailboxService----
2023-07-12 06:28:00,348 [8] DEBUG LTCPro.ServiceLayer.Log4net - ---Executing GetReadMailsCount() in MailboxService----
2023-07-12 06:28:00,361 [5] DEBUG LTCPro.ServiceLayer.Log4net - ---Executed Successfully GetUserPassedDueFlag() in UserController----
2023-07-12 06:28:00,390 [8] DEBUG LTCPro.ServiceLayer.Log4net - ---Executed successfully GetReadMailsCount() in MailboxController----
2023-07-12 06:28:00,395 [5] DEBUG LTCPro.ServiceLayer.Log4net - ---Executing GetUserToken() in UserService----
2023-07-12 06:28:00,401 [11] DEBUG LTCPro.ServiceLayer.Log4net - ---Executed successfully GetAlertsDetails() in MailboxController----
2023-07-12 06:28:00,402 [5] DEBUG LTCPro.ServiceLayer.Log4net - ---Executing GetDueMARAlertData() in EmarController----
2023-07-12 06:28:00,414 [8] DEBUG LTCPro.ServiceLayer.Log4net - ---Executing GetUserToken() in UserService----
2023-07-12 06:28:00,475 [8] DEBUG LTCPro.ServiceLayer.Log4net - ---Executing GetUserRecentFacNs() in UserController----
2023-07-12 06:28:00,475 [8] DEBUG LTCPro.ServiceLayer.Log4net - ---Executing GetUserRecentFacNs() in UserService----
2023-07-12 06:28:00,479 [5] DEBUG LTCPro.ServiceLayer.Log4net - ---Executing GetDueMARAlertData() in EmarService----
2023-07-12 06:28:00,483 [8] DEBUG LTCPro.ServiceLayer.Log4net - ---Executed Successfully GetUserRecentFacNs() in UserController----
2023-07-12 06:28:00,495 [11] DEBUG LTCPro.ServiceLayer.Log4net - ---Executing GetUserToken() in UserService----
2023-07-12 06:28:00,500 [8] DEBUG LTCPro.ServiceLayer.Log4net - ---Executing GetUserToken() in UserService----
2023-07-12 06:28:00,500 [11] DEBUG LTCPro.ServiceLayer.Log4net - ---Executing GetPendingDosesList() in CommonController----
2023-07-12 06:28:00,501 [11] DEBUG LTCPro.ServiceLayer.Log4net - ---Executing GetPendingDosesList() in CommonService----
2023-07-12 06:28:00,539 [6] DEBUG LTCPro.ServiceLayer.Log4net - ---Executing GetOutboundErrorDetails() in CommonController----
2023-07-12 06:28:00,540 [6] DEBUG LTCPro.ServiceLayer.Log4net - ---Executing GetOutboundErrorDetails() in CommonService----
2023-07-12 06:28:00,561 [11] DEBUG LTCPro.ServiceLayer.Log4net - ---Executed Successfully GetPendingDosesList() in CommonController----
2023-07-12 06:28:00,602 [8] DEBUG LTCPro.ServiceLayer.Log4net - ---Executing InsertUserActivityDetails() in CompanyController----
2023-07-12 06:28:00,602 [8] DEBUG LTCPro.ServiceLayer.Log4net - ---Executing InsertUserActivityDetails() in UserActivityService----
2023-07-12 06:28:00,612 [11] DEBUG LTCPro.ServiceLayer.Log4net - ---Executing GetUserToken() in UserService----
2023-07-12 06:28:00,819 [5] DEBUG LTCPro.ServiceLayer.Log4net - ---Executed Successfully GetDueMARAlertData() in EmarController----
2023-07-12 06:28:00,846 [5] DEBUG LTCPro.ServiceLayer.Log4net - ---Executing GetUserToken() in UserService----
2023-07-12 06:28:00,863 [5] DEBUG LTCPro.ServiceLayer.Log4net - ---Executing GetUserAccessFacilityNurseStaions() in FacilityController----
2023-07-12 06:28:00,863 [5] DEBUG LTCPro.ServiceLayer.Log4net - ---Executing GetUserAccessFacilityNurseStaions() in FacilityService----
2023-07-12 06:28:00,887 [6] DEBUG LTCPro.ServiceLayer.Log4net - ---Executed Successfully GetOutboundErrorDetails() in CommonController----
2023-07-12 06:28:00,896 [5] DEBUG LTCPro.ServiceLayer.Log4net - ---Executed Successfully GetUserAccessFacilityNurseStaions() in FacilityController----
2023-07-12 06:28:01,359 [11] DEBUG LTCPro.ServiceLayer.Log4net - ---Executing GetUserActiveCompanyMasterList() in CompanyController----
2023-07-12 06:28:01,360 [11] DEBUG LTCPro.ServiceLayer.Log4net - ---Executing GetActiveCompanyMasterList() in CompanyService----
2023-07-12 06:28:01,483 [11] DEBUG LTCPro.ServiceLayer.Log4net - ---Executed Successfully GetUserActiveCompanyMasterList() in CompanyController----
2023-07-12 06:28:02,361 [8] DEBUG LTCPro.ServiceLayer.Log4net - ---Executed Successfully InsertUserActivityDetails() in CompanyController----
2023-07-12 06:28:08,996 [5] DEBUG LTCPro.ServiceLayer.Log4net - ---Executing GetUserToken() in UserService----
2023-07-12 06:28:08,998 [6] DEBUG LTCPro.ServiceLayer.Log4net - ---Executing GetUserToken() in UserService----
2023-07-12 06:28:09,001 [11] DEBUG LTCPro.ServiceLayer.Log4net - ---Executing GetUserToken() in UserService----
2023-07-12 06:28:09,007 [6] DEBUG LTCPro.ServiceLayer.Log4net - ---Executing GetAllNurseStationsList() in FacilityController----
2023-07-12 06:28:09,007 [11] DEBUG LTCPro.ServiceLayer.Log4net - ---Executing GetFacilityDropData() in FacilityController----
2023-07-12 06:28:09,008 [6] DEBUG LTCPro.ServiceLayer.Log4net - ---Executing GetAllNurseStationsList() in FacilityService----
2023-07-12 06:28:09,008 [11] DEBUG LTCPro.ServiceLayer.Log4net - ---Executing GetFacilityDropData() in FacilityService----
2023-07-12 06:28:09,029 [11] DEBUG LTCPro.ServiceLayer.Log4net - ---Executed Successfully GetFacilityDropData() in FacilityController----
2023-07-12 06:28:09,229 [5] DEBUG LTCPro.ServiceLayer.Log4net - ---Executing InsertUserActivityDetails() in CompanyController----
2023-07-12 06:28:09,229 [5] DEBUG LTCPro.ServiceLayer.Log4net - ---Executing InsertUserActivityDetails() in UserActivityService----
2023-07-12 06:28:09,943 [5] DEBUG LTCPro.ServiceLayer.Log4net - ---Executed Successfully InsertUserActivityDetails() in CompanyController----
2023-07-12 06:28:09,994 [6] DEBUG LTCPro.ServiceLayer.Log4net - ---Executed Successfully GetAllNurseStationsList() in FacilityController----
2023-07-12 06:28:47,781 [7] DEBUG LTCPro.ServiceLayer.Log4net - ---Executing GetUserToken() in UserService----
2023-07-12 06:28:47,787 [7] DEBUG LTCPro.ServiceLayer.Log4net - ---Executing InsertUserActivityDetails() in CompanyController----
2023-07-12 06:28:47,787 [7] DEBUG LTCPro.ServiceLayer.Log4net - ---Executing InsertUserActivityDetails() in UserActivityService----
2023-07-12 06:28:47,792 [11] DEBUG LTCPro.ServiceLayer.Log4net - ---Executing GetUserToken() in UserService----
2023-07-12 06:28:47,798 [11] DEBUG LTCPro.ServiceLayer.Log4net - ---Executing GetUserRecentFacNs() in UserController----
2023-07-12 06:28:47,798 [11] DEBUG LTCPro.ServiceLayer.Log4net - ---Executing GetUserRecentFacNs() in UserService----
2023-07-12 06:28:47,870 [11] DEBUG LTCPro.ServiceLayer.Log4net - ---Executed Successfully GetUserRecentFacNs() in UserController----
2023-07-12 06:28:47,870 [7] DEBUG LTCPro.ServiceLayer.Log4net - ---Executed Successfully InsertUserActivityDetails() in CompanyController----
2023-07-12 06:28:47,891 [11] DEBUG LTCPro.ServiceLayer.Log4net - ---Executing GetUserToken() in UserService----
2023-07-12 06:28:47,894 [11] DEBUG LTCPro.ServiceLayer.Log4net - ---Executing GetUserAccessFacilityNurseStaions() in FacilityController----
2023-07-12 06:28:47,894 [11] DEBUG LTCPro.ServiceLayer.Log4net - ---Executing GetUserAccessFacilityNurseStaions() in FacilityService----
2023-07-12 06:28:47,900 [11] DEBUG LTCPro.ServiceLayer.Log4net - ---Executed Successfully GetUserAccessFacilityNurseStaions() in FacilityController----
2023-07-12 06:28:47,922 [8] DEBUG LTCPro.ServiceLayer.Log4net - ---Executing GetUserToken() in UserService----
2023-07-12 06:28:47,926 [8] DEBUG LTCPro.ServiceLayer.Log4net - ---Executing UserNurseStationDrop() in FacilityController----
2023-07-12 06:28:47,927 [8] DEBUG LTCPro.ServiceLayer.Log4net - ---Executing UserNurseStationDrop() in FacilityService----
2023-07-12 06:28:47,939 [8] DEBUG LTCPro.ServiceLayer.Log4net - ---Executed Successfully UserNurseStationDrop() in FacilityController----
2023-07-12 06:28:47,987 [7] DEBUG LTCPro.ServiceLayer.Log4net - ---Executing GetUserToken() in UserService----
2023-07-12 06:28:47,991 [7] DEBUG LTCPro.ServiceLayer.Log4net - ---Executing GetCompanyToBedFlagByFacId() in FacilityController----
2023-07-12 06:28:47,992 [7] DEBUG LTCPro.ServiceLayer.Log4net - ---Executing GetCompanyToBedFlagByFacId() in FacilityService----
2023-07-12 06:28:47,993 [11] DEBUG LTCPro.ServiceLayer.Log4net - ---Executing GetUserToken() in UserService----
2023-07-12 06:28:48,083 [11] DEBUG LTCPro.ServiceLayer.Log4net - ---Executing GetPRNDetailsByfilter() in EMARController----
2023-07-12 06:28:48,095 [11] DEBUG LTCPro.ServiceLayer.Log4net - ---Executing GetPRNDetailsByfilter() in EmarService----
2023-07-12 06:28:48,178 [6] DEBUG LTCPro.ServiceLayer.Log4net - ---Executing GetUserToken() in UserService----
2023-07-12 06:28:48,236 [6] DEBUG LTCPro.ServiceLayer.Log4net - ---Executing OrderEndingSoonStatus() in OrdersController----
2023-07-12 06:28:48,237 [6] DEBUG LTCPro.ServiceLayer.Log4net - ---Executing OrderEndingSoonStatus() in OrdersService----
2023-07-12 06:28:48,276 [6] DEBUG LTCPro.ServiceLayer.Log4net - ---Executed Successfully OrderEndingSoonStatus() in OrdersController----
2023-07-12 06:28:48,297 [8] DEBUG LTCPro.ServiceLayer.Log4net - ---Executing GetUserToken() in UserService----
2023-07-12 06:28:48,303 [8] DEBUG LTCPro.ServiceLayer.Log4net - ---Executing OrderEndingSoonStatus() in OrdersController----
2023-07-12 06:28:48,303 [8] DEBUG LTCPro.ServiceLayer.Log4net - ---Executing OrderEndingSoonStatus() in OrdersService----
2023-07-12 06:28:48,312 [8] DEBUG LTCPro.ServiceLayer.Log4net - ---Executed Successfully OrderEndingSoonStatus() in OrdersController----
2023-07-12 06:28:48,497 [7] DEBUG LTCPro.ServiceLayer.Log4net - ---Executed Successfully GetCompanyToBedFlagByFacId() in FacilityController----
2023-07-12 06:28:48,509 [11] DEBUG LTCPro.ServiceLayer.Log4net - ---Executed Successfully GetPRNDetailsByfilter() in EMARController----
2023-07-12 06:28:48,595 [7] DEBUG LTCPro.ServiceLayer.Log4net - ---Executing GetUserToken() in UserService----
2023-07-12 06:28:48,608 [7] DEBUG LTCPro.ServiceLayer.Log4net - ---Executing GetSeventyTwoHourDetailsByfilter() in EMARController----
2023-07-12 06:28:48,608 [7] DEBUG LTCPro.ServiceLayer.Log4net - ---Executing GetSeventyTwoHourDetailsByfilter() in EmarService----
2023-07-12 06:28:48,673 [11] DEBUG LTCPro.ServiceLayer.Log4net - ---Executing GetUserToken() in UserService----
2023-07-12 06:28:48,679 [11] DEBUG LTCPro.ServiceLayer.Log4net - ---Executing GetNurseStationHierarchyDetailsbyNsId() in CompanyController----
2023-07-12 06:28:48,680 [11] DEBUG LTCPro.ServiceLayer.Log4net - ---Executing GetNurseStationHierarchyDetailsbyNsId() in CompanyService----
2023-07-12 06:28:48,683 [6] DEBUG LTCPro.ServiceLayer.Log4net - ---Executing GetUserToken() in UserService----
2023-07-12 06:28:48,732 [8] DEBUG LTCPro.ServiceLayer.Log4net - ---Executing GetUserToken() in UserService----
2023-07-12 06:28:48,819 [8] DEBUG LTCPro.ServiceLayer.Log4net - ---Executing GetOrdersEndingSoon() in OrdersController----
2023-07-12 06:28:48,820 [8] DEBUG LTCPro.ServiceLayer.Log4net - ---Executing GetOrdersEndingSoon() in OrdersService----
2023-07-12 06:28:48,826 [7] DEBUG LTCPro.ServiceLayer.Log4net - ---Executed Successfully GetSeventyTwoHourDetailsByfilter() in EMARController----
2023-07-12 06:28:48,826 [6] DEBUG LTCPro.ServiceLayer.Log4net - ---Executing GetOrdersGridData() in OrdersController----
2023-07-12 06:28:48,827 [11] DEBUG LTCPro.ServiceLayer.Log4net - ---Executed Successfully GetNurseStationHierarchyDetailsbyNsId() in CompanyController----
2023-07-12 06:28:48,827 [6] DEBUG LTCPro.ServiceLayer.Log4net - ---Executing GetOrdersGridData() in OrdersService----
2023-07-12 06:28:48,949 [8] DEBUG LTCPro.ServiceLayer.Log4net - ---Executed Successfully GetOrdersEndingSoon() in OrdersController----
2023-07-12 06:28:48,951 [6] DEBUG LTCPro.ServiceLayer.Log4net - ---Executed Successfully GetOrdersGridData() in OrdersController----
2023-07-12 06:28:49,235 [6] DEBUG LTCPro.ServiceLayer.Log4net - ---Executing GetUserToken() in UserService----
2023-07-12 06:28:49,289 [6] DEBUG LTCPro.ServiceLayer.Log4net - ---Executing GetPendingOrdersGridData() in OrdersController----
2023-07-12 06:28:49,303 [6] DEBUG LTCPro.ServiceLayer.Log4net - ---Executing GetPendingOrdersGridData() in OrdersService----
2023-07-12 06:28:49,322 [6] DEBUG LTCPro.ServiceLayer.Log4net - ---Executed Successfully GetPendingOrdersGridData() in OrdersController----
2023-07-12 06:28:51,026 [6] DEBUG LTCPro.ServiceLayer.Log4net - ---Executing GetUserToken() in UserService----
2023-07-12 06:28:51,031 [6] DEBUG LTCPro.ServiceLayer.Log4net - ---Executing InsertUserActivityDetails() in CompanyController----
2023-07-12 06:28:51,031 [6] DEBUG LTCPro.ServiceLayer.Log4net - ---Executing InsertUserActivityDetails() in UserActivityService----
2023-07-12 06:28:51,034 [11] DEBUG LTCPro.ServiceLayer.Log4net - ---Executing GetUserToken() in UserService----
2023-07-12 06:28:51,067 [11] DEBUG LTCPro.ServiceLayer.Log4net - ---Executing GetUserRecentFacNs() in UserController----
2023-07-12 06:28:51,067 [11] DEBUG LTCPro.ServiceLayer.Log4net - ---Executing GetUserRecentFacNs() in UserService----
2023-07-12 06:28:51,267 [6] DEBUG LTCPro.ServiceLayer.Log4net - ---Executed Successfully InsertUserActivityDetails() in CompanyController----
2023-07-12 06:28:52,565 [11] DEBUG LTCPro.ServiceLayer.Log4net - ---Executed Successfully GetUserRecentFacNs() in UserController----
2023-07-12 06:28:52,591 [5] DEBUG LTCPro.ServiceLayer.Log4net - ---Executing GetUserToken() in UserService----
2023-07-12 06:28:52,691 [5] DEBUG LTCPro.ServiceLayer.Log4net - ---Executing GetUserAccessFacilityNurseStaions() in FacilityController----
2023-07-12 06:28:52,691 [5] DEBUG LTCPro.ServiceLayer.Log4net - ---Executing GetUserAccessFacilityNurseStaions() in FacilityService----
2023-07-12 06:28:53,297 [5] DEBUG LTCPro.ServiceLayer.Log4net - ---Executed Successfully GetUserAccessFacilityNurseStaions() in FacilityController----
2023-07-12 06:28:53,318 [5] DEBUG LTCPro.ServiceLayer.Log4net - ---Executing GetUserToken() in UserService----
2023-07-12 06:28:53,502 [5] DEBUG LTCPro.ServiceLayer.Log4net - ---Executing UserNurseStationDrop() in FacilityController----
2023-07-12 06:28:53,502 [5] DEBUG LTCPro.ServiceLayer.Log4net - ---Executing UserNurseStationDrop() in FacilityService----
2023-07-12 06:28:54,108 [5] DEBUG LTCPro.ServiceLayer.Log4net - ---Executed Successfully UserNurseStationDrop() in FacilityController----
2023-07-12 06:28:54,131 [6] DEBUG LTCPro.ServiceLayer.Log4net - ---Executing GetUserToken() in UserService----
2023-07-12 06:28:54,325 [5] DEBUG LTCPro.ServiceLayer.Log4net - ---Executing GetUserToken() in UserService----
2023-07-12 06:28:54,329 [5] DEBUG LTCPro.ServiceLayer.Log4net - ---Executing GetOrdersGridData() in OrdersController----
2023-07-12 06:28:54,329 [5] DEBUG LTCPro.ServiceLayer.Log4net - ---Executing GetOrdersGridData() in OrdersService----
2023-07-12 06:28:54,349 [5] DEBUG LTCPro.ServiceLayer.Log4net - ---Executed Successfully GetOrdersGridData() in OrdersController----
2023-07-12 06:28:54,515 [6] DEBUG LTCPro.ServiceLayer.Log4net - ---Executing GetCompanyToBedFlagByFacId() in FacilityController----
2023-07-12 06:28:54,515 [6] DEBUG LTCPro.ServiceLayer.Log4net - ---Executing GetCompanyToBedFlagByFacId() in FacilityService----
2023-07-12 06:28:57,603 [5] DEBUG LTCPro.ServiceLayer.Log4net - ---Executing GetUserToken() in UserService----
2023-07-12 06:28:57,608 [5] DEBUG LTCPro.ServiceLayer.Log4net - ---Executing GetOrdersGridDataByPatientId() in OrdersController----
2023-07-12 06:28:57,609 [5] DEBUG LTCPro.ServiceLayer.Log4net - ---Executing GetOrdersGridDataByPatientId() in OrdersService----
2023-07-12 06:28:57,629 [5] DEBUG LTCPro.ServiceLayer.Log4net - ---Executed Successfully GetOrdersGridDataByPatientId() in OrdersController----
2023-07-12 06:28:58,164 [6] DEBUG LTCPro.ServiceLayer.Log4net - ---Executed Successfully GetCompanyToBedFlagByFacId() in FacilityController----
2023-07-12 06:28:58,220 [8] DEBUG LTCPro.ServiceLayer.Log4net - ---Executing GetUserToken() in UserService----
2023-07-12 06:28:58,367 [8] DEBUG LTCPro.ServiceLayer.Log4net - ---Executing GetNurseStationHierarchyDetailsbyNsId() in CompanyController----
2023-07-12 06:28:58,367 [8] DEBUG LTCPro.ServiceLayer.Log4net - ---Executing GetNurseStationHierarchyDetailsbyNsId() in CompanyService----
2023-07-12 06:28:58,570 [8] DEBUG LTCPro.ServiceLayer.Log4net - ---Executed Successfully GetNurseStationHierarchyDetailsbyNsId() in CompanyController----
2023-07-12 06:29:00,239 [5] DEBUG LTCPro.ServiceLayer.Log4net - ---Executing GetUserToken() in UserService----
2023-07-12 06:29:00,598 [5] DEBUG LTCPro.ServiceLayer.Log4net - ---Executing GetFacilityNSResidentsDataByPId() in ResidentDemographicController----
2023-07-12 06:29:00,629 [5] DEBUG LTCPro.ServiceLayer.Log4net - ---Executing GetFacilityNSResidentsDataByPId() in ResidentDemographicService----
2023-07-12 06:29:02,220 [5] DEBUG LTCPro.ServiceLayer.Log4net - ---Executed Successfully GetFacilityNSResidentsDataByPId() in ResidentDemographicController----
2023-07-12 06:29:02,329 [7] DEBUG LTCPro.ServiceLayer.Log4net - ---Executing GetUserToken() in UserService----
2023-07-12 06:29:02,357 [5] DEBUG LTCPro.ServiceLayer.Log4net - ---Executing GetUserToken() in UserService----
2023-07-12 06:29:02,505 [7] DEBUG LTCPro.ServiceLayer.Log4net - ---Executing GetTimeZoneDate() in CommonController----
2023-07-12 06:29:02,505 [7] DEBUG LTCPro.ServiceLayer.Log4net - ---Executing GetTimeZoneDate() in CommonService----
2023-07-12 06:29:02,531 [5] DEBUG LTCPro.ServiceLayer.Log4net - ---Executing GetAllBarcodes() in StockEkitController----
2023-07-12 06:29:02,532 [5] DEBUG LTCPro.ServiceLayer.Log4net - ---Executing GetAllBarcodes() in StockEkitService----
2023-07-12 06:29:02,576 [16] DEBUG LTCPro.ServiceLayer.Log4net - ---Executing GetUserToken() in UserService----
2023-07-12 06:29:02,599 [5] DEBUG LTCPro.ServiceLayer.Log4net - ---Executed Successfully GetAllBarcodes() in StockEkitController----
2023-07-12 06:29:02,606 [16] DEBUG LTCPro.ServiceLayer.Log4net - ---Executing GetPhysicianNPIByRoleRes() in OrdersController----
2023-07-12 06:29:02,607 [16] DEBUG LTCPro.ServiceLayer.Log4net - ---Executing GetPhysicianNPIByRoleRes() in OrdersService----
2023-07-12 06:29:02,610 [18] DEBUG LTCPro.ServiceLayer.Log4net - ---Executing GetUserToken() in UserService----
2023-07-12 06:29:02,617 [8] DEBUG LTCPro.ServiceLayer.Log4net - ---Executing GetUserToken() in UserService----
2023-07-12 06:29:02,618 [18] DEBUG LTCPro.ServiceLayer.Log4net - ---Executing GetCpoeSourceDrop() in OrdersController----
2023-07-12 06:29:02,619 [18] DEBUG LTCPro.ServiceLayer.Log4net - ---Executing GetCpoeSourceDrop() in OrdersService----
2023-07-12 06:29:02,622 [8] DEBUG LTCPro.ServiceLayer.Log4net - ---Executing GetPhysicianDropData() in OrdersController----
2023-07-12 06:29:02,623 [8] DEBUG LTCPro.ServiceLayer.Log4net - ---Executing GetPhysicianDropData() in OrdersService----
2023-07-12 06:29:02,649 [7] DEBUG LTCPro.ServiceLayer.Log4net - ---Executed Successfully GetTimeZoneDate() in CommonController----
2023-07-12 06:29:02,716 [11] DEBUG LTCPro.ServiceLayer.Log4net - ---Executing GetUserToken() in UserService----
2023-07-12 06:29:02,727 [11] DEBUG LTCPro.ServiceLayer.Log4net - ---Executing GetOrderRoutes() in OrdersController----
2023-07-12 06:29:02,727 [11] DEBUG LTCPro.ServiceLayer.Log4net - ---Executing GetOrderRoutes() in OrdersService----
2023-07-12 06:29:02,788 [11] DEBUG LTCPro.ServiceLayer.Log4net - ---Executed Successfully GetOrderRoutes() in OrdersController----
2023-07-12 06:29:02,791 [8] DEBUG LTCPro.ServiceLayer.Log4net - ---Executed Successfully GetPhysicianDropData() in OrdersController----
2023-07-12 06:29:02,793 [18] DEBUG LTCPro.ServiceLayer.Log4net - ---Executed Successfully GetCpoeSourceDrop() in OrdersController----
2023-07-12 06:29:02,999 [14] DEBUG LTCPro.ServiceLayer.Log4net - ---Executing GetUserToken() in UserService----
2023-07-12 06:29:03,015 [15] DEBUG LTCPro.ServiceLayer.Log4net - ---Executing GetUserToken() in UserService----
2023-07-12 06:29:03,018 [14] DEBUG LTCPro.ServiceLayer.Log4net - ---Executing GetDoseUomDrop() in OrdersController----
2023-07-12 06:29:03,019 [14] DEBUG LTCPro.ServiceLayer.Log4net - ---Executing GetDoseUom() in OrdersService----
2023-07-12 06:29:03,038 [15] DEBUG LTCPro.ServiceLayer.Log4net - ---Executing GetResidentInformation() in ResidentDemographicController----
2023-07-12 06:29:03,039 [15] DEBUG LTCPro.ServiceLayer.Log4net - ---Executing GetResidentInformation() in ResidentDemographicService----
2023-07-12 06:29:03,058 [12] DEBUG LTCPro.ServiceLayer.Log4net - ---Executing GetUserToken() in UserService----
2023-07-12 06:29:03,062 [14] DEBUG LTCPro.ServiceLayer.Log4net - ---Executed Successfully GetDoseUomDrop() in OrdersController----
2023-07-12 06:29:03,084 [12] DEBUG LTCPro.ServiceLayer.Log4net - ---Executing GetQuantityDoseDrop() in OrdersController----
2023-07-12 06:29:03,085 [12] DEBUG LTCPro.ServiceLayer.Log4net - ---Executing GetQuantityDoseDrop() in OrdersService----
2023-07-12 06:29:03,117 [12] DEBUG LTCPro.ServiceLayer.Log4net - ---Executed Successfully GetQuantityDoseDrop() in OrdersController----
2023-07-12 06:29:03,225 [7] DEBUG LTCPro.ServiceLayer.Log4net - ---Executing GetUserToken() in UserService----
2023-07-12 06:29:03,230 [7] DEBUG LTCPro.ServiceLayer.Log4net - ---Executing GetUnitMeasurementsDrop() in OrdersController----
2023-07-12 06:29:03,231 [7] DEBUG LTCPro.ServiceLayer.Log4net - ---Executing GetUnitMeasurementsDrop() in OrdersService----
2023-07-12 06:29:03,280 [7] DEBUG LTCPro.ServiceLayer.Log4net - ---Executed Successfully GetUnitMeasurementsDrop() in OrdersController----
2023-07-12 06:29:03,346 [15] DEBUG LTCPro.ServiceLayer.Log4net - ---Executed Successfully GetResidentInformation() in ResidentDemographicController----
2023-07-12 06:29:03,406 [5] DEBUG LTCPro.ServiceLayer.Log4net - ---Executing GetUserToken() in UserService----
2023-07-12 06:29:03,413 [7] DEBUG LTCPro.ServiceLayer.Log4net - ---Executing GetUserToken() in UserService----
2023-07-12 06:29:03,441 [6] DEBUG LTCPro.ServiceLayer.Log4net - ---Executing GetUserToken() in UserService----
2023-07-12 06:29:03,448 [8] DEBUG LTCPro.ServiceLayer.Log4net - ---Executing GetUserToken() in UserService----
2023-07-12 06:29:03,451 [5] DEBUG LTCPro.ServiceLayer.Log4net - ---Executing GetFrequencyMasterDataWithShifts() in OrdersController----
2023-07-12 06:29:03,453 [5] DEBUG LTCPro.ServiceLayer.Log4net - ---Executing GetFrequencyMasterDataWithShifts() in OrdersService----
2023-07-12 06:29:03,453 [6] DEBUG LTCPro.ServiceLayer.Log4net - ---Executing GetResidentDiagnosisInfo() in ResidentDemographicController----
2023-07-12 06:29:03,454 [6] DEBUG LTCPro.ServiceLayer.Log4net - ---Executing GetResidentDiagnosisInfo() in DiagnosisInfoService----
2023-07-12 06:29:03,462 [7] DEBUG LTCPro.ServiceLayer.Log4net - ---Executing GetWeightList(Patient_Id) in AssessmentController----
2023-07-12 06:29:03,468 [8] DEBUG LTCPro.ServiceLayer.Log4net - ---Executing GetPatientType() in ResidentDemographicController----
2023-07-12 06:29:03,471 [8] DEBUG LTCPro.ServiceLayer.Log4net - ---Executing GetPatientType() in EmarService----
2023-07-12 06:29:03,474 [7] DEBUG LTCPro.ServiceLayer.Log4net - ---Executing GetWeightList() in AssessmentService----
2023-07-12 06:29:03,540 [6] DEBUG LTCPro.ServiceLayer.Log4net - ---Executed Successfully GetResidentDiagnosisInfo() in ResidentDemographicController----
2023-07-12 06:29:03,573 [8] DEBUG LTCPro.ServiceLayer.Log4net - ---Executed Successfully GetPatientType() in ResidentDemographicController----
2023-07-12 06:29:03,653 [5] DEBUG LTCPro.ServiceLayer.Log4net - ---Executed Successfully GetFrequencyMasterDataWithShifts() in OrdersController----
2023-07-12 06:29:03,668 [7] DEBUG LTCPro.ServiceLayer.Log4net - ---Executed Successfully GetWeightList(Patient_Id) in AssessmentController----
2023-07-12 06:29:03,752 [11] DEBUG LTCPro.ServiceLayer.Log4net - ---Executing GetUserToken() in UserService----
2023-07-12 06:29:03,762 [11] DEBUG LTCPro.ServiceLayer.Log4net - ---Executing GetDiagnosisDetails() in OrdersController----
2023-07-12 06:29:03,762 [11] DEBUG LTCPro.ServiceLayer.Log4net - ---Executing GetDiagnosisDetails() in OrdersService----
2023-07-12 06:29:03,905 [11] DEBUG LTCPro.ServiceLayer.Log4net - ---Executed Successfully GetDiagnosisDetails() in OrdersController----
2023-07-12 06:29:03,907 [18] DEBUG LTCPro.ServiceLayer.Log4net - ---Executing GetUserToken() in UserService----
2023-07-12 06:29:03,913 [18] DEBUG LTCPro.ServiceLayer.Log4net - ---Executing GetOrderGridData() in OrdersController----
2023-07-12 06:29:03,914 [18] DEBUG LTCPro.ServiceLayer.Log4net - ---Executing GetOrderGridData() in OrdersService----
2023-07-12 06:29:03,956 [18] DEBUG LTCPro.ServiceLayer.Log4net - ---Executed Successfully GetOrderGridData() in OrdersController----
2023-07-12 06:29:03,999 [6] DEBUG LTCPro.ServiceLayer.Log4net - ---Executing GetUserToken() in UserService----
2023-07-12 06:29:04,007 [6] DEBUG LTCPro.ServiceLayer.Log4net - ---Executing GetAllBarcodes() in StockEkitController----
2023-07-12 06:29:04,008 [6] DEBUG LTCPro.ServiceLayer.Log4net - ---Executing GetAllBarcodes() in StockEkitService----
2023-07-12 06:29:04,016 [6] DEBUG LTCPro.ServiceLayer.Log4net - ---Executed Successfully GetAllBarcodes() in StockEkitController----
2023-07-12 06:29:04,340 [7] DEBUG LTCPro.ServiceLayer.Log4net - ---Executing GetUserToken() in UserService----
2023-07-12 06:29:04,344 [7] DEBUG LTCPro.ServiceLayer.Log4net - ---Executing GetOrderGridData() in OrdersController----
2023-07-12 06:29:04,344 [7] DEBUG LTCPro.ServiceLayer.Log4net - ---Executing GetOrderGridData() in OrdersService----
2023-07-12 06:29:04,354 [13] DEBUG LTCPro.ServiceLayer.Log4net - ---Executing GetUserToken() in UserService----
2023-07-12 06:29:04,359 [7] DEBUG LTCPro.ServiceLayer.Log4net - ---Executed Successfully GetOrderGridData() in OrdersController----
2023-07-12 06:29:04,360 [13] DEBUG LTCPro.ServiceLayer.Log4net - ---Executing GetOrdersData() in OrdersController----
2023-07-12 06:29:04,361 [13] DEBUG LTCPro.ServiceLayer.Log4net - ---Executing GetOrdersData() in OrdersService----
2023-07-12 06:29:04,431 [13] DEBUG LTCPro.ServiceLayer.Log4net - ---Executed Successfully GetOrdersData() in OrdersController----
2023-07-12 06:29:05,804 [13] DEBUG LTCPro.ServiceLayer.Log4net - ---Executing GetUserToken() in UserService----
2023-07-12 06:29:05,835 [5] DEBUG LTCPro.ServiceLayer.Log4net - ---Executing GetUserToken() in UserService----
2023-07-12 06:29:05,837 [16] DEBUG LTCPro.ServiceLayer.Log4net - ---Executed Successfully GetPhysicianNPIByRoleRes() in OrdersController----
2023-07-12 06:29:05,863 [12] DEBUG LTCPro.ServiceLayer.Log4net - ---Executing GetUserToken() in UserService----
2023-07-12 06:29:05,872 [13] DEBUG LTCPro.ServiceLayer.Log4net - ---Executing GetOrderStockDetails() in OrdersController----
2023-07-12 06:29:05,873 [7] DEBUG LTCPro.ServiceLayer.Log4net - ---Executing GetUserToken() in UserService----
2023-07-12 06:29:05,873 [13] DEBUG LTCPro.ServiceLayer.Log4net - ---Executing GetOrderStockDetails() in OrdersService----
2023-07-12 06:29:05,877 [5] DEBUG LTCPro.ServiceLayer.Log4net - ---Executing GetCpoeSourceDrop() in OrdersController----
2023-07-12 06:29:05,877 [5] DEBUG LTCPro.ServiceLayer.Log4net - ---Executing GetCpoeSourceDrop() in OrdersService----
2023-07-12 06:29:05,878 [7] DEBUG LTCPro.ServiceLayer.Log4net - ---Executing GetFavouritesMasterData() in OrdersController----
2023-07-12 06:29:05,879 [7] DEBUG LTCPro.ServiceLayer.Log4net - ---Executing GetFavouritesMasterData() in OrdersService----
2023-07-12 06:29:05,883 [5] DEBUG LTCPro.ServiceLayer.Log4net - ---Executed Successfully GetCpoeSourceDrop() in OrdersController----
2023-07-12 06:29:05,963 [13] DEBUG LTCPro.ServiceLayer.Log4net - ---Executed Successfully GetOrderStockDetails() in OrdersController----
2023-07-12 06:29:06,043 [7] DEBUG LTCPro.ServiceLayer.Log4net - ---Executed Successfully GetFavouritesMasterData() in OrdersController----
2023-07-12 06:29:07,134 [12] DEBUG LTCPro.ServiceLayer.Log4net - ---Executing GetPhysicianDropData() in OrdersController----
2023-07-12 06:29:07,134 [12] DEBUG LTCPro.ServiceLayer.Log4net - ---Executing GetPhysicianDropData() in OrdersService----
2023-07-12 06:29:11,175 [12] DEBUG LTCPro.ServiceLayer.Log4net - ---Executed Successfully GetPhysicianDropData() in OrdersController----
2023-07-12 09:58:30,360 [98] DEBUG LTCPro.ServiceLayer.Log4net - ---Executing GetUserToken() in UserService----
2023-07-12 09:58:30,360 [82] DEBUG LTCPro.ServiceLayer.Log4net - ---Executing GetUserToken() in UserService----
2023-07-12 09:58:30,363 [79] DEBUG LTCPro.ServiceLayer.Log4net - ---Executing GetUserToken() in UserService----
2023-07-12 09:58:30,365 [67] DEBUG LTCPro.ServiceLayer.Log4net - ---Executing GetUserToken() in UserService----
2023-07-12 09:58:30,393 [81] DEBUG LTCPro.ServiceLayer.Log4net - ---Executing GetUserToken() in UserService----
2023-07-12 09:58:30,799 [82] DEBUG LTCPro.ServiceLayer.Log4net - ---Executing GetPendingDosesList() in CommonController----
2023-07-12 09:58:30,799 [82] DEBUG LTCPro.ServiceLayer.Log4net - ---Executing GetPendingDosesList() in CommonService----
2023-07-12 09:58:30,803 [98] DEBUG LTCPro.ServiceLayer.Log4net - ---Executing GetReadMailsCount() in MailboxController----
2023-07-12 09:58:30,804 [98] DEBUG LTCPro.ServiceLayer.Log4net - ---Executing GetReadMailsCount() in MailboxService----
2023-07-12 09:58:30,806 [67] DEBUG LTCPro.ServiceLayer.Log4net - ---Executing GetAlertsDetails() in MailboxController----
2023-07-12 09:58:30,806 [67] DEBUG LTCPro.ServiceLayer.Log4net - ---Executing GetAlertsDetails() in MailboxService----
2023-07-12 09:58:30,807 [79] DEBUG LTCPro.ServiceLayer.Log4net - ---Executing GetOutboundErrorDetails() in CommonController----
2023-07-12 09:58:30,807 [79] DEBUG LTCPro.ServiceLayer.Log4net - ---Executing GetOutboundErrorDetails() in CommonService----
2023-07-12 09:58:30,807 [74] DEBUG LTCPro.ServiceLayer.Log4net - ---Executing GetUserToken() in UserService----
2023-07-12 09:58:30,836 [82] DEBUG LTCPro.ServiceLayer.Log4net - ---Executed Successfully GetPendingDosesList() in CommonController----
2023-07-12 09:58:30,838 [81] DEBUG LTCPro.ServiceLayer.Log4net - ---Executing GetDueMARAlertData() in EmarController----
2023-07-12 09:58:30,838 [81] DEBUG LTCPro.ServiceLayer.Log4net - ---Executing GetDueMARAlertData() in EmarService----
2023-07-12 09:58:30,884 [67] DEBUG LTCPro.ServiceLayer.Log4net - ---Executed successfully GetAlertsDetails() in MailboxController----
2023-07-12 09:58:30,888 [98] DEBUG LTCPro.ServiceLayer.Log4net - ---Executed successfully GetReadMailsCount() in MailboxController----
2023-07-12 09:58:30,913 [74] DEBUG LTCPro.ServiceLayer.Log4net - ---Executing GetUserPassedDueFlag() in UserController----
2023-07-12 09:58:30,913 [74] DEBUG LTCPro.ServiceLayer.Log4net - ---Executing GetUserPassedDueFlag() in UserService----
2023-07-12 09:58:30,940 [73] DEBUG LTCPro.ServiceLayer.Log4net - ---Executing GetUserToken() in UserService----
2023-07-12 09:58:30,991 [74] DEBUG LTCPro.ServiceLayer.Log4net - ---Executed Successfully GetUserPassedDueFlag() in UserController----
2023-07-12 09:58:30,991 [73] DEBUG LTCPro.ServiceLayer.Log4net - ---Executing GetUserRecentFacNs() in UserController----
2023-07-12 09:58:30,991 [73] DEBUG LTCPro.ServiceLayer.Log4net - ---Executing GetUserRecentFacNs() in UserService----
2023-07-12 09:58:31,048 [81] DEBUG LTCPro.ServiceLayer.Log4net - ---Executed Successfully GetDueMARAlertData() in EmarController----
2023-07-12 09:58:31,107 [79] DEBUG LTCPro.ServiceLayer.Log4net - ---Executed Successfully GetOutboundErrorDetails() in CommonController----
2023-07-12 09:58:31,111 [73] DEBUG LTCPro.ServiceLayer.Log4net - ---Executed Successfully GetUserRecentFacNs() in UserController----
2023-07-12 09:58:31,221 [74] DEBUG LTCPro.ServiceLayer.Log4net - ---Executing GetUserToken() in UserService----
2023-07-12 09:58:31,338 [74] DEBUG LTCPro.ServiceLayer.Log4net - ---Executing InsertUserActivityDetails() in CompanyController----
2023-07-12 09:58:31,338 [74] DEBUG LTCPro.ServiceLayer.Log4net - ---Executing InsertUserActivityDetails() in UserActivityService----
2023-07-12 09:58:31,346 [74] DEBUG LTCPro.ServiceLayer.Log4net - ---Executed Successfully InsertUserActivityDetails() in CompanyController----
2023-07-12 09:58:31,364 [66] DEBUG LTCPro.ServiceLayer.Log4net - ---Executing GetUserToken() in UserService----
2023-07-12 09:58:31,367 [82] DEBUG LTCPro.ServiceLayer.Log4net - ---Executing GetUserToken() in UserService----
2023-07-12 09:58:31,367 [98] DEBUG LTCPro.ServiceLayer.Log4net - ---Executing GetUserToken() in UserService----
2023-07-12 09:58:31,368 [66] DEBUG LTCPro.ServiceLayer.Log4net - ---Executing GetUserRecentFacNs() in UserController----
2023-07-12 09:58:31,368 [66] DEBUG LTCPro.ServiceLayer.Log4net - ---Executing GetUserRecentFacNs() in UserService----
2023-07-12 09:58:31,373 [82] DEBUG LTCPro.ServiceLayer.Log4net - ---Executing GetUserAccessFacilityNurseStaions() in FacilityController----
2023-07-12 09:58:31,373 [82] DEBUG LTCPro.ServiceLayer.Log4net - ---Executing GetUserAccessFacilityNurseStaions() in FacilityService----
2023-07-12 09:58:31,379 [66] DEBUG LTCPro.ServiceLayer.Log4net - ---Executed Successfully GetUserRecentFacNs() in UserController----
2023-07-12 09:58:31,383 [82] DEBUG LTCPro.ServiceLayer.Log4net - ---Executed Successfully GetUserAccessFacilityNurseStaions() in FacilityController----
2023-07-12 09:58:31,721 [81] DEBUG LTCPro.ServiceLayer.Log4net - ---Executing GetUserToken() in UserService----
2023-07-12 09:58:31,780 [81] DEBUG LTCPro.ServiceLayer.Log4net - ---Executing GetUserAccessFacilityNurseStaions() in FacilityController----
2023-07-12 09:58:31,780 [81] DEBUG LTCPro.ServiceLayer.Log4net - ---Executing GetUserAccessFacilityNurseStaions() in FacilityService----
2023-07-12 09:58:32,160 [81] DEBUG LTCPro.ServiceLayer.Log4net - ---Executed Successfully GetUserAccessFacilityNurseStaions() in FacilityController----
2023-07-12 09:58:32,665 [67] DEBUG LTCPro.ServiceLayer.Log4net - ---Executing GetUserToken() in UserService----
2023-07-12 09:58:32,670 [67] DEBUG LTCPro.ServiceLayer.Log4net - ---Executing UserNurseStationDrop() in FacilityController----
2023-07-12 09:58:32,670 [67] DEBUG LTCPro.ServiceLayer.Log4net - ---Executing UserNurseStationDrop() in FacilityService----
2023-07-12 09:58:32,675 [67] DEBUG LTCPro.ServiceLayer.Log4net - ---Executed Successfully UserNurseStationDrop() in FacilityController----
2023-07-12 09:58:32,920 [79] DEBUG LTCPro.ServiceLayer.Log4net - ---Executing GetUserToken() in UserService----
2023-07-12 09:58:32,924 [79] DEBUG LTCPro.ServiceLayer.Log4net - ---Executing GetOrdersGridData() in OrdersController----
2023-07-12 09:58:32,925 [79] DEBUG LTCPro.ServiceLayer.Log4net - ---Executing GetOrdersGridData() in OrdersService----
2023-07-12 09:58:32,944 [79] DEBUG LTCPro.ServiceLayer.Log4net - ---Executed Successfully GetOrdersGridData() in OrdersController----
2023-07-12 09:58:33,515 [80] DEBUG LTCPro.ServiceLayer.Log4net - ---Executing GetUserToken() in UserService----
2023-07-12 09:58:33,521 [80] DEBUG LTCPro.ServiceLayer.Log4net - ---Executing GetCompanyToBedFlagByFacId() in FacilityController----
2023-07-12 09:58:33,521 [80] DEBUG LTCPro.ServiceLayer.Log4net - ---Executing GetCompanyToBedFlagByFacId() in FacilityService----
2023-07-12 09:58:33,555 [80] DEBUG LTCPro.ServiceLayer.Log4net - ---Executed Successfully GetCompanyToBedFlagByFacId() in FacilityController----
2023-07-12 09:58:34,045 [67] DEBUG LTCPro.ServiceLayer.Log4net - ---Executing GetUserToken() in UserService----
2023-07-12 09:58:34,050 [67] DEBUG LTCPro.ServiceLayer.Log4net - ---Executing GetNurseStationHierarchyDetailsbyNsId() in CompanyController----
2023-07-12 09:58:34,051 [67] DEBUG LTCPro.ServiceLayer.Log4net - ---Executing GetNurseStationHierarchyDetailsbyNsId() in CompanyService----
2023-07-12 09:58:34,055 [67] DEBUG LTCPro.ServiceLayer.Log4net - ---Executed Successfully GetNurseStationHierarchyDetailsbyNsId() in CompanyController----
2023-07-12 15:09:01,365 [64] DEBUG LTCPro.ServiceLayer.Log4net - ---Executing LogoutUser() in UserController----
2023-07-12 15:09:01,366 [64] DEBUG LTCPro.ServiceLayer.Log4net - ---Executing LogoutUser() in UserService----
2023-07-12 15:09:02,555 [64] ERROR LTCPro.ServiceLayer.Log4net - ===================================
2023-07-12 15:09:02,818 [64] ERROR LTCPro.ServiceLayer.Log4net -  Source : = mscorlib
2023-07-12 15:09:02,836 [64] ERROR LTCPro.ServiceLayer.Log4net -  Stack Trace : =    at System.Threading.Tasks.Task.ThrowIfExceptional(Boolean includeTaskCanceledExceptions)
   at System.Threading.Tasks.Task`1.GetResultCore(Boolean waitCompletionNotification)
   at System.Threading.Tasks.Task`1.get_Result()
   at WebApi.Controllers.UserController.LogoutUser(Int32 userId) in D:\old system Data 04042021\Emar Service Latest 1\WebApi\Controllers\UserController.cs:line 79
   at lambda_method(Closure , Object , Object[] )
   at System.Web.Http.Controllers.ReflectedHttpActionDescriptor.ActionExecutor.<>c__DisplayClass6_1.<GetExecutor>b__3(Object instance, Object[] methodParameters)
   at System.Web.Http.Controllers.ReflectedHttpActionDescriptor.ActionExecutor.Execute(Object instance, Object[] arguments)
   at System.Web.Http.Controllers.ReflectedHttpActionDescriptor.ExecuteAsync(HttpControllerContext controllerContext, IDictionary`2 arguments, CancellationToken cancellationToken)
--- End of stack trace from previous location where exception was thrown ---
   at System.Runtime.CompilerServices.TaskAwaiter.ThrowForNonSuccess(Task task)
   at System.Runtime.CompilerServices.TaskAwaiter.HandleNonSuccessAndDebuggerNotification(Task task)
   at System.Web.Http.Controllers.ApiControllerActionInvoker.<InvokeActionAsyncCore>d__1.MoveNext()
--- End of stack trace from previous location where exception was thrown ---
   at System.Runtime.CompilerServices.TaskAwaiter.ThrowForNonSuccess(Task task)
   at System.Runtime.CompilerServices.TaskAwaiter.HandleNonSuccessAndDebuggerNotification(Task task)
   at System.Web.Http.Controllers.ActionFilterResult.<ExecuteAsync>d__5.MoveNext()
--- End of stack trace from previous location where exception was thrown ---
   at System.Runtime.CompilerServices.TaskAwaiter.ThrowForNonSuccess(Task task)
   at System.Runtime.CompilerServices.TaskAwaiter.HandleNonSuccessAndDebuggerNotification(Task task)
   at System.Web.Http.Filters.AuthorizationFilterAttribute.<ExecuteAuthorizationFilterAsyncCore>d__3.MoveNext()
--- End of stack trace from previous location where exception was thrown ---
   at System.Runtime.CompilerServices.TaskAwaiter.ThrowForNonSuccess(Task task)
   at System.Runtime.CompilerServices.TaskAwaiter.HandleNonSuccessAndDebuggerNotification(Task task)
   at System.Web.Http.Controllers.ExceptionFilterResult.<ExecuteAsync>d__6.MoveNext()
2023-07-12 15:09:02,869 [64] ERROR LTCPro.ServiceLayer.Log4net -  Exception Message : = One or more errors occurred.
2023-07-12 15:09:02,869 [64] ERROR LTCPro.ServiceLayer.Log4net - ============= Inner Exception  Stack Trace  ===========
2023-07-12 15:09:03,160 [64] ERROR LTCPro.ServiceLayer.Log4net -  Inner Exception  Stack Trace : =    at System.Data.Entity.Internal.InternalContext.SaveChanges()
   at System.Data.Entity.Internal.LazyInternalContext.SaveChanges()
   at System.Data.Entity.DbContext.SaveChanges()
   at LTCPro.Repositories.UserActivityRepository.InsertUserActivityDetails(UserActivityDetailEntity entity) in D:\old system Data 04042021\Emar Service Latest 1\Repositories\Repositories\UserActivityRepository.cs:line 53
   at LTCPro.Repositories.UserRepository.LogoutUser(Int32 userId) in D:\old system Data 04042021\Emar Service Latest 1\Repositories\Repositories\UserRepository.cs:line 479
   at LTCPro.ServiceLayer.UserService.<LogoutUser>d__13.MoveNext() in D:\old system Data 04042021\Emar Service Latest 1\BusinessLayer\Services\UserService.cs:line 76
2023-07-12 15:09:03,160 [64] ERROR LTCPro.ServiceLayer.Log4net - ============= Inner Exception  Stack Trace End  ===========
2023-07-12 15:09:03,160 [64] ERROR LTCPro.ServiceLayer.Log4net - ============= Inner Exception  Message  ===========
2023-07-12 15:09:03,160 [64] ERROR LTCPro.ServiceLayer.Log4net -  Inner Exception Message : = An error occurred while updating the entries. See the inner exception for details.
2023-07-12 15:09:03,160 [64] ERROR LTCPro.ServiceLayer.Log4net - ============= Inner Exception  Message End  ===========
