2021-09-03 16:11:39,085 [6] DEBUG LTCPro.ServiceLayer.Log4net - ---Executing UsersConfigNurseStationDrop() in FacilityController----
2021-09-03 16:11:39,148 [6] DEBUG LTCPro.ServiceLayer.Log4net - ---Executing UsersConfigNurseStationDrop() in FacilityService----
2021-09-03 16:11:43,341 [6] DEBUG LTCPro.ServiceLayer.Log4net - ---Executed Successfully UsersConfigNurseStationDrop() in FacilityController----
2021-09-03 16:11:43,684 [9] DEBUG LTCPro.ServiceLayer.Log4net - ---Executing GetProcessKeyMasterList() in FacilityController----
2021-09-03 16:11:43,685 [9] DEBUG LTCPro.ServiceLayer.Log4net - ---Executing GetProcessKeyMasterList() in FacilityService----
2021-09-03 16:11:43,915 [9] DEBUG LTCPro.ServiceLayer.Log4net - ---Executed Successfully GetProcessKeyMasterList() in FacilityController----
2021-09-03 16:11:48,057 [8] DEBUG LTCPro.ServiceLayer.Log4net - ---Executing CheckUser() in UserService----
2021-09-03 16:11:50,956 [8] DEBUG LTCPro.ServiceLayer.Log4net - ---Executing FindUser() in UserService----
2021-09-03 16:11:51,311 [8] DEBUG LTCPro.ServiceLayer.Log4net - ---Executing InsertUserSession() in UserService----
2021-09-03 16:11:52,066 [8] DEBUG LTCPro.ServiceLayer.Log4net - ---Executing InsertUserToken() in UserService----
2021-09-03 16:11:53,115 [9] DEBUG LTCPro.ServiceLayer.Log4net - ---Executing GetScreenPermissionsForLoggedInUser() in RoleController----
2021-09-03 16:11:53,128 [17] DEBUG LTCPro.ServiceLayer.Log4net - ---Executing InsertUpdateUserRecentFacNs() in UserController----
2021-09-03 16:11:53,141 [9] DEBUG LTCPro.ServiceLayer.Log4net - ---Executing GetScreenPermissionsForLoggedInUser() in RoleService----
2021-09-03 16:11:53,152 [17] DEBUG LTCPro.ServiceLayer.Log4net - ---Executing GetUserRecentFacNs() in UserService----
2021-09-03 16:11:53,702 [17] DEBUG LTCPro.ServiceLayer.Log4net - ---Executing InsertUpdateUserRecentFacNs() in CommonService----
2021-09-03 16:11:54,794 [17] DEBUG LTCPro.ServiceLayer.Log4net - ---Executed Successfully InsertUpdateUserRecentFacNs() in UserController----
2021-09-03 16:11:55,010 [9] DEBUG LTCPro.ServiceLayer.Log4net - ---Executed Successfully GetScreenPermissionsForLoggedInUser() in RoleController----
2021-09-03 16:11:55,342 [6] DEBUG LTCPro.ServiceLayer.Log4net - ---Executing GetUserToken() in UserService----
2021-09-03 16:11:55,342 [8] DEBUG LTCPro.ServiceLayer.Log4net - ---Executing GetUserToken() in UserService----
2021-09-03 16:11:55,353 [17] DEBUG LTCPro.ServiceLayer.Log4net - ---Executing GetUserToken() in UserService----
2021-09-03 16:11:55,398 [18] DEBUG LTCPro.ServiceLayer.Log4net - ---Executing GetUserToken() in UserService----
2021-09-03 16:11:55,442 [19] DEBUG LTCPro.ServiceLayer.Log4net - ---Executing GetUserToken() in UserService----
2021-09-03 16:11:55,532 [9] DEBUG LTCPro.ServiceLayer.Log4net - ---Executing GetUserToken() in UserService----
2021-09-03 16:11:55,568 [8] DEBUG LTCPro.ServiceLayer.Log4net - ---Executing GetAlertsDetails() in MailboxController----
2021-09-03 16:11:55,568 [6] DEBUG LTCPro.ServiceLayer.Log4net - ---Executing GetReadMailsCount() in MailboxController----
2021-09-03 16:11:55,591 [6] DEBUG LTCPro.ServiceLayer.Log4net - ---Executing GetReadMailsCount() in MailboxService----
2021-09-03 16:11:55,591 [8] DEBUG LTCPro.ServiceLayer.Log4net - ---Executing GetAlertsDetails() in MailboxService----
2021-09-03 16:11:55,762 [18] DEBUG LTCPro.ServiceLayer.Log4net - ---Executing GetDueMARAlertData() in EmarController----
2021-09-03 16:11:55,782 [18] DEBUG LTCPro.ServiceLayer.Log4net - ---Executing GetDueMARAlertData() in EmarService----
2021-09-03 16:11:55,793 [9] DEBUG LTCPro.ServiceLayer.Log4net - ---Executing GetOutboundErrorDetails() in CommonController----
2021-09-03 16:11:55,794 [9] DEBUG LTCPro.ServiceLayer.Log4net - ---Executing GetOutboundErrorDetails() in CommonService----
2021-09-03 16:11:55,994 [6] DEBUG LTCPro.ServiceLayer.Log4net - ---Executed successfully GetReadMailsCount() in MailboxController----
2021-09-03 16:11:56,017 [6] DEBUG LTCPro.ServiceLayer.Log4net - ---Executing GetUserToken() in UserService----
2021-09-03 16:11:56,027 [8] DEBUG LTCPro.ServiceLayer.Log4net - ---Executed successfully GetAlertsDetails() in MailboxController----
2021-09-03 16:11:56,054 [15] DEBUG LTCPro.ServiceLayer.Log4net - ---Executing GetUserToken() in UserService----
2021-09-03 16:11:56,572 [18] DEBUG LTCPro.ServiceLayer.Log4net - ---Executed Successfully GetDueMARAlertData() in EmarController----
2021-09-03 16:11:56,632 [10] DEBUG LTCPro.ServiceLayer.Log4net - ---Executing GetUserToken() in UserService----
2021-09-03 16:11:56,780 [6] DEBUG LTCPro.ServiceLayer.Log4net - ---Executing GetPendingDosesList() in CommonController----
2021-09-03 16:11:56,782 [6] DEBUG LTCPro.ServiceLayer.Log4net - ---Executing GetPendingDosesList() in CommonService----
2021-09-03 16:11:57,083 [19] DEBUG LTCPro.ServiceLayer.Log4net - ---Executing InsertUserActivityDetails() in CompanyController----
2021-09-03 16:11:57,084 [19] DEBUG LTCPro.ServiceLayer.Log4net - ---Executing InsertUserActivityDetails() in UserActivityService----
2021-09-03 16:11:57,409 [17] DEBUG LTCPro.ServiceLayer.Log4net - ---Executing GetUserPassedDueFlag() in UserController----
2021-09-03 16:11:57,410 [17] DEBUG LTCPro.ServiceLayer.Log4net - ---Executing GetUserPassedDueFlag() in UserService----
2021-09-03 16:11:58,022 [19] DEBUG LTCPro.ServiceLayer.Log4net - ---Executed Successfully InsertUserActivityDetails() in CompanyController----
2021-09-03 16:11:58,228 [17] DEBUG LTCPro.ServiceLayer.Log4net - ---Executed Successfully GetUserPassedDueFlag() in UserController----
2021-09-03 16:11:58,282 [6] DEBUG LTCPro.ServiceLayer.Log4net - ---Executed Successfully GetPendingDosesList() in CommonController----
2021-09-03 16:11:58,434 [10] DEBUG LTCPro.ServiceLayer.Log4net - ---Executing GetUserActiveCompanyMasterList() in CompanyController----
2021-09-03 16:11:58,436 [10] DEBUG LTCPro.ServiceLayer.Log4net - ---Executing GetActiveCompanyMasterList() in CompanyService----
2021-09-03 16:11:59,235 [15] DEBUG LTCPro.ServiceLayer.Log4net - ---Executing GetUserRecentFacNs() in UserController----
2021-09-03 16:11:59,235 [15] DEBUG LTCPro.ServiceLayer.Log4net - ---Executing GetUserRecentFacNs() in UserService----
2021-09-03 16:11:59,557 [10] DEBUG LTCPro.ServiceLayer.Log4net - ---Executed Successfully GetUserActiveCompanyMasterList() in CompanyController----
2021-09-03 16:11:59,647 [15] DEBUG LTCPro.ServiceLayer.Log4net - ---Executed Successfully GetUserRecentFacNs() in UserController----
2021-09-03 16:11:59,759 [8] DEBUG LTCPro.ServiceLayer.Log4net - ---Executing GetUserToken() in UserService----
2021-09-03 16:11:59,967 [8] DEBUG LTCPro.ServiceLayer.Log4net - ---Executing GetUserAccessFacilityNurseStaions() in FacilityController----
2021-09-03 16:11:59,968 [8] DEBUG LTCPro.ServiceLayer.Log4net - ---Executing GetUserAccessFacilityNurseStaions() in FacilityService----
2021-09-03 16:12:00,404 [8] DEBUG LTCPro.ServiceLayer.Log4net - ---Executed Successfully GetUserAccessFacilityNurseStaions() in FacilityController----
2021-09-03 16:12:01,470 [6] DEBUG LTCPro.ServiceLayer.Log4net - ---Executing GetUserToken() in UserService----
2021-09-03 16:12:01,476 [16] DEBUG LTCPro.ServiceLayer.Log4net - ---Executing GetUserToken() in UserService----
2021-09-03 16:12:01,486 [17] DEBUG LTCPro.ServiceLayer.Log4net - ---Executing GetUserToken() in UserService----
2021-09-03 16:12:01,674 [6] DEBUG LTCPro.ServiceLayer.Log4net - ---Executing InsertUserActivityDetails() in CompanyController----
2021-09-03 16:12:01,674 [6] DEBUG LTCPro.ServiceLayer.Log4net - ---Executing InsertUserActivityDetails() in UserActivityService----
2021-09-03 16:12:01,681 [16] DEBUG LTCPro.ServiceLayer.Log4net - ---Executing GetUserRecentFacNs() in UserController----
2021-09-03 16:12:01,681 [16] DEBUG LTCPro.ServiceLayer.Log4net - ---Executing GetUserRecentFacNs() in UserService----
2021-09-03 16:12:01,693 [17] DEBUG LTCPro.ServiceLayer.Log4net - ---Executing GetDueMARAlertData() in EmarController----
2021-09-03 16:12:01,693 [17] DEBUG LTCPro.ServiceLayer.Log4net - ---Executing GetDueMARAlertData() in EmarService----
2021-09-03 16:12:02,092 [16] DEBUG LTCPro.ServiceLayer.Log4net - ---Executed Successfully GetUserRecentFacNs() in UserController----
2021-09-03 16:12:02,153 [16] DEBUG LTCPro.ServiceLayer.Log4net - ---Executing GetUserToken() in UserService----
2021-09-03 16:12:02,255 [17] DEBUG LTCPro.ServiceLayer.Log4net - ---Executed Successfully GetDueMARAlertData() in EmarController----
2021-09-03 16:12:02,299 [6] DEBUG LTCPro.ServiceLayer.Log4net - ---Executed Successfully InsertUserActivityDetails() in CompanyController----
2021-09-03 16:12:02,358 [16] DEBUG LTCPro.ServiceLayer.Log4net - ---Executing GetCompanyToBedData() in FacilityController----
2021-09-03 16:12:02,359 [16] DEBUG LTCPro.ServiceLayer.Log4net - ---Executing GetCompanyToBedData() in FacilityService----
2021-09-03 16:12:04,580 [16] DEBUG LTCPro.ServiceLayer.Log4net - ---Executed Successfully GetCompanyToBedData() in FacilityController----
2021-09-03 16:12:04,642 [8] DEBUG LTCPro.ServiceLayer.Log4net - ---Executing GetUserToken() in UserService----
2021-09-03 16:12:04,867 [8] DEBUG LTCPro.ServiceLayer.Log4net - ---Executing UserNurseStationDrop() in FacilityController----
2021-09-03 16:12:04,869 [8] DEBUG LTCPro.ServiceLayer.Log4net - ---Executing UserNurseStationDrop() in FacilityService----
2021-09-03 16:12:05,095 [8] DEBUG LTCPro.ServiceLayer.Log4net - ---Executed Successfully UserNurseStationDrop() in FacilityController----
2021-09-03 16:12:05,255 [8] DEBUG LTCPro.ServiceLayer.Log4net - ---Executing GetUserToken() in UserService----
2021-09-03 16:12:05,256 [6] DEBUG LTCPro.ServiceLayer.Log4net - ---Executing GetUserToken() in UserService----
2021-09-03 16:12:05,467 [6] DEBUG LTCPro.ServiceLayer.Log4net - ---Executing GetNursingScheduleData() in EmarController----
2021-09-03 16:12:05,469 [8] DEBUG LTCPro.ServiceLayer.Log4net - ---Executing GetDrFirstFlagForCompanyByNSId() in CompanyController----
2021-09-03 16:12:05,471 [8] DEBUG LTCPro.ServiceLayer.Log4net - ---Executing GetDrFirstFlagForCompanyByNSId() in CompanyService----
2021-09-03 16:12:05,505 [6] DEBUG LTCPro.ServiceLayer.Log4net - ---Executing GetNursingScheduleData() in EmarService----
2021-09-03 16:12:05,591 [9] DEBUG LTCPro.ServiceLayer.Log4net - ---Executed Successfully GetOutboundErrorDetails() in CommonController----
2021-09-03 16:12:05,731 [8] DEBUG LTCPro.ServiceLayer.Log4net - ---Executed Successfully GetDrFirstFlagForCompanyByNSId() in CompanyController----
2021-09-03 16:12:05,831 [9] DEBUG LTCPro.ServiceLayer.Log4net - ---Executing GetUserToken() in UserService----
2021-09-03 16:12:06,037 [9] DEBUG LTCPro.ServiceLayer.Log4net - ---Executing GetTimeZoneDate() in CommonController----
2021-09-03 16:12:06,038 [9] DEBUG LTCPro.ServiceLayer.Log4net - ---Executing GetTimeZoneDate() in CommonService----
2021-09-03 16:12:06,324 [9] DEBUG LTCPro.ServiceLayer.Log4net - ---Executed Successfully GetTimeZoneDate() in CommonController----
2021-09-03 16:12:22,191 [6] DEBUG LTCPro.ServiceLayer.Log4net - ---Executed Successfully GetNursingScheduleData() in EmarController----
2021-09-03 16:12:22,308 [8] DEBUG LTCPro.ServiceLayer.Log4net - ---Executing GetUserToken() in UserService----
2021-09-03 16:12:22,513 [8] DEBUG LTCPro.ServiceLayer.Log4net - ---Executing GetNurseShiftDrop() in CommonController----
2021-09-03 16:12:22,515 [8] DEBUG LTCPro.ServiceLayer.Log4net - ---Executing GetNurseShiftDrop() in CommonService----
2021-09-03 16:12:22,649 [15] DEBUG LTCPro.ServiceLayer.Log4net - ---Executing GetUserToken() in UserService----
2021-09-03 16:12:22,651 [10] DEBUG LTCPro.ServiceLayer.Log4net - ---Executing GetUserToken() in UserService----
2021-09-03 16:12:22,872 [10] DEBUG LTCPro.ServiceLayer.Log4net - ---Executing GetDrFirstFlagForCompanyByNSId() in CompanyController----
2021-09-03 16:12:22,872 [15] DEBUG LTCPro.ServiceLayer.Log4net - ---Executing GetNursingScheduleData() in EmarController----
2021-09-03 16:12:22,872 [10] DEBUG LTCPro.ServiceLayer.Log4net - ---Executing GetDrFirstFlagForCompanyByNSId() in CompanyService----
2021-09-03 16:12:22,873 [15] DEBUG LTCPro.ServiceLayer.Log4net - ---Executing GetNursingScheduleData() in EmarService----
2021-09-03 16:12:23,042 [8] DEBUG LTCPro.ServiceLayer.Log4net - ---Executed Successfully GetNurseShiftDrop() in CommonController----
2021-09-03 16:12:23,081 [10] DEBUG LTCPro.ServiceLayer.Log4net - ---Executed Successfully GetDrFirstFlagForCompanyByNSId() in CompanyController----
2021-09-03 16:12:23,109 [8] DEBUG LTCPro.ServiceLayer.Log4net - ---Executing GetUserToken() in UserService----
2021-09-03 16:12:23,314 [8] DEBUG LTCPro.ServiceLayer.Log4net - ---Executing GetTimeZoneDate() in CommonController----
2021-09-03 16:12:23,315 [8] DEBUG LTCPro.ServiceLayer.Log4net - ---Executing GetTimeZoneDate() in CommonService----
2021-09-03 16:12:23,519 [8] DEBUG LTCPro.ServiceLayer.Log4net - ---Executed Successfully GetTimeZoneDate() in CommonController----
2021-09-03 16:12:27,959 [8] DEBUG LTCPro.ServiceLayer.Log4net - ---Executing GetUserToken() in UserService----
2021-09-03 16:12:27,968 [6] DEBUG LTCPro.ServiceLayer.Log4net - ---Executing GetUserToken() in UserService----
2021-09-03 16:12:28,165 [8] DEBUG LTCPro.ServiceLayer.Log4net - ---Executing GetNursingScheduleData() in EmarController----
2021-09-03 16:12:28,165 [8] DEBUG LTCPro.ServiceLayer.Log4net - ---Executing GetNursingScheduleData() in EmarService----
2021-09-03 16:12:28,180 [6] DEBUG LTCPro.ServiceLayer.Log4net - ---Executing GetDrFirstFlagForCompanyByNSId() in CompanyController----
2021-09-03 16:12:28,180 [6] DEBUG LTCPro.ServiceLayer.Log4net - ---Executing GetDrFirstFlagForCompanyByNSId() in CompanyService----
2021-09-03 16:12:28,389 [6] DEBUG LTCPro.ServiceLayer.Log4net - ---Executed Successfully GetDrFirstFlagForCompanyByNSId() in CompanyController----
2021-09-03 16:12:28,437 [10] DEBUG LTCPro.ServiceLayer.Log4net - ---Executing GetUserToken() in UserService----
2021-09-03 16:12:28,643 [10] DEBUG LTCPro.ServiceLayer.Log4net - ---Executing GetTimeZoneDate() in CommonController----
2021-09-03 16:12:28,643 [10] DEBUG LTCPro.ServiceLayer.Log4net - ---Executing GetTimeZoneDate() in CommonService----
2021-09-03 16:12:28,847 [10] DEBUG LTCPro.ServiceLayer.Log4net - ---Executed Successfully GetTimeZoneDate() in CommonController----
2021-09-03 16:12:30,266 [15] DEBUG LTCPro.ServiceLayer.Log4net - ---Executed Successfully GetNursingScheduleData() in EmarController----
2021-09-03 16:12:30,319 [15] DEBUG LTCPro.ServiceLayer.Log4net - ---Executing GetUserToken() in UserService----
2021-09-03 16:12:30,525 [15] DEBUG LTCPro.ServiceLayer.Log4net - ---Executing GetNurseShiftDrop() in CommonController----
2021-09-03 16:12:30,525 [15] DEBUG LTCPro.ServiceLayer.Log4net - ---Executing GetNurseShiftDrop() in CommonService----
2021-09-03 16:12:31,011 [15] DEBUG LTCPro.ServiceLayer.Log4net - ---Executed Successfully GetNurseShiftDrop() in CommonController----
2021-09-03 16:12:33,419 [8] DEBUG LTCPro.ServiceLayer.Log4net - ---Executed Successfully GetNursingScheduleData() in EmarController----
2021-09-03 16:12:33,448 [10] DEBUG LTCPro.ServiceLayer.Log4net - ---Executing GetUserToken() in UserService----
2021-09-03 16:12:33,653 [10] DEBUG LTCPro.ServiceLayer.Log4net - ---Executing GetNurseShiftDrop() in CommonController----
2021-09-03 16:12:33,653 [10] DEBUG LTCPro.ServiceLayer.Log4net - ---Executing GetNurseShiftDrop() in CommonService----
2021-09-03 16:12:34,119 [10] DEBUG LTCPro.ServiceLayer.Log4net - ---Executed Successfully GetNurseShiftDrop() in CommonController----
2021-09-03 16:12:34,909 [15] DEBUG LTCPro.ServiceLayer.Log4net - ---Executing GetUserToken() in UserService----
2021-09-03 16:12:35,116 [15] DEBUG LTCPro.ServiceLayer.Log4net - ---Executing GetEmarResidentGridData() in EmarController----
2021-09-03 16:12:35,122 [15] DEBUG LTCPro.ServiceLayer.Log4net - ---Executing GetEmarResidentGridData() in EmarService----
2021-09-03 16:12:35,844 [15] DEBUG LTCPro.ServiceLayer.Log4net - ---Executed Successfully GetEmarResidentGridData() in EmarController----
2021-09-03 16:12:39,267 [8] DEBUG LTCPro.ServiceLayer.Log4net - ---Executing GetUserToken() in UserService----
2021-09-03 16:12:39,374 [15] DEBUG LTCPro.ServiceLayer.Log4net - ---Executing GetUserToken() in UserService----
2021-09-03 16:12:39,474 [8] DEBUG LTCPro.ServiceLayer.Log4net - ---Executing GetResidentInformation() in ResidentDemographicController----
2021-09-03 16:12:39,540 [8] DEBUG LTCPro.ServiceLayer.Log4net - ---Executing GetResidentInformation() in ResidentDemographicService----
2021-09-03 16:12:39,609 [15] DEBUG LTCPro.ServiceLayer.Log4net - ---Executing GetLiteralOrderGridData() in OrdersController----
2021-09-03 16:12:39,622 [15] DEBUG LTCPro.ServiceLayer.Log4net - ---Executing GetLiteralOrderGridData() in OrdersService----
2021-09-03 16:12:40,185 [15] DEBUG LTCPro.ServiceLayer.Log4net - ---Executed Successfully GetLiteralOrderGridData() in OrdersController----
2021-09-03 16:12:43,110 [8] DEBUG LTCPro.ServiceLayer.Log4net - ---Executed Successfully GetResidentInformation() in ResidentDemographicController----
2021-09-03 16:12:43,299 [9] DEBUG LTCPro.ServiceLayer.Log4net - ---Executing GetUserToken() in UserService----
2021-09-03 16:12:43,316 [6] DEBUG LTCPro.ServiceLayer.Log4net - ---Executing GetUserToken() in UserService----
2021-09-03 16:12:43,321 [8] DEBUG LTCPro.ServiceLayer.Log4net - ---Executing GetUserToken() in UserService----
2021-09-03 16:12:43,490 [16] DEBUG LTCPro.ServiceLayer.Log4net - ---Executing GetUserToken() in UserService----
2021-09-03 16:12:47,965 [9] DEBUG LTCPro.ServiceLayer.Log4net - ---Executing GetEmarOrdersList() in EmarController----
2021-09-03 16:12:49,620 [16] DEBUG LTCPro.ServiceLayer.Log4net - ---Executing GetDiagnosisDetails() in OrdersController----
2021-09-03 16:12:49,620 [8] DEBUG LTCPro.ServiceLayer.Log4net - ---Executing GetPatientType() in ResidentDemographicController----
2021-09-03 16:12:49,620 [9] DEBUG LTCPro.ServiceLayer.Log4net - ---Executing GetEmarOrdersList() in EmarService----
2021-09-03 16:12:49,621 [16] DEBUG LTCPro.ServiceLayer.Log4net - ---Executing GetDiagnosisDetails() in OrdersService----
2021-09-03 16:12:49,621 [8] DEBUG LTCPro.ServiceLayer.Log4net - ---Executing GetPatientType() in EmarService----
2021-09-03 16:14:31,516 [6] DEBUG LTCPro.ServiceLayer.Log4net - ---Executing GetMedicationReason() in EmarController----
2021-09-03 16:14:31,543 [6] DEBUG LTCPro.ServiceLayer.Log4net - ---Executing GetMedicationReason() in EmarService----
2021-09-03 16:14:59,080 [8] DEBUG LTCPro.ServiceLayer.Log4net - ---Executed Successfully GetPatientType() in ResidentDemographicController----
2021-09-03 16:14:59,328 [6] DEBUG LTCPro.ServiceLayer.Log4net - ---Executed Successfully GetMedicationReason() in EmarController----
2021-09-03 16:14:59,682 [9] DEBUG LTCPro.ServiceLayer.Log4net - ---Executed Successfully GetEmarOrdersList() in EmarController----
2021-09-03 16:14:59,740 [16] DEBUG LTCPro.ServiceLayer.Log4net - ---Executed Successfully GetDiagnosisDetails() in OrdersController----
2021-09-03 16:14:59,756 [6] DEBUG LTCPro.ServiceLayer.Log4net - ---Executing GetUserToken() in UserService----
2021-09-03 16:14:59,962 [6] DEBUG LTCPro.ServiceLayer.Log4net - ---Executing GetVitalsCheckList() in EMARController----
2021-09-03 16:14:59,964 [6] DEBUG LTCPro.ServiceLayer.Log4net - ---Executing GetVitalsCheckList() in EmarService----
2021-09-03 16:15:00,179 [6] DEBUG LTCPro.ServiceLayer.Log4net - ---Executed Successfully GetVitalsCheckList() in EMARController----
2021-09-03 16:15:03,605 [16] DEBUG LTCPro.ServiceLayer.Log4net - ---Executing GetUserToken() in UserService----
2021-09-03 16:15:03,812 [16] DEBUG LTCPro.ServiceLayer.Log4net - ---Executing GetEmarResidentGridData() in EmarController----
2021-09-03 16:15:03,812 [16] DEBUG LTCPro.ServiceLayer.Log4net - ---Executing GetEmarResidentGridData() in EmarService----
2021-09-03 16:15:04,438 [16] DEBUG LTCPro.ServiceLayer.Log4net - ---Executed Successfully GetEmarResidentGridData() in EmarController----
2021-09-03 16:16:25,581 [7] DEBUG LTCPro.ServiceLayer.Log4net - ---Executing GetUserToken() in UserService----
2021-09-03 16:16:25,752 [6] DEBUG LTCPro.ServiceLayer.Log4net - ---Executing GetUserToken() in UserService----
2021-09-03 16:16:25,786 [7] DEBUG LTCPro.ServiceLayer.Log4net - ---Executing GetResidentInformation() in ResidentDemographicController----
2021-09-03 16:16:25,786 [7] DEBUG LTCPro.ServiceLayer.Log4net - ---Executing GetResidentInformation() in ResidentDemographicService----
2021-09-03 16:16:25,958 [6] DEBUG LTCPro.ServiceLayer.Log4net - ---Executing GetLiteralOrderGridData() in OrdersController----
2021-09-03 16:16:25,958 [6] DEBUG LTCPro.ServiceLayer.Log4net - ---Executing GetLiteralOrderGridData() in OrdersService----
2021-09-03 16:16:26,503 [6] DEBUG LTCPro.ServiceLayer.Log4net - ---Executed Successfully GetLiteralOrderGridData() in OrdersController----
2021-09-03 16:16:29,078 [7] DEBUG LTCPro.ServiceLayer.Log4net - ---Executed Successfully GetResidentInformation() in ResidentDemographicController----
2021-09-03 16:16:29,148 [7] DEBUG LTCPro.ServiceLayer.Log4net - ---Executing GetUserToken() in UserService----
2021-09-03 16:16:29,150 [17] DEBUG LTCPro.ServiceLayer.Log4net - ---Executing GetUserToken() in UserService----
2021-09-03 16:16:29,161 [6] DEBUG LTCPro.ServiceLayer.Log4net - ---Executing GetUserToken() in UserService----
2021-09-03 16:16:29,325 [16] DEBUG LTCPro.ServiceLayer.Log4net - ---Executing GetUserToken() in UserService----
2021-09-03 16:16:29,354 [7] DEBUG LTCPro.ServiceLayer.Log4net - ---Executing GetMedicationReason() in EmarController----
2021-09-03 16:16:29,354 [7] DEBUG LTCPro.ServiceLayer.Log4net - ---Executing GetMedicationReason() in EmarService----
2021-09-03 16:16:33,125 [17] DEBUG LTCPro.ServiceLayer.Log4net - ---Executing GetEmarOrdersList() in EmarController----
2021-09-03 16:16:33,126 [17] DEBUG LTCPro.ServiceLayer.Log4net - ---Executing GetEmarOrdersList() in EmarService----
2021-09-03 16:16:34,870 [16] DEBUG LTCPro.ServiceLayer.Log4net - ---Executing GetDiagnosisDetails() in OrdersController----
2021-09-03 16:16:34,870 [16] DEBUG LTCPro.ServiceLayer.Log4net - ---Executing GetDiagnosisDetails() in OrdersService----
2021-09-03 16:16:34,886 [6] DEBUG LTCPro.ServiceLayer.Log4net - ---Executing GetPatientType() in ResidentDemographicController----
2021-09-03 16:16:34,886 [6] DEBUG LTCPro.ServiceLayer.Log4net - ---Executing GetPatientType() in EmarService----
2021-09-03 16:16:34,886 [7] DEBUG LTCPro.ServiceLayer.Log4net - ---Executed Successfully GetMedicationReason() in EmarController----
2021-09-03 16:16:35,091 [6] DEBUG LTCPro.ServiceLayer.Log4net - ---Executed Successfully GetPatientType() in ResidentDemographicController----
2021-09-03 16:16:35,432 [17] DEBUG LTCPro.ServiceLayer.Log4net - ---Executed Successfully GetEmarOrdersList() in EmarController----
2021-09-03 16:16:35,464 [7] DEBUG LTCPro.ServiceLayer.Log4net - ---Executing GetUserToken() in UserService----
2021-09-03 16:16:35,491 [16] DEBUG LTCPro.ServiceLayer.Log4net - ---Executed Successfully GetDiagnosisDetails() in OrdersController----
2021-09-03 16:16:35,670 [7] DEBUG LTCPro.ServiceLayer.Log4net - ---Executing GetVitalsCheckList() in EMARController----
2021-09-03 16:16:35,670 [7] DEBUG LTCPro.ServiceLayer.Log4net - ---Executing GetVitalsCheckList() in EmarService----
2021-09-03 16:16:35,876 [7] DEBUG LTCPro.ServiceLayer.Log4net - ---Executed Successfully GetVitalsCheckList() in EMARController----
2021-09-03 16:16:55,045 [6] DEBUG LTCPro.ServiceLayer.Log4net - ---Executing GetUserToken() in UserService----
2021-09-03 16:16:55,052 [16] DEBUG LTCPro.ServiceLayer.Log4net - ---Executing GetUserToken() in UserService----
2021-09-03 16:16:55,252 [6] DEBUG LTCPro.ServiceLayer.Log4net - ---Executing InsertUserActivityDetails() in CompanyController----
2021-09-03 16:16:55,252 [6] DEBUG LTCPro.ServiceLayer.Log4net - ---Executing InsertUserActivityDetails() in UserActivityService----
2021-09-03 16:16:55,257 [16] DEBUG LTCPro.ServiceLayer.Log4net - ---Executing GetUserRecentFacNs() in UserController----
2021-09-03 16:16:55,257 [16] DEBUG LTCPro.ServiceLayer.Log4net - ---Executing GetUserRecentFacNs() in UserService----
2021-09-03 16:16:55,669 [16] DEBUG LTCPro.ServiceLayer.Log4net - ---Executed Successfully GetUserRecentFacNs() in UserController----
2021-09-03 16:16:55,693 [16] DEBUG LTCPro.ServiceLayer.Log4net - ---Executing GetUserToken() in UserService----
2021-09-03 16:16:55,873 [6] DEBUG LTCPro.ServiceLayer.Log4net - ---Executed Successfully InsertUserActivityDetails() in CompanyController----
2021-09-03 16:16:55,898 [16] DEBUG LTCPro.ServiceLayer.Log4net - ---Executing GetUserAccessFacilityNurseStaions() in FacilityController----
2021-09-03 16:16:55,898 [16] DEBUG LTCPro.ServiceLayer.Log4net - ---Executing GetUserAccessFacilityNurseStaions() in FacilityService----
2021-09-03 16:16:56,321 [16] DEBUG LTCPro.ServiceLayer.Log4net - ---Executed Successfully GetUserAccessFacilityNurseStaions() in FacilityController----
2021-09-03 16:16:56,341 [17] DEBUG LTCPro.ServiceLayer.Log4net - ---Executing GetUserToken() in UserService----
2021-09-03 16:16:56,546 [17] DEBUG LTCPro.ServiceLayer.Log4net - ---Executing UserNurseStationDrop() in FacilityController----
2021-09-03 16:16:56,546 [17] DEBUG LTCPro.ServiceLayer.Log4net - ---Executing UserNurseStationDrop() in FacilityService----
2021-09-03 16:16:56,753 [17] DEBUG LTCPro.ServiceLayer.Log4net - ---Executed Successfully UserNurseStationDrop() in FacilityController----
2021-09-03 16:16:56,829 [6] DEBUG LTCPro.ServiceLayer.Log4net - ---Executing GetUserToken() in UserService----
2021-09-03 16:16:57,045 [6] DEBUG LTCPro.ServiceLayer.Log4net - ---Executing GetResidentsListByNSId() in AssesmentController----
2021-09-03 16:16:57,061 [6] DEBUG LTCPro.ServiceLayer.Log4net - ---Executing GetResidentsListByNSId() in AssesmentService----
2021-09-03 16:16:57,713 [6] DEBUG LTCPro.ServiceLayer.Log4net - ---Executed Successfully GetResidentsListByNSId() in AssesmentController----
2021-09-03 16:16:57,790 [6] DEBUG LTCPro.ServiceLayer.Log4net - ---Executing GetUserToken() in UserService----
2021-09-03 16:16:57,791 [16] DEBUG LTCPro.ServiceLayer.Log4net - ---Executing GetUserToken() in UserService----
2021-09-03 16:16:57,817 [17] DEBUG LTCPro.ServiceLayer.Log4net - ---Executing GetUserToken() in UserService----
2021-09-03 16:16:57,997 [6] DEBUG LTCPro.ServiceLayer.Log4net - ---Executing GetAdmitDateByID() in AssessmentController----
2021-09-03 16:16:57,997 [16] DEBUG LTCPro.ServiceLayer.Log4net - ---Executing GetAllVisitVitalList() in AssesmentController----
2021-09-03 16:16:57,998 [6] DEBUG LTCPro.ServiceLayer.Log4net - ---Executing GetAdmitDateByID() in AssessmentService----
2021-09-03 16:16:57,998 [16] DEBUG LTCPro.ServiceLayer.Log4net - ---Executing GetAllVisitVitalList() in AssesmentService----
2021-09-03 16:16:58,023 [17] DEBUG LTCPro.ServiceLayer.Log4net - ---Executing GetResidentInformation() in ResidentDemographicController----
2021-09-03 16:16:58,023 [17] DEBUG LTCPro.ServiceLayer.Log4net - ---Executing GetResidentInformation() in ResidentDemographicService----
2021-09-03 16:16:58,209 [6] DEBUG LTCPro.ServiceLayer.Log4net - ---Executed Successfully GetAdmitDateByID() in AssessmentController----
2021-09-03 16:16:58,680 [16] DEBUG LTCPro.ServiceLayer.Log4net - ---Executed Successfully GetAllVisitVitalList() in AssesmentController----
2021-09-03 16:17:01,315 [17] DEBUG LTCPro.ServiceLayer.Log4net - ---Executed Successfully GetResidentInformation() in ResidentDemographicController----
2021-09-03 16:17:01,376 [6] DEBUG LTCPro.ServiceLayer.Log4net - ---Executing GetUserToken() in UserService----
2021-09-03 16:17:01,396 [17] DEBUG LTCPro.ServiceLayer.Log4net - ---Executing GetUserToken() in UserService----
2021-09-03 16:17:01,582 [6] DEBUG LTCPro.ServiceLayer.Log4net - ---Executing GetTimeZoneDate() in CommonController----
2021-09-03 16:17:01,582 [6] DEBUG LTCPro.ServiceLayer.Log4net - ---Executing GetTimeZoneDate() in CommonService----
2021-09-03 16:17:01,601 [17] DEBUG LTCPro.ServiceLayer.Log4net - ---Executing GetNurseStationName() in ResidentDemographicController----
2021-09-03 16:17:01,602 [17] DEBUG LTCPro.ServiceLayer.Log4net - ---Executing  GetNurseStationName()  in UpdateResidentInfo----
2021-09-03 16:17:01,787 [6] DEBUG LTCPro.ServiceLayer.Log4net - ---Executed Successfully GetTimeZoneDate() in CommonController----
2021-09-03 16:17:02,014 [17] DEBUG LTCPro.ServiceLayer.Log4net - ---Executed Successfully GetNurseStationName() in ResidentDemographicController----
2021-09-03 16:17:04,994 [17] DEBUG LTCPro.ServiceLayer.Log4net - ---Executing GetUserToken() in UserService----
2021-09-03 16:17:05,202 [17] DEBUG LTCPro.ServiceLayer.Log4net - ---Executing GetResidentsListByNSId() in AssesmentController----
2021-09-03 16:17:05,203 [17] DEBUG LTCPro.ServiceLayer.Log4net - ---Executing GetResidentsListByNSId() in AssesmentService----
2021-09-03 16:17:06,433 [17] DEBUG LTCPro.ServiceLayer.Log4net - ---Executed Successfully GetResidentsListByNSId() in AssesmentController----
2021-09-03 16:17:06,487 [6] DEBUG LTCPro.ServiceLayer.Log4net - ---Executing GetUserToken() in UserService----
2021-09-03 16:17:06,492 [7] DEBUG LTCPro.ServiceLayer.Log4net - ---Executing GetUserToken() in UserService----
2021-09-03 16:17:06,512 [17] DEBUG LTCPro.ServiceLayer.Log4net - ---Executing GetUserToken() in UserService----
2021-09-03 16:17:06,692 [6] DEBUG LTCPro.ServiceLayer.Log4net - ---Executing GetAllVisitVitalList() in AssesmentController----
2021-09-03 16:17:06,692 [6] DEBUG LTCPro.ServiceLayer.Log4net - ---Executing GetAllVisitVitalList() in AssesmentService----
2021-09-03 16:17:06,696 [7] DEBUG LTCPro.ServiceLayer.Log4net - ---Executing GetAdmitDateByID() in AssessmentController----
2021-09-03 16:17:06,696 [7] DEBUG LTCPro.ServiceLayer.Log4net - ---Executing GetAdmitDateByID() in AssessmentService----
2021-09-03 16:17:06,716 [17] DEBUG LTCPro.ServiceLayer.Log4net - ---Executing GetResidentInformation() in ResidentDemographicController----
2021-09-03 16:17:06,716 [17] DEBUG LTCPro.ServiceLayer.Log4net - ---Executing GetResidentInformation() in ResidentDemographicService----
2021-09-03 16:17:06,931 [7] DEBUG LTCPro.ServiceLayer.Log4net - ---Executed Successfully GetAdmitDateByID() in AssessmentController----
2021-09-03 16:17:07,584 [6] DEBUG LTCPro.ServiceLayer.Log4net - ---Executed Successfully GetAllVisitVitalList() in AssesmentController----
2021-09-03 16:17:10,065 [17] DEBUG LTCPro.ServiceLayer.Log4net - ---Executed Successfully GetResidentInformation() in ResidentDemographicController----
2021-09-03 16:17:10,116 [17] DEBUG LTCPro.ServiceLayer.Log4net - ---Executing GetUserToken() in UserService----
2021-09-03 16:17:10,203 [6] DEBUG LTCPro.ServiceLayer.Log4net - ---Executing GetUserToken() in UserService----
2021-09-03 16:17:10,321 [17] DEBUG LTCPro.ServiceLayer.Log4net - ---Executing GetTimeZoneDate() in CommonController----
2021-09-03 16:17:10,321 [17] DEBUG LTCPro.ServiceLayer.Log4net - ---Executing GetTimeZoneDate() in CommonService----
2021-09-03 16:17:10,410 [6] DEBUG LTCPro.ServiceLayer.Log4net - ---Executing GetNurseStationName() in ResidentDemographicController----
2021-09-03 16:17:10,410 [6] DEBUG LTCPro.ServiceLayer.Log4net - ---Executing  GetNurseStationName()  in UpdateResidentInfo----
2021-09-03 16:17:10,526 [17] DEBUG LTCPro.ServiceLayer.Log4net - ---Executed Successfully GetTimeZoneDate() in CommonController----
2021-09-03 16:17:10,823 [6] DEBUG LTCPro.ServiceLayer.Log4net - ---Executed Successfully GetNurseStationName() in ResidentDemographicController----
2021-09-03 16:18:29,229 [7] DEBUG LTCPro.ServiceLayer.Log4net - ---Executing GetUserToken() in UserService----
2021-09-03 16:18:31,153 [7] DEBUG LTCPro.ServiceLayer.Log4net - ---Executing InsertUpdateVisitVitals() in AssesmentController----
2021-09-03 16:18:32,286 [7] DEBUG LTCPro.ServiceLayer.Log4net - ---Executing InsertUpdateVisitVitals() in AssesmentService----
2021-09-03 16:18:34,049 [7] DEBUG LTCPro.ServiceLayer.Log4net - ---Executed Successfully InsertUpdateVisitVitals() in AssesmentController----
2021-09-03 16:18:46,368 [7] DEBUG LTCPro.ServiceLayer.Log4net - ---Executing GetUserToken() in UserService----
2021-09-03 16:18:46,575 [7] DEBUG LTCPro.ServiceLayer.Log4net - ---Executing GetAllVisitVitalList() in AssesmentController----
2021-09-03 16:18:46,575 [7] DEBUG LTCPro.ServiceLayer.Log4net - ---Executing GetAllVisitVitalList() in AssesmentService----
2021-09-03 16:18:47,608 [7] DEBUG LTCPro.ServiceLayer.Log4net - ---Executed Successfully GetAllVisitVitalList() in AssesmentController----
2021-09-03 16:19:09,672 [7] DEBUG LTCPro.ServiceLayer.Log4net - ---Executing GetUserToken() in UserService----
2021-09-03 16:19:09,879 [7] DEBUG LTCPro.ServiceLayer.Log4net - ---Executing GetVisitVitalDetailsByID() in AssesmentController----
2021-09-03 16:19:09,881 [7] DEBUG LTCPro.ServiceLayer.Log4net - ---Executing GetVisitVitalDetailsByID() in AssesmentService----
2021-09-03 16:19:10,146 [7] DEBUG LTCPro.ServiceLayer.Log4net - ---Executed Successfully GetVisitVitalDetailsByID() in AssesmentController----
2021-09-03 16:19:21,893 [7] DEBUG LTCPro.ServiceLayer.Log4net - ---Executing GetUserToken() in UserService----
2021-09-03 16:19:24,367 [7] DEBUG LTCPro.ServiceLayer.Log4net - ---Executing InsertUpdateVisitVitals() in AssesmentController----
2021-09-03 16:19:29,547 [7] DEBUG LTCPro.ServiceLayer.Log4net - ---Executing InsertUpdateVisitVitals() in AssesmentService----
2021-09-03 16:19:31,465 [7] DEBUG LTCPro.ServiceLayer.Log4net - ---Executed Successfully InsertUpdateVisitVitals() in AssesmentController----
2021-09-03 16:19:53,914 [13] DEBUG LTCPro.ServiceLayer.Log4net - ---Executing GetUserToken() in UserService----
2021-09-03 16:19:54,121 [13] DEBUG LTCPro.ServiceLayer.Log4net - ---Executing GetAllVisitVitalList() in AssesmentController----
2021-09-03 16:19:54,121 [13] DEBUG LTCPro.ServiceLayer.Log4net - ---Executing GetAllVisitVitalList() in AssesmentService----
2021-09-03 16:19:55,164 [13] DEBUG LTCPro.ServiceLayer.Log4net - ---Executed Successfully GetAllVisitVitalList() in AssesmentController----
2021-09-03 16:28:49,684 [25] DEBUG LTCPro.ServiceLayer.Log4net - ---Executing GetUserToken() in UserService----
2021-09-03 16:28:51,665 [25] DEBUG LTCPro.ServiceLayer.Log4net - ---Executing GetVisitVitalDetailsByID() in AssesmentController----
2021-09-03 16:28:51,665 [25] DEBUG LTCPro.ServiceLayer.Log4net - ---Executing GetVisitVitalDetailsByID() in AssesmentService----
2021-09-03 16:28:51,871 [25] DEBUG LTCPro.ServiceLayer.Log4net - ---Executed Successfully GetVisitVitalDetailsByID() in AssesmentController----
2021-09-03 16:28:55,188 [23] DEBUG LTCPro.ServiceLayer.Log4net - ---Executing GetUserToken() in UserService----
2021-09-03 16:28:59,362 [23] DEBUG LTCPro.ServiceLayer.Log4net - ---Executing InsertUpdateVisitVitals() in AssesmentController----
2021-09-03 16:28:59,362 [23] DEBUG LTCPro.ServiceLayer.Log4net - ---Executing InsertUpdateVisitVitals() in AssesmentService----
2021-09-03 16:29:28,419 [23] DEBUG LTCPro.ServiceLayer.Log4net - ---Executed Successfully InsertUpdateVisitVitals() in AssesmentController----
2021-09-03 16:29:28,460 [24] DEBUG LTCPro.ServiceLayer.Log4net - ---Executing GetUserToken() in UserService----
2021-09-03 16:29:28,665 [24] DEBUG LTCPro.ServiceLayer.Log4net - ---Executing GetAllVisitVitalList() in AssesmentController----
2021-09-03 16:29:28,665 [24] DEBUG LTCPro.ServiceLayer.Log4net - ---Executing GetAllVisitVitalList() in AssesmentService----
2021-09-03 16:29:29,693 [24] DEBUG LTCPro.ServiceLayer.Log4net - ---Executed Successfully GetAllVisitVitalList() in AssesmentController----
