2021-04-28 21:22:55,657 [13] DEBUG LTCPro.ServiceLayer.Log4net - ---Executing UsersConfigNurseStationDrop() in FacilityController----
2021-04-28 21:22:55,693 [13] DEBUG LTCPro.ServiceLayer.Log4net - ---Executing UsersConfigNurseStationDrop() in FacilityService----
2021-04-28 21:22:59,800 [13] DEBUG LTCPro.ServiceLayer.Log4net - ---Executed Successfully UsersConfigNurseStationDrop() in FacilityController----
2021-04-28 21:23:00,119 [7] DEBUG LTCPro.ServiceLayer.Log4net - ---Executing GetProcessKeyMasterList() in FacilityController----
2021-04-28 21:23:00,120 [7] DEBUG LTCPro.ServiceLayer.Log4net - ---Executing GetProcessKeyMasterList() in FacilityService----
2021-04-28 21:23:00,160 [7] DEBUG LTCPro.ServiceLayer.Log4net - ---Executed Successfully GetProcessKeyMasterList() in FacilityController----
2021-04-28 21:23:17,742 [7] DEBUG LTCPro.ServiceLayer.Log4net - ---Executing CheckUser() in UserService----
2021-04-28 21:23:18,210 [7] DEBUG LTCPro.ServiceLayer.Log4net - ---Executing FindUser() in UserService----
2021-04-28 21:23:18,347 [7] DEBUG LTCPro.ServiceLayer.Log4net - ---Executing InsertUserSession() in UserService----
2021-04-28 21:23:18,495 [7] DEBUG LTCPro.ServiceLayer.Log4net - ---Executing InsertUserToken() in UserService----
2021-04-28 21:23:18,699 [13] DEBUG LTCPro.ServiceLayer.Log4net - ---Executing GetScreenPermissionsForLoggedInUser() in RoleController----
2021-04-28 21:23:18,705 [6] DEBUG LTCPro.ServiceLayer.Log4net - ---Executing InsertUpdateUserRecentFacNs() in UserController----
2021-04-28 21:23:18,710 [13] DEBUG LTCPro.ServiceLayer.Log4net - ---Executing GetScreenPermissionsForLoggedInUser() in RoleService----
2021-04-28 21:23:18,717 [6] DEBUG LTCPro.ServiceLayer.Log4net - ---Executing GetUserRecentFacNs() in UserService----
2021-04-28 21:23:18,786 [13] DEBUG LTCPro.ServiceLayer.Log4net - ---Executed Successfully GetScreenPermissionsForLoggedInUser() in RoleController----
2021-04-28 21:23:18,889 [6] DEBUG LTCPro.ServiceLayer.Log4net - ---Executing InsertUpdateUserRecentFacNs() in CommonService----
2021-04-28 21:23:18,964 [6] DEBUG LTCPro.ServiceLayer.Log4net - ---Executed Successfully InsertUpdateUserRecentFacNs() in UserController----
2021-04-28 21:23:19,117 [7] DEBUG LTCPro.ServiceLayer.Log4net - ---Executing GetUserToken() in UserService----
2021-04-28 21:23:19,122 [13] DEBUG LTCPro.ServiceLayer.Log4net - ---Executing GetUserToken() in UserService----
2021-04-28 21:23:19,139 [13] DEBUG LTCPro.ServiceLayer.Log4net - ---Executing GetReadMailsCount() in MailboxController----
2021-04-28 21:23:19,139 [7] DEBUG LTCPro.ServiceLayer.Log4net - ---Executing GetAlertsDetails() in MailboxController----
2021-04-28 21:23:19,159 [13] DEBUG LTCPro.ServiceLayer.Log4net - ---Executing GetReadMailsCount() in MailboxService----
2021-04-28 21:23:19,159 [7] DEBUG LTCPro.ServiceLayer.Log4net - ---Executing GetAlertsDetails() in MailboxService----
2021-04-28 21:23:19,193 [14] DEBUG LTCPro.ServiceLayer.Log4net - ---Executing GetUserToken() in UserService----
2021-04-28 21:23:19,200 [14] DEBUG LTCPro.ServiceLayer.Log4net - ---Executing GetUserPassedDueFlag() in UserController----
2021-04-28 21:23:19,201 [14] DEBUG LTCPro.ServiceLayer.Log4net - ---Executing GetUserPassedDueFlag() in UserService----
2021-04-28 21:23:19,212 [14] DEBUG LTCPro.ServiceLayer.Log4net - ---Executed Successfully GetUserPassedDueFlag() in UserController----
2021-04-28 21:23:19,260 [8] DEBUG LTCPro.ServiceLayer.Log4net - ---Executing GetUserToken() in UserService----
2021-04-28 21:23:19,261 [14] DEBUG LTCPro.ServiceLayer.Log4net - ---Executing GetUserToken() in UserService----
2021-04-28 21:23:19,271 [8] DEBUG LTCPro.ServiceLayer.Log4net - ---Executing GetPendingDosesList() in CommonController----
2021-04-28 21:23:19,272 [8] DEBUG LTCPro.ServiceLayer.Log4net - ---Executing GetPendingDosesList() in CommonService----
2021-04-28 21:23:19,276 [13] DEBUG LTCPro.ServiceLayer.Log4net - ---Executed successfully GetReadMailsCount() in MailboxController----
2021-04-28 21:23:19,276 [11] DEBUG LTCPro.ServiceLayer.Log4net - ---Executing GetUserToken() in UserService----
2021-04-28 21:23:19,278 [6] DEBUG LTCPro.ServiceLayer.Log4net - ---Executing GetUserToken() in UserService----
2021-04-28 21:23:19,282 [11] DEBUG LTCPro.ServiceLayer.Log4net - ---Executing GetOutboundErrorDetails() in CommonController----
2021-04-28 21:23:19,282 [11] DEBUG LTCPro.ServiceLayer.Log4net - ---Executing GetOutboundErrorDetails() in CommonService----
2021-04-28 21:23:19,334 [14] DEBUG LTCPro.ServiceLayer.Log4net - ---Executing GetDueMARAlertData() in EmarController----
2021-04-28 21:23:19,362 [13] DEBUG LTCPro.ServiceLayer.Log4net - ---Executing GetUserToken() in UserService----
2021-04-28 21:23:19,362 [7] DEBUG LTCPro.ServiceLayer.Log4net - ---Executed successfully GetAlertsDetails() in MailboxController----
2021-04-28 21:23:19,391 [14] DEBUG LTCPro.ServiceLayer.Log4net - ---Executing GetDueMARAlertData() in EmarService----
2021-04-28 21:23:19,392 [13] DEBUG LTCPro.ServiceLayer.Log4net - ---Executing GetUserRecentFacNs() in UserController----
2021-04-28 21:23:19,392 [13] DEBUG LTCPro.ServiceLayer.Log4net - ---Executing GetUserRecentFacNs() in UserService----
2021-04-28 21:23:19,460 [13] DEBUG LTCPro.ServiceLayer.Log4net - ---Executed Successfully GetUserRecentFacNs() in UserController----
2021-04-28 21:23:19,486 [7] DEBUG LTCPro.ServiceLayer.Log4net - ---Executing GetUserToken() in UserService----
2021-04-28 21:23:19,517 [8] DEBUG LTCPro.ServiceLayer.Log4net - ---Executed Successfully GetPendingDosesList() in CommonController----
2021-04-28 21:23:19,518 [11] DEBUG LTCPro.ServiceLayer.Log4net - ---Executed Successfully GetOutboundErrorDetails() in CommonController----
2021-04-28 21:23:19,565 [11] DEBUG LTCPro.ServiceLayer.Log4net - ---Executing GetUserToken() in UserService----
2021-04-28 21:23:19,571 [7] DEBUG LTCPro.ServiceLayer.Log4net - ---Executing GetUserActiveCompanyMasterList() in CompanyController----
2021-04-28 21:23:19,572 [7] DEBUG LTCPro.ServiceLayer.Log4net - ---Executing GetActiveCompanyMasterList() in CompanyService----
2021-04-28 21:23:19,573 [11] DEBUG LTCPro.ServiceLayer.Log4net - ---Executing GetUserAccessFacilityNurseStaions() in FacilityController----
2021-04-28 21:23:19,574 [11] DEBUG LTCPro.ServiceLayer.Log4net - ---Executing GetUserAccessFacilityNurseStaions() in FacilityService----
2021-04-28 21:23:19,588 [14] DEBUG LTCPro.ServiceLayer.Log4net - ---Executed Successfully GetDueMARAlertData() in EmarController----
2021-04-28 21:23:19,593 [6] DEBUG LTCPro.ServiceLayer.Log4net - ---Executing InsertUserActivityDetails() in CompanyController----
2021-04-28 21:23:19,594 [6] DEBUG LTCPro.ServiceLayer.Log4net - ---Executing InsertUserActivityDetails() in UserActivityService----
2021-04-28 21:23:19,611 [6] DEBUG LTCPro.ServiceLayer.Log4net - ---Executed Successfully InsertUserActivityDetails() in CompanyController----
2021-04-28 21:23:19,616 [11] DEBUG LTCPro.ServiceLayer.Log4net - ---Executed Successfully GetUserAccessFacilityNurseStaions() in FacilityController----
2021-04-28 21:23:19,654 [7] DEBUG LTCPro.ServiceLayer.Log4net - ---Executed Successfully GetUserActiveCompanyMasterList() in CompanyController----
2021-04-28 21:23:54,373 [8] DEBUG LTCPro.ServiceLayer.Log4net - ---Executing GetUserToken() in UserService----
2021-04-28 21:23:54,385 [16] DEBUG LTCPro.ServiceLayer.Log4net - ---Executing GetUserToken() in UserService----
2021-04-28 21:23:54,386 [8] DEBUG LTCPro.ServiceLayer.Log4net - ---Executing GetDueMARAlertData() in EmarController----
2021-04-28 21:23:54,386 [8] DEBUG LTCPro.ServiceLayer.Log4net - ---Executing GetDueMARAlertData() in EmarService----
2021-04-28 21:23:54,387 [11] DEBUG LTCPro.ServiceLayer.Log4net - ---Executing GetUserToken() in UserService----
2021-04-28 21:23:54,392 [16] DEBUG LTCPro.ServiceLayer.Log4net - ---Executing GetAlertsDetails() in MailboxController----
2021-04-28 21:23:54,392 [16] DEBUG LTCPro.ServiceLayer.Log4net - ---Executing GetAlertsDetails() in MailboxService----
2021-04-28 21:23:54,395 [11] DEBUG LTCPro.ServiceLayer.Log4net - ---Executing GetReadMailsCount() in MailboxController----
2021-04-28 21:23:54,395 [11] DEBUG LTCPro.ServiceLayer.Log4net - ---Executing GetReadMailsCount() in MailboxService----
2021-04-28 21:23:54,398 [8] DEBUG LTCPro.ServiceLayer.Log4net - ---Executed Successfully GetDueMARAlertData() in EmarController----
2021-04-28 21:23:54,407 [16] DEBUG LTCPro.ServiceLayer.Log4net - ---Executed successfully GetAlertsDetails() in MailboxController----
2021-04-28 21:23:54,408 [5] DEBUG LTCPro.ServiceLayer.Log4net - ---Executing GetUserToken() in UserService----
2021-04-28 21:23:54,413 [11] DEBUG LTCPro.ServiceLayer.Log4net - ---Executed successfully GetReadMailsCount() in MailboxController----
2021-04-28 21:23:54,414 [5] DEBUG LTCPro.ServiceLayer.Log4net - ---Executing GetOutboundErrorDetails() in CommonController----
2021-04-28 21:23:54,414 [5] DEBUG LTCPro.ServiceLayer.Log4net - ---Executing GetOutboundErrorDetails() in CommonService----
2021-04-28 21:23:54,419 [6] DEBUG LTCPro.ServiceLayer.Log4net - ---Executing GetUserToken() in UserService----
2021-04-28 21:23:54,419 [7] DEBUG LTCPro.ServiceLayer.Log4net - ---Executing GetUserToken() in UserService----
2021-04-28 21:23:54,420 [8] DEBUG LTCPro.ServiceLayer.Log4net - ---Executing GetUserToken() in UserService----
2021-04-28 21:23:54,425 [6] DEBUG LTCPro.ServiceLayer.Log4net - ---Executing GetUserRecentFacNs() in UserController----
2021-04-28 21:23:54,425 [6] DEBUG LTCPro.ServiceLayer.Log4net - ---Executing GetUserRecentFacNs() in UserService----
2021-04-28 21:23:54,426 [7] DEBUG LTCPro.ServiceLayer.Log4net - ---Executing GetUserPassedDueFlag() in UserController----
2021-04-28 21:23:54,426 [7] DEBUG LTCPro.ServiceLayer.Log4net - ---Executing GetUserPassedDueFlag() in UserService----
2021-04-28 21:23:54,461 [8] DEBUG LTCPro.ServiceLayer.Log4net - ---Executing GetPendingDosesList() in CommonController----
2021-04-28 21:23:54,461 [8] DEBUG LTCPro.ServiceLayer.Log4net - ---Executing GetPendingDosesList() in CommonService----
2021-04-28 21:23:54,461 [5] DEBUG LTCPro.ServiceLayer.Log4net - ---Executed Successfully GetOutboundErrorDetails() in CommonController----
2021-04-28 21:23:54,462 [16] DEBUG LTCPro.ServiceLayer.Log4net - ---Executing GetUserToken() in UserService----
2021-04-28 21:23:54,466 [7] DEBUG LTCPro.ServiceLayer.Log4net - ---Executed Successfully GetUserPassedDueFlag() in UserController----
2021-04-28 21:23:54,466 [6] DEBUG LTCPro.ServiceLayer.Log4net - ---Executed Successfully GetUserRecentFacNs() in UserController----
2021-04-28 21:23:54,469 [16] DEBUG LTCPro.ServiceLayer.Log4net - ---Executing InsertUserActivityDetails() in CompanyController----
2021-04-28 21:23:54,469 [16] DEBUG LTCPro.ServiceLayer.Log4net - ---Executing InsertUserActivityDetails() in UserActivityService----
2021-04-28 21:23:54,476 [8] DEBUG LTCPro.ServiceLayer.Log4net - ---Executed Successfully GetPendingDosesList() in CommonController----
2021-04-28 21:23:54,478 [7] DEBUG LTCPro.ServiceLayer.Log4net - ---Executing GetUserToken() in UserService----
2021-04-28 21:23:54,480 [16] DEBUG LTCPro.ServiceLayer.Log4net - ---Executed Successfully InsertUserActivityDetails() in CompanyController----
2021-04-28 21:23:54,483 [7] DEBUG LTCPro.ServiceLayer.Log4net - ---Executing GetUserActiveCompanyMasterList() in CompanyController----
2021-04-28 21:23:54,483 [7] DEBUG LTCPro.ServiceLayer.Log4net - ---Executing GetActiveCompanyMasterList() in CompanyService----
2021-04-28 21:23:54,515 [7] DEBUG LTCPro.ServiceLayer.Log4net - ---Executed Successfully GetUserActiveCompanyMasterList() in CompanyController----
2021-04-28 21:23:54,569 [6] DEBUG LTCPro.ServiceLayer.Log4net - ---Executing GetUserToken() in UserService----
2021-04-28 21:23:54,595 [6] DEBUG LTCPro.ServiceLayer.Log4net - ---Executing GetUserAccessFacilityNurseStaions() in FacilityController----
2021-04-28 21:23:54,595 [6] DEBUG LTCPro.ServiceLayer.Log4net - ---Executing GetUserAccessFacilityNurseStaions() in FacilityService----
2021-04-28 21:23:54,608 [6] DEBUG LTCPro.ServiceLayer.Log4net - ---Executed Successfully GetUserAccessFacilityNurseStaions() in FacilityController----
2021-04-28 21:24:13,618 [8] DEBUG LTCPro.ServiceLayer.Log4net - ---Executing GetUserToken() in UserService----
2021-04-28 21:24:13,619 [5] DEBUG LTCPro.ServiceLayer.Log4net - ---Executing GetUserToken() in UserService----
2021-04-28 21:24:13,625 [8] DEBUG LTCPro.ServiceLayer.Log4net - ---Executing GetUserRecentFacNs() in UserController----
2021-04-28 21:24:13,625 [8] DEBUG LTCPro.ServiceLayer.Log4net - ---Executing GetUserRecentFacNs() in UserService----
2021-04-28 21:24:13,625 [5] DEBUG LTCPro.ServiceLayer.Log4net - ---Executing InsertUserActivityDetails() in CompanyController----
2021-04-28 21:24:13,625 [5] DEBUG LTCPro.ServiceLayer.Log4net - ---Executing InsertUserActivityDetails() in UserActivityService----
2021-04-28 21:24:13,632 [5] DEBUG LTCPro.ServiceLayer.Log4net - ---Executed Successfully InsertUserActivityDetails() in CompanyController----
2021-04-28 21:24:13,637 [8] DEBUG LTCPro.ServiceLayer.Log4net - ---Executed Successfully GetUserRecentFacNs() in UserController----
2021-04-28 21:24:13,685 [11] DEBUG LTCPro.ServiceLayer.Log4net - ---Executing GetUserToken() in UserService----
2021-04-28 21:24:13,690 [11] DEBUG LTCPro.ServiceLayer.Log4net - ---Executing GetUserAccessFacilityNurseStaions() in FacilityController----
2021-04-28 21:24:13,690 [11] DEBUG LTCPro.ServiceLayer.Log4net - ---Executing GetUserAccessFacilityNurseStaions() in FacilityService----
2021-04-28 21:24:13,701 [11] DEBUG LTCPro.ServiceLayer.Log4net - ---Executed Successfully GetUserAccessFacilityNurseStaions() in FacilityController----
2021-04-28 21:24:13,766 [8] DEBUG LTCPro.ServiceLayer.Log4net - ---Executing GetUserToken() in UserService----
2021-04-28 21:24:13,772 [8] DEBUG LTCPro.ServiceLayer.Log4net - ---Executing UserNurseStationDrop() in FacilityController----
2021-04-28 21:24:13,783 [8] DEBUG LTCPro.ServiceLayer.Log4net - ---Executing UserNurseStationDrop() in FacilityService----
2021-04-28 21:24:13,813 [8] DEBUG LTCPro.ServiceLayer.Log4net - ---Executed Successfully UserNurseStationDrop() in FacilityController----
2021-04-28 21:24:13,900 [8] DEBUG LTCPro.ServiceLayer.Log4net - ---Executing GetUserToken() in UserService----
2021-04-28 21:24:13,912 [8] DEBUG LTCPro.ServiceLayer.Log4net - ---Executing GetProfileCertifyOrderResidentGridData() in ResidentDemographicController----
2021-04-28 21:24:13,913 [8] DEBUG LTCPro.ServiceLayer.Log4net - ---Executing GetProfileCertifyOrderResidentGridData() in ResidentDemographic----
2021-04-28 21:24:14,059 [8] DEBUG LTCPro.ServiceLayer.Log4net - ---Executed Successfully GetProfileCertifyOrderResidentGridData() in ResidentDemographicController----
2021-04-28 21:24:14,167 [11] DEBUG LTCPro.ServiceLayer.Log4net - ---Executing GetUserToken() in UserService----
2021-04-28 21:24:14,205 [11] DEBUG LTCPro.ServiceLayer.Log4net - ---Executing GetProfileCertifiedDatesDrop() in OrdersController----
2021-04-28 21:24:14,221 [11] DEBUG LTCPro.ServiceLayer.Log4net - ---Executing GetProfileCertifiedDatesDrop() in OrdersService----
2021-04-28 21:24:14,620 [11] DEBUG LTCPro.ServiceLayer.Log4net - ---Executed Successfully GetProfileCertifiedDatesDrop() in OrdersController----
2021-04-28 21:24:25,214 [6] DEBUG LTCPro.ServiceLayer.Log4net - ---Executing GetUserToken() in UserService----
2021-04-28 21:24:25,219 [6] DEBUG LTCPro.ServiceLayer.Log4net - ---Executing UserNurseStationDrop() in FacilityController----
2021-04-28 21:24:25,219 [6] DEBUG LTCPro.ServiceLayer.Log4net - ---Executing UserNurseStationDrop() in FacilityService----
2021-04-28 21:24:25,225 [6] DEBUG LTCPro.ServiceLayer.Log4net - ---Executed Successfully UserNurseStationDrop() in FacilityController----
2021-04-28 21:24:25,240 [7] DEBUG LTCPro.ServiceLayer.Log4net - ---Executing GetUserToken() in UserService----
2021-04-28 21:24:25,245 [7] DEBUG LTCPro.ServiceLayer.Log4net - ---Executing GetProfileCertifyOrderResidentGridData() in ResidentDemographicController----
2021-04-28 21:24:25,246 [7] DEBUG LTCPro.ServiceLayer.Log4net - ---Executing GetProfileCertifyOrderResidentGridData() in ResidentDemographic----
2021-04-28 21:24:25,283 [7] DEBUG LTCPro.ServiceLayer.Log4net - ---Executed Successfully GetProfileCertifyOrderResidentGridData() in ResidentDemographicController----
2021-04-28 21:24:25,308 [7] DEBUG LTCPro.ServiceLayer.Log4net - ---Executing GetUserToken() in UserService----
2021-04-28 21:24:25,313 [7] DEBUG LTCPro.ServiceLayer.Log4net - ---Executing GetProfileCertifiedDatesDrop() in OrdersController----
2021-04-28 21:24:25,313 [7] DEBUG LTCPro.ServiceLayer.Log4net - ---Executing GetProfileCertifiedDatesDrop() in OrdersService----
2021-04-28 21:24:25,341 [7] DEBUG LTCPro.ServiceLayer.Log4net - ---Executed Successfully GetProfileCertifiedDatesDrop() in OrdersController----
2021-04-28 21:24:31,644 [7] DEBUG LTCPro.ServiceLayer.Log4net - ---Executing GetUserToken() in UserService----
2021-04-28 21:24:31,650 [7] DEBUG LTCPro.ServiceLayer.Log4net - ---Executing GetProfileCertifiedDatesDrop() in OrdersController----
2021-04-28 21:24:31,650 [7] DEBUG LTCPro.ServiceLayer.Log4net - ---Executing GetProfileCertifiedDatesDrop() in OrdersService----
2021-04-28 21:24:31,678 [7] DEBUG LTCPro.ServiceLayer.Log4net - ---Executed Successfully GetProfileCertifiedDatesDrop() in OrdersController----
2021-04-28 21:24:36,411 [6] DEBUG LTCPro.ServiceLayer.Log4net - ---Executing GetUserToken() in UserService----
2021-04-28 21:24:36,417 [6] DEBUG LTCPro.ServiceLayer.Log4net - ---Executing GetProfileCertifiedDatesDrop() in OrdersController----
2021-04-28 21:24:36,417 [6] DEBUG LTCPro.ServiceLayer.Log4net - ---Executing GetProfileCertifiedDatesDrop() in OrdersService----
2021-04-28 21:24:36,607 [6] DEBUG LTCPro.ServiceLayer.Log4net - ---Executed Successfully GetProfileCertifiedDatesDrop() in OrdersController----
2021-04-28 21:24:36,703 [7] DEBUG LTCPro.ServiceLayer.Log4net - ---Executing GetUserToken() in UserService----
2021-04-28 21:24:36,709 [7] DEBUG LTCPro.ServiceLayer.Log4net - ---Executing GetAllProfilecertifiedOrderByDate() in OrdersController----
2021-04-28 21:24:36,710 [7] DEBUG LTCPro.ServiceLayer.Log4net - ---Executing GetAllProfilecertifiedOrderByDate() in OrdersService----
2021-04-28 21:24:36,781 [7] DEBUG LTCPro.ServiceLayer.Log4net - ---Executed Successfully GetAllProfilecertifiedOrderByDate() in OrdersController----
2021-04-28 21:24:39,703 [11] DEBUG LTCPro.ServiceLayer.Log4net - ---Executing GetUserToken() in UserService----
2021-04-28 21:24:39,757 [11] DEBUG LTCPro.ServiceLayer.Log4net - ---Executing GetProfileCertifiedOrderExcel() in ReportsController----
2021-04-28 21:24:39,768 [11] DEBUG LTCPro.ServiceLayer.Log4net - ---Executing GetCertifiedOrderReport() in ReportsService----
2021-04-28 21:24:39,784 [11] DEBUG LTCPro.ServiceLayer.Log4net - ---Executing GetProfileCertifiedOrderReport() in ReportsService----
2021-04-28 21:25:23,768 [11] DEBUG LTCPro.ServiceLayer.Log4net - ---Executing GetUserToken() in UserService----
2021-04-28 21:25:23,769 [8] DEBUG LTCPro.ServiceLayer.Log4net - ---Executing GetUserToken() in UserService----
2021-04-28 21:25:23,775 [8] DEBUG LTCPro.ServiceLayer.Log4net - ---Executing GetUserRecentFacNs() in UserController----
2021-04-28 21:25:23,775 [8] DEBUG LTCPro.ServiceLayer.Log4net - ---Executing GetUserRecentFacNs() in UserService----
2021-04-28 21:25:23,775 [11] DEBUG LTCPro.ServiceLayer.Log4net - ---Executing InsertUserActivityDetails() in CompanyController----
2021-04-28 21:25:23,775 [11] DEBUG LTCPro.ServiceLayer.Log4net - ---Executing InsertUserActivityDetails() in UserActivityService----
2021-04-28 21:25:23,805 [8] DEBUG LTCPro.ServiceLayer.Log4net - ---Executed Successfully GetUserRecentFacNs() in UserController----
2021-04-28 21:25:23,806 [11] DEBUG LTCPro.ServiceLayer.Log4net - ---Executed Successfully InsertUserActivityDetails() in CompanyController----
2021-04-28 21:25:23,818 [7] DEBUG LTCPro.ServiceLayer.Log4net - ---Executing GetUserToken() in UserService----
2021-04-28 21:25:23,824 [7] DEBUG LTCPro.ServiceLayer.Log4net - ---Executing GetUserAccessFacilityNurseStaions() in FacilityController----
2021-04-28 21:25:23,824 [7] DEBUG LTCPro.ServiceLayer.Log4net - ---Executing GetUserAccessFacilityNurseStaions() in FacilityService----
2021-04-28 21:25:23,834 [7] DEBUG LTCPro.ServiceLayer.Log4net - ---Executed Successfully GetUserAccessFacilityNurseStaions() in FacilityController----
2021-04-28 21:25:23,846 [6] DEBUG LTCPro.ServiceLayer.Log4net - ---Executing GetUserToken() in UserService----
2021-04-28 21:25:23,853 [6] DEBUG LTCPro.ServiceLayer.Log4net - ---Executing UserNurseStationDrop() in FacilityController----
2021-04-28 21:25:23,853 [6] DEBUG LTCPro.ServiceLayer.Log4net - ---Executing UserNurseStationDrop() in FacilityService----
2021-04-28 21:25:23,859 [6] DEBUG LTCPro.ServiceLayer.Log4net - ---Executed Successfully UserNurseStationDrop() in FacilityController----
2021-04-28 21:25:23,931 [7] DEBUG LTCPro.ServiceLayer.Log4net - ---Executing GetUserToken() in UserService----
2021-04-28 21:25:23,937 [7] DEBUG LTCPro.ServiceLayer.Log4net - ---Executing GetPhysicianDropCertifyOrders() in OrdersController----
2021-04-28 21:25:23,951 [7] DEBUG LTCPro.ServiceLayer.Log4net - ---Executing GetPhysicianDropCertifyOrders() in OrdersService----
2021-04-28 21:25:23,988 [7] DEBUG LTCPro.ServiceLayer.Log4net - ---Executed Successfully GetAllcertifiedOrderByDate() in OrdersController----
2021-04-28 21:25:24,015 [6] DEBUG LTCPro.ServiceLayer.Log4net - ---Executing GetUserToken() in UserService----
2021-04-28 21:25:24,022 [6] DEBUG LTCPro.ServiceLayer.Log4net - ---Executing GetCertifyOrderResidentGridData() in ResidentDemographicController----
2021-04-28 21:25:24,023 [6] DEBUG LTCPro.ServiceLayer.Log4net - ---Executing GetCertifyOrderResidentGridData() in ResidentDemographic----
2021-04-28 21:25:24,044 [6] DEBUG LTCPro.ServiceLayer.Log4net - ---Executed Successfully GetCertifyOrderResidentGridData() in ResidentDemographicController----
2021-04-28 21:25:31,438 [7] DEBUG LTCPro.ServiceLayer.Log4net - ---Executing GetUserToken() in UserService----
2021-04-28 21:25:31,444 [7] DEBUG LTCPro.ServiceLayer.Log4net - ---Executing GetCertifyOrderResidentGridData() in ResidentDemographicController----
2021-04-28 21:25:31,444 [7] DEBUG LTCPro.ServiceLayer.Log4net - ---Executing GetCertifyOrderResidentGridData() in ResidentDemographic----
2021-04-28 21:25:31,472 [7] DEBUG LTCPro.ServiceLayer.Log4net - ---Executed Successfully GetCertifyOrderResidentGridData() in ResidentDemographicController----
2021-04-28 21:25:31,546 [11] DEBUG LTCPro.ServiceLayer.Log4net - ---Executing GetUserToken() in UserService----
2021-04-28 21:25:31,551 [11] DEBUG LTCPro.ServiceLayer.Log4net - ---Executing GetCertifiedDatesDrop() in OrdersController----
2021-04-28 21:25:31,552 [11] DEBUG LTCPro.ServiceLayer.Log4net - ---Executing GetCertifiedDatesDrop() in OrdersService----
2021-04-28 21:25:31,639 [11] DEBUG LTCPro.ServiceLayer.Log4net - ---Executed Successfully GetCertifiedDatesDrop() in OrdersController----
2021-04-28 21:25:31,703 [6] DEBUG LTCPro.ServiceLayer.Log4net - ---Executing GetUserToken() in UserService----
2021-04-28 21:25:31,709 [6] DEBUG LTCPro.ServiceLayer.Log4net - ---Executing GetAllcertifiedOrderByDate() in OrdersController----
2021-04-28 21:25:31,709 [6] DEBUG LTCPro.ServiceLayer.Log4net - ---Executing GetAllcertifiedOrderByDate() in OrdersService----
2021-04-28 21:25:32,205 [6] DEBUG LTCPro.ServiceLayer.Log4net - ---Executed Successfully GetAllcertifiedOrderByDate() in OrdersController----
2021-04-28 21:25:34,406 [7] DEBUG LTCPro.ServiceLayer.Log4net - ---Executing GetUserToken() in UserService----
2021-04-28 21:25:34,413 [7] DEBUG LTCPro.ServiceLayer.Log4net - ---Executing GetCertifiedOrderReportExcel() in ReportsController----
2021-04-28 21:25:34,414 [7] DEBUG LTCPro.ServiceLayer.Log4net - ---Executing GetCertifiedOrderReport() in ReportsService----
2021-04-28 21:25:34,425 [7] DEBUG LTCPro.ServiceLayer.Log4net - ---Executing GetCertifiedOrderReport() in ReportsService----
2021-04-28 21:25:41,465 [11] DEBUG LTCPro.ServiceLayer.Log4net - ---Executing GetUserToken() in UserService----
2021-04-28 21:25:41,471 [11] DEBUG LTCPro.ServiceLayer.Log4net - ---Executing GetAllcertifiedOrderByDate() in OrdersController----
2021-04-28 21:25:41,471 [11] DEBUG LTCPro.ServiceLayer.Log4net - ---Executing GetAllcertifiedOrderByDate() in OrdersService----
2021-04-28 21:25:42,120 [11] DEBUG LTCPro.ServiceLayer.Log4net - ---Executed Successfully GetAllcertifiedOrderByDate() in OrdersController----
