2022-11-30 06:21:17,702 [16] DEBUG LTCPro.ServiceLayer.Log4net - ---Executing UsersConfigNurseStationDrop() in FacilityController----
2022-11-30 06:21:17,800 [16] DEBUG LTCPro.ServiceLayer.Log4net - ---Executing UsersConfigNurseStationDrop() in FacilityService----
2022-11-30 06:21:21,815 [16] DEBUG LTCPro.ServiceLayer.Log4net - ---Executed Successfully UsersConfigNurseStationDrop() in FacilityController----
2022-11-30 06:21:26,529 [14] DEBUG LTCPro.ServiceLayer.Log4net - ---Executing UsersConfigNurseStationDrop() in FacilityController----
2022-11-30 06:21:26,529 [14] DEBUG LTCPro.ServiceLayer.Log4net - ---Executing UsersConfigNurseStationDrop() in FacilityService----
2022-11-30 06:21:26,624 [14] DEBUG LTCPro.ServiceLayer.Log4net - ---Executed Successfully UsersConfigNurseStationDrop() in FacilityController----
2022-11-30 06:21:28,325 [16] DEBUG LTCPro.ServiceLayer.Log4net - ---Executing UsersConfigNurseStationDrop() in FacilityController----
2022-11-30 06:21:28,326 [16] DEBUG LTCPro.ServiceLayer.Log4net - ---Executing UsersConfigNurseStationDrop() in FacilityService----
2022-11-30 06:21:28,580 [16] DEBUG LTCPro.ServiceLayer.Log4net - ---Executed Successfully UsersConfigNurseStationDrop() in FacilityController----
2022-11-30 06:21:30,497 [13] DEBUG LTCPro.ServiceLayer.Log4net - ---Executing UsersConfigNurseStationDrop() in FacilityController----
2022-11-30 06:21:30,497 [13] DEBUG LTCPro.ServiceLayer.Log4net - ---Executing UsersConfigNurseStationDrop() in FacilityService----
2022-11-30 06:21:30,696 [13] DEBUG LTCPro.ServiceLayer.Log4net - ---Executed Successfully UsersConfigNurseStationDrop() in FacilityController----
2022-11-30 06:21:31,512 [13] DEBUG LTCPro.ServiceLayer.Log4net - ---Executing GetProcessKeyMasterList() in FacilityController----
2022-11-30 06:21:31,544 [13] DEBUG LTCPro.ServiceLayer.Log4net - ---Executing GetProcessKeyMasterList() in FacilityService----
2022-11-30 06:21:31,601 [13] DEBUG LTCPro.ServiceLayer.Log4net - ---Executed Successfully GetProcessKeyMasterList() in FacilityController----
2022-11-30 06:21:35,267 [14] DEBUG LTCPro.ServiceLayer.Log4net - ---Executing GetProcessKeyMasterList() in FacilityController----
2022-11-30 06:21:35,267 [14] DEBUG LTCPro.ServiceLayer.Log4net - ---Executing GetProcessKeyMasterList() in FacilityService----
2022-11-30 06:21:35,273 [14] DEBUG LTCPro.ServiceLayer.Log4net - ---Executed Successfully GetProcessKeyMasterList() in FacilityController----
2022-11-30 06:21:36,799 [14] DEBUG LTCPro.ServiceLayer.Log4net - ---Executing CheckUser() in UserService----
2022-11-30 06:21:37,192 [14] DEBUG LTCPro.ServiceLayer.Log4net - ---Executing FindUser() in UserService----
2022-11-30 06:21:37,715 [14] DEBUG LTCPro.ServiceLayer.Log4net - ---Executing InsertUserSession() in UserService----
2022-11-30 06:21:39,096 [14] DEBUG LTCPro.ServiceLayer.Log4net - ---Executing InsertUserToken() in UserService----
2022-11-30 06:21:40,128 [16] DEBUG LTCPro.ServiceLayer.Log4net - ---Executing InsertUpdateUserRecentFacNs() in UserController----
2022-11-30 06:21:40,137 [13] DEBUG LTCPro.ServiceLayer.Log4net - ---Executing GetScreenPermissionsForLoggedInUser() in RoleController----
2022-11-30 06:21:40,139 [13] DEBUG LTCPro.ServiceLayer.Log4net - ---Executing GetScreenPermissionsForLoggedInUser() in RoleService----
2022-11-30 06:21:40,153 [16] DEBUG LTCPro.ServiceLayer.Log4net - ---Executing GetUserRecentFacNs() in UserService----
2022-11-30 06:21:40,189 [13] DEBUG LTCPro.ServiceLayer.Log4net - ---Executed Successfully GetScreenPermissionsForLoggedInUser() in RoleController----
2022-11-30 06:21:41,114 [16] DEBUG LTCPro.ServiceLayer.Log4net - ---Executing InsertUpdateUserRecentFacNs() in CommonService----
2022-11-30 06:21:41,365 [16] DEBUG LTCPro.ServiceLayer.Log4net - ---Executed Successfully InsertUpdateUserRecentFacNs() in UserController----
2022-11-30 06:21:41,434 [5] DEBUG LTCPro.ServiceLayer.Log4net - ---Executing GetUserToken() in UserService----
2022-11-30 06:21:41,488 [13] DEBUG LTCPro.ServiceLayer.Log4net - ---Executing GetUserToken() in UserService----
2022-11-30 06:21:41,529 [5] DEBUG LTCPro.ServiceLayer.Log4net - ---Executing GetAlertsDetails() in MailboxController----
2022-11-30 06:21:41,577 [5] DEBUG LTCPro.ServiceLayer.Log4net - ---Executing GetAlertsDetails() in MailboxService----
2022-11-30 06:21:41,590 [13] DEBUG LTCPro.ServiceLayer.Log4net - ---Executing GetReadMailsCount() in MailboxController----
2022-11-30 06:21:41,591 [13] DEBUG LTCPro.ServiceLayer.Log4net - ---Executing GetReadMailsCount() in MailboxService----
2022-11-30 06:21:41,637 [16] DEBUG LTCPro.ServiceLayer.Log4net - ---Executing GetUserToken() in UserService----
2022-11-30 06:21:41,784 [16] DEBUG LTCPro.ServiceLayer.Log4net - ---Executing GetUserPassedDueFlag() in UserController----
2022-11-30 06:21:41,785 [16] DEBUG LTCPro.ServiceLayer.Log4net - ---Executing GetUserPassedDueFlag() in UserService----
2022-11-30 06:21:41,787 [5] DEBUG LTCPro.ServiceLayer.Log4net - ---Executed successfully GetAlertsDetails() in MailboxController----
2022-11-30 06:21:41,793 [16] DEBUG LTCPro.ServiceLayer.Log4net - ---Executed Successfully GetUserPassedDueFlag() in UserController----
2022-11-30 06:21:41,804 [13] DEBUG LTCPro.ServiceLayer.Log4net - ---Executed successfully GetReadMailsCount() in MailboxController----
2022-11-30 06:21:41,808 [17] DEBUG LTCPro.ServiceLayer.Log4net - ---Executing GetUserToken() in UserService----
2022-11-30 06:21:41,814 [17] DEBUG LTCPro.ServiceLayer.Log4net - ---Executing GetDueMARAlertData() in EmarController----
2022-11-30 06:21:41,828 [17] DEBUG LTCPro.ServiceLayer.Log4net - ---Executing GetDueMARAlertData() in EmarService----
2022-11-30 06:21:41,950 [16] DEBUG LTCPro.ServiceLayer.Log4net - ---Executing GetUserToken() in UserService----
2022-11-30 06:21:41,950 [5] DEBUG LTCPro.ServiceLayer.Log4net - ---Executing GetUserToken() in UserService----
2022-11-30 06:21:42,168 [16] DEBUG LTCPro.ServiceLayer.Log4net - ---Executing GetOutboundErrorDetails() in CommonController----
2022-11-30 06:21:42,169 [16] DEBUG LTCPro.ServiceLayer.Log4net - ---Executing GetOutboundErrorDetails() in CommonService----
2022-11-30 06:21:42,186 [5] DEBUG LTCPro.ServiceLayer.Log4net - ---Executing GetPendingDosesList() in CommonController----
2022-11-30 06:21:42,189 [5] DEBUG LTCPro.ServiceLayer.Log4net - ---Executing GetPendingDosesList() in CommonService----
2022-11-30 06:21:42,409 [13] DEBUG LTCPro.ServiceLayer.Log4net - ---Executing GetUserToken() in UserService----
2022-11-30 06:21:42,814 [5] DEBUG LTCPro.ServiceLayer.Log4net - ---Executed Successfully GetPendingDosesList() in CommonController----
2022-11-30 06:21:42,980 [17] DEBUG LTCPro.ServiceLayer.Log4net - ---Executed Successfully GetDueMARAlertData() in EmarController----
2022-11-30 06:21:42,998 [16] DEBUG LTCPro.ServiceLayer.Log4net - ---Executed Successfully GetOutboundErrorDetails() in CommonController----
2022-11-30 06:21:43,044 [13] DEBUG LTCPro.ServiceLayer.Log4net - ---Executing InsertUserActivityDetails() in CompanyController----
2022-11-30 06:21:43,052 [13] DEBUG LTCPro.ServiceLayer.Log4net - ---Executing InsertUserActivityDetails() in UserActivityService----
2022-11-30 06:21:43,186 [17] DEBUG LTCPro.ServiceLayer.Log4net - ---Executing GetUserToken() in UserService----
2022-11-30 06:21:43,193 [5] DEBUG LTCPro.ServiceLayer.Log4net - ---Executing GetUserToken() in UserService----
2022-11-30 06:21:43,585 [17] DEBUG LTCPro.ServiceLayer.Log4net - ---Executing GetUserRecentFacNs() in UserController----
2022-11-30 06:21:43,585 [17] DEBUG LTCPro.ServiceLayer.Log4net - ---Executing GetUserRecentFacNs() in UserService----
2022-11-30 06:21:43,585 [5] DEBUG LTCPro.ServiceLayer.Log4net - ---Executing GetUserActiveCompanyMasterList() in CompanyController----
2022-11-30 06:21:43,586 [5] DEBUG LTCPro.ServiceLayer.Log4net - ---Executing GetActiveCompanyMasterList() in CompanyService----
2022-11-30 06:21:43,596 [17] DEBUG LTCPro.ServiceLayer.Log4net - ---Executed Successfully GetUserRecentFacNs() in UserController----
2022-11-30 06:21:43,599 [13] DEBUG LTCPro.ServiceLayer.Log4net - ---Executed Successfully InsertUserActivityDetails() in CompanyController----
2022-11-30 06:21:43,761 [17] DEBUG LTCPro.ServiceLayer.Log4net - ---Executing GetUserToken() in UserService----
2022-11-30 06:21:43,791 [17] DEBUG LTCPro.ServiceLayer.Log4net - ---Executing GetUserAccessFacilityNurseStaions() in FacilityController----
2022-11-30 06:21:43,792 [17] DEBUG LTCPro.ServiceLayer.Log4net - ---Executing GetUserAccessFacilityNurseStaions() in FacilityService----
2022-11-30 06:21:43,844 [5] DEBUG LTCPro.ServiceLayer.Log4net - ---Executed Successfully GetUserActiveCompanyMasterList() in CompanyController----
2022-11-30 06:21:44,066 [17] DEBUG LTCPro.ServiceLayer.Log4net - ---Executed Successfully GetUserAccessFacilityNurseStaions() in FacilityController----
2022-11-30 06:21:49,441 [16] DEBUG LTCPro.ServiceLayer.Log4net - ---Executing GetUserToken() in UserService----
2022-11-30 06:21:49,446 [16] DEBUG LTCPro.ServiceLayer.Log4net - ---Executing GetUserRecentFacNs() in UserController----
2022-11-30 06:21:49,446 [16] DEBUG LTCPro.ServiceLayer.Log4net - ---Executing GetUserRecentFacNs() in UserService----
2022-11-30 06:21:49,454 [16] DEBUG LTCPro.ServiceLayer.Log4net - ---Executed Successfully GetUserRecentFacNs() in UserController----
2022-11-30 06:21:50,073 [16] DEBUG LTCPro.ServiceLayer.Log4net - ---Executing GetUserToken() in UserService----
2022-11-30 06:21:50,079 [16] DEBUG LTCPro.ServiceLayer.Log4net - ---Executing GetUserAccessFacilityNurseStaions() in FacilityController----
2022-11-30 06:21:50,079 [16] DEBUG LTCPro.ServiceLayer.Log4net - ---Executing GetUserAccessFacilityNurseStaions() in FacilityService----
2022-11-30 06:21:50,095 [16] DEBUG LTCPro.ServiceLayer.Log4net - ---Executed Successfully GetUserAccessFacilityNurseStaions() in FacilityController----
2022-11-30 06:21:50,204 [13] DEBUG LTCPro.ServiceLayer.Log4net - ---Executing GetUserToken() in UserService----
2022-11-30 06:21:50,211 [13] DEBUG LTCPro.ServiceLayer.Log4net - ---Executing UserNurseStationDrop() in FacilityController----
2022-11-30 06:21:50,212 [13] DEBUG LTCPro.ServiceLayer.Log4net - ---Executing UserNurseStationDrop() in FacilityService----
2022-11-30 06:21:50,290 [13] DEBUG LTCPro.ServiceLayer.Log4net - ---Executed Successfully UserNurseStationDrop() in FacilityController----
2022-11-30 06:21:50,775 [16] DEBUG LTCPro.ServiceLayer.Log4net - ---Executing GetUserToken() in UserService----
2022-11-30 06:21:50,782 [16] DEBUG LTCPro.ServiceLayer.Log4net - ---Executing GpiList() in FacilityController----
2022-11-30 06:21:50,782 [16] DEBUG LTCPro.ServiceLayer.Log4net - ---Executing UserNurseStationDrop() in FacilityService----
2022-11-30 06:21:50,852 [16] DEBUG LTCPro.ServiceLayer.Log4net - ---Executed Successfully GpiList() in FacilityController----
2022-11-30 06:21:50,962 [5] DEBUG LTCPro.ServiceLayer.Log4net - ---Executing GetUserToken() in UserService----
2022-11-30 06:21:51,152 [5] DEBUG LTCPro.ServiceLayer.Log4net - ---Executing GetResidentnamesmarReport() in ReportsController----
2022-11-30 06:21:51,247 [17] DEBUG LTCPro.ServiceLayer.Log4net - ---Executing GetUserToken() in UserService----
2022-11-30 06:21:51,323 [5] DEBUG LTCPro.ServiceLayer.Log4net - ---Executing GetResidentnamesmarReport() in ReportService----
2022-11-30 06:21:51,861 [13] DEBUG LTCPro.ServiceLayer.Log4net - ---Executing GetUserToken() in UserService----
2022-11-30 06:21:51,926 [13] DEBUG LTCPro.ServiceLayer.Log4net - ---Executing GetTherapeuticaltwo() in ReportsController----
2022-11-30 06:21:51,942 [13] DEBUG LTCPro.ServiceLayer.Log4net - ---Executing GetTherapeuticaltwoReport() in ReportsService----
2022-11-30 06:21:52,404 [13] DEBUG LTCPro.ServiceLayer.Log4net - ---Executing GetTherapeuticaltwoReport() in ReportsService----
2022-11-30 06:21:55,637 [14] DEBUG LTCPro.ServiceLayer.Log4net - ---Executing GetUserToken() in UserService----
2022-11-30 06:22:05,404 [14] DEBUG LTCPro.ServiceLayer.Log4net - ---Executing GetMARHoledetails() in ReportsController----
2022-11-30 06:22:06,343 [14] DEBUG LTCPro.ServiceLayer.Log4net - ---Executing GetTherapeuticaltwoReport() in ReportsService----
2022-11-30 06:22:06,862 [14] DEBUG LTCPro.ServiceLayer.Log4net - ---Executing GetTherapeuticaltwoReport() in ReportsService----
2022-11-30 06:22:07,460 [14] DEBUG LTCPro.ServiceLayer.Log4net - ---Executing GetEmarlogo() in ReportsService----
2022-11-30 06:22:10,337 [14] DEBUG LTCPro.ServiceLayer.Log4net - ---Executing GetFacilitylogo() in ReportsService----
2022-11-30 06:23:07,056 [14] DEBUG LTCPro.ServiceLayer.Log4net - ---Executing GetTherapeuticalResidentdetails() successfully in ReportsController----
2022-11-30 06:25:22,590 [17] DEBUG LTCPro.ServiceLayer.Log4net - ---Executing GetUserToken() in UserService----
2022-11-30 06:25:22,597 [17] DEBUG LTCPro.ServiceLayer.Log4net - ---Executing GpiList() in FacilityController----
2022-11-30 06:25:22,597 [17] DEBUG LTCPro.ServiceLayer.Log4net - ---Executing UserNurseStationDrop() in FacilityService----
2022-11-30 06:25:22,602 [17] DEBUG LTCPro.ServiceLayer.Log4net - ---Executed Successfully GpiList() in FacilityController----
2022-11-30 06:25:24,916 [8] DEBUG LTCPro.ServiceLayer.Log4net - ---Executing GetUserToken() in UserService----
2022-11-30 06:25:24,922 [8] DEBUG LTCPro.ServiceLayer.Log4net - ---Executing GetTherapeuticaltwo() in ReportsController----
2022-11-30 06:25:24,922 [8] DEBUG LTCPro.ServiceLayer.Log4net - ---Executing GetTherapeuticaltwoReport() in ReportsService----
2022-11-30 06:25:25,410 [8] DEBUG LTCPro.ServiceLayer.Log4net - ---Executing GetTherapeuticaltwoReport() in ReportsService----
2022-11-30 06:25:27,567 [17] DEBUG LTCPro.ServiceLayer.Log4net - ---Executing GetUserToken() in UserService----
2022-11-30 06:25:29,372 [17] DEBUG LTCPro.ServiceLayer.Log4net - ---Executing GetMARHoledetails() in ReportsController----
2022-11-30 06:25:29,390 [17] DEBUG LTCPro.ServiceLayer.Log4net - ---Executing GetTherapeuticaltwoReport() in ReportsService----
2022-11-30 06:25:29,946 [17] DEBUG LTCPro.ServiceLayer.Log4net - ---Executing GetTherapeuticaltwoReport() in ReportsService----
2022-11-30 06:25:30,036 [17] DEBUG LTCPro.ServiceLayer.Log4net - ---Executing GetEmarlogo() in ReportsService----
2022-11-30 06:25:30,047 [17] DEBUG LTCPro.ServiceLayer.Log4net - ---Executing GetFacilitylogo() in ReportsService----
2022-11-30 06:25:36,743 [17] DEBUG LTCPro.ServiceLayer.Log4net - ---Executing GetTherapeuticalResidentdetails() successfully in ReportsController----
2022-11-30 06:31:53,765 [7] DEBUG LTCPro.ServiceLayer.Log4net - ---Executing GetUserToken() in UserService----
2022-11-30 06:31:58,311 [7] DEBUG LTCPro.ServiceLayer.Log4net - ---Executing GetTherapeuticaltwo() in ReportsController----
2022-11-30 06:31:58,457 [7] DEBUG LTCPro.ServiceLayer.Log4net - ---Executing GetTherapeuticaltwoReport() in ReportsService----
2022-11-30 06:32:00,586 [7] DEBUG LTCPro.ServiceLayer.Log4net - ---Executing GetTherapeuticaltwoReport() in ReportsService----
2022-11-30 06:32:10,665 [5] DEBUG LTCPro.ServiceLayer.Log4net - ---Executing GetUserToken() in UserService----
2022-11-30 06:32:10,713 [5] DEBUG LTCPro.ServiceLayer.Log4net - ---Executing GpiList() in FacilityController----
2022-11-30 06:32:10,793 [5] DEBUG LTCPro.ServiceLayer.Log4net - ---Executing UserNurseStationDrop() in FacilityService----
2022-11-30 06:32:11,142 [5] DEBUG LTCPro.ServiceLayer.Log4net - ---Executed Successfully GpiList() in FacilityController----
2022-11-30 06:32:12,785 [7] DEBUG LTCPro.ServiceLayer.Log4net - ---Executing GetUserToken() in UserService----
2022-11-30 06:32:12,791 [7] DEBUG LTCPro.ServiceLayer.Log4net - ---Executing GpiList() in FacilityController----
2022-11-30 06:32:12,792 [7] DEBUG LTCPro.ServiceLayer.Log4net - ---Executing UserNurseStationDrop() in FacilityService----
2022-11-30 06:32:12,797 [7] DEBUG LTCPro.ServiceLayer.Log4net - ---Executed Successfully GpiList() in FacilityController----
2022-11-30 06:32:14,787 [6] DEBUG LTCPro.ServiceLayer.Log4net - ---Executing GetUserToken() in UserService----
2022-11-30 06:32:14,811 [6] DEBUG LTCPro.ServiceLayer.Log4net - ---Executing GetTherapeuticaltwo() in ReportsController----
2022-11-30 06:32:14,811 [6] DEBUG LTCPro.ServiceLayer.Log4net - ---Executing GetTherapeuticaltwoReport() in ReportsService----
2022-11-30 06:32:15,365 [6] DEBUG LTCPro.ServiceLayer.Log4net - ---Executing GetTherapeuticaltwoReport() in ReportsService----
2022-11-30 06:32:33,103 [9] DEBUG LTCPro.ServiceLayer.Log4net - ---Executing GetUserToken() in UserService----
2022-11-30 06:32:36,302 [9] DEBUG LTCPro.ServiceLayer.Log4net - ---Executing GetMARHoledetails() in ReportsController----
2022-11-30 06:32:36,303 [9] DEBUG LTCPro.ServiceLayer.Log4net - ---Executing GetTherapeuticaltwoReport() in ReportsService----
2022-11-30 06:32:36,853 [9] DEBUG LTCPro.ServiceLayer.Log4net - ---Executing GetTherapeuticaltwoReport() in ReportsService----
2022-11-30 06:32:36,953 [9] DEBUG LTCPro.ServiceLayer.Log4net - ---Executing GetEmarlogo() in ReportsService----
2022-11-30 06:32:37,053 [9] DEBUG LTCPro.ServiceLayer.Log4net - ---Executing GetFacilitylogo() in ReportsService----
2022-11-30 06:33:02,940 [9] DEBUG LTCPro.ServiceLayer.Log4net - ---Executing GetTherapeuticalResidentdetails() successfully in ReportsController----
2022-11-30 06:33:56,371 [5] DEBUG LTCPro.ServiceLayer.Log4net - ---Executing GetUserToken() in UserService----
2022-11-30 06:33:56,377 [5] DEBUG LTCPro.ServiceLayer.Log4net - ---Executing GetTherapeuticaltwo() in ReportsController----
2022-11-30 06:33:56,377 [5] DEBUG LTCPro.ServiceLayer.Log4net - ---Executing GetTherapeuticaltwoReport() in ReportsService----
2022-11-30 06:33:57,327 [5] DEBUG LTCPro.ServiceLayer.Log4net - ---Executing GetTherapeuticaltwoReport() in ReportsService----
2022-11-30 06:34:04,797 [5] DEBUG LTCPro.ServiceLayer.Log4net - ---Executing GetUserToken() in UserService----
2022-11-30 06:34:04,797 [15] DEBUG LTCPro.ServiceLayer.Log4net - ---Executing GetUserToken() in UserService----
2022-11-30 06:34:04,803 [5] DEBUG LTCPro.ServiceLayer.Log4net - ---Executing GpiList() in FacilityController----
2022-11-30 06:34:04,803 [5] DEBUG LTCPro.ServiceLayer.Log4net - ---Executing UserNurseStationDrop() in FacilityService----
2022-11-30 06:34:04,808 [5] DEBUG LTCPro.ServiceLayer.Log4net - ---Executed Successfully GpiList() in FacilityController----
2022-11-30 06:34:04,816 [15] DEBUG LTCPro.ServiceLayer.Log4net - ---Executing GpiList() in FacilityController----
2022-11-30 06:34:04,816 [15] DEBUG LTCPro.ServiceLayer.Log4net - ---Executing UserNurseStationDrop() in FacilityService----
2022-11-30 06:34:04,821 [15] DEBUG LTCPro.ServiceLayer.Log4net - ---Executed Successfully GpiList() in FacilityController----
2022-11-30 06:34:04,928 [5] DEBUG LTCPro.ServiceLayer.Log4net - ---Executing GetUserToken() in UserService----
2022-11-30 06:34:04,935 [5] DEBUG LTCPro.ServiceLayer.Log4net - ---Executing GetTherapeuticaltwo() in ReportsController----
2022-11-30 06:34:04,935 [5] DEBUG LTCPro.ServiceLayer.Log4net - ---Executing GetTherapeuticaltwoReport() in ReportsService----
2022-11-30 06:34:04,998 [7] DEBUG LTCPro.ServiceLayer.Log4net - ---Executing GetUserToken() in UserService----
2022-11-30 06:34:05,004 [7] DEBUG LTCPro.ServiceLayer.Log4net - ---Executing GetTherapeuticaltwo() in ReportsController----
2022-11-30 06:34:05,004 [7] DEBUG LTCPro.ServiceLayer.Log4net - ---Executing GetTherapeuticaltwoReport() in ReportsService----
2022-11-30 06:34:05,310 [5] DEBUG LTCPro.ServiceLayer.Log4net - ---Executing GetTherapeuticaltwoReport() in ReportsService----
2022-11-30 06:34:05,361 [7] DEBUG LTCPro.ServiceLayer.Log4net - ---Executing GetTherapeuticaltwoReport() in ReportsService----
2022-11-30 06:34:11,170 [5] DEBUG LTCPro.ServiceLayer.Log4net - ---Executing GetUserToken() in UserService----
2022-11-30 06:34:12,897 [5] DEBUG LTCPro.ServiceLayer.Log4net - ---Executing GetMARHoledetails() in ReportsController----
2022-11-30 06:34:12,897 [5] DEBUG LTCPro.ServiceLayer.Log4net - ---Executing GetTherapeuticaltwoReport() in ReportsService----
2022-11-30 06:34:13,428 [5] DEBUG LTCPro.ServiceLayer.Log4net - ---Executing GetTherapeuticaltwoReport() in ReportsService----
2022-11-30 06:34:13,492 [5] DEBUG LTCPro.ServiceLayer.Log4net - ---Executing GetEmarlogo() in ReportsService----
2022-11-30 06:34:13,504 [5] DEBUG LTCPro.ServiceLayer.Log4net - ---Executing GetFacilitylogo() in ReportsService----
2022-11-30 06:34:18,498 [5] DEBUG LTCPro.ServiceLayer.Log4net - ---Executing GetTherapeuticalResidentdetails() successfully in ReportsController----
2022-11-30 06:34:50,887 [9] DEBUG LTCPro.ServiceLayer.Log4net - ---Executing GetUserToken() in UserService----
2022-11-30 06:34:50,887 [8] DEBUG LTCPro.ServiceLayer.Log4net - ---Executing GetUserToken() in UserService----
2022-11-30 06:34:50,893 [8] DEBUG LTCPro.ServiceLayer.Log4net - ---Executing GpiList() in FacilityController----
2022-11-30 06:34:50,893 [8] DEBUG LTCPro.ServiceLayer.Log4net - ---Executing UserNurseStationDrop() in FacilityService----
2022-11-30 06:34:50,893 [9] DEBUG LTCPro.ServiceLayer.Log4net - ---Executing GpiList() in FacilityController----
2022-11-30 06:34:50,893 [9] DEBUG LTCPro.ServiceLayer.Log4net - ---Executing UserNurseStationDrop() in FacilityService----
2022-11-30 06:34:50,899 [8] DEBUG LTCPro.ServiceLayer.Log4net - ---Executed Successfully GpiList() in FacilityController----
2022-11-30 06:34:50,899 [9] DEBUG LTCPro.ServiceLayer.Log4net - ---Executed Successfully GpiList() in FacilityController----
2022-11-30 06:34:51,006 [13] DEBUG LTCPro.ServiceLayer.Log4net - ---Executing GetUserToken() in UserService----
2022-11-30 06:34:51,012 [13] DEBUG LTCPro.ServiceLayer.Log4net - ---Executing GetTherapeuticaltwo() in ReportsController----
2022-11-30 06:34:51,012 [13] DEBUG LTCPro.ServiceLayer.Log4net - ---Executing GetTherapeuticaltwoReport() in ReportsService----
2022-11-30 06:34:51,061 [5] DEBUG LTCPro.ServiceLayer.Log4net - ---Executing GetUserToken() in UserService----
2022-11-30 06:34:51,066 [5] DEBUG LTCPro.ServiceLayer.Log4net - ---Executing GetTherapeuticaltwo() in ReportsController----
2022-11-30 06:34:51,066 [5] DEBUG LTCPro.ServiceLayer.Log4net - ---Executing GetTherapeuticaltwoReport() in ReportsService----
2022-11-30 06:34:51,591 [13] DEBUG LTCPro.ServiceLayer.Log4net - ---Executing GetTherapeuticaltwoReport() in ReportsService----
2022-11-30 06:34:51,646 [5] DEBUG LTCPro.ServiceLayer.Log4net - ---Executing GetTherapeuticaltwoReport() in ReportsService----
2022-11-30 06:34:56,409 [7] DEBUG LTCPro.ServiceLayer.Log4net - ---Executing GetUserToken() in UserService----
2022-11-30 06:34:58,047 [7] DEBUG LTCPro.ServiceLayer.Log4net - ---Executing GetMARHoledetails() in ReportsController----
2022-11-30 06:34:58,047 [7] DEBUG LTCPro.ServiceLayer.Log4net - ---Executing GetTherapeuticaltwoReport() in ReportsService----
2022-11-30 06:34:58,565 [7] DEBUG LTCPro.ServiceLayer.Log4net - ---Executing GetTherapeuticaltwoReport() in ReportsService----
2022-11-30 06:34:58,623 [7] DEBUG LTCPro.ServiceLayer.Log4net - ---Executing GetEmarlogo() in ReportsService----
2022-11-30 06:34:58,638 [7] DEBUG LTCPro.ServiceLayer.Log4net - ---Executing GetFacilitylogo() in ReportsService----
2022-11-30 06:35:02,421 [7] DEBUG LTCPro.ServiceLayer.Log4net - ---Executing GetTherapeuticalResidentdetails() successfully in ReportsController----
2022-11-30 06:37:01,783 [7] DEBUG LTCPro.ServiceLayer.Log4net - ---Executing GetUserToken() in UserService----
2022-11-30 06:37:01,869 [7] DEBUG LTCPro.ServiceLayer.Log4net - ---Executing InsertUserActivityDetails() in CompanyController----
2022-11-30 06:37:01,912 [7] DEBUG LTCPro.ServiceLayer.Log4net - ---Executing InsertUserActivityDetails() in UserActivityService----
2022-11-30 06:37:01,912 [17] DEBUG LTCPro.ServiceLayer.Log4net - ---Executing GetUserToken() in UserService----
2022-11-30 06:37:01,923 [7] DEBUG LTCPro.ServiceLayer.Log4net - ---Executed Successfully InsertUserActivityDetails() in CompanyController----
2022-11-30 06:37:01,945 [17] DEBUG LTCPro.ServiceLayer.Log4net - ---Executing GetUserRecentFacNs() in UserController----
2022-11-30 06:37:01,988 [17] DEBUG LTCPro.ServiceLayer.Log4net - ---Executing GetUserRecentFacNs() in UserService----
2022-11-30 06:37:02,781 [17] DEBUG LTCPro.ServiceLayer.Log4net - ---Executed Successfully GetUserRecentFacNs() in UserController----
2022-11-30 06:37:02,809 [7] DEBUG LTCPro.ServiceLayer.Log4net - ---Executing GetUserToken() in UserService----
2022-11-30 06:37:02,816 [7] DEBUG LTCPro.ServiceLayer.Log4net - ---Executing GetUserAccessFacilityNurseStaions() in FacilityController----
2022-11-30 06:37:02,816 [7] DEBUG LTCPro.ServiceLayer.Log4net - ---Executing GetUserAccessFacilityNurseStaions() in FacilityService----
2022-11-30 06:37:03,135 [7] DEBUG LTCPro.ServiceLayer.Log4net - ---Executed Successfully GetUserAccessFacilityNurseStaions() in FacilityController----
2022-11-30 06:37:03,234 [13] DEBUG LTCPro.ServiceLayer.Log4net - ---Executing GetUserToken() in UserService----
2022-11-30 06:37:03,242 [13] DEBUG LTCPro.ServiceLayer.Log4net - ---Executing UserNurseStationDrop() in FacilityController----
2022-11-30 06:37:03,243 [13] DEBUG LTCPro.ServiceLayer.Log4net - ---Executing UserNurseStationDrop() in FacilityService----
2022-11-30 06:37:03,407 [13] DEBUG LTCPro.ServiceLayer.Log4net - ---Executed Successfully UserNurseStationDrop() in FacilityController----
2022-11-30 06:37:04,080 [15] DEBUG LTCPro.ServiceLayer.Log4net - ---Executing GetUserToken() in UserService----
2022-11-30 06:37:04,101 [15] DEBUG LTCPro.ServiceLayer.Log4net - ---Executing GetPhysicianDropCertifyOrders() in OrdersController----
2022-11-30 06:37:04,109 [15] DEBUG LTCPro.ServiceLayer.Log4net - ---Executing GetPhysicianDropCertifyOrders() in OrdersService----
2022-11-30 06:37:04,357 [15] DEBUG LTCPro.ServiceLayer.Log4net - ---Executed Successfully GetAllcertifiedOrderByDate() in OrdersController----
2022-11-30 06:37:04,511 [15] DEBUG LTCPro.ServiceLayer.Log4net - ---Executing GetUserToken() in UserService----
2022-11-30 06:37:04,618 [15] DEBUG LTCPro.ServiceLayer.Log4net - ---Executing GetCertifyOrderResidentGridData() in ResidentDemographicController----
2022-11-30 06:37:04,641 [15] DEBUG LTCPro.ServiceLayer.Log4net - ---Executing GetCertifyOrderResidentGridData() in ResidentDemographic----
2022-11-30 06:37:04,801 [15] DEBUG LTCPro.ServiceLayer.Log4net - ---Executed Successfully GetCertifyOrderResidentGridData() in ResidentDemographicController----
2022-11-30 06:37:05,434 [15] DEBUG LTCPro.ServiceLayer.Log4net - ---Executing GetUserToken() in UserService----
2022-11-30 06:37:05,437 [13] DEBUG LTCPro.ServiceLayer.Log4net - ---Executing GetUserToken() in UserService----
2022-11-30 06:37:05,441 [15] DEBUG LTCPro.ServiceLayer.Log4net - ---Executing InsertUserActivityDetails() in CompanyController----
2022-11-30 06:37:05,441 [15] DEBUG LTCPro.ServiceLayer.Log4net - ---Executing InsertUserActivityDetails() in UserActivityService----
2022-11-30 06:37:05,442 [13] DEBUG LTCPro.ServiceLayer.Log4net - ---Executing GetUserRecentFacNs() in UserController----
2022-11-30 06:37:05,442 [13] DEBUG LTCPro.ServiceLayer.Log4net - ---Executing GetUserRecentFacNs() in UserService----
2022-11-30 06:37:05,453 [15] DEBUG LTCPro.ServiceLayer.Log4net - ---Executed Successfully InsertUserActivityDetails() in CompanyController----
2022-11-30 06:37:05,457 [13] DEBUG LTCPro.ServiceLayer.Log4net - ---Executed Successfully GetUserRecentFacNs() in UserController----
2022-11-30 06:37:05,478 [15] DEBUG LTCPro.ServiceLayer.Log4net - ---Executing GetUserToken() in UserService----
2022-11-30 06:37:05,484 [15] DEBUG LTCPro.ServiceLayer.Log4net - ---Executing GetUserAccessFacilityNurseStaions() in FacilityController----
2022-11-30 06:37:05,484 [15] DEBUG LTCPro.ServiceLayer.Log4net - ---Executing GetUserAccessFacilityNurseStaions() in FacilityService----
2022-11-30 06:37:05,495 [15] DEBUG LTCPro.ServiceLayer.Log4net - ---Executed Successfully GetUserAccessFacilityNurseStaions() in FacilityController----
2022-11-30 06:37:05,514 [15] DEBUG LTCPro.ServiceLayer.Log4net - ---Executing GetUserToken() in UserService----
2022-11-30 06:37:05,520 [15] DEBUG LTCPro.ServiceLayer.Log4net - ---Executing UserNurseStationDrop() in FacilityController----
2022-11-30 06:37:05,520 [15] DEBUG LTCPro.ServiceLayer.Log4net - ---Executing UserNurseStationDrop() in FacilityService----
2022-11-30 06:37:05,526 [15] DEBUG LTCPro.ServiceLayer.Log4net - ---Executed Successfully UserNurseStationDrop() in FacilityController----
2022-11-30 06:37:05,698 [6] DEBUG LTCPro.ServiceLayer.Log4net - ---Executing GetUserToken() in UserService----
2022-11-30 06:37:05,705 [6] DEBUG LTCPro.ServiceLayer.Log4net - ---Executing OrderEndingSoonStatus() in OrdersController----
2022-11-30 06:37:05,715 [13] DEBUG LTCPro.ServiceLayer.Log4net - ---Executing GetUserToken() in UserService----
2022-11-30 06:37:05,721 [6] DEBUG LTCPro.ServiceLayer.Log4net - ---Executing OrderEndingSoonStatus() in OrdersService----
2022-11-30 06:37:05,735 [15] DEBUG LTCPro.ServiceLayer.Log4net - ---Executing GetUserToken() in UserService----
2022-11-30 06:37:05,825 [15] DEBUG LTCPro.ServiceLayer.Log4net - ---Executing GetSeventyTwoHourDetailsByfilter() in EMARController----
2022-11-30 06:37:05,825 [13] DEBUG LTCPro.ServiceLayer.Log4net - ---Executing GetPRNDetailsByfilter() in EMARController----
2022-11-30 06:37:05,858 [13] DEBUG LTCPro.ServiceLayer.Log4net - ---Executing GetPRNDetailsByfilter() in EmarService----
2022-11-30 06:37:05,858 [15] DEBUG LTCPro.ServiceLayer.Log4net - ---Executing GetSeventyTwoHourDetailsByfilter() in EmarService----
2022-11-30 06:37:05,860 [6] DEBUG LTCPro.ServiceLayer.Log4net - ---Executed Successfully OrderEndingSoonStatus() in OrdersController----
2022-11-30 06:37:06,001 [17] DEBUG LTCPro.ServiceLayer.Log4net - ---Executing GetUserToken() in UserService----
2022-11-30 06:37:06,299 [17] DEBUG LTCPro.ServiceLayer.Log4net - ---Executing GetOrdersGridData() in OrdersController----
2022-11-30 06:37:06,300 [17] DEBUG LTCPro.ServiceLayer.Log4net - ---Executing GetOrdersGridData() in OrdersService----
2022-11-30 06:37:06,341 [6] DEBUG LTCPro.ServiceLayer.Log4net - ---Executing GetUserToken() in UserService----
2022-11-30 06:37:06,360 [6] DEBUG LTCPro.ServiceLayer.Log4net - ---Executing OrderEndingSoonStatus() in OrdersController----
2022-11-30 06:37:06,360 [6] DEBUG LTCPro.ServiceLayer.Log4net - ---Executing OrderEndingSoonStatus() in OrdersService----
2022-11-30 06:37:06,383 [6] DEBUG LTCPro.ServiceLayer.Log4net - ---Executed Successfully OrderEndingSoonStatus() in OrdersController----
2022-11-30 06:37:06,385 [7] DEBUG LTCPro.ServiceLayer.Log4net - ---Executing GetUserToken() in UserService----
2022-11-30 06:37:06,392 [7] DEBUG LTCPro.ServiceLayer.Log4net - ---Executing GetCompanyToBedFlagByFacId() in FacilityController----
2022-11-30 06:37:06,393 [7] DEBUG LTCPro.ServiceLayer.Log4net - ---Executing GetCompanyToBedFlagByFacId() in FacilityService----
2022-11-30 06:37:06,543 [17] DEBUG LTCPro.ServiceLayer.Log4net - ---Executed Successfully GetOrdersGridData() in OrdersController----
2022-11-30 06:37:06,578 [13] DEBUG LTCPro.ServiceLayer.Log4net - ---Executed Successfully GetPRNDetailsByfilter() in EMARController----
2022-11-30 06:37:06,612 [6] DEBUG LTCPro.ServiceLayer.Log4net - ---Executing GetUserToken() in UserService----
2022-11-30 06:37:06,626 [6] DEBUG LTCPro.ServiceLayer.Log4net - ---Executing GetOrdersEndingSoon() in OrdersController----
2022-11-30 06:37:06,627 [6] DEBUG LTCPro.ServiceLayer.Log4net - ---Executing GetOrdersEndingSoon() in OrdersService----
2022-11-30 06:37:06,743 [7] DEBUG LTCPro.ServiceLayer.Log4net - ---Executed Successfully GetCompanyToBedFlagByFacId() in FacilityController----
2022-11-30 06:37:06,750 [15] DEBUG LTCPro.ServiceLayer.Log4net - ---Executed Successfully GetSeventyTwoHourDetailsByfilter() in EMARController----
2022-11-30 06:37:06,882 [6] DEBUG LTCPro.ServiceLayer.Log4net - ---Executed Successfully GetOrdersEndingSoon() in OrdersController----
2022-11-30 06:37:06,926 [7] DEBUG LTCPro.ServiceLayer.Log4net - ---Executing GetUserToken() in UserService----
2022-11-30 06:37:06,973 [7] DEBUG LTCPro.ServiceLayer.Log4net - ---Executing GetNurseStationHierarchyDetailsbyNsId() in CompanyController----
2022-11-30 06:37:07,038 [7] DEBUG LTCPro.ServiceLayer.Log4net - ---Executing GetNurseStationHierarchyDetailsbyNsId() in CompanyService----
2022-11-30 06:37:07,045 [17] DEBUG LTCPro.ServiceLayer.Log4net - ---Executing GetUserToken() in UserService----
2022-11-30 06:37:07,051 [17] DEBUG LTCPro.ServiceLayer.Log4net - ---Executing GetPendingOrdersGridData() in OrdersController----
2022-11-30 06:37:07,052 [17] DEBUG LTCPro.ServiceLayer.Log4net - ---Executing GetPendingOrdersGridData() in OrdersService----
2022-11-30 06:37:07,100 [17] DEBUG LTCPro.ServiceLayer.Log4net - ---Executed Successfully GetPendingOrdersGridData() in OrdersController----
2022-11-30 06:37:07,111 [7] DEBUG LTCPro.ServiceLayer.Log4net - ---Executed Successfully GetNurseStationHierarchyDetailsbyNsId() in CompanyController----
2022-11-30 06:37:10,788 [13] DEBUG LTCPro.ServiceLayer.Log4net - ---Executing GetUserToken() in UserService----
2022-11-30 06:37:10,794 [13] DEBUG LTCPro.ServiceLayer.Log4net - ---Executing GetCompanyToBedFlagByFacId() in FacilityController----
2022-11-30 06:37:10,794 [13] DEBUG LTCPro.ServiceLayer.Log4net - ---Executing GetCompanyToBedFlagByFacId() in FacilityService----
2022-11-30 06:37:10,806 [13] DEBUG LTCPro.ServiceLayer.Log4net - ---Executed Successfully GetCompanyToBedFlagByFacId() in FacilityController----
2022-11-30 06:37:10,854 [13] DEBUG LTCPro.ServiceLayer.Log4net - ---Executing GetUserToken() in UserService----
2022-11-30 06:37:10,855 [12] DEBUG LTCPro.ServiceLayer.Log4net - ---Executing GetUserToken() in UserService----
2022-11-30 06:37:10,861 [13] DEBUG LTCPro.ServiceLayer.Log4net - ---Executing GetPRNDetailsByfilter() in EMARController----
2022-11-30 06:37:10,861 [13] DEBUG LTCPro.ServiceLayer.Log4net - ---Executing GetPRNDetailsByfilter() in EmarService----
2022-11-30 06:37:10,861 [12] DEBUG LTCPro.ServiceLayer.Log4net - ---Executing GetSeventyTwoHourDetailsByfilter() in EMARController----
2022-11-30 06:37:10,861 [12] DEBUG LTCPro.ServiceLayer.Log4net - ---Executing GetSeventyTwoHourDetailsByfilter() in EmarService----
2022-11-30 06:37:10,904 [15] DEBUG LTCPro.ServiceLayer.Log4net - ---Executing GetUserToken() in UserService----
2022-11-30 06:37:10,909 [15] DEBUG LTCPro.ServiceLayer.Log4net - ---Executing GetNurseStationHierarchyDetailsbyNsId() in CompanyController----
2022-11-30 06:37:10,909 [15] DEBUG LTCPro.ServiceLayer.Log4net - ---Executing GetNurseStationHierarchyDetailsbyNsId() in CompanyService----
2022-11-30 06:37:10,917 [15] DEBUG LTCPro.ServiceLayer.Log4net - ---Executed Successfully GetNurseStationHierarchyDetailsbyNsId() in CompanyController----
2022-11-30 06:37:11,032 [7] DEBUG LTCPro.ServiceLayer.Log4net - ---Executing GetUserToken() in UserService----
2022-11-30 06:37:11,044 [7] DEBUG LTCPro.ServiceLayer.Log4net - ---Executing GetOrdersGridData() in OrdersController----
2022-11-30 06:37:11,044 [7] DEBUG LTCPro.ServiceLayer.Log4net - ---Executing GetOrdersGridData() in OrdersService----
2022-11-30 06:37:11,171 [6] DEBUG LTCPro.ServiceLayer.Log4net - ---Executing GetUserToken() in UserService----
2022-11-30 06:37:11,175 [7] DEBUG LTCPro.ServiceLayer.Log4net - ---Executed Successfully GetOrdersGridData() in OrdersController----
2022-11-30 06:37:11,178 [6] DEBUG LTCPro.ServiceLayer.Log4net - ---Executing GetOrdersEndingSoon() in OrdersController----
2022-11-30 06:37:11,179 [6] DEBUG LTCPro.ServiceLayer.Log4net - ---Executing GetOrdersEndingSoon() in OrdersService----
2022-11-30 06:37:11,238 [6] DEBUG LTCPro.ServiceLayer.Log4net - ---Executed Successfully GetOrdersEndingSoon() in OrdersController----
2022-11-30 06:37:11,336 [13] DEBUG LTCPro.ServiceLayer.Log4net - ---Executed Successfully GetPRNDetailsByfilter() in EMARController----
2022-11-30 06:37:11,401 [12] DEBUG LTCPro.ServiceLayer.Log4net - ---Executed Successfully GetSeventyTwoHourDetailsByfilter() in EMARController----
2022-11-30 06:37:11,415 [14] DEBUG LTCPro.ServiceLayer.Log4net - ---Executing GetUserToken() in UserService----
2022-11-30 06:37:11,422 [14] DEBUG LTCPro.ServiceLayer.Log4net - ---Executing GetPendingOrdersGridData() in OrdersController----
2022-11-30 06:37:11,422 [14] DEBUG LTCPro.ServiceLayer.Log4net - ---Executing GetPendingOrdersGridData() in OrdersService----
2022-11-30 06:37:11,477 [14] DEBUG LTCPro.ServiceLayer.Log4net - ---Executed Successfully GetPendingOrdersGridData() in OrdersController----
2022-11-30 06:37:23,628 [15] DEBUG LTCPro.ServiceLayer.Log4net - ---Executing GetUserToken() in UserService----
2022-11-30 06:37:23,634 [15] DEBUG LTCPro.ServiceLayer.Log4net - ---Executing GetUserRecentFacNs() in UserController----
2022-11-30 06:37:23,634 [15] DEBUG LTCPro.ServiceLayer.Log4net - ---Executing GetUserRecentFacNs() in UserService----
2022-11-30 06:37:23,644 [15] DEBUG LTCPro.ServiceLayer.Log4net - ---Executed Successfully GetUserRecentFacNs() in UserController----
2022-11-30 06:37:23,696 [7] DEBUG LTCPro.ServiceLayer.Log4net - ---Executing GetUserToken() in UserService----
2022-11-30 06:37:23,702 [7] DEBUG LTCPro.ServiceLayer.Log4net - ---Executing GetUserAccessFacilityNurseStaions() in FacilityController----
2022-11-30 06:37:23,702 [7] DEBUG LTCPro.ServiceLayer.Log4net - ---Executing GetUserAccessFacilityNurseStaions() in FacilityService----
2022-11-30 06:37:23,717 [7] DEBUG LTCPro.ServiceLayer.Log4net - ---Executed Successfully GetUserAccessFacilityNurseStaions() in FacilityController----
2022-11-30 06:37:23,786 [7] DEBUG LTCPro.ServiceLayer.Log4net - ---Executing GetUserToken() in UserService----
2022-11-30 06:37:23,791 [7] DEBUG LTCPro.ServiceLayer.Log4net - ---Executing UserNurseStationDrop() in FacilityController----
2022-11-30 06:37:23,791 [7] DEBUG LTCPro.ServiceLayer.Log4net - ---Executing UserNurseStationDrop() in FacilityService----
2022-11-30 06:37:23,798 [7] DEBUG LTCPro.ServiceLayer.Log4net - ---Executed Successfully UserNurseStationDrop() in FacilityController----
2022-11-30 06:37:23,918 [12] DEBUG LTCPro.ServiceLayer.Log4net - ---Executing GetUserToken() in UserService----
2022-11-30 06:37:23,924 [12] DEBUG LTCPro.ServiceLayer.Log4net - ---Executing GpiList() in FacilityController----
2022-11-30 06:37:23,924 [12] DEBUG LTCPro.ServiceLayer.Log4net - ---Executing UserNurseStationDrop() in FacilityService----
2022-11-30 06:37:23,931 [12] DEBUG LTCPro.ServiceLayer.Log4net - ---Executed Successfully GpiList() in FacilityController----
2022-11-30 06:37:23,947 [17] DEBUG LTCPro.ServiceLayer.Log4net - ---Executing GetUserToken() in UserService----
2022-11-30 06:37:24,024 [17] DEBUG LTCPro.ServiceLayer.Log4net - ---Executing GetResidentnamesmarReport() in ReportsController----
2022-11-30 06:37:24,088 [17] DEBUG LTCPro.ServiceLayer.Log4net - ---Executing GetResidentnamesmarReport() in ReportService----
2022-11-30 06:37:24,198 [13] DEBUG LTCPro.ServiceLayer.Log4net - ---Executing GetUserToken() in UserService----
2022-11-30 06:37:24,294 [12] DEBUG LTCPro.ServiceLayer.Log4net - ---Executing GetUserToken() in UserService----
2022-11-30 06:37:24,304 [12] DEBUG LTCPro.ServiceLayer.Log4net - ---Executing GetTherapeuticaltwo() in ReportsController----
2022-11-30 06:37:24,304 [12] DEBUG LTCPro.ServiceLayer.Log4net - ---Executing GetTherapeuticaltwoReport() in ReportsService----
2022-11-30 06:37:24,387 [12] DEBUG LTCPro.ServiceLayer.Log4net - ---Executing GetTherapeuticaltwoReport() in ReportsService----
2022-11-30 06:37:26,644 [17] DEBUG LTCPro.ServiceLayer.Log4net - ---Executing GetUserToken() in UserService----
2022-11-30 06:37:26,650 [17] DEBUG LTCPro.ServiceLayer.Log4net - ---Executing GpiList() in FacilityController----
2022-11-30 06:37:26,650 [17] DEBUG LTCPro.ServiceLayer.Log4net - ---Executing UserNurseStationDrop() in FacilityService----
2022-11-30 06:37:26,655 [17] DEBUG LTCPro.ServiceLayer.Log4net - ---Executed Successfully GpiList() in FacilityController----
2022-11-30 06:37:34,626 [13] DEBUG LTCPro.ServiceLayer.Log4net - ---Executing GetUserToken() in UserService----
2022-11-30 06:37:34,632 [13] DEBUG LTCPro.ServiceLayer.Log4net - ---Executing GetTherapeuticaltwo() in ReportsController----
2022-11-30 06:37:34,632 [13] DEBUG LTCPro.ServiceLayer.Log4net - ---Executing GetTherapeuticaltwoReport() in ReportsService----
2022-11-30 06:37:39,754 [13] DEBUG LTCPro.ServiceLayer.Log4net - ---Executing GetTherapeuticaltwoReport() in ReportsService----
2022-11-30 06:38:13,503 [13] DEBUG LTCPro.ServiceLayer.Log4net - ---Executing GetUserToken() in UserService----
2022-11-30 06:38:15,019 [13] DEBUG LTCPro.ServiceLayer.Log4net - ---Executing GetMARHoledetails() in ReportsController----
2022-11-30 06:38:15,019 [13] DEBUG LTCPro.ServiceLayer.Log4net - ---Executing GetTherapeuticaltwoReport() in ReportsService----
2022-11-30 06:38:20,025 [13] DEBUG LTCPro.ServiceLayer.Log4net - ---Executing GetTherapeuticaltwoReport() in ReportsService----
2022-11-30 06:38:20,058 [13] DEBUG LTCPro.ServiceLayer.Log4net - ---Executing GetEmarlogo() in ReportsService----
2022-11-30 06:38:20,068 [13] DEBUG LTCPro.ServiceLayer.Log4net - ---Executing GetFacilitylogo() in ReportsService----
2022-11-30 06:38:23,498 [13] DEBUG LTCPro.ServiceLayer.Log4net - ---Executing GetTherapeuticalResidentdetails() successfully in ReportsController----
2022-11-30 08:46:19,541 [67] DEBUG LTCPro.ServiceLayer.Log4net - ---Executing LogoutUser() in UserController----
2022-11-30 08:46:19,542 [67] DEBUG LTCPro.ServiceLayer.Log4net - ---Executing LogoutUser() in UserService----
2022-11-30 08:46:20,547 [67] ERROR LTCPro.ServiceLayer.Log4net - ===================================
2022-11-30 08:46:20,668 [67] ERROR LTCPro.ServiceLayer.Log4net -  Source : = mscorlib
2022-11-30 08:46:20,699 [67] ERROR LTCPro.ServiceLayer.Log4net -  Stack Trace : =    at System.Threading.Tasks.Task.ThrowIfExceptional(Boolean includeTaskCanceledExceptions)
   at System.Threading.Tasks.Task`1.GetResultCore(Boolean waitCompletionNotification)
   at System.Threading.Tasks.Task`1.get_Result()
   at WebApi.Controllers.UserController.LogoutUser(Int32 userId) in D:\old system Data 04042021\Emar Service Latest 1\WebApi\Controllers\UserController.cs:line 79
   at lambda_method(Closure , Object , Object[] )
   at System.Web.Http.Controllers.ReflectedHttpActionDescriptor.ActionExecutor.<>c__DisplayClass6_1.<GetExecutor>b__3(Object instance, Object[] methodParameters)
   at System.Web.Http.Controllers.ReflectedHttpActionDescriptor.ActionExecutor.Execute(Object instance, Object[] arguments)
   at System.Web.Http.Controllers.ReflectedHttpActionDescriptor.ExecuteAsync(HttpControllerContext controllerContext, IDictionary`2 arguments, CancellationToken cancellationToken)
--- End of stack trace from previous location where exception was thrown ---
   at System.Runtime.CompilerServices.TaskAwaiter.ThrowForNonSuccess(Task task)
   at System.Runtime.CompilerServices.TaskAwaiter.HandleNonSuccessAndDebuggerNotification(Task task)
   at System.Web.Http.Controllers.ApiControllerActionInvoker.<InvokeActionAsyncCore>d__1.MoveNext()
--- End of stack trace from previous location where exception was thrown ---
   at System.Runtime.CompilerServices.TaskAwaiter.ThrowForNonSuccess(Task task)
   at System.Runtime.CompilerServices.TaskAwaiter.HandleNonSuccessAndDebuggerNotification(Task task)
   at System.Web.Http.Controllers.ActionFilterResult.<ExecuteAsync>d__5.MoveNext()
--- End of stack trace from previous location where exception was thrown ---
   at System.Runtime.CompilerServices.TaskAwaiter.ThrowForNonSuccess(Task task)
   at System.Runtime.CompilerServices.TaskAwaiter.HandleNonSuccessAndDebuggerNotification(Task task)
   at System.Web.Http.Filters.AuthorizationFilterAttribute.<ExecuteAuthorizationFilterAsyncCore>d__3.MoveNext()
--- End of stack trace from previous location where exception was thrown ---
   at System.Runtime.CompilerServices.TaskAwaiter.ThrowForNonSuccess(Task task)
   at System.Runtime.CompilerServices.TaskAwaiter.HandleNonSuccessAndDebuggerNotification(Task task)
   at System.Web.Http.Controllers.ExceptionFilterResult.<ExecuteAsync>d__6.MoveNext()
2022-11-30 08:46:20,699 [67] ERROR LTCPro.ServiceLayer.Log4net -  Exception Message : = One or more errors occurred.
2022-11-30 08:46:20,699 [67] ERROR LTCPro.ServiceLayer.Log4net - ============= Inner Exception  Stack Trace  ===========
2022-11-30 08:46:20,791 [67] ERROR LTCPro.ServiceLayer.Log4net -  Inner Exception  Stack Trace : =    at System.Data.Entity.Internal.InternalContext.SaveChanges()
   at System.Data.Entity.Internal.LazyInternalContext.SaveChanges()
   at System.Data.Entity.DbContext.SaveChanges()
   at LTCPro.Repositories.UserActivityRepository.InsertUserActivityDetails(UserActivityDetailEntity entity) in D:\old system Data 04042021\Emar Service Latest 1\Repositories\Repositories\UserActivityRepository.cs:line 53
   at LTCPro.Repositories.UserRepository.LogoutUser(Int32 userId) in D:\old system Data 04042021\Emar Service Latest 1\Repositories\Repositories\UserRepository.cs:line 479
   at LTCPro.ServiceLayer.UserService.<LogoutUser>d__13.MoveNext() in D:\old system Data 04042021\Emar Service Latest 1\BusinessLayer\Services\UserService.cs:line 76
2022-11-30 08:46:20,791 [67] ERROR LTCPro.ServiceLayer.Log4net - ============= Inner Exception  Stack Trace End  ===========
2022-11-30 08:46:20,791 [67] ERROR LTCPro.ServiceLayer.Log4net - ============= Inner Exception  Message  ===========
2022-11-30 08:46:20,791 [67] ERROR LTCPro.ServiceLayer.Log4net -  Inner Exception Message : = An error occurred while updating the entries. See the inner exception for details.
2022-11-30 08:46:20,791 [67] ERROR LTCPro.ServiceLayer.Log4net - ============= Inner Exception  Message End  ===========
2022-11-30 08:46:23,629 [67] ERROR LTCPro.ServiceLayer.Log4net -  InnerException Message : = An error occurred while updating the entries. See the inner exception for details.
2022-11-30 08:46:23,629 [67] ERROR LTCPro.ServiceLayer.Log4net - ===================================
