2026-06-10 08:04:14,816 [6] DEBUG LTCPro.ServiceLayer.Log4net - ---Executing UsersConfigNurseStationDrop() in FacilityController----
2026-06-10 08:04:14,893 [6] DEBUG LTCPro.ServiceLayer.Log4net - ---Executing UsersConfigNurseStationDrop() in FacilityService----
2026-06-10 08:04:19,169 [6] DEBUG LTCPro.ServiceLayer.Log4net - ---Executed Successfully UsersConfigNurseStationDrop() in FacilityController----
2026-06-10 08:04:41,538 [7] DEBUG LTCPro.ServiceLayer.Log4net - ---Executing UsersConfigNurseStationDrop() in FacilityController----
2026-06-10 08:04:41,539 [7] DEBUG LTCPro.ServiceLayer.Log4net - ---Executing UsersConfigNurseStationDrop() in FacilityService----
2026-06-10 08:04:43,083 [7] DEBUG LTCPro.ServiceLayer.Log4net - ---Executed Successfully UsersConfigNurseStationDrop() in FacilityController----
2026-06-10 08:04:43,349 [6] DEBUG LTCPro.ServiceLayer.Log4net - ---Executing GetProcessKeyMasterList() in FacilityController----
2026-06-10 08:04:43,351 [6] DEBUG LTCPro.ServiceLayer.Log4net - ---Executing GetProcessKeyMasterList() in FacilityService----
2026-06-10 08:04:43,747 [6] DEBUG LTCPro.ServiceLayer.Log4net - ---Executed Successfully GetProcessKeyMasterList() in FacilityController----
2026-06-10 08:04:47,983 [6] DEBUG LTCPro.ServiceLayer.Log4net - ---Executing GetProcessKeyMasterList() in FacilityController----
2026-06-10 08:04:47,983 [6] DEBUG LTCPro.ServiceLayer.Log4net - ---Executing GetProcessKeyMasterList() in FacilityService----
2026-06-10 08:04:48,208 [6] DEBUG LTCPro.ServiceLayer.Log4net - ---Executed Successfully GetProcessKeyMasterList() in FacilityController----
2026-06-10 08:04:51,781 [7] DEBUG LTCPro.ServiceLayer.Log4net - ---Executing CheckUser() in UserService----
2026-06-10 08:04:54,534 [7] DEBUG LTCPro.ServiceLayer.Log4net - ---Executing FindUser() in UserService----
2026-06-10 08:04:55,002 [7] DEBUG LTCPro.ServiceLayer.Log4net - ---Executing InsertUserSession() in UserService----
2026-06-10 08:04:55,934 [7] DEBUG LTCPro.ServiceLayer.Log4net - ---Executing InsertUserToken() in UserService----
2026-06-10 08:04:57,218 [11] DEBUG LTCPro.ServiceLayer.Log4net - ---Executing GetScreenPermissionsForLoggedInUser() in RoleController----
2026-06-10 08:04:57,239 [11] DEBUG LTCPro.ServiceLayer.Log4net - ---Executing GetScreenPermissionsForLoggedInUser() in RoleService----
2026-06-10 08:04:57,242 [7] DEBUG LTCPro.ServiceLayer.Log4net - ---Executing InsertUpdateUserRecentFacNs() in UserController----
2026-06-10 08:04:57,259 [7] DEBUG LTCPro.ServiceLayer.Log4net - ---Executing GetUserRecentFacNs() in UserService----
2026-06-10 08:04:57,487 [11] DEBUG LTCPro.ServiceLayer.Log4net - ---Executed Successfully GetScreenPermissionsForLoggedInUser() in RoleController----
2026-06-10 08:04:58,109 [12] DEBUG LTCPro.ServiceLayer.Log4net - ---Executing GetUserToken() in UserService----
2026-06-10 08:04:58,110 [11] DEBUG LTCPro.ServiceLayer.Log4net - ---Executing GetUserToken() in UserService----
2026-06-10 08:04:58,114 [8] DEBUG LTCPro.ServiceLayer.Log4net - ---Executing GetUserToken() in UserService----
2026-06-10 08:04:58,115 [6] DEBUG LTCPro.ServiceLayer.Log4net - ---Executing GetUserToken() in UserService----
2026-06-10 08:04:58,383 [12] DEBUG LTCPro.ServiceLayer.Log4net - ---Executing GetReadMailsCount() in MailboxController----
2026-06-10 08:04:58,413 [12] DEBUG LTCPro.ServiceLayer.Log4net - ---Executing GetReadMailsCount() in MailboxService----
2026-06-10 08:04:58,616 [6] DEBUG LTCPro.ServiceLayer.Log4net - ---Executing GetDueMARAlertData() in EmarController----
2026-06-10 08:04:58,642 [6] DEBUG LTCPro.ServiceLayer.Log4net - ---Executing GetDueMARAlertData() in EmarService----
2026-06-10 08:04:58,815 [8] DEBUG LTCPro.ServiceLayer.Log4net - ---Executing GetUserPassedDueFlag() in UserController----
2026-06-10 08:04:58,816 [8] DEBUG LTCPro.ServiceLayer.Log4net - ---Executing GetUserPassedDueFlag() in UserService----
2026-06-10 08:04:58,844 [5] DEBUG LTCPro.ServiceLayer.Log4net - ---Executing GetUserToken() in UserService----
2026-06-10 08:04:58,991 [12] DEBUG LTCPro.ServiceLayer.Log4net - ---Executed successfully GetReadMailsCount() in MailboxController----
2026-06-10 08:04:59,020 [12] DEBUG LTCPro.ServiceLayer.Log4net - ---Executing GetUserToken() in UserService----
2026-06-10 08:04:59,269 [7] DEBUG LTCPro.ServiceLayer.Log4net - ---Executing InsertUpdateUserRecentFacNs() in CommonService----
2026-06-10 08:04:59,491 [8] DEBUG LTCPro.ServiceLayer.Log4net - ---Executed Successfully GetUserPassedDueFlag() in UserController----
2026-06-10 08:04:59,975 [5] DEBUG LTCPro.ServiceLayer.Log4net - ---Executing GetAlertsDetails() in MailboxController----
2026-06-10 08:04:59,994 [5] DEBUG LTCPro.ServiceLayer.Log4net - ---Executing GetAlertsDetails() in MailboxService----
2026-06-10 08:05:00,075 [11] DEBUG LTCPro.ServiceLayer.Log4net - ---Executing InsertUserActivityDetails() in CompanyController----
2026-06-10 08:05:00,076 [11] DEBUG LTCPro.ServiceLayer.Log4net - ---Executing InsertUserActivityDetails() in UserActivityService----
2026-06-10 08:05:00,104 [7] DEBUG LTCPro.ServiceLayer.Log4net - ---Executed Successfully InsertUpdateUserRecentFacNs() in UserController----
2026-06-10 08:05:00,120 [7] DEBUG LTCPro.ServiceLayer.Log4net - ---Executing GetUserToken() in UserService----
2026-06-10 08:05:00,798 [5] DEBUG LTCPro.ServiceLayer.Log4net - ---Executed successfully GetAlertsDetails() in MailboxController----
2026-06-10 08:05:00,811 [11] DEBUG LTCPro.ServiceLayer.Log4net - ---Executed Successfully InsertUserActivityDetails() in CompanyController----
2026-06-10 08:05:00,827 [11] DEBUG LTCPro.ServiceLayer.Log4net - ---Executing GetUserToken() in UserService----
2026-06-10 08:05:00,861 [5] DEBUG LTCPro.ServiceLayer.Log4net - ---Executing GetUserToken() in UserService----
2026-06-10 08:05:00,953 [6] DEBUG LTCPro.ServiceLayer.Log4net - ---Executed Successfully GetDueMARAlertData() in EmarController----
2026-06-10 08:05:01,030 [7] DEBUG LTCPro.ServiceLayer.Log4net - ---Executing GetPendingDosesList() in CommonController----
2026-06-10 08:05:01,030 [7] DEBUG LTCPro.ServiceLayer.Log4net - ---Executing GetPendingDosesList() in CommonService----
2026-06-10 08:05:01,051 [11] DEBUG LTCPro.ServiceLayer.Log4net - ---Executing GetUserRecentFacNs() in UserController----
2026-06-10 08:05:01,051 [11] DEBUG LTCPro.ServiceLayer.Log4net - ---Executing GetUserRecentFacNs() in UserService----
2026-06-10 08:05:01,086 [12] DEBUG LTCPro.ServiceLayer.Log4net - ---Executing GetOutboundErrorDetails() in CommonController----
2026-06-10 08:05:01,087 [12] DEBUG LTCPro.ServiceLayer.Log4net - ---Executing GetOutboundErrorDetails() in CommonService----
2026-06-10 08:05:01,495 [11] DEBUG LTCPro.ServiceLayer.Log4net - ---Executed Successfully GetUserRecentFacNs() in UserController----
2026-06-10 08:05:01,526 [6] DEBUG LTCPro.ServiceLayer.Log4net - ---Executing GetUserToken() in UserService----
2026-06-10 08:05:01,762 [6] DEBUG LTCPro.ServiceLayer.Log4net - ---Executing GetUserAccessFacilityNurseStaions() in FacilityController----
2026-06-10 08:05:01,762 [6] DEBUG LTCPro.ServiceLayer.Log4net - ---Executing GetUserAccessFacilityNurseStaions() in FacilityService----
2026-06-10 08:05:02,044 [5] DEBUG LTCPro.ServiceLayer.Log4net - ---Executing GetUserActiveCompanyMasterList() in CompanyController----
2026-06-10 08:05:02,046 [5] DEBUG LTCPro.ServiceLayer.Log4net - ---Executing GetActiveCompanyMasterList() in CompanyService----
2026-06-10 08:05:02,360 [6] DEBUG LTCPro.ServiceLayer.Log4net - ---Executed Successfully GetUserAccessFacilityNurseStaions() in FacilityController----
2026-06-10 08:05:03,270 [7] DEBUG LTCPro.ServiceLayer.Log4net - ---Executed Successfully GetPendingDosesList() in CommonController----
2026-06-10 08:05:04,061 [5] DEBUG LTCPro.ServiceLayer.Log4net - ---Executed Successfully GetUserActiveCompanyMasterList() in CompanyController----
2026-06-10 08:05:13,698 [12] DEBUG LTCPro.ServiceLayer.Log4net - ---Executed Successfully GetOutboundErrorDetails() in CommonController----
2026-06-10 08:05:38,506 [11] DEBUG LTCPro.ServiceLayer.Log4net - ---Executing GetUserToken() in UserService----
2026-06-10 08:05:38,531 [15] DEBUG LTCPro.ServiceLayer.Log4net - ---Executing GetUserToken() in UserService----
2026-06-10 08:05:38,763 [11] DEBUG LTCPro.ServiceLayer.Log4net - ---Executing GetUserRecentFacNs() in UserController----
2026-06-10 08:05:38,763 [11] DEBUG LTCPro.ServiceLayer.Log4net - ---Executing GetUserRecentFacNs() in UserService----
2026-06-10 08:05:38,764 [15] DEBUG LTCPro.ServiceLayer.Log4net - ---Executing InsertUserActivityDetails() in CompanyController----
2026-06-10 08:05:38,764 [15] DEBUG LTCPro.ServiceLayer.Log4net - ---Executing InsertUserActivityDetails() in UserActivityService----
2026-06-10 08:05:38,766 [6] DEBUG LTCPro.ServiceLayer.Log4net - ---Executing GetUserToken() in UserService----
2026-06-10 08:05:39,004 [6] DEBUG LTCPro.ServiceLayer.Log4net - ---Executing OrderEndingSoonStatus() in OrdersController----
2026-06-10 08:05:39,008 [6] DEBUG LTCPro.ServiceLayer.Log4net - ---Executing OrderEndingSoonStatus() in OrdersService----
2026-06-10 08:05:39,232 [11] DEBUG LTCPro.ServiceLayer.Log4net - ---Executed Successfully GetUserRecentFacNs() in UserController----
2026-06-10 08:05:39,392 [5] DEBUG LTCPro.ServiceLayer.Log4net - ---Executing GetUserToken() in UserService----
2026-06-10 08:05:39,527 [6] DEBUG LTCPro.ServiceLayer.Log4net - ---Executed Successfully OrderEndingSoonStatus() in OrdersController----
2026-06-10 08:05:39,550 [15] DEBUG LTCPro.ServiceLayer.Log4net - ---Executed Successfully InsertUserActivityDetails() in CompanyController----
2026-06-10 08:05:39,625 [5] DEBUG LTCPro.ServiceLayer.Log4net - ---Executing GetUserAccessFacilityNurseStaions() in FacilityController----
2026-06-10 08:05:39,625 [5] DEBUG LTCPro.ServiceLayer.Log4net - ---Executing GetUserAccessFacilityNurseStaions() in FacilityService----
2026-06-10 08:05:40,072 [5] DEBUG LTCPro.ServiceLayer.Log4net - ---Executed Successfully GetUserAccessFacilityNurseStaions() in FacilityController----
2026-06-10 08:05:40,101 [16] DEBUG LTCPro.ServiceLayer.Log4net - ---Executing GetUserToken() in UserService----
2026-06-10 08:05:40,329 [16] DEBUG LTCPro.ServiceLayer.Log4net - ---Executing UserNurseStationDrop() in FacilityController----
2026-06-10 08:05:40,330 [16] DEBUG LTCPro.ServiceLayer.Log4net - ---Executing UserNurseStationDrop() in FacilityService----
2026-06-10 08:05:40,563 [16] DEBUG LTCPro.ServiceLayer.Log4net - ---Executed Successfully UserNurseStationDrop() in FacilityController----
2026-06-10 08:05:40,630 [7] DEBUG LTCPro.ServiceLayer.Log4net - ---Executing GetUserToken() in UserService----
2026-06-10 08:05:40,643 [5] DEBUG LTCPro.ServiceLayer.Log4net - ---Executing GetUserToken() in UserService----
2026-06-10 08:05:40,694 [15] DEBUG LTCPro.ServiceLayer.Log4net - ---Executing GetUserToken() in UserService----
2026-06-10 08:05:40,936 [14] DEBUG LTCPro.ServiceLayer.Log4net - ---Executing GetUserToken() in UserService----
2026-06-10 08:05:40,981 [5] DEBUG LTCPro.ServiceLayer.Log4net - ---Executing GetCompanyToBedFlagByFacId() in FacilityController----
2026-06-10 08:05:40,982 [5] DEBUG LTCPro.ServiceLayer.Log4net - ---Executing GetCompanyToBedFlagByFacId() in FacilityService----
2026-06-10 08:05:41,054 [11] DEBUG LTCPro.ServiceLayer.Log4net - ---Executing GetUserToken() in UserService----
2026-06-10 08:05:41,069 [7] DEBUG LTCPro.ServiceLayer.Log4net - ---Executing GetPRNDetailsByfilter() in EMARController----
2026-06-10 08:05:41,069 [15] DEBUG LTCPro.ServiceLayer.Log4net - ---Executing GetSeventyTwoHourDetailsByfilter() in EMARController----
2026-06-10 08:05:41,070 [16] DEBUG LTCPro.ServiceLayer.Log4net - ---Executing GetUserToken() in UserService----
2026-06-10 08:05:41,102 [15] DEBUG LTCPro.ServiceLayer.Log4net - ---Executing GetSeventyTwoHourDetailsByfilter() in EmarService----
2026-06-10 08:05:41,102 [7] DEBUG LTCPro.ServiceLayer.Log4net - ---Executing GetPRNDetailsByfilter() in EmarService----
2026-06-10 08:05:41,167 [14] DEBUG LTCPro.ServiceLayer.Log4net - ---Executing OrderEndingSoonStatus() in OrdersController----
2026-06-10 08:05:41,167 [14] DEBUG LTCPro.ServiceLayer.Log4net - ---Executing OrderEndingSoonStatus() in OrdersService----
2026-06-10 08:05:41,278 [11] DEBUG LTCPro.ServiceLayer.Log4net - ---Executing GetOrdersEndingSoon() in OrdersController----
2026-06-10 08:05:41,279 [11] DEBUG LTCPro.ServiceLayer.Log4net - ---Executing GetOrdersEndingSoon() in OrdersService----
2026-06-10 08:05:41,353 [16] DEBUG LTCPro.ServiceLayer.Log4net - ---Executing GetOrdersGridData() in OrdersController----
2026-06-10 08:05:41,354 [16] DEBUG LTCPro.ServiceLayer.Log4net - ---Executing GetOrdersGridData() in OrdersService----
2026-06-10 08:05:41,685 [14] DEBUG LTCPro.ServiceLayer.Log4net - ---Executed Successfully OrderEndingSoonStatus() in OrdersController----
2026-06-10 08:05:41,966 [11] DEBUG LTCPro.ServiceLayer.Log4net - ---Executed Successfully GetOrdersEndingSoon() in OrdersController----
2026-06-10 08:05:43,247 [5] DEBUG LTCPro.ServiceLayer.Log4net - ---Executed Successfully GetCompanyToBedFlagByFacId() in FacilityController----
2026-06-10 08:05:43,323 [6] DEBUG LTCPro.ServiceLayer.Log4net - ---Executing GetUserToken() in UserService----
2026-06-10 08:05:43,547 [6] DEBUG LTCPro.ServiceLayer.Log4net - ---Executing GetNurseStationHierarchyDetailsbyNsId() in CompanyController----
2026-06-10 08:05:43,547 [6] DEBUG LTCPro.ServiceLayer.Log4net - ---Executing GetNurseStationHierarchyDetailsbyNsId() in CompanyService----
2026-06-10 08:05:43,815 [6] DEBUG LTCPro.ServiceLayer.Log4net - ---Executed Successfully GetNurseStationHierarchyDetailsbyNsId() in CompanyController----
2026-06-10 08:05:44,212 [16] DEBUG LTCPro.ServiceLayer.Log4net - ---Executed Successfully GetOrdersGridData() in OrdersController----
2026-06-10 08:05:44,605 [5] DEBUG LTCPro.ServiceLayer.Log4net - ---Executing GetUserToken() in UserService----
2026-06-10 08:05:44,853 [5] DEBUG LTCPro.ServiceLayer.Log4net - ---Executing GetPendingOrdersGridData() in OrdersController----
2026-06-10 08:05:44,873 [5] DEBUG LTCPro.ServiceLayer.Log4net - ---Executing GetPendingOrdersGridData() in OrdersService----
2026-06-10 08:05:46,781 [14] DEBUG LTCPro.ServiceLayer.Log4net - ---Executing GetUserToken() in UserService----
2026-06-10 08:05:46,788 [11] DEBUG LTCPro.ServiceLayer.Log4net - ---Executing GetUserToken() in UserService----
2026-06-10 08:05:47,010 [11] DEBUG LTCPro.ServiceLayer.Log4net - ---Executing GetUserRecentFacNs() in UserController----
2026-06-10 08:05:47,010 [11] DEBUG LTCPro.ServiceLayer.Log4net - ---Executing GetUserRecentFacNs() in UserService----
2026-06-10 08:05:47,011 [14] DEBUG LTCPro.ServiceLayer.Log4net - ---Executing InsertUserActivityDetails() in CompanyController----
2026-06-10 08:05:47,011 [14] DEBUG LTCPro.ServiceLayer.Log4net - ---Executing InsertUserActivityDetails() in UserActivityService----
2026-06-10 08:05:47,459 [11] DEBUG LTCPro.ServiceLayer.Log4net - ---Executed Successfully GetUserRecentFacNs() in UserController----
2026-06-10 08:05:47,551 [5] DEBUG LTCPro.ServiceLayer.Log4net - ---Executed Successfully GetPendingOrdersGridData() in OrdersController----
2026-06-10 08:05:47,644 [16] DEBUG LTCPro.ServiceLayer.Log4net - ---Executing GetUserToken() in UserService----
2026-06-10 08:05:47,656 [5] DEBUG LTCPro.ServiceLayer.Log4net - ---Executing GetUserToken() in UserService----
2026-06-10 08:05:47,683 [14] DEBUG LTCPro.ServiceLayer.Log4net - ---Executed Successfully InsertUserActivityDetails() in CompanyController----
2026-06-10 08:05:47,880 [16] DEBUG LTCPro.ServiceLayer.Log4net - ---Executing GetUserAccessFacilityNurseStaions() in FacilityController----
2026-06-10 08:05:47,881 [16] DEBUG LTCPro.ServiceLayer.Log4net - ---Executing GetUserAccessFacilityNurseStaions() in FacilityService----
2026-06-10 08:05:47,883 [5] DEBUG LTCPro.ServiceLayer.Log4net - ---Executing UnionBarcodeDetails() in CheckInPharmacyMedsController----
2026-06-10 08:05:47,904 [5] DEBUG LTCPro.ServiceLayer.Log4net - ---Executing UnionBarcodeDetails() in CheckInPharmacyMedsService----
2026-06-10 08:05:48,341 [16] DEBUG LTCPro.ServiceLayer.Log4net - ---Executed Successfully GetUserAccessFacilityNurseStaions() in FacilityController----
2026-06-10 08:05:48,417 [16] DEBUG LTCPro.ServiceLayer.Log4net - ---Executing GetUserToken() in UserService----
2026-06-10 08:05:48,695 [16] DEBUG LTCPro.ServiceLayer.Log4net - ---Executing UserNurseStationDrop() in FacilityController----
2026-06-10 08:05:48,695 [16] DEBUG LTCPro.ServiceLayer.Log4net - ---Executing UserNurseStationDrop() in FacilityService----
2026-06-10 08:05:48,919 [16] DEBUG LTCPro.ServiceLayer.Log4net - ---Executed Successfully UserNurseStationDrop() in FacilityController----
2026-06-10 08:05:49,326 [14] DEBUG LTCPro.ServiceLayer.Log4net - ---Executing GetUserToken() in UserService----
2026-06-10 08:05:49,555 [14] DEBUG LTCPro.ServiceLayer.Log4net - ---Executing GetEkitGridDetails() in CheckInPharmacyMedsController----
2026-06-10 08:05:49,557 [14] DEBUG LTCPro.ServiceLayer.Log4net - ---Executing GetEkitGridDetails() in CheckInPharmacyMedsService----
2026-06-10 08:05:50,283 [5] DEBUG LTCPro.ServiceLayer.Log4net - ---Executed Successfully UnionBarcodeDetails() in CheckInPharmacyMedsController----
2026-06-10 08:05:51,051 [14] DEBUG LTCPro.ServiceLayer.Log4net - ---Executed Successfully GetEkitGridDetails() in CheckInPharmacyMedsController----
2026-06-10 08:05:57,816 [5] DEBUG LTCPro.ServiceLayer.Log4net - ---Executing GetUserToken() in UserService----
2026-06-10 08:05:57,828 [14] DEBUG LTCPro.ServiceLayer.Log4net - ---Executing GetUserToken() in UserService----
2026-06-10 08:05:58,046 [5] DEBUG LTCPro.ServiceLayer.Log4net - ---Executing UserNurseStationDrop() in FacilityController----
2026-06-10 08:05:58,046 [5] DEBUG LTCPro.ServiceLayer.Log4net - ---Executing UserNurseStationDrop() in FacilityService----
2026-06-10 08:05:58,070 [14] DEBUG LTCPro.ServiceLayer.Log4net - ---Executing GetEkitGridDetails() in CheckInPharmacyMedsController----
2026-06-10 08:05:58,070 [14] DEBUG LTCPro.ServiceLayer.Log4net - ---Executing GetEkitGridDetails() in CheckInPharmacyMedsService----
2026-06-10 08:05:58,279 [5] DEBUG LTCPro.ServiceLayer.Log4net - ---Executed Successfully UserNurseStationDrop() in FacilityController----
2026-06-10 08:05:58,337 [14] DEBUG LTCPro.ServiceLayer.Log4net - ---Executed Successfully GetEkitGridDetails() in CheckInPharmacyMedsController----
2026-06-10 08:05:58,687 [5] DEBUG LTCPro.ServiceLayer.Log4net - ---Executing GetUserToken() in UserService----
2026-06-10 08:05:58,938 [5] DEBUG LTCPro.ServiceLayer.Log4net - ---Executing GetEkitGridDetails() in CheckInPharmacyMedsController----
2026-06-10 08:05:58,939 [5] DEBUG LTCPro.ServiceLayer.Log4net - ---Executing GetEkitGridDetails() in CheckInPharmacyMedsService----
2026-06-10 08:05:59,179 [5] DEBUG LTCPro.ServiceLayer.Log4net - ---Executed Successfully GetEkitGridDetails() in CheckInPharmacyMedsController----
2026-06-10 08:06:01,862 [7] DEBUG LTCPro.ServiceLayer.Log4net - ---Executed Successfully GetPRNDetailsByfilter() in EMARController----
2026-06-10 08:06:02,513 [15] DEBUG LTCPro.ServiceLayer.Log4net - ---Executed Successfully GetSeventyTwoHourDetailsByfilter() in EMARController----
2026-06-10 08:06:52,024 [11] DEBUG LTCPro.ServiceLayer.Log4net - ---Executing UsersConfigNurseStationDrop() in FacilityController----
2026-06-10 08:06:52,024 [11] DEBUG LTCPro.ServiceLayer.Log4net - ---Executing UsersConfigNurseStationDrop() in FacilityService----
2026-06-10 08:06:52,249 [11] DEBUG LTCPro.ServiceLayer.Log4net - ---Executed Successfully UsersConfigNurseStationDrop() in FacilityController----
2026-06-10 08:07:08,422 [11] DEBUG LTCPro.ServiceLayer.Log4net - ---Executing UsersConfigNurseStationDrop() in FacilityController----
2026-06-10 08:07:08,422 [11] DEBUG LTCPro.ServiceLayer.Log4net - ---Executing UsersConfigNurseStationDrop() in FacilityService----
2026-06-10 08:07:08,871 [11] DEBUG LTCPro.ServiceLayer.Log4net - ---Executed Successfully UsersConfigNurseStationDrop() in FacilityController----
2026-06-10 08:07:09,007 [15] DEBUG LTCPro.ServiceLayer.Log4net - ---Executing GetProcessKeyMasterList() in FacilityController----
2026-06-10 08:07:09,008 [15] DEBUG LTCPro.ServiceLayer.Log4net - ---Executing GetProcessKeyMasterList() in FacilityService----
2026-06-10 08:07:09,235 [15] DEBUG LTCPro.ServiceLayer.Log4net - ---Executed Successfully GetProcessKeyMasterList() in FacilityController----
2026-06-10 08:07:12,019 [5] DEBUG LTCPro.ServiceLayer.Log4net - ---Executing GetProcessKeyMasterList() in FacilityController----
2026-06-10 08:07:12,020 [5] DEBUG LTCPro.ServiceLayer.Log4net - ---Executing GetProcessKeyMasterList() in FacilityService----
2026-06-10 08:07:12,243 [5] DEBUG LTCPro.ServiceLayer.Log4net - ---Executed Successfully GetProcessKeyMasterList() in FacilityController----
2026-06-10 08:07:13,774 [11] DEBUG LTCPro.ServiceLayer.Log4net - ---Executing CheckUser() in UserService----
2026-06-10 08:07:15,995 [11] DEBUG LTCPro.ServiceLayer.Log4net - ---Executing FindUser() in UserService----
2026-06-10 08:07:16,222 [11] DEBUG LTCPro.ServiceLayer.Log4net - ---Executing InsertUserSession() in UserService----
2026-06-10 08:07:16,949 [11] DEBUG LTCPro.ServiceLayer.Log4net - ---Executing InsertUserToken() in UserService----
2026-06-10 08:07:17,873 [5] DEBUG LTCPro.ServiceLayer.Log4net - ---Executing InsertUpdateUserRecentFacNs() in UserController----
2026-06-10 08:07:17,873 [5] DEBUG LTCPro.ServiceLayer.Log4net - ---Executing GetUserRecentFacNs() in UserService----
2026-06-10 08:07:17,919 [15] DEBUG LTCPro.ServiceLayer.Log4net - ---Executing GetScreenPermissionsForLoggedInUser() in RoleController----
2026-06-10 08:07:17,919 [15] DEBUG LTCPro.ServiceLayer.Log4net - ---Executing GetScreenPermissionsForLoggedInUser() in RoleService----
2026-06-10 08:07:18,143 [15] DEBUG LTCPro.ServiceLayer.Log4net - ---Executed Successfully GetScreenPermissionsForLoggedInUser() in RoleController----
2026-06-10 08:07:18,353 [5] DEBUG LTCPro.ServiceLayer.Log4net - ---Executing InsertUpdateUserRecentFacNs() in CommonService----
2026-06-10 08:07:18,402 [11] DEBUG LTCPro.ServiceLayer.Log4net - ---Executing GetUserToken() in UserService----
2026-06-10 08:07:18,507 [15] DEBUG LTCPro.ServiceLayer.Log4net - ---Executing GetUserToken() in UserService----
2026-06-10 08:07:18,513 [18] DEBUG LTCPro.ServiceLayer.Log4net - ---Executing GetUserToken() in UserService----
2026-06-10 08:07:18,513 [14] DEBUG LTCPro.ServiceLayer.Log4net - ---Executing GetUserToken() in UserService----
2026-06-10 08:07:18,518 [8] DEBUG LTCPro.ServiceLayer.Log4net - ---Executing GetUserToken() in UserService----
2026-06-10 08:07:18,625 [11] DEBUG LTCPro.ServiceLayer.Log4net - ---Executing GetDueMARAlertData() in EmarController----
2026-06-10 08:07:18,625 [11] DEBUG LTCPro.ServiceLayer.Log4net - ---Executing GetDueMARAlertData() in EmarService----
2026-06-10 08:07:18,732 [15] DEBUG LTCPro.ServiceLayer.Log4net - ---Executing GetReadMailsCount() in MailboxController----
2026-06-10 08:07:18,732 [15] DEBUG LTCPro.ServiceLayer.Log4net - ---Executing GetReadMailsCount() in MailboxService----
2026-06-10 08:07:18,736 [18] DEBUG LTCPro.ServiceLayer.Log4net - ---Executing GetUserPassedDueFlag() in UserController----
2026-06-10 08:07:18,736 [18] DEBUG LTCPro.ServiceLayer.Log4net - ---Executing GetUserPassedDueFlag() in UserService----
2026-06-10 08:07:18,736 [14] DEBUG LTCPro.ServiceLayer.Log4net - ---Executing GetAlertsDetails() in MailboxController----
2026-06-10 08:07:18,736 [14] DEBUG LTCPro.ServiceLayer.Log4net - ---Executing GetAlertsDetails() in MailboxService----
2026-06-10 08:07:18,740 [8] DEBUG LTCPro.ServiceLayer.Log4net - ---Executing GetOutboundErrorDetails() in CommonController----
2026-06-10 08:07:18,740 [8] DEBUG LTCPro.ServiceLayer.Log4net - ---Executing GetOutboundErrorDetails() in CommonService----
2026-06-10 08:07:18,799 [5] DEBUG LTCPro.ServiceLayer.Log4net - ---Executed Successfully InsertUpdateUserRecentFacNs() in UserController----
2026-06-10 08:07:18,824 [20] DEBUG LTCPro.ServiceLayer.Log4net - ---Executing GetUserToken() in UserService----
2026-06-10 08:07:18,993 [15] DEBUG LTCPro.ServiceLayer.Log4net - ---Executed successfully GetReadMailsCount() in MailboxController----
2026-06-10 08:07:18,995 [18] DEBUG LTCPro.ServiceLayer.Log4net - ---Executed Successfully GetUserPassedDueFlag() in UserController----
2026-06-10 08:07:19,138 [20] DEBUG LTCPro.ServiceLayer.Log4net - ---Executing InsertUserActivityDetails() in CompanyController----
2026-06-10 08:07:19,138 [20] DEBUG LTCPro.ServiceLayer.Log4net - ---Executing InsertUserActivityDetails() in UserActivityService----
2026-06-10 08:07:19,190 [22] DEBUG LTCPro.ServiceLayer.Log4net - ---Executing GetUserToken() in UserService----
2026-06-10 08:07:19,207 [19] DEBUG LTCPro.ServiceLayer.Log4net - ---Executing GetUserToken() in UserService----
2026-06-10 08:07:19,421 [22] DEBUG LTCPro.ServiceLayer.Log4net - ---Executing GetPendingDosesList() in CommonController----
2026-06-10 08:07:19,421 [22] DEBUG LTCPro.ServiceLayer.Log4net - ---Executing GetPendingDosesList() in CommonService----
2026-06-10 08:07:19,444 [19] DEBUG LTCPro.ServiceLayer.Log4net - ---Executing GetUserActiveCompanyMasterList() in CompanyController----
2026-06-10 08:07:19,444 [19] DEBUG LTCPro.ServiceLayer.Log4net - ---Executing GetActiveCompanyMasterList() in CompanyService----
2026-06-10 08:07:19,537 [14] DEBUG LTCPro.ServiceLayer.Log4net - ---Executed successfully GetAlertsDetails() in MailboxController----
2026-06-10 08:07:19,555 [21] DEBUG LTCPro.ServiceLayer.Log4net - ---Executing GetUserToken() in UserService----
2026-06-10 08:07:19,778 [21] DEBUG LTCPro.ServiceLayer.Log4net - ---Executing GetUserRecentFacNs() in UserController----
2026-06-10 08:07:19,778 [21] DEBUG LTCPro.ServiceLayer.Log4net - ---Executing GetUserRecentFacNs() in UserService----
2026-06-10 08:07:19,820 [20] DEBUG LTCPro.ServiceLayer.Log4net - ---Executed Successfully InsertUserActivityDetails() in CompanyController----
2026-06-10 08:07:20,226 [21] DEBUG LTCPro.ServiceLayer.Log4net - ---Executed Successfully GetUserRecentFacNs() in UserController----
2026-06-10 08:07:20,249 [5] DEBUG LTCPro.ServiceLayer.Log4net - ---Executing GetUserToken() in UserService----
2026-06-10 08:07:20,474 [5] DEBUG LTCPro.ServiceLayer.Log4net - ---Executing GetUserAccessFacilityNurseStaions() in FacilityController----
2026-06-10 08:07:20,474 [5] DEBUG LTCPro.ServiceLayer.Log4net - ---Executing GetUserAccessFacilityNurseStaions() in FacilityService----
2026-06-10 08:07:20,922 [5] DEBUG LTCPro.ServiceLayer.Log4net - ---Executed Successfully GetUserAccessFacilityNurseStaions() in FacilityController----
2026-06-10 08:07:21,273 [19] DEBUG LTCPro.ServiceLayer.Log4net - ---Executed Successfully GetUserActiveCompanyMasterList() in CompanyController----
2026-06-10 08:07:21,355 [11] DEBUG LTCPro.ServiceLayer.Log4net - ---Executed Successfully GetDueMARAlertData() in EmarController----
2026-06-10 08:07:22,852 [22] DEBUG LTCPro.ServiceLayer.Log4net - ---Executed Successfully GetPendingDosesList() in CommonController----
2026-06-10 08:07:23,820 [20] DEBUG LTCPro.ServiceLayer.Log4net - ---Executing GetUserToken() in UserService----
2026-06-10 08:07:23,830 [11] DEBUG LTCPro.ServiceLayer.Log4net - ---Executing GetUserToken() in UserService----
2026-06-10 08:07:24,023 [5] DEBUG LTCPro.ServiceLayer.Log4net - ---Executing GetUserToken() in UserService----
2026-06-10 08:07:24,043 [20] DEBUG LTCPro.ServiceLayer.Log4net - ---Executing GetUserRecentFacNs() in UserController----
2026-06-10 08:07:24,043 [20] DEBUG LTCPro.ServiceLayer.Log4net - ---Executing GetUserRecentFacNs() in UserService----
2026-06-10 08:07:24,053 [11] DEBUG LTCPro.ServiceLayer.Log4net - ---Executing InsertUserActivityDetails() in CompanyController----
2026-06-10 08:07:24,053 [11] DEBUG LTCPro.ServiceLayer.Log4net - ---Executing InsertUserActivityDetails() in UserActivityService----
2026-06-10 08:07:24,248 [5] DEBUG LTCPro.ServiceLayer.Log4net - ---Executing OrderEndingSoonStatus() in OrdersController----
2026-06-10 08:07:24,248 [5] DEBUG LTCPro.ServiceLayer.Log4net - ---Executing OrderEndingSoonStatus() in OrdersService----
2026-06-10 08:07:24,503 [20] DEBUG LTCPro.ServiceLayer.Log4net - ---Executed Successfully GetUserRecentFacNs() in UserController----
2026-06-10 08:07:24,558 [17] DEBUG LTCPro.ServiceLayer.Log4net - ---Executing GetUserToken() in UserService----
2026-06-10 08:07:24,782 [17] DEBUG LTCPro.ServiceLayer.Log4net - ---Executing GetUserAccessFacilityNurseStaions() in FacilityController----
2026-06-10 08:07:24,782 [17] DEBUG LTCPro.ServiceLayer.Log4net - ---Executing GetUserAccessFacilityNurseStaions() in FacilityService----
2026-06-10 08:07:24,790 [11] DEBUG LTCPro.ServiceLayer.Log4net - ---Executed Successfully InsertUserActivityDetails() in CompanyController----
2026-06-10 08:07:24,792 [5] DEBUG LTCPro.ServiceLayer.Log4net - ---Executed Successfully OrderEndingSoonStatus() in OrdersController----
2026-06-10 08:07:25,255 [17] DEBUG LTCPro.ServiceLayer.Log4net - ---Executed Successfully GetUserAccessFacilityNurseStaions() in FacilityController----
2026-06-10 08:07:25,287 [18] DEBUG LTCPro.ServiceLayer.Log4net - ---Executing GetUserToken() in UserService----
2026-06-10 08:07:25,522 [18] DEBUG LTCPro.ServiceLayer.Log4net - ---Executing UserNurseStationDrop() in FacilityController----
2026-06-10 08:07:25,522 [18] DEBUG LTCPro.ServiceLayer.Log4net - ---Executing UserNurseStationDrop() in FacilityService----
2026-06-10 08:07:25,757 [18] DEBUG LTCPro.ServiceLayer.Log4net - ---Executed Successfully UserNurseStationDrop() in FacilityController----
2026-06-10 08:07:25,839 [20] DEBUG LTCPro.ServiceLayer.Log4net - ---Executing GetUserToken() in UserService----
2026-06-10 08:07:25,852 [17] DEBUG LTCPro.ServiceLayer.Log4net - ---Executing GetUserToken() in UserService----
2026-06-10 08:07:25,865 [18] DEBUG LTCPro.ServiceLayer.Log4net - ---Executing GetUserToken() in UserService----
2026-06-10 08:07:26,068 [20] DEBUG LTCPro.ServiceLayer.Log4net - ---Executing GetCompanyToBedFlagByFacId() in FacilityController----
2026-06-10 08:07:26,068 [20] DEBUG LTCPro.ServiceLayer.Log4net - ---Executing GetCompanyToBedFlagByFacId() in FacilityService----
2026-06-10 08:07:26,077 [17] DEBUG LTCPro.ServiceLayer.Log4net - ---Executing GetPRNDetailsByfilter() in EMARController----
2026-06-10 08:07:26,077 [17] DEBUG LTCPro.ServiceLayer.Log4net - ---Executing GetPRNDetailsByfilter() in EmarService----
2026-06-10 08:07:26,092 [14] DEBUG LTCPro.ServiceLayer.Log4net - ---Executing GetUserToken() in UserService----
2026-06-10 08:07:26,101 [18] DEBUG LTCPro.ServiceLayer.Log4net - ---Executing GetSeventyTwoHourDetailsByfilter() in EMARController----
2026-06-10 08:07:26,101 [18] DEBUG LTCPro.ServiceLayer.Log4net - ---Executing GetSeventyTwoHourDetailsByfilter() in EmarService----
2026-06-10 08:07:26,129 [11] DEBUG LTCPro.ServiceLayer.Log4net - ---Executing GetUserToken() in UserService----
2026-06-10 08:07:26,341 [14] DEBUG LTCPro.ServiceLayer.Log4net - ---Executing OrderEndingSoonStatus() in OrdersController----
2026-06-10 08:07:26,341 [14] DEBUG LTCPro.ServiceLayer.Log4net - ---Executing OrderEndingSoonStatus() in OrdersService----
2026-06-10 08:07:26,361 [11] DEBUG LTCPro.ServiceLayer.Log4net - ---Executing GetOrdersEndingSoon() in OrdersController----
2026-06-10 08:07:26,361 [11] DEBUG LTCPro.ServiceLayer.Log4net - ---Executing GetOrdersEndingSoon() in OrdersService----
2026-06-10 08:07:26,865 [11] DEBUG LTCPro.ServiceLayer.Log4net - ---Executed Successfully GetOrdersEndingSoon() in OrdersController----
2026-06-10 08:07:26,870 [14] DEBUG LTCPro.ServiceLayer.Log4net - ---Executed Successfully OrderEndingSoonStatus() in OrdersController----
2026-06-10 08:07:27,137 [14] DEBUG LTCPro.ServiceLayer.Log4net - ---Executing GetUserToken() in UserService----
2026-06-10 08:07:27,360 [14] DEBUG LTCPro.ServiceLayer.Log4net - ---Executing GetOrdersGridData() in OrdersController----
2026-06-10 08:07:27,360 [14] DEBUG LTCPro.ServiceLayer.Log4net - ---Executing GetOrdersGridData() in OrdersService----
2026-06-10 08:07:27,456 [20] DEBUG LTCPro.ServiceLayer.Log4net - ---Executed Successfully GetCompanyToBedFlagByFacId() in FacilityController----
2026-06-10 08:07:27,504 [15] DEBUG LTCPro.ServiceLayer.Log4net - ---Executing GetUserToken() in UserService----
2026-06-10 08:07:27,728 [15] DEBUG LTCPro.ServiceLayer.Log4net - ---Executing GetNurseStationHierarchyDetailsbyNsId() in CompanyController----
2026-06-10 08:07:27,728 [15] DEBUG LTCPro.ServiceLayer.Log4net - ---Executing GetNurseStationHierarchyDetailsbyNsId() in CompanyService----
2026-06-10 08:07:27,979 [15] DEBUG LTCPro.ServiceLayer.Log4net - ---Executed Successfully GetNurseStationHierarchyDetailsbyNsId() in CompanyController----
2026-06-10 08:07:30,411 [14] DEBUG LTCPro.ServiceLayer.Log4net - ---Executed Successfully GetOrdersGridData() in OrdersController----
2026-06-10 08:07:30,727 [23] DEBUG LTCPro.ServiceLayer.Log4net - ---Executing GetUserToken() in UserService----
2026-06-10 08:07:30,979 [23] DEBUG LTCPro.ServiceLayer.Log4net - ---Executing GetPendingOrdersGridData() in OrdersController----
2026-06-10 08:07:30,979 [23] DEBUG LTCPro.ServiceLayer.Log4net - ---Executing GetPendingOrdersGridData() in OrdersService----
2026-06-10 08:07:31,299 [8] DEBUG LTCPro.ServiceLayer.Log4net - ---Executed Successfully GetOutboundErrorDetails() in CommonController----
2026-06-10 08:07:33,061 [5] DEBUG LTCPro.ServiceLayer.Log4net - ---Executing GetUserToken() in UserService----
2026-06-10 08:07:33,072 [14] DEBUG LTCPro.ServiceLayer.Log4net - ---Executing GetUserToken() in UserService----
2026-06-10 08:07:33,284 [5] DEBUG LTCPro.ServiceLayer.Log4net - ---Executing InsertUserActivityDetails() in CompanyController----
2026-06-10 08:07:33,286 [5] DEBUG LTCPro.ServiceLayer.Log4net - ---Executing InsertUserActivityDetails() in UserActivityService----
2026-06-10 08:07:33,300 [14] DEBUG LTCPro.ServiceLayer.Log4net - ---Executing GetUserRecentFacNs() in UserController----
2026-06-10 08:07:33,300 [14] DEBUG LTCPro.ServiceLayer.Log4net - ---Executing GetUserRecentFacNs() in UserService----
2026-06-10 08:07:33,728 [23] DEBUG LTCPro.ServiceLayer.Log4net - ---Executed Successfully GetPendingOrdersGridData() in OrdersController----
2026-06-10 08:07:33,759 [14] DEBUG LTCPro.ServiceLayer.Log4net - ---Executed Successfully GetUserRecentFacNs() in UserController----
2026-06-10 08:07:33,957 [5] DEBUG LTCPro.ServiceLayer.Log4net - ---Executed Successfully InsertUserActivityDetails() in CompanyController----
2026-06-10 08:07:34,629 [11] DEBUG LTCPro.ServiceLayer.Log4net - ---Executing GetUserToken() in UserService----
2026-06-10 08:07:34,641 [5] DEBUG LTCPro.ServiceLayer.Log4net - ---Executing GetUserToken() in UserService----
2026-06-10 08:07:34,870 [5] DEBUG LTCPro.ServiceLayer.Log4net - ---Executing UnionBarcodeDetails() in CheckInPharmacyMedsController----
2026-06-10 08:07:34,870 [5] DEBUG LTCPro.ServiceLayer.Log4net - ---Executing UnionBarcodeDetails() in CheckInPharmacyMedsService----
2026-06-10 08:07:34,870 [11] DEBUG LTCPro.ServiceLayer.Log4net - ---Executing GetUserAccessFacilityNurseStaions() in FacilityController----
2026-06-10 08:07:34,870 [11] DEBUG LTCPro.ServiceLayer.Log4net - ---Executing GetUserAccessFacilityNurseStaions() in FacilityService----
2026-06-10 08:07:35,319 [11] DEBUG LTCPro.ServiceLayer.Log4net - ---Executed Successfully GetUserAccessFacilityNurseStaions() in FacilityController----
2026-06-10 08:07:35,381 [21] DEBUG LTCPro.ServiceLayer.Log4net - ---Executing GetUserToken() in UserService----
2026-06-10 08:07:35,616 [21] DEBUG LTCPro.ServiceLayer.Log4net - ---Executing UserNurseStationDrop() in FacilityController----
2026-06-10 08:07:35,616 [21] DEBUG LTCPro.ServiceLayer.Log4net - ---Executing UserNurseStationDrop() in FacilityService----
2026-06-10 08:07:35,618 [5] DEBUG LTCPro.ServiceLayer.Log4net - ---Executed Successfully UnionBarcodeDetails() in CheckInPharmacyMedsController----
2026-06-10 08:07:35,841 [21] DEBUG LTCPro.ServiceLayer.Log4net - ---Executed Successfully UserNurseStationDrop() in FacilityController----
2026-06-10 08:07:35,953 [11] DEBUG LTCPro.ServiceLayer.Log4net - ---Executing GetUserToken() in UserService----
2026-06-10 08:07:36,197 [11] DEBUG LTCPro.ServiceLayer.Log4net - ---Executing GetEkitGridDetails() in CheckInPharmacyMedsController----
2026-06-10 08:07:36,197 [11] DEBUG LTCPro.ServiceLayer.Log4net - ---Executing GetEkitGridDetails() in CheckInPharmacyMedsService----
2026-06-10 08:07:36,461 [11] DEBUG LTCPro.ServiceLayer.Log4net - ---Executed Successfully GetEkitGridDetails() in CheckInPharmacyMedsController----
2026-06-10 08:07:44,305 [17] DEBUG LTCPro.ServiceLayer.Log4net - ---Executed Successfully GetPRNDetailsByfilter() in EMARController----
2026-06-10 08:07:44,447 [21] DEBUG LTCPro.ServiceLayer.Log4net - ---Executing GetUserToken() in UserService----
2026-06-10 08:07:44,465 [23] DEBUG LTCPro.ServiceLayer.Log4net - ---Executing GetUserToken() in UserService----
2026-06-10 08:07:44,682 [21] DEBUG LTCPro.ServiceLayer.Log4net - ---Executing UserNurseStationDrop() in FacilityController----
2026-06-10 08:07:44,682 [21] DEBUG LTCPro.ServiceLayer.Log4net - ---Executing UserNurseStationDrop() in FacilityService----
2026-06-10 08:07:44,687 [23] DEBUG LTCPro.ServiceLayer.Log4net - ---Executing GetEkitGridDetails() in CheckInPharmacyMedsController----
2026-06-10 08:07:44,687 [23] DEBUG LTCPro.ServiceLayer.Log4net - ---Executing GetEkitGridDetails() in CheckInPharmacyMedsService----
2026-06-10 08:07:44,913 [23] DEBUG LTCPro.ServiceLayer.Log4net - ---Executed Successfully GetEkitGridDetails() in CheckInPharmacyMedsController----
2026-06-10 08:07:44,916 [21] DEBUG LTCPro.ServiceLayer.Log4net - ---Executed Successfully UserNurseStationDrop() in FacilityController----
2026-06-10 08:07:44,944 [18] DEBUG LTCPro.ServiceLayer.Log4net - ---Executed Successfully GetSeventyTwoHourDetailsByfilter() in EMARController----
2026-06-10 08:07:45,063 [18] DEBUG LTCPro.ServiceLayer.Log4net - ---Executing GetUserToken() in UserService----
2026-06-10 08:07:45,287 [18] DEBUG LTCPro.ServiceLayer.Log4net - ---Executing GetEkitGridDetails() in CheckInPharmacyMedsController----
2026-06-10 08:07:45,287 [18] DEBUG LTCPro.ServiceLayer.Log4net - ---Executing GetEkitGridDetails() in CheckInPharmacyMedsService----
2026-06-10 08:07:45,527 [18] DEBUG LTCPro.ServiceLayer.Log4net - ---Executed Successfully GetEkitGridDetails() in CheckInPharmacyMedsController----
2026-06-10 08:35:20,951 [44] DEBUG LTCPro.ServiceLayer.Log4net - ---Executing UsersConfigNurseStationDrop() in FacilityController----
2026-06-10 08:35:20,951 [44] DEBUG LTCPro.ServiceLayer.Log4net - ---Executing UsersConfigNurseStationDrop() in FacilityService----
2026-06-10 08:35:22,389 [44] DEBUG LTCPro.ServiceLayer.Log4net - ---Executed Successfully UsersConfigNurseStationDrop() in FacilityController----
2026-06-10 08:35:22,591 [43] DEBUG LTCPro.ServiceLayer.Log4net - ---Executing GetProcessKeyMasterList() in FacilityController----
2026-06-10 08:35:22,591 [43] DEBUG LTCPro.ServiceLayer.Log4net - ---Executing GetProcessKeyMasterList() in FacilityService----
2026-06-10 08:35:22,862 [43] DEBUG LTCPro.ServiceLayer.Log4net - ---Executed Successfully GetProcessKeyMasterList() in FacilityController----
2026-06-10 08:35:25,066 [44] DEBUG LTCPro.ServiceLayer.Log4net - ---Executing GetProcessKeyMasterList() in FacilityController----
2026-06-10 08:35:25,066 [44] DEBUG LTCPro.ServiceLayer.Log4net - ---Executing GetProcessKeyMasterList() in FacilityService----
2026-06-10 08:35:25,289 [44] DEBUG LTCPro.ServiceLayer.Log4net - ---Executed Successfully GetProcessKeyMasterList() in FacilityController----
2026-06-10 08:35:26,444 [43] DEBUG LTCPro.ServiceLayer.Log4net - ---Executing CheckUser() in UserService----
2026-06-10 08:35:28,671 [43] DEBUG LTCPro.ServiceLayer.Log4net - ---Executing FindUser() in UserService----
2026-06-10 08:35:28,900 [43] DEBUG LTCPro.ServiceLayer.Log4net - ---Executing InsertUserSession() in UserService----
2026-06-10 08:35:29,582 [43] DEBUG LTCPro.ServiceLayer.Log4net - ---Executing InsertUserToken() in UserService----
2026-06-10 08:35:30,578 [40] DEBUG LTCPro.ServiceLayer.Log4net - ---Executing GetScreenPermissionsForLoggedInUser() in RoleController----
2026-06-10 08:35:30,578 [40] DEBUG LTCPro.ServiceLayer.Log4net - ---Executing GetScreenPermissionsForLoggedInUser() in RoleService----
2026-06-10 08:35:30,803 [40] DEBUG LTCPro.ServiceLayer.Log4net - ---Executed Successfully GetScreenPermissionsForLoggedInUser() in RoleController----
2026-06-10 08:35:37,967 [55] DEBUG LTCPro.ServiceLayer.Log4net - ---Executing GetUserToken() in UserService----
2026-06-10 08:35:37,996 [43] DEBUG LTCPro.ServiceLayer.Log4net - ---Executing GetUserToken() in UserService----
2026-06-10 08:35:37,997 [54] DEBUG LTCPro.ServiceLayer.Log4net - ---Executing GetUserToken() in UserService----
2026-06-10 08:35:37,997 [50] DEBUG LTCPro.ServiceLayer.Log4net - ---Executing GetUserToken() in UserService----
2026-06-10 08:35:37,998 [52] DEBUG LTCPro.ServiceLayer.Log4net - ---Executing InsertUpdateUserRecentFacNs() in UserController----
2026-06-10 08:35:37,998 [52] DEBUG LTCPro.ServiceLayer.Log4net - ---Executing GetUserRecentFacNs() in UserService----
2026-06-10 08:35:38,009 [49] DEBUG LTCPro.ServiceLayer.Log4net - ---Executing GetUserToken() in UserService----
2026-06-10 08:35:38,201 [55] DEBUG LTCPro.ServiceLayer.Log4net - ---Executing GetReadMailsCount() in MailboxController----
2026-06-10 08:35:38,201 [55] DEBUG LTCPro.ServiceLayer.Log4net - ---Executing GetReadMailsCount() in MailboxService----
2026-06-10 08:35:38,424 [49] DEBUG LTCPro.ServiceLayer.Log4net - ---Executing GetUserPassedDueFlag() in UserController----
2026-06-10 08:35:38,424 [49] DEBUG LTCPro.ServiceLayer.Log4net - ---Executing GetUserPassedDueFlag() in UserService----
2026-06-10 08:35:38,868 [49] DEBUG LTCPro.ServiceLayer.Log4net - ---Executed Successfully GetUserPassedDueFlag() in UserController----
2026-06-10 08:35:38,906 [53] DEBUG LTCPro.ServiceLayer.Log4net - ---Executing GetUserToken() in UserService----
2026-06-10 08:35:39,092 [52] DEBUG LTCPro.ServiceLayer.Log4net - ---Executing InsertUpdateUserRecentFacNs() in CommonService----
2026-06-10 08:35:39,315 [53] DEBUG LTCPro.ServiceLayer.Log4net - ---Executing GetUserActiveCompanyMasterList() in CompanyController----
2026-06-10 08:35:39,315 [53] DEBUG LTCPro.ServiceLayer.Log4net - ---Executing GetActiveCompanyMasterList() in CompanyService----
2026-06-10 08:35:39,394 [43] DEBUG LTCPro.ServiceLayer.Log4net - ---Executing GetOutboundErrorDetails() in CommonController----
2026-06-10 08:35:39,395 [43] DEBUG LTCPro.ServiceLayer.Log4net - ---Executing GetOutboundErrorDetails() in CommonService----
2026-06-10 08:35:39,839 [52] DEBUG LTCPro.ServiceLayer.Log4net - ---Executed Successfully InsertUpdateUserRecentFacNs() in UserController----
2026-06-10 08:35:39,865 [46] DEBUG LTCPro.ServiceLayer.Log4net - ---Executing GetUserToken() in UserService----
2026-06-10 08:35:40,302 [46] DEBUG LTCPro.ServiceLayer.Log4net - ---Executing GetDueMARAlertData() in EmarController----
2026-06-10 08:35:40,302 [46] DEBUG LTCPro.ServiceLayer.Log4net - ---Executing GetDueMARAlertData() in EmarService----
2026-06-10 08:35:40,582 [54] DEBUG LTCPro.ServiceLayer.Log4net - ---Executing GetAlertsDetails() in MailboxController----
2026-06-10 08:35:40,582 [54] DEBUG LTCPro.ServiceLayer.Log4net - ---Executing GetAlertsDetails() in MailboxService----
2026-06-10 08:35:41,637 [53] DEBUG LTCPro.ServiceLayer.Log4net - ---Executed Successfully GetUserActiveCompanyMasterList() in CompanyController----
2026-06-10 08:35:41,659 [40] DEBUG LTCPro.ServiceLayer.Log4net - ---Executing GetUserToken() in UserService----
2026-06-10 08:35:41,750 [50] DEBUG LTCPro.ServiceLayer.Log4net - ---Executing GetPendingDosesList() in CommonController----
2026-06-10 08:35:41,750 [50] DEBUG LTCPro.ServiceLayer.Log4net - ---Executing GetPendingDosesList() in CommonService----
2026-06-10 08:35:41,861 [55] DEBUG LTCPro.ServiceLayer.Log4net - ---Executed successfully GetReadMailsCount() in MailboxController----
2026-06-10 08:35:41,875 [52] DEBUG LTCPro.ServiceLayer.Log4net - ---Executing GetUserToken() in UserService----
2026-06-10 08:35:41,971 [40] DEBUG LTCPro.ServiceLayer.Log4net - ---Executing GetUserRecentFacNs() in UserController----
2026-06-10 08:35:41,971 [40] DEBUG LTCPro.ServiceLayer.Log4net - ---Executing GetUserRecentFacNs() in UserService----
2026-06-10 08:35:42,208 [52] DEBUG LTCPro.ServiceLayer.Log4net - ---Executing InsertUserActivityDetails() in CompanyController----
2026-06-10 08:35:42,208 [52] DEBUG LTCPro.ServiceLayer.Log4net - ---Executing InsertUserActivityDetails() in UserActivityService----
2026-06-10 08:35:42,447 [46] DEBUG LTCPro.ServiceLayer.Log4net - ---Executed Successfully GetDueMARAlertData() in EmarController----
2026-06-10 08:35:42,671 [40] DEBUG LTCPro.ServiceLayer.Log4net - ---Executed Successfully GetUserRecentFacNs() in UserController----
2026-06-10 08:35:42,700 [53] DEBUG LTCPro.ServiceLayer.Log4net - ---Executing GetUserToken() in UserService----
2026-06-10 08:35:42,936 [53] DEBUG LTCPro.ServiceLayer.Log4net - ---Executing GetUserAccessFacilityNurseStaions() in FacilityController----
2026-06-10 08:35:42,936 [53] DEBUG LTCPro.ServiceLayer.Log4net - ---Executing GetUserAccessFacilityNurseStaions() in FacilityService----
2026-06-10 08:35:43,133 [52] DEBUG LTCPro.ServiceLayer.Log4net - ---Executed Successfully InsertUserActivityDetails() in CompanyController----
2026-06-10 08:35:43,398 [54] DEBUG LTCPro.ServiceLayer.Log4net - ---Executed successfully GetAlertsDetails() in MailboxController----
2026-06-10 08:35:43,406 [53] DEBUG LTCPro.ServiceLayer.Log4net - ---Executed Successfully GetUserAccessFacilityNurseStaions() in FacilityController----
2026-06-10 08:35:44,074 [50] DEBUG LTCPro.ServiceLayer.Log4net - ---Executed Successfully GetPendingDosesList() in CommonController----
2026-06-10 08:35:51,523 [43] DEBUG LTCPro.ServiceLayer.Log4net - ---Executed Successfully GetOutboundErrorDetails() in CommonController----
2026-06-10 08:36:28,249 [43] DEBUG LTCPro.ServiceLayer.Log4net - ---Executing GetUserToken() in UserService----
2026-06-10 08:36:28,255 [46] DEBUG LTCPro.ServiceLayer.Log4net - ---Executing GetUserToken() in UserService----
2026-06-10 08:36:28,549 [43] DEBUG LTCPro.ServiceLayer.Log4net - ---Executing InsertUserActivityDetails() in CompanyController----
2026-06-10 08:36:28,550 [43] DEBUG LTCPro.ServiceLayer.Log4net - ---Executing InsertUserActivityDetails() in UserActivityService----
2026-06-10 08:36:28,552 [46] DEBUG LTCPro.ServiceLayer.Log4net - ---Executing GetUserRecentFacNs() in UserController----
2026-06-10 08:36:28,552 [46] DEBUG LTCPro.ServiceLayer.Log4net - ---Executing GetUserRecentFacNs() in UserService----
2026-06-10 08:36:28,594 [44] DEBUG LTCPro.ServiceLayer.Log4net - ---Executing GetUserToken() in UserService----
2026-06-10 08:36:28,824 [44] DEBUG LTCPro.ServiceLayer.Log4net - ---Executing OrderEndingSoonStatus() in OrdersController----
2026-06-10 08:36:28,824 [44] DEBUG LTCPro.ServiceLayer.Log4net - ---Executing OrderEndingSoonStatus() in OrdersService----
2026-06-10 08:36:29,042 [46] DEBUG LTCPro.ServiceLayer.Log4net - ---Executed Successfully GetUserRecentFacNs() in UserController----
2026-06-10 08:36:29,104 [46] DEBUG LTCPro.ServiceLayer.Log4net - ---Executing GetUserToken() in UserService----
2026-06-10 08:36:29,290 [43] DEBUG LTCPro.ServiceLayer.Log4net - ---Executed Successfully InsertUserActivityDetails() in CompanyController----
2026-06-10 08:36:29,330 [46] DEBUG LTCPro.ServiceLayer.Log4net - ---Executing GetUserAccessFacilityNurseStaions() in FacilityController----
2026-06-10 08:36:29,330 [46] DEBUG LTCPro.ServiceLayer.Log4net - ---Executing GetUserAccessFacilityNurseStaions() in FacilityService----
2026-06-10 08:36:29,355 [44] DEBUG LTCPro.ServiceLayer.Log4net - ---Executed Successfully OrderEndingSoonStatus() in OrdersController----
2026-06-10 08:36:29,777 [46] DEBUG LTCPro.ServiceLayer.Log4net - ---Executed Successfully GetUserAccessFacilityNurseStaions() in FacilityController----
2026-06-10 08:36:29,814 [40] DEBUG LTCPro.ServiceLayer.Log4net - ---Executing GetUserToken() in UserService----
2026-06-10 08:36:30,037 [40] DEBUG LTCPro.ServiceLayer.Log4net - ---Executing UserNurseStationDrop() in FacilityController----
2026-06-10 08:36:30,037 [40] DEBUG LTCPro.ServiceLayer.Log4net - ---Executing UserNurseStationDrop() in FacilityService----
2026-06-10 08:36:30,264 [40] DEBUG LTCPro.ServiceLayer.Log4net - ---Executed Successfully UserNurseStationDrop() in FacilityController----
2026-06-10 08:36:30,371 [40] DEBUG LTCPro.ServiceLayer.Log4net - ---Executing GetUserToken() in UserService----
2026-06-10 08:36:30,623 [40] DEBUG LTCPro.ServiceLayer.Log4net - ---Executing GetSeventyTwoHourDetailsByfilter() in EMARController----
2026-06-10 08:36:30,623 [40] DEBUG LTCPro.ServiceLayer.Log4net - ---Executing GetSeventyTwoHourDetailsByfilter() in EmarService----
2026-06-10 08:36:30,660 [53] DEBUG LTCPro.ServiceLayer.Log4net - ---Executing GetUserToken() in UserService----
2026-06-10 08:36:30,671 [46] DEBUG LTCPro.ServiceLayer.Log4net - ---Executing GetUserToken() in UserService----
2026-06-10 08:36:30,704 [43] DEBUG LTCPro.ServiceLayer.Log4net - ---Executing GetUserToken() in UserService----
2026-06-10 08:36:30,886 [53] DEBUG LTCPro.ServiceLayer.Log4net - ---Executing OrderEndingSoonStatus() in OrdersController----
2026-06-10 08:36:30,887 [53] DEBUG LTCPro.ServiceLayer.Log4net - ---Executing OrderEndingSoonStatus() in OrdersService----
2026-06-10 08:36:30,895 [46] DEBUG LTCPro.ServiceLayer.Log4net - ---Executing GetOrdersEndingSoon() in OrdersController----
2026-06-10 08:36:30,896 [46] DEBUG LTCPro.ServiceLayer.Log4net - ---Executing GetOrdersEndingSoon() in OrdersService----
2026-06-10 08:36:30,928 [43] DEBUG LTCPro.ServiceLayer.Log4net - ---Executing GetOrdersGridData() in OrdersController----
2026-06-10 08:36:30,928 [43] DEBUG LTCPro.ServiceLayer.Log4net - ---Executing GetOrdersGridData() in OrdersService----
2026-06-10 08:36:31,308 [44] DEBUG LTCPro.ServiceLayer.Log4net - ---Executing GetUserToken() in UserService----
2026-06-10 08:36:31,402 [46] DEBUG LTCPro.ServiceLayer.Log4net - ---Executed Successfully GetOrdersEndingSoon() in OrdersController----
2026-06-10 08:36:31,412 [53] DEBUG LTCPro.ServiceLayer.Log4net - ---Executed Successfully OrderEndingSoonStatus() in OrdersController----
2026-06-10 08:36:31,428 [46] DEBUG LTCPro.ServiceLayer.Log4net - ---Executing GetUserToken() in UserService----
2026-06-10 08:36:31,604 [44] DEBUG LTCPro.ServiceLayer.Log4net - ---Executing GetCompanyToBedFlagByFacId() in FacilityController----
2026-06-10 08:36:31,604 [44] DEBUG LTCPro.ServiceLayer.Log4net - ---Executing GetCompanyToBedFlagByFacId() in FacilityService----
2026-06-10 08:36:31,663 [46] DEBUG LTCPro.ServiceLayer.Log4net - ---Executing GetPRNDetailsByfilter() in EMARController----
2026-06-10 08:36:31,663 [46] DEBUG LTCPro.ServiceLayer.Log4net - ---Executing GetPRNDetailsByfilter() in EmarService----
2026-06-10 08:36:32,949 [44] DEBUG LTCPro.ServiceLayer.Log4net - ---Executed Successfully GetCompanyToBedFlagByFacId() in FacilityController----
2026-06-10 08:36:33,019 [53] DEBUG LTCPro.ServiceLayer.Log4net - ---Executing GetUserToken() in UserService----
2026-06-10 08:36:33,241 [53] DEBUG LTCPro.ServiceLayer.Log4net - ---Executing GetNurseStationHierarchyDetailsbyNsId() in CompanyController----
2026-06-10 08:36:33,241 [53] DEBUG LTCPro.ServiceLayer.Log4net - ---Executing GetNurseStationHierarchyDetailsbyNsId() in CompanyService----
2026-06-10 08:36:33,476 [53] DEBUG LTCPro.ServiceLayer.Log4net - ---Executed Successfully GetNurseStationHierarchyDetailsbyNsId() in CompanyController----
2026-06-10 08:36:34,092 [43] DEBUG LTCPro.ServiceLayer.Log4net - ---Executed Successfully GetOrdersGridData() in OrdersController----
2026-06-10 08:36:41,533 [44] DEBUG LTCPro.ServiceLayer.Log4net - ---Executing GetUserToken() in UserService----
2026-06-10 08:36:41,756 [44] DEBUG LTCPro.ServiceLayer.Log4net - ---Executing GetPendingOrdersGridData() in OrdersController----
2026-06-10 08:36:41,756 [44] DEBUG LTCPro.ServiceLayer.Log4net - ---Executing GetPendingOrdersGridData() in OrdersService----
2026-06-10 08:36:44,490 [44] DEBUG LTCPro.ServiceLayer.Log4net - ---Executed Successfully GetPendingOrdersGridData() in OrdersController----
2026-06-10 08:36:47,523 [44] DEBUG LTCPro.ServiceLayer.Log4net - ---Executing GetUserToken() in UserService----
2026-06-10 08:36:47,534 [49] DEBUG LTCPro.ServiceLayer.Log4net - ---Executing GetUserToken() in UserService----
2026-06-10 08:36:47,760 [44] DEBUG LTCPro.ServiceLayer.Log4net - ---Executing InsertUserActivityDetails() in CompanyController----
2026-06-10 08:36:47,761 [44] DEBUG LTCPro.ServiceLayer.Log4net - ---Executing InsertUserActivityDetails() in UserActivityService----
2026-06-10 08:36:47,761 [49] DEBUG LTCPro.ServiceLayer.Log4net - ---Executing GetUserRecentFacNs() in UserController----
2026-06-10 08:36:47,761 [49] DEBUG LTCPro.ServiceLayer.Log4net - ---Executing GetUserRecentFacNs() in UserService----
2026-06-10 08:36:48,296 [49] DEBUG LTCPro.ServiceLayer.Log4net - ---Executed Successfully GetUserRecentFacNs() in UserController----
2026-06-10 08:36:48,591 [44] DEBUG LTCPro.ServiceLayer.Log4net - ---Executed Successfully InsertUserActivityDetails() in CompanyController----
2026-06-10 08:36:49,677 [43] DEBUG LTCPro.ServiceLayer.Log4net - ---Executing GetUserToken() in UserService----
2026-06-10 08:36:49,900 [43] DEBUG LTCPro.ServiceLayer.Log4net - ---Executing GetUserAccessFacilityNurseStaions() in FacilityController----
2026-06-10 08:36:49,900 [43] DEBUG LTCPro.ServiceLayer.Log4net - ---Executing GetUserAccessFacilityNurseStaions() in FacilityService----
2026-06-10 08:36:49,926 [40] DEBUG LTCPro.ServiceLayer.Log4net - ---Executed Successfully GetSeventyTwoHourDetailsByfilter() in EMARController----
2026-06-10 08:36:50,099 [46] DEBUG LTCPro.ServiceLayer.Log4net - ---Executed Successfully GetPRNDetailsByfilter() in EMARController----
2026-06-10 08:36:50,353 [43] DEBUG LTCPro.ServiceLayer.Log4net - ---Executed Successfully GetUserAccessFacilityNurseStaions() in FacilityController----
2026-06-10 08:36:50,904 [52] DEBUG LTCPro.ServiceLayer.Log4net - ---Executing GetUserToken() in UserService----
2026-06-10 08:36:51,133 [52] DEBUG LTCPro.ServiceLayer.Log4net - ---Executing UnionBarcodeDetails() in CheckInPharmacyMedsController----
2026-06-10 08:36:51,133 [52] DEBUG LTCPro.ServiceLayer.Log4net - ---Executing UnionBarcodeDetails() in CheckInPharmacyMedsService----
2026-06-10 08:36:52,652 [43] DEBUG LTCPro.ServiceLayer.Log4net - ---Executing GetUserToken() in UserService----
2026-06-10 08:36:52,875 [43] DEBUG LTCPro.ServiceLayer.Log4net - ---Executing UserNurseStationDrop() in FacilityController----
2026-06-10 08:36:52,875 [43] DEBUG LTCPro.ServiceLayer.Log4net - ---Executing UserNurseStationDrop() in FacilityService----
2026-06-10 08:36:53,103 [43] DEBUG LTCPro.ServiceLayer.Log4net - ---Executed Successfully UserNurseStationDrop() in FacilityController----
2026-06-10 08:36:53,157 [43] DEBUG LTCPro.ServiceLayer.Log4net - ---Executing GetUserToken() in UserService----
2026-06-10 08:36:53,418 [52] DEBUG LTCPro.ServiceLayer.Log4net - ---Executed Successfully UnionBarcodeDetails() in CheckInPharmacyMedsController----
2026-06-10 08:36:53,418 [43] DEBUG LTCPro.ServiceLayer.Log4net - ---Executing GetEkitGridDetails() in CheckInPharmacyMedsController----
2026-06-10 08:36:53,418 [43] DEBUG LTCPro.ServiceLayer.Log4net - ---Executing GetEkitGridDetails() in CheckInPharmacyMedsService----
2026-06-10 08:36:53,655 [43] DEBUG LTCPro.ServiceLayer.Log4net - ---Executed Successfully GetEkitGridDetails() in CheckInPharmacyMedsController----
2026-06-10 08:37:02,299 [43] DEBUG LTCPro.ServiceLayer.Log4net - ---Executing GetUserToken() in UserService----
2026-06-10 08:37:02,314 [46] DEBUG LTCPro.ServiceLayer.Log4net - ---Executing GetUserToken() in UserService----
2026-06-10 08:37:02,522 [43] DEBUG LTCPro.ServiceLayer.Log4net - ---Executing UserNurseStationDrop() in FacilityController----
2026-06-10 08:37:02,522 [43] DEBUG LTCPro.ServiceLayer.Log4net - ---Executing UserNurseStationDrop() in FacilityService----
2026-06-10 08:37:02,537 [46] DEBUG LTCPro.ServiceLayer.Log4net - ---Executing GetEkitGridDetails() in CheckInPharmacyMedsController----
2026-06-10 08:37:02,537 [46] DEBUG LTCPro.ServiceLayer.Log4net - ---Executing GetEkitGridDetails() in CheckInPharmacyMedsService----
2026-06-10 08:37:02,745 [43] DEBUG LTCPro.ServiceLayer.Log4net - ---Executed Successfully UserNurseStationDrop() in FacilityController----
2026-06-10 08:37:02,764 [46] DEBUG LTCPro.ServiceLayer.Log4net - ---Executed Successfully GetEkitGridDetails() in CheckInPharmacyMedsController----
2026-06-10 08:37:02,832 [43] DEBUG LTCPro.ServiceLayer.Log4net - ---Executing GetUserToken() in UserService----
2026-06-10 08:37:03,055 [43] DEBUG LTCPro.ServiceLayer.Log4net - ---Executing GetEkitGridDetails() in CheckInPharmacyMedsController----
2026-06-10 08:37:03,055 [43] DEBUG LTCPro.ServiceLayer.Log4net - ---Executing GetEkitGridDetails() in CheckInPharmacyMedsService----
2026-06-10 08:37:03,296 [43] DEBUG LTCPro.ServiceLayer.Log4net - ---Executed Successfully GetEkitGridDetails() in CheckInPharmacyMedsController----
2026-06-10 08:52:37,074 [38] DEBUG LTCPro.ServiceLayer.Log4net - ---Executing UsersConfigNurseStationDrop() in FacilityController----
2026-06-10 08:52:37,074 [38] DEBUG LTCPro.ServiceLayer.Log4net - ---Executing UsersConfigNurseStationDrop() in FacilityService----
2026-06-10 08:52:39,583 [38] DEBUG LTCPro.ServiceLayer.Log4net - ---Executed Successfully UsersConfigNurseStationDrop() in FacilityController----
2026-06-10 08:52:39,751 [41] DEBUG LTCPro.ServiceLayer.Log4net - ---Executing GetProcessKeyMasterList() in FacilityController----
2026-06-10 08:52:39,751 [41] DEBUG LTCPro.ServiceLayer.Log4net - ---Executing GetProcessKeyMasterList() in FacilityService----
2026-06-10 08:52:39,983 [41] DEBUG LTCPro.ServiceLayer.Log4net - ---Executed Successfully GetProcessKeyMasterList() in FacilityController----
2026-06-10 08:52:44,763 [41] DEBUG LTCPro.ServiceLayer.Log4net - ---Executing GetProcessKeyMasterList() in FacilityController----
2026-06-10 08:52:44,763 [41] DEBUG LTCPro.ServiceLayer.Log4net - ---Executing GetProcessKeyMasterList() in FacilityService----
2026-06-10 08:52:44,986 [41] DEBUG LTCPro.ServiceLayer.Log4net - ---Executed Successfully GetProcessKeyMasterList() in FacilityController----
2026-06-10 08:52:46,520 [38] DEBUG LTCPro.ServiceLayer.Log4net - ---Executing CheckUser() in UserService----
2026-06-10 08:52:48,832 [38] DEBUG LTCPro.ServiceLayer.Log4net - ---Executing FindUser() in UserService----
2026-06-10 08:52:49,066 [38] DEBUG LTCPro.ServiceLayer.Log4net - ---Executing InsertUserSession() in UserService----
2026-06-10 08:52:49,748 [38] DEBUG LTCPro.ServiceLayer.Log4net - ---Executing InsertUserToken() in UserService----
2026-06-10 08:52:51,267 [41] DEBUG LTCPro.ServiceLayer.Log4net - ---Executing GetScreenPermissionsForLoggedInUser() in RoleController----
2026-06-10 08:52:51,267 [41] DEBUG LTCPro.ServiceLayer.Log4net - ---Executing GetScreenPermissionsForLoggedInUser() in RoleService----
2026-06-10 08:52:51,666 [41] DEBUG LTCPro.ServiceLayer.Log4net - ---Executed Successfully GetScreenPermissionsForLoggedInUser() in RoleController----
2026-06-10 08:52:52,557 [41] DEBUG LTCPro.ServiceLayer.Log4net - ---Executing GetUserToken() in UserService----
2026-06-10 08:52:52,557 [39] DEBUG LTCPro.ServiceLayer.Log4net - ---Executing GetUserToken() in UserService----
2026-06-10 08:52:52,589 [45] DEBUG LTCPro.ServiceLayer.Log4net - ---Executing GetUserToken() in UserService----
2026-06-10 08:52:52,605 [37] DEBUG LTCPro.ServiceLayer.Log4net - ---Executing GetUserToken() in UserService----
2026-06-10 08:52:52,646 [42] DEBUG LTCPro.ServiceLayer.Log4net - ---Executing GetUserToken() in UserService----
2026-06-10 08:52:52,646 [48] DEBUG LTCPro.ServiceLayer.Log4net - ---Executing InsertUpdateUserRecentFacNs() in UserController----
2026-06-10 08:52:52,646 [48] DEBUG LTCPro.ServiceLayer.Log4net - ---Executing GetUserRecentFacNs() in UserService----
2026-06-10 08:52:52,784 [41] DEBUG LTCPro.ServiceLayer.Log4net - ---Executing GetPendingDosesList() in CommonController----
2026-06-10 08:52:52,784 [41] DEBUG LTCPro.ServiceLayer.Log4net - ---Executing GetPendingDosesList() in CommonService----
2026-06-10 08:52:53,008 [45] DEBUG LTCPro.ServiceLayer.Log4net - ---Executing GetUserRecentFacNs() in UserController----
2026-06-10 08:52:53,008 [45] DEBUG LTCPro.ServiceLayer.Log4net - ---Executing GetUserRecentFacNs() in UserService----
2026-06-10 08:52:53,721 [39] DEBUG LTCPro.ServiceLayer.Log4net - ---Executing GetReadMailsCount() in MailboxController----
2026-06-10 08:52:53,721 [39] DEBUG LTCPro.ServiceLayer.Log4net - ---Executing GetReadMailsCount() in MailboxService----
2026-06-10 08:52:53,949 [37] DEBUG LTCPro.ServiceLayer.Log4net - ---Executing GetUserPassedDueFlag() in UserController----
2026-06-10 08:52:53,949 [37] DEBUG LTCPro.ServiceLayer.Log4net - ---Executing GetUserPassedDueFlag() in UserService----
2026-06-10 08:52:54,177 [39] DEBUG LTCPro.ServiceLayer.Log4net - ---Executed successfully GetReadMailsCount() in MailboxController----
2026-06-10 08:52:54,217 [15] DEBUG LTCPro.ServiceLayer.Log4net - ---Executing GetUserToken() in UserService----
2026-06-10 08:52:54,420 [37] DEBUG LTCPro.ServiceLayer.Log4net - ---Executed Successfully GetUserPassedDueFlag() in UserController----
2026-06-10 08:52:54,445 [37] DEBUG LTCPro.ServiceLayer.Log4net - ---Executing GetUserToken() in UserService----
2026-06-10 08:52:54,645 [15] DEBUG LTCPro.ServiceLayer.Log4net - ---Executing GetOutboundErrorDetails() in CommonController----
2026-06-10 08:52:54,645 [15] DEBUG LTCPro.ServiceLayer.Log4net - ---Executing GetOutboundErrorDetails() in CommonService----
2026-06-10 08:52:54,870 [37] DEBUG LTCPro.ServiceLayer.Log4net - ---Executing InsertUserActivityDetails() in CompanyController----
2026-06-10 08:52:54,870 [37] DEBUG LTCPro.ServiceLayer.Log4net - ---Executing InsertUserActivityDetails() in UserActivityService----
2026-06-10 08:52:55,051 [41] DEBUG LTCPro.ServiceLayer.Log4net - ---Executed Successfully GetPendingDosesList() in CommonController----
2026-06-10 08:52:55,088 [41] DEBUG LTCPro.ServiceLayer.Log4net - ---Executing GetUserToken() in UserService----
2026-06-10 08:52:55,497 [45] DEBUG LTCPro.ServiceLayer.Log4net - ---Executed Successfully GetUserRecentFacNs() in UserController----
2026-06-10 08:52:55,523 [45] DEBUG LTCPro.ServiceLayer.Log4net - ---Executing GetUserToken() in UserService----
2026-06-10 08:52:55,564 [37] DEBUG LTCPro.ServiceLayer.Log4net - ---Executed Successfully InsertUserActivityDetails() in CompanyController----
2026-06-10 08:52:55,587 [37] DEBUG LTCPro.ServiceLayer.Log4net - ---Executing GetUserToken() in UserService----
2026-06-10 08:52:55,720 [41] DEBUG LTCPro.ServiceLayer.Log4net - ---Executing GetUserActiveCompanyMasterList() in CompanyController----
2026-06-10 08:52:55,720 [41] DEBUG LTCPro.ServiceLayer.Log4net - ---Executing GetActiveCompanyMasterList() in CompanyService----
2026-06-10 08:52:55,790 [48] DEBUG LTCPro.ServiceLayer.Log4net - ---Executing InsertUpdateUserRecentFacNs() in CommonService----
2026-06-10 08:52:55,945 [45] DEBUG LTCPro.ServiceLayer.Log4net - ---Executing GetDueMARAlertData() in EmarController----
2026-06-10 08:52:55,945 [45] DEBUG LTCPro.ServiceLayer.Log4net - ---Executing GetDueMARAlertData() in EmarService----
2026-06-10 08:52:56,056 [42] DEBUG LTCPro.ServiceLayer.Log4net - ---Executing GetAlertsDetails() in MailboxController----
2026-06-10 08:52:56,056 [42] DEBUG LTCPro.ServiceLayer.Log4net - ---Executing GetAlertsDetails() in MailboxService----
2026-06-10 08:52:56,520 [48] DEBUG LTCPro.ServiceLayer.Log4net - ---Executed Successfully InsertUpdateUserRecentFacNs() in UserController----
2026-06-10 08:52:56,862 [42] DEBUG LTCPro.ServiceLayer.Log4net - ---Executed successfully GetAlertsDetails() in MailboxController----
2026-06-10 08:52:57,301 [37] DEBUG LTCPro.ServiceLayer.Log4net - ---Executing GetUserAccessFacilityNurseStaions() in FacilityController----
2026-06-10 08:52:57,301 [37] DEBUG LTCPro.ServiceLayer.Log4net - ---Executing GetUserAccessFacilityNurseStaions() in FacilityService----
2026-06-10 08:52:57,753 [37] DEBUG LTCPro.ServiceLayer.Log4net - ---Executed Successfully GetUserAccessFacilityNurseStaions() in FacilityController----
2026-06-10 08:52:58,138 [41] DEBUG LTCPro.ServiceLayer.Log4net - ---Executed Successfully GetUserActiveCompanyMasterList() in CompanyController----
2026-06-10 08:52:58,302 [45] DEBUG LTCPro.ServiceLayer.Log4net - ---Executed Successfully GetDueMARAlertData() in EmarController----
2026-06-10 08:53:07,220 [41] DEBUG LTCPro.ServiceLayer.Log4net - ---Executing GetUserToken() in UserService----
2026-06-10 08:53:07,227 [37] DEBUG LTCPro.ServiceLayer.Log4net - ---Executing GetUserToken() in UserService----
2026-06-10 08:53:07,497 [37] DEBUG LTCPro.ServiceLayer.Log4net - ---Executing GetUserRecentFacNs() in UserController----
2026-06-10 08:53:07,497 [37] DEBUG LTCPro.ServiceLayer.Log4net - ---Executing GetUserRecentFacNs() in UserService----
2026-06-10 08:53:07,497 [41] DEBUG LTCPro.ServiceLayer.Log4net - ---Executing InsertUserActivityDetails() in CompanyController----
2026-06-10 08:53:07,497 [41] DEBUG LTCPro.ServiceLayer.Log4net - ---Executing InsertUserActivityDetails() in UserActivityService----
2026-06-10 08:53:07,612 [38] DEBUG LTCPro.ServiceLayer.Log4net - ---Executing GetUserToken() in UserService----
2026-06-10 08:53:07,716 [15] DEBUG LTCPro.ServiceLayer.Log4net - ---Executed Successfully GetOutboundErrorDetails() in CommonController----
2026-06-10 08:53:07,907 [38] DEBUG LTCPro.ServiceLayer.Log4net - ---Executing OrderEndingSoonStatus() in OrdersController----
2026-06-10 08:53:07,907 [38] DEBUG LTCPro.ServiceLayer.Log4net - ---Executing OrderEndingSoonStatus() in OrdersService----
2026-06-10 08:53:07,946 [37] DEBUG LTCPro.ServiceLayer.Log4net - ---Executed Successfully GetUserRecentFacNs() in UserController----
2026-06-10 08:53:08,188 [41] DEBUG LTCPro.ServiceLayer.Log4net - ---Executed Successfully InsertUserActivityDetails() in CompanyController----
2026-06-10 08:53:08,433 [38] DEBUG LTCPro.ServiceLayer.Log4net - ---Executed Successfully OrderEndingSoonStatus() in OrdersController----
2026-06-10 08:53:09,475 [42] DEBUG LTCPro.ServiceLayer.Log4net - ---Executing GetUserToken() in UserService----
2026-06-10 08:53:09,697 [42] DEBUG LTCPro.ServiceLayer.Log4net - ---Executing GetUserAccessFacilityNurseStaions() in FacilityController----
2026-06-10 08:53:09,697 [42] DEBUG LTCPro.ServiceLayer.Log4net - ---Executing GetUserAccessFacilityNurseStaions() in FacilityService----
2026-06-10 08:53:10,142 [42] DEBUG LTCPro.ServiceLayer.Log4net - ---Executed Successfully GetUserAccessFacilityNurseStaions() in FacilityController----
2026-06-10 08:53:10,176 [48] DEBUG LTCPro.ServiceLayer.Log4net - ---Executing GetUserToken() in UserService----
2026-06-10 08:53:10,866 [48] DEBUG LTCPro.ServiceLayer.Log4net - ---Executing UserNurseStationDrop() in FacilityController----
2026-06-10 08:53:10,866 [48] DEBUG LTCPro.ServiceLayer.Log4net - ---Executing UserNurseStationDrop() in FacilityService----
2026-06-10 08:53:11,338 [48] DEBUG LTCPro.ServiceLayer.Log4net - ---Executed Successfully UserNurseStationDrop() in FacilityController----
2026-06-10 08:53:11,686 [48] DEBUG LTCPro.ServiceLayer.Log4net - ---Executing GetUserToken() in UserService----
2026-06-10 08:53:11,701 [45] DEBUG LTCPro.ServiceLayer.Log4net - ---Executing GetUserToken() in UserService----
2026-06-10 08:53:11,927 [48] DEBUG LTCPro.ServiceLayer.Log4net - ---Executing GetCompanyToBedFlagByFacId() in FacilityController----
2026-06-10 08:53:11,927 [48] DEBUG LTCPro.ServiceLayer.Log4net - ---Executing GetCompanyToBedFlagByFacId() in FacilityService----
2026-06-10 08:53:11,929 [45] DEBUG LTCPro.ServiceLayer.Log4net - ---Executing GetSeventyTwoHourDetailsByfilter() in EMARController----
2026-06-10 08:53:11,930 [45] DEBUG LTCPro.ServiceLayer.Log4net - ---Executing GetSeventyTwoHourDetailsByfilter() in EmarService----
2026-06-10 08:53:11,941 [11] DEBUG LTCPro.ServiceLayer.Log4net - ---Executing GetUserToken() in UserService----
2026-06-10 08:53:11,957 [42] DEBUG LTCPro.ServiceLayer.Log4net - ---Executing GetUserToken() in UserService----
2026-06-10 08:53:12,208 [11] DEBUG LTCPro.ServiceLayer.Log4net - ---Executing OrderEndingSoonStatus() in OrdersController----
2026-06-10 08:53:12,208 [11] DEBUG LTCPro.ServiceLayer.Log4net - ---Executing OrderEndingSoonStatus() in OrdersService----
2026-06-10 08:53:12,208 [42] DEBUG LTCPro.ServiceLayer.Log4net - ---Executing GetOrdersEndingSoon() in OrdersController----
2026-06-10 08:53:12,208 [42] DEBUG LTCPro.ServiceLayer.Log4net - ---Executing GetOrdersEndingSoon() in OrdersService----
2026-06-10 08:53:12,399 [41] DEBUG LTCPro.ServiceLayer.Log4net - ---Executing GetUserToken() in UserService----
2026-06-10 08:53:12,923 [11] DEBUG LTCPro.ServiceLayer.Log4net - ---Executed Successfully OrderEndingSoonStatus() in OrdersController----
2026-06-10 08:53:12,930 [41] DEBUG LTCPro.ServiceLayer.Log4net - ---Executing GetPRNDetailsByfilter() in EMARController----
2026-06-10 08:53:12,930 [41] DEBUG LTCPro.ServiceLayer.Log4net - ---Executing GetPRNDetailsByfilter() in EmarService----
2026-06-10 08:53:12,936 [42] DEBUG LTCPro.ServiceLayer.Log4net - ---Executed Successfully GetOrdersEndingSoon() in OrdersController----
2026-06-10 08:53:13,187 [11] DEBUG LTCPro.ServiceLayer.Log4net - ---Executing GetUserToken() in UserService----
2026-06-10 08:53:13,410 [11] DEBUG LTCPro.ServiceLayer.Log4net - ---Executing GetOrdersGridData() in OrdersController----
2026-06-10 08:53:13,410 [11] DEBUG LTCPro.ServiceLayer.Log4net - ---Executing GetOrdersGridData() in OrdersService----
2026-06-10 08:53:13,626 [48] DEBUG LTCPro.ServiceLayer.Log4net - ---Executed Successfully GetCompanyToBedFlagByFacId() in FacilityController----
2026-06-10 08:53:13,699 [42] DEBUG LTCPro.ServiceLayer.Log4net - ---Executing GetUserToken() in UserService----
2026-06-10 08:53:13,929 [42] DEBUG LTCPro.ServiceLayer.Log4net - ---Executing GetNurseStationHierarchyDetailsbyNsId() in CompanyController----
2026-06-10 08:53:13,929 [42] DEBUG LTCPro.ServiceLayer.Log4net - ---Executing GetNurseStationHierarchyDetailsbyNsId() in CompanyService----
2026-06-10 08:53:14,151 [42] DEBUG LTCPro.ServiceLayer.Log4net - ---Executed Successfully GetNurseStationHierarchyDetailsbyNsId() in CompanyController----
2026-06-10 08:53:16,389 [11] DEBUG LTCPro.ServiceLayer.Log4net - ---Executed Successfully GetOrdersGridData() in OrdersController----
2026-06-10 08:53:16,689 [39] DEBUG LTCPro.ServiceLayer.Log4net - ---Executing GetUserToken() in UserService----
2026-06-10 08:53:16,926 [39] DEBUG LTCPro.ServiceLayer.Log4net - ---Executing GetPendingOrdersGridData() in OrdersController----
2026-06-10 08:53:16,926 [39] DEBUG LTCPro.ServiceLayer.Log4net - ---Executing GetPendingOrdersGridData() in OrdersService----
2026-06-10 08:53:18,079 [38] DEBUG LTCPro.ServiceLayer.Log4net - ---Executing GetUserToken() in UserService----
2026-06-10 08:53:18,093 [42] DEBUG LTCPro.ServiceLayer.Log4net - ---Executing GetUserToken() in UserService----
2026-06-10 08:53:18,305 [38] DEBUG LTCPro.ServiceLayer.Log4net - ---Executing InsertUserActivityDetails() in CompanyController----
2026-06-10 08:53:18,305 [38] DEBUG LTCPro.ServiceLayer.Log4net - ---Executing InsertUserActivityDetails() in UserActivityService----
2026-06-10 08:53:18,316 [42] DEBUG LTCPro.ServiceLayer.Log4net - ---Executing GetUserRecentFacNs() in UserController----
2026-06-10 08:53:18,316 [42] DEBUG LTCPro.ServiceLayer.Log4net - ---Executing GetUserRecentFacNs() in UserService----
2026-06-10 08:53:18,841 [42] DEBUG LTCPro.ServiceLayer.Log4net - ---Executed Successfully GetUserRecentFacNs() in UserController----
2026-06-10 08:53:19,068 [38] DEBUG LTCPro.ServiceLayer.Log4net - ---Executed Successfully InsertUserActivityDetails() in CompanyController----
2026-06-10 08:53:19,568 [38] DEBUG LTCPro.ServiceLayer.Log4net - ---Executing GetUserToken() in UserService----
2026-06-10 08:53:19,592 [42] DEBUG LTCPro.ServiceLayer.Log4net - ---Executing GetUserToken() in UserService----
2026-06-10 08:53:19,735 [39] DEBUG LTCPro.ServiceLayer.Log4net - ---Executed Successfully GetPendingOrdersGridData() in OrdersController----
2026-06-10 08:53:19,793 [38] DEBUG LTCPro.ServiceLayer.Log4net - ---Executing GetUserAccessFacilityNurseStaions() in FacilityController----
2026-06-10 08:53:19,793 [38] DEBUG LTCPro.ServiceLayer.Log4net - ---Executing GetUserAccessFacilityNurseStaions() in FacilityService----
2026-06-10 08:53:19,815 [42] DEBUG LTCPro.ServiceLayer.Log4net - ---Executing UnionBarcodeDetails() in CheckInPharmacyMedsController----
2026-06-10 08:53:19,816 [42] DEBUG LTCPro.ServiceLayer.Log4net - ---Executing UnionBarcodeDetails() in CheckInPharmacyMedsService----
2026-06-10 08:53:20,241 [38] DEBUG LTCPro.ServiceLayer.Log4net - ---Executed Successfully GetUserAccessFacilityNurseStaions() in FacilityController----
2026-06-10 08:53:20,283 [38] DEBUG LTCPro.ServiceLayer.Log4net - ---Executing GetUserToken() in UserService----
2026-06-10 08:53:20,647 [38] DEBUG LTCPro.ServiceLayer.Log4net - ---Executing UserNurseStationDrop() in FacilityController----
2026-06-10 08:53:20,647 [38] DEBUG LTCPro.ServiceLayer.Log4net - ---Executing UserNurseStationDrop() in FacilityService----
2026-06-10 08:53:20,948 [38] DEBUG LTCPro.ServiceLayer.Log4net - ---Executed Successfully UserNurseStationDrop() in FacilityController----
2026-06-10 08:53:21,076 [48] DEBUG LTCPro.ServiceLayer.Log4net - ---Executing GetUserToken() in UserService----
2026-06-10 08:53:21,330 [48] DEBUG LTCPro.ServiceLayer.Log4net - ---Executing GetEkitGridDetails() in CheckInPharmacyMedsController----
2026-06-10 08:53:21,330 [48] DEBUG LTCPro.ServiceLayer.Log4net - ---Executing GetEkitGridDetails() in CheckInPharmacyMedsService----
2026-06-10 08:53:21,858 [42] DEBUG LTCPro.ServiceLayer.Log4net - ---Executed Successfully UnionBarcodeDetails() in CheckInPharmacyMedsController----
2026-06-10 08:53:22,862 [48] DEBUG LTCPro.ServiceLayer.Log4net - ---Executed Successfully GetEkitGridDetails() in CheckInPharmacyMedsController----
2026-06-10 08:53:31,332 [41] DEBUG LTCPro.ServiceLayer.Log4net - ---Executed Successfully GetPRNDetailsByfilter() in EMARController----
2026-06-10 08:53:31,835 [45] DEBUG LTCPro.ServiceLayer.Log4net - ---Executed Successfully GetSeventyTwoHourDetailsByfilter() in EMARController----
2026-06-10 08:53:32,744 [41] DEBUG LTCPro.ServiceLayer.Log4net - ---Executing GetUserToken() in UserService----
2026-06-10 08:53:32,757 [38] DEBUG LTCPro.ServiceLayer.Log4net - ---Executing GetUserToken() in UserService----
2026-06-10 08:53:32,974 [41] DEBUG LTCPro.ServiceLayer.Log4net - ---Executing UserNurseStationDrop() in FacilityController----
2026-06-10 08:53:32,974 [41] DEBUG LTCPro.ServiceLayer.Log4net - ---Executing UserNurseStationDrop() in FacilityService----
2026-06-10 08:53:32,979 [38] DEBUG LTCPro.ServiceLayer.Log4net - ---Executing GetEkitGridDetails() in CheckInPharmacyMedsController----
2026-06-10 08:53:32,979 [38] DEBUG LTCPro.ServiceLayer.Log4net - ---Executing GetEkitGridDetails() in CheckInPharmacyMedsService----
2026-06-10 08:53:33,271 [41] DEBUG LTCPro.ServiceLayer.Log4net - ---Executed Successfully UserNurseStationDrop() in FacilityController----
2026-06-10 08:53:33,272 [38] DEBUG LTCPro.ServiceLayer.Log4net - ---Executed Successfully GetEkitGridDetails() in CheckInPharmacyMedsController----
2026-06-10 08:53:33,345 [11] DEBUG LTCPro.ServiceLayer.Log4net - ---Executing GetUserToken() in UserService----
2026-06-10 08:53:33,604 [11] DEBUG LTCPro.ServiceLayer.Log4net - ---Executing GetEkitGridDetails() in CheckInPharmacyMedsController----
2026-06-10 08:53:33,604 [11] DEBUG LTCPro.ServiceLayer.Log4net - ---Executing GetEkitGridDetails() in CheckInPharmacyMedsService----
2026-06-10 08:53:33,846 [11] DEBUG LTCPro.ServiceLayer.Log4net - ---Executed Successfully GetEkitGridDetails() in CheckInPharmacyMedsController----
2026-06-10 08:57:37,034 [47] DEBUG LTCPro.ServiceLayer.Log4net - ---Executing UsersConfigNurseStationDrop() in FacilityController----
2026-06-10 08:57:37,052 [47] DEBUG LTCPro.ServiceLayer.Log4net - ---Executing UsersConfigNurseStationDrop() in FacilityService----
2026-06-10 08:57:39,369 [47] DEBUG LTCPro.ServiceLayer.Log4net - ---Executed Successfully UsersConfigNurseStationDrop() in FacilityController----
2026-06-10 08:58:38,275 [39] DEBUG LTCPro.ServiceLayer.Log4net - ---Executing UsersConfigNurseStationDrop() in FacilityController----
2026-06-10 08:58:38,276 [39] DEBUG LTCPro.ServiceLayer.Log4net - ---Executing UsersConfigNurseStationDrop() in FacilityService----
2026-06-10 08:58:39,697 [39] DEBUG LTCPro.ServiceLayer.Log4net - ---Executed Successfully UsersConfigNurseStationDrop() in FacilityController----
2026-06-10 08:58:40,351 [47] DEBUG LTCPro.ServiceLayer.Log4net - ---Executing GetProcessKeyMasterList() in FacilityController----
2026-06-10 08:58:40,351 [47] DEBUG LTCPro.ServiceLayer.Log4net - ---Executing GetProcessKeyMasterList() in FacilityService----
2026-06-10 08:58:41,234 [47] DEBUG LTCPro.ServiceLayer.Log4net - ---Executed Successfully GetProcessKeyMasterList() in FacilityController----
2026-06-10 08:58:53,505 [39] DEBUG LTCPro.ServiceLayer.Log4net - ---Executing GetProcessKeyMasterList() in FacilityController----
2026-06-10 08:58:53,505 [39] DEBUG LTCPro.ServiceLayer.Log4net - ---Executing GetProcessKeyMasterList() in FacilityService----
2026-06-10 08:58:53,729 [39] DEBUG LTCPro.ServiceLayer.Log4net - ---Executed Successfully GetProcessKeyMasterList() in FacilityController----
2026-06-10 08:58:55,769 [51] DEBUG LTCPro.ServiceLayer.Log4net - ---Executing CheckUser() in UserService----
2026-06-10 08:58:58,342 [51] DEBUG LTCPro.ServiceLayer.Log4net - ---Executing FindUser() in UserService----
2026-06-10 08:58:58,697 [51] DEBUG LTCPro.ServiceLayer.Log4net - ---Executing InsertUserSession() in UserService----
2026-06-10 08:58:59,683 [51] DEBUG LTCPro.ServiceLayer.Log4net - ---Executing InsertUserToken() in UserService----
2026-06-10 08:59:00,961 [47] DEBUG LTCPro.ServiceLayer.Log4net - ---Executing GetScreenPermissionsForLoggedInUser() in RoleController----
2026-06-10 08:59:00,961 [47] DEBUG LTCPro.ServiceLayer.Log4net - ---Executing GetScreenPermissionsForLoggedInUser() in RoleService----
2026-06-10 08:59:01,086 [49] DEBUG LTCPro.ServiceLayer.Log4net - ---Executing InsertUpdateUserRecentFacNs() in UserController----
2026-06-10 08:59:01,086 [49] DEBUG LTCPro.ServiceLayer.Log4net - ---Executing GetUserRecentFacNs() in UserService----
2026-06-10 08:59:01,217 [47] DEBUG LTCPro.ServiceLayer.Log4net - ---Executed Successfully GetScreenPermissionsForLoggedInUser() in RoleController----
2026-06-10 08:59:01,468 [52] DEBUG LTCPro.ServiceLayer.Log4net - ---Executing GetUserToken() in UserService----
2026-06-10 08:59:01,484 [47] DEBUG LTCPro.ServiceLayer.Log4net - ---Executing GetUserToken() in UserService----
2026-06-10 08:59:01,496 [51] DEBUG LTCPro.ServiceLayer.Log4net - ---Executing GetUserToken() in UserService----
2026-06-10 08:59:01,699 [52] DEBUG LTCPro.ServiceLayer.Log4net - ---Executing GetUserPassedDueFlag() in UserController----
2026-06-10 08:59:01,699 [52] DEBUG LTCPro.ServiceLayer.Log4net - ---Executing GetUserPassedDueFlag() in UserService----
2026-06-10 08:59:01,922 [47] DEBUG LTCPro.ServiceLayer.Log4net - ---Executing GetAlertsDetails() in MailboxController----
2026-06-10 08:59:01,922 [47] DEBUG LTCPro.ServiceLayer.Log4net - ---Executing GetAlertsDetails() in MailboxService----
2026-06-10 08:59:02,151 [51] DEBUG LTCPro.ServiceLayer.Log4net - ---Executing GetDueMARAlertData() in EmarController----
2026-06-10 08:59:02,151 [51] DEBUG LTCPro.ServiceLayer.Log4net - ---Executing GetDueMARAlertData() in EmarService----
2026-06-10 08:59:02,367 [39] DEBUG LTCPro.ServiceLayer.Log4net - ---Executing GetUserToken() in UserService----
2026-06-10 08:59:02,850 [47] DEBUG LTCPro.ServiceLayer.Log4net - ---Executed successfully GetAlertsDetails() in MailboxController----
2026-06-10 08:59:02,870 [47] DEBUG LTCPro.ServiceLayer.Log4net - ---Executing GetUserToken() in UserService----
2026-06-10 08:59:02,880 [39] DEBUG LTCPro.ServiceLayer.Log4net - ---Executing GetReadMailsCount() in MailboxController----
2026-06-10 08:59:02,881 [39] DEBUG LTCPro.ServiceLayer.Log4net - ---Executing GetReadMailsCount() in MailboxService----
2026-06-10 08:59:03,075 [52] DEBUG LTCPro.ServiceLayer.Log4net - ---Executed Successfully GetUserPassedDueFlag() in UserController----
2026-06-10 08:59:03,100 [52] DEBUG LTCPro.ServiceLayer.Log4net - ---Executing GetUserToken() in UserService----
2026-06-10 08:59:03,105 [47] DEBUG LTCPro.ServiceLayer.Log4net - ---Executing GetOutboundErrorDetails() in CommonController----
2026-06-10 08:59:03,105 [47] DEBUG LTCPro.ServiceLayer.Log4net - ---Executing GetOutboundErrorDetails() in CommonService----
2026-06-10 08:59:03,316 [39] DEBUG LTCPro.ServiceLayer.Log4net - ---Executed successfully GetReadMailsCount() in MailboxController----
2026-06-10 08:59:03,352 [52] DEBUG LTCPro.ServiceLayer.Log4net - ---Executing InsertUserActivityDetails() in CompanyController----
2026-06-10 08:59:03,352 [52] DEBUG LTCPro.ServiceLayer.Log4net - ---Executing InsertUserActivityDetails() in UserActivityService----
2026-06-10 08:59:03,356 [21] DEBUG LTCPro.ServiceLayer.Log4net - ---Executing GetUserToken() in UserService----
2026-06-10 08:59:03,378 [39] DEBUG LTCPro.ServiceLayer.Log4net - ---Executing GetUserToken() in UserService----
2026-06-10 08:59:03,685 [49] DEBUG LTCPro.ServiceLayer.Log4net - ---Executing InsertUpdateUserRecentFacNs() in CommonService----
2026-06-10 08:59:03,975 [39] DEBUG LTCPro.ServiceLayer.Log4net - ---Executing GetUserRecentFacNs() in UserController----
2026-06-10 08:59:03,975 [39] DEBUG LTCPro.ServiceLayer.Log4net - ---Executing GetUserRecentFacNs() in UserService----
2026-06-10 08:59:04,233 [21] DEBUG LTCPro.ServiceLayer.Log4net - ---Executing GetPendingDosesList() in CommonController----
2026-06-10 08:59:04,233 [21] DEBUG LTCPro.ServiceLayer.Log4net - ---Executing GetPendingDosesList() in CommonService----
2026-06-10 08:59:05,209 [51] DEBUG LTCPro.ServiceLayer.Log4net - ---Executed Successfully GetDueMARAlertData() in EmarController----
2026-06-10 08:59:05,253 [5] DEBUG LTCPro.ServiceLayer.Log4net - ---Executing GetUserToken() in UserService----
2026-06-10 08:59:05,447 [39] DEBUG LTCPro.ServiceLayer.Log4net - ---Executed Successfully GetUserRecentFacNs() in UserController----
2026-06-10 08:59:05,473 [39] DEBUG LTCPro.ServiceLayer.Log4net - ---Executing GetUserToken() in UserService----
2026-06-10 08:59:05,513 [52] DEBUG LTCPro.ServiceLayer.Log4net - ---Executed Successfully InsertUserActivityDetails() in CompanyController----
2026-06-10 08:59:05,672 [5] DEBUG LTCPro.ServiceLayer.Log4net - ---Executing GetUserActiveCompanyMasterList() in CompanyController----
2026-06-10 08:59:05,673 [5] DEBUG LTCPro.ServiceLayer.Log4net - ---Executing GetActiveCompanyMasterList() in CompanyService----
2026-06-10 08:59:05,736 [39] DEBUG LTCPro.ServiceLayer.Log4net - ---Executing GetUserAccessFacilityNurseStaions() in FacilityController----
2026-06-10 08:59:05,736 [39] DEBUG LTCPro.ServiceLayer.Log4net - ---Executing GetUserAccessFacilityNurseStaions() in FacilityService----
2026-06-10 08:59:06,221 [39] DEBUG LTCPro.ServiceLayer.Log4net - ---Executed Successfully GetUserAccessFacilityNurseStaions() in FacilityController----
2026-06-10 08:59:06,497 [49] DEBUG LTCPro.ServiceLayer.Log4net - ---Executed Successfully InsertUpdateUserRecentFacNs() in UserController----
2026-06-10 08:59:06,618 [21] DEBUG LTCPro.ServiceLayer.Log4net - ---Executed Successfully GetPendingDosesList() in CommonController----
2026-06-10 08:59:08,033 [5] DEBUG LTCPro.ServiceLayer.Log4net - ---Executed Successfully GetUserActiveCompanyMasterList() in CompanyController----
2026-06-10 08:59:15,541 [47] DEBUG LTCPro.ServiceLayer.Log4net - ---Executed Successfully GetOutboundErrorDetails() in CommonController----
2026-06-10 08:59:36,953 [46] DEBUG LTCPro.ServiceLayer.Log4net - ---Executing GetUserToken() in UserService----
2026-06-10 08:59:36,961 [49] DEBUG LTCPro.ServiceLayer.Log4net - ---Executing GetUserToken() in UserService----
2026-06-10 08:59:37,177 [46] DEBUG LTCPro.ServiceLayer.Log4net - ---Executing InsertUserActivityDetails() in CompanyController----
2026-06-10 08:59:37,177 [46] DEBUG LTCPro.ServiceLayer.Log4net - ---Executing InsertUserActivityDetails() in UserActivityService----
2026-06-10 08:59:37,186 [49] DEBUG LTCPro.ServiceLayer.Log4net - ---Executing GetUserRecentFacNs() in UserController----
2026-06-10 08:59:37,187 [49] DEBUG LTCPro.ServiceLayer.Log4net - ---Executing GetUserRecentFacNs() in UserService----
2026-06-10 08:59:37,494 [52] DEBUG LTCPro.ServiceLayer.Log4net - ---Executing GetUserToken() in UserService----
2026-06-10 08:59:37,722 [52] DEBUG LTCPro.ServiceLayer.Log4net - ---Executing OrderEndingSoonStatus() in OrdersController----
2026-06-10 08:59:37,722 [52] DEBUG LTCPro.ServiceLayer.Log4net - ---Executing OrderEndingSoonStatus() in OrdersService----
2026-06-10 08:59:37,755 [49] DEBUG LTCPro.ServiceLayer.Log4net - ---Executed Successfully GetUserRecentFacNs() in UserController----
2026-06-10 08:59:37,821 [21] DEBUG LTCPro.ServiceLayer.Log4net - ---Executing GetUserToken() in UserService----
2026-06-10 08:59:37,924 [46] DEBUG LTCPro.ServiceLayer.Log4net - ---Executed Successfully InsertUserActivityDetails() in CompanyController----
2026-06-10 08:59:38,052 [21] DEBUG LTCPro.ServiceLayer.Log4net - ---Executing GetUserAccessFacilityNurseStaions() in FacilityController----
2026-06-10 08:59:38,052 [21] DEBUG LTCPro.ServiceLayer.Log4net - ---Executing GetUserAccessFacilityNurseStaions() in FacilityService----
2026-06-10 08:59:38,235 [52] DEBUG LTCPro.ServiceLayer.Log4net - ---Executed Successfully OrderEndingSoonStatus() in OrdersController----
2026-06-10 08:59:38,497 [21] DEBUG LTCPro.ServiceLayer.Log4net - ---Executed Successfully GetUserAccessFacilityNurseStaions() in FacilityController----
2026-06-10 08:59:38,524 [51] DEBUG LTCPro.ServiceLayer.Log4net - ---Executing GetUserToken() in UserService----
2026-06-10 08:59:38,780 [51] DEBUG LTCPro.ServiceLayer.Log4net - ---Executing UserNurseStationDrop() in FacilityController----
2026-06-10 08:59:38,780 [51] DEBUG LTCPro.ServiceLayer.Log4net - ---Executing UserNurseStationDrop() in FacilityService----
2026-06-10 08:59:39,005 [51] DEBUG LTCPro.ServiceLayer.Log4net - ---Executed Successfully UserNurseStationDrop() in FacilityController----
2026-06-10 08:59:39,187 [51] DEBUG LTCPro.ServiceLayer.Log4net - ---Executing GetUserToken() in UserService----
2026-06-10 08:59:39,263 [52] DEBUG LTCPro.ServiceLayer.Log4net - ---Executing GetUserToken() in UserService----
2026-06-10 08:59:39,411 [51] DEBUG LTCPro.ServiceLayer.Log4net - ---Executing GetPRNDetailsByfilter() in EMARController----
2026-06-10 08:59:39,411 [51] DEBUG LTCPro.ServiceLayer.Log4net - ---Executing GetPRNDetailsByfilter() in EmarService----
2026-06-10 08:59:39,436 [46] DEBUG LTCPro.ServiceLayer.Log4net - ---Executing GetUserToken() in UserService----
2026-06-10 08:59:39,444 [49] DEBUG LTCPro.ServiceLayer.Log4net - ---Executing GetUserToken() in UserService----
2026-06-10 08:59:39,485 [52] DEBUG LTCPro.ServiceLayer.Log4net - ---Executing GetSeventyTwoHourDetailsByfilter() in EMARController----
2026-06-10 08:59:39,485 [52] DEBUG LTCPro.ServiceLayer.Log4net - ---Executing GetSeventyTwoHourDetailsByfilter() in EmarService----
2026-06-10 08:59:39,659 [46] DEBUG LTCPro.ServiceLayer.Log4net - ---Executing GetOrdersGridData() in OrdersController----
2026-06-10 08:59:39,659 [46] DEBUG LTCPro.ServiceLayer.Log4net - ---Executing GetOrdersGridData() in OrdersService----
2026-06-10 08:59:39,700 [49] DEBUG LTCPro.ServiceLayer.Log4net - ---Executing OrderEndingSoonStatus() in OrdersController----
2026-06-10 08:59:39,700 [49] DEBUG LTCPro.ServiceLayer.Log4net - ---Executing OrderEndingSoonStatus() in OrdersService----
2026-06-10 08:59:40,204 [39] DEBUG LTCPro.ServiceLayer.Log4net - ---Executing GetUserToken() in UserService----
2026-06-10 08:59:40,235 [49] DEBUG LTCPro.ServiceLayer.Log4net - ---Executed Successfully OrderEndingSoonStatus() in OrdersController----
2026-06-10 08:59:40,250 [49] DEBUG LTCPro.ServiceLayer.Log4net - ---Executing GetUserToken() in UserService----
2026-06-10 08:59:40,442 [39] DEBUG LTCPro.ServiceLayer.Log4net - ---Executing GetOrdersEndingSoon() in OrdersController----
2026-06-10 08:59:40,442 [39] DEBUG LTCPro.ServiceLayer.Log4net - ---Executing GetOrdersEndingSoon() in OrdersService----
2026-06-10 08:59:40,479 [49] DEBUG LTCPro.ServiceLayer.Log4net - ---Executing GetCompanyToBedFlagByFacId() in FacilityController----
2026-06-10 08:59:40,479 [49] DEBUG LTCPro.ServiceLayer.Log4net - ---Executing GetCompanyToBedFlagByFacId() in FacilityService----
2026-06-10 08:59:41,008 [39] DEBUG LTCPro.ServiceLayer.Log4net - ---Executed Successfully GetOrdersEndingSoon() in OrdersController----
2026-06-10 08:59:41,924 [49] DEBUG LTCPro.ServiceLayer.Log4net - ---Executed Successfully GetCompanyToBedFlagByFacId() in FacilityController----
2026-06-10 08:59:41,985 [49] DEBUG LTCPro.ServiceLayer.Log4net - ---Executing GetUserToken() in UserService----
2026-06-10 08:59:42,208 [49] DEBUG LTCPro.ServiceLayer.Log4net - ---Executing GetNurseStationHierarchyDetailsbyNsId() in CompanyController----
2026-06-10 08:59:42,208 [49] DEBUG LTCPro.ServiceLayer.Log4net - ---Executing GetNurseStationHierarchyDetailsbyNsId() in CompanyService----
2026-06-10 08:59:42,431 [49] DEBUG LTCPro.ServiceLayer.Log4net - ---Executed Successfully GetNurseStationHierarchyDetailsbyNsId() in CompanyController----
2026-06-10 08:59:42,860 [46] DEBUG LTCPro.ServiceLayer.Log4net - ---Executed Successfully GetOrdersGridData() in OrdersController----
2026-06-10 08:59:43,789 [39] DEBUG LTCPro.ServiceLayer.Log4net - ---Executing GetUserToken() in UserService----
2026-06-10 08:59:44,012 [39] DEBUG LTCPro.ServiceLayer.Log4net - ---Executing GetPendingOrdersGridData() in OrdersController----
2026-06-10 08:59:44,012 [39] DEBUG LTCPro.ServiceLayer.Log4net - ---Executing GetPendingOrdersGridData() in OrdersService----
2026-06-10 08:59:46,674 [39] DEBUG LTCPro.ServiceLayer.Log4net - ---Executed Successfully GetPendingOrdersGridData() in OrdersController----
2026-06-10 08:59:50,640 [49] DEBUG LTCPro.ServiceLayer.Log4net - ---Executing GetUserToken() in UserService----
2026-06-10 08:59:50,646 [39] DEBUG LTCPro.ServiceLayer.Log4net - ---Executing GetUserToken() in UserService----
2026-06-10 08:59:50,863 [49] DEBUG LTCPro.ServiceLayer.Log4net - ---Executing InsertUserActivityDetails() in CompanyController----
2026-06-10 08:59:50,864 [49] DEBUG LTCPro.ServiceLayer.Log4net - ---Executing InsertUserActivityDetails() in UserActivityService----
2026-06-10 08:59:50,929 [39] DEBUG LTCPro.ServiceLayer.Log4net - ---Executing GetUserRecentFacNs() in UserController----
2026-06-10 08:59:50,929 [39] DEBUG LTCPro.ServiceLayer.Log4net - ---Executing GetUserRecentFacNs() in UserService----
2026-06-10 08:59:51,464 [39] DEBUG LTCPro.ServiceLayer.Log4net - ---Executed Successfully GetUserRecentFacNs() in UserController----
2026-06-10 08:59:51,539 [49] DEBUG LTCPro.ServiceLayer.Log4net - ---Executed Successfully InsertUserActivityDetails() in CompanyController----
2026-06-10 08:59:51,565 [44] DEBUG LTCPro.ServiceLayer.Log4net - ---Executing GetUserToken() in UserService----
2026-06-10 08:59:51,582 [40] DEBUG LTCPro.ServiceLayer.Log4net - ---Executing GetUserToken() in UserService----
2026-06-10 08:59:51,804 [44] DEBUG LTCPro.ServiceLayer.Log4net - ---Executing GetUserAccessFacilityNurseStaions() in FacilityController----
2026-06-10 08:59:51,804 [44] DEBUG LTCPro.ServiceLayer.Log4net - ---Executing GetUserAccessFacilityNurseStaions() in FacilityService----
2026-06-10 08:59:51,807 [40] DEBUG LTCPro.ServiceLayer.Log4net - ---Executing UnionBarcodeDetails() in CheckInPharmacyMedsController----
2026-06-10 08:59:51,808 [40] DEBUG LTCPro.ServiceLayer.Log4net - ---Executing UnionBarcodeDetails() in CheckInPharmacyMedsService----
2026-06-10 08:59:52,261 [44] DEBUG LTCPro.ServiceLayer.Log4net - ---Executed Successfully GetUserAccessFacilityNurseStaions() in FacilityController----
2026-06-10 08:59:52,433 [5] DEBUG LTCPro.ServiceLayer.Log4net - ---Executing GetUserToken() in UserService----
2026-06-10 08:59:52,658 [5] DEBUG LTCPro.ServiceLayer.Log4net - ---Executing UserNurseStationDrop() in FacilityController----
2026-06-10 08:59:52,658 [5] DEBUG LTCPro.ServiceLayer.Log4net - ---Executing UserNurseStationDrop() in FacilityService----
2026-06-10 08:59:52,891 [5] DEBUG LTCPro.ServiceLayer.Log4net - ---Executed Successfully UserNurseStationDrop() in FacilityController----
2026-06-10 08:59:52,930 [5] DEBUG LTCPro.ServiceLayer.Log4net - ---Executing GetUserToken() in UserService----
2026-06-10 08:59:53,151 [5] DEBUG LTCPro.ServiceLayer.Log4net - ---Executing GetEkitGridDetails() in CheckInPharmacyMedsController----
2026-06-10 08:59:53,151 [5] DEBUG LTCPro.ServiceLayer.Log4net - ---Executing GetEkitGridDetails() in CheckInPharmacyMedsService----
2026-06-10 08:59:53,760 [40] DEBUG LTCPro.ServiceLayer.Log4net - ---Executed Successfully UnionBarcodeDetails() in CheckInPharmacyMedsController----
2026-06-10 08:59:54,593 [5] DEBUG LTCPro.ServiceLayer.Log4net - ---Executed Successfully GetEkitGridDetails() in CheckInPharmacyMedsController----
2026-06-10 08:59:58,393 [52] DEBUG LTCPro.ServiceLayer.Log4net - ---Executed Successfully GetSeventyTwoHourDetailsByfilter() in EMARController----
2026-06-10 08:59:59,290 [51] DEBUG LTCPro.ServiceLayer.Log4net - ---Executed Successfully GetPRNDetailsByfilter() in EMARController----
2026-06-10 09:00:00,665 [39] DEBUG LTCPro.ServiceLayer.Log4net - ---Executing GetUserToken() in UserService----
2026-06-10 09:00:00,677 [5] DEBUG LTCPro.ServiceLayer.Log4net - ---Executing GetUserToken() in UserService----
2026-06-10 09:00:00,888 [39] DEBUG LTCPro.ServiceLayer.Log4net - ---Executing UserNurseStationDrop() in FacilityController----
2026-06-10 09:00:00,888 [39] DEBUG LTCPro.ServiceLayer.Log4net - ---Executing UserNurseStationDrop() in FacilityService----
2026-06-10 09:00:00,900 [5] DEBUG LTCPro.ServiceLayer.Log4net - ---Executing GetEkitGridDetails() in CheckInPharmacyMedsController----
2026-06-10 09:00:00,900 [5] DEBUG LTCPro.ServiceLayer.Log4net - ---Executing GetEkitGridDetails() in CheckInPharmacyMedsService----
2026-06-10 09:00:01,113 [39] DEBUG LTCPro.ServiceLayer.Log4net - ---Executed Successfully UserNurseStationDrop() in FacilityController----
2026-06-10 09:00:01,124 [5] DEBUG LTCPro.ServiceLayer.Log4net - ---Executed Successfully GetEkitGridDetails() in CheckInPharmacyMedsController----
2026-06-10 09:00:01,156 [43] DEBUG LTCPro.ServiceLayer.Log4net - ---Executing GetUserToken() in UserService----
2026-06-10 09:00:01,378 [43] DEBUG LTCPro.ServiceLayer.Log4net - ---Executing GetEkitGridDetails() in CheckInPharmacyMedsController----
2026-06-10 09:00:01,378 [43] DEBUG LTCPro.ServiceLayer.Log4net - ---Executing GetEkitGridDetails() in CheckInPharmacyMedsService----
2026-06-10 09:00:01,627 [43] DEBUG LTCPro.ServiceLayer.Log4net - ---Executed Successfully GetEkitGridDetails() in CheckInPharmacyMedsController----
2026-06-10 09:00:05,760 [5] DEBUG LTCPro.ServiceLayer.Log4net - ---Executing GetUserToken() in UserService----
