2024-03-18 04:09:42,116 [11] DEBUG LTCPro.ServiceLayer.Log4net - ---Executing UsersConfigNurseStationDrop() in FacilityController----
2024-03-18 04:09:42,245 [11] DEBUG LTCPro.ServiceLayer.Log4net - ---Executing UsersConfigNurseStationDrop() in FacilityService----
2024-03-18 04:09:57,131 [11] DEBUG LTCPro.ServiceLayer.Log4net - ---Executed Successfully UsersConfigNurseStationDrop() in FacilityController----
2024-03-18 04:09:57,575 [8] DEBUG LTCPro.ServiceLayer.Log4net - ---Executing GetProcessKeyMasterList() in FacilityController----
2024-03-18 04:09:57,587 [8] DEBUG LTCPro.ServiceLayer.Log4net - ---Executing GetProcessKeyMasterList() in FacilityService----
2024-03-18 04:09:57,848 [8] DEBUG LTCPro.ServiceLayer.Log4net - ---Executed Successfully GetProcessKeyMasterList() in FacilityController----
2024-03-18 04:10:26,239 [13] DEBUG LTCPro.ServiceLayer.Log4net - ---Executing CheckUser() in UserService----
2024-03-18 04:10:29,535 [13] DEBUG LTCPro.ServiceLayer.Log4net - ---Executing FindUser() in UserService----
2024-03-18 04:10:30,648 [13] DEBUG LTCPro.ServiceLayer.Log4net - ---Executing InsertUserSession() in UserService----
2024-03-18 04:10:33,058 [13] DEBUG LTCPro.ServiceLayer.Log4net - ---Executing InsertUserToken() in UserService----
2024-03-18 04:10:55,433 [8] DEBUG LTCPro.ServiceLayer.Log4net - ---Executing UsersConfigNurseStationDrop() in FacilityController----
2024-03-18 04:10:55,433 [8] DEBUG LTCPro.ServiceLayer.Log4net - ---Executing UsersConfigNurseStationDrop() in FacilityService----
2024-03-18 04:10:55,893 [8] DEBUG LTCPro.ServiceLayer.Log4net - ---Executed Successfully UsersConfigNurseStationDrop() in FacilityController----
2024-03-18 04:10:56,136 [13] DEBUG LTCPro.ServiceLayer.Log4net - ---Executing GetProcessKeyMasterList() in FacilityController----
2024-03-18 04:10:56,136 [13] DEBUG LTCPro.ServiceLayer.Log4net - ---Executing GetProcessKeyMasterList() in FacilityService----
2024-03-18 04:10:56,364 [13] DEBUG LTCPro.ServiceLayer.Log4net - ---Executed Successfully GetProcessKeyMasterList() in FacilityController----
2024-03-18 04:10:58,967 [13] DEBUG LTCPro.ServiceLayer.Log4net - ---Executing CheckUser() in UserService----
2024-03-18 04:11:01,124 [13] DEBUG LTCPro.ServiceLayer.Log4net - ---Executing FindUser() in UserService----
2024-03-18 04:11:01,353 [13] DEBUG LTCPro.ServiceLayer.Log4net - ---Executing InsertUserSession() in UserService----
2024-03-18 04:11:02,038 [13] DEBUG LTCPro.ServiceLayer.Log4net - ---Executing InsertUserToken() in UserService----
2024-03-18 04:11:03,238 [12] DEBUG LTCPro.ServiceLayer.Log4net - ---Executing GetScreenPermissionsForLoggedInUser() in RoleController----
2024-03-18 04:11:03,260 [12] DEBUG LTCPro.ServiceLayer.Log4net - ---Executing GetScreenPermissionsForLoggedInUser() in RoleService----
2024-03-18 04:11:03,282 [14] DEBUG LTCPro.ServiceLayer.Log4net - ---Executing InsertUpdateUserRecentFacNs() in UserController----
2024-03-18 04:11:03,309 [14] DEBUG LTCPro.ServiceLayer.Log4net - ---Executing GetUserRecentFacNs() in UserService----
2024-03-18 04:11:03,539 [12] DEBUG LTCPro.ServiceLayer.Log4net - ---Executed Successfully GetScreenPermissionsForLoggedInUser() in RoleController----
2024-03-18 04:11:03,786 [5] DEBUG LTCPro.ServiceLayer.Log4net - ---Executing GetUserToken() in UserService----
2024-03-18 04:11:03,786 [11] DEBUG LTCPro.ServiceLayer.Log4net - ---Executing GetUserToken() in UserService----
2024-03-18 04:11:03,786 [13] DEBUG LTCPro.ServiceLayer.Log4net - ---Executing GetUserToken() in UserService----
2024-03-18 04:11:03,786 [7] DEBUG LTCPro.ServiceLayer.Log4net - ---Executing GetUserToken() in UserService----
2024-03-18 04:11:03,789 [12] DEBUG LTCPro.ServiceLayer.Log4net - ---Executing GetUserToken() in UserService----
2024-03-18 04:11:04,022 [11] DEBUG LTCPro.ServiceLayer.Log4net - ---Executing GetUserRecentFacNs() in UserController----
2024-03-18 04:11:04,022 [11] DEBUG LTCPro.ServiceLayer.Log4net - ---Executing GetUserRecentFacNs() in UserService----
2024-03-18 04:11:04,240 [13] DEBUG LTCPro.ServiceLayer.Log4net - ---Executing GetAlertsDetails() in MailboxController----
2024-03-18 04:11:04,241 [13] DEBUG LTCPro.ServiceLayer.Log4net - ---Executing GetAlertsDetails() in MailboxService----
2024-03-18 04:11:04,734 [12] DEBUG LTCPro.ServiceLayer.Log4net - ---Executing GetReadMailsCount() in MailboxController----
2024-03-18 04:11:04,751 [12] DEBUG LTCPro.ServiceLayer.Log4net - ---Executing GetReadMailsCount() in MailboxService----
2024-03-18 04:11:05,012 [13] DEBUG LTCPro.ServiceLayer.Log4net - ---Executed successfully GetAlertsDetails() in MailboxController----
2024-03-18 04:11:05,019 [11] DEBUG LTCPro.ServiceLayer.Log4net - ---Executed Successfully GetUserRecentFacNs() in UserController----
2024-03-18 04:11:05,044 [11] DEBUG LTCPro.ServiceLayer.Log4net - ---Executing GetUserToken() in UserService----
2024-03-18 04:11:05,050 [13] DEBUG LTCPro.ServiceLayer.Log4net - ---Executing GetUserToken() in UserService----
2024-03-18 04:11:05,239 [14] DEBUG LTCPro.ServiceLayer.Log4net - ---Executing InsertUpdateUserRecentFacNs() in CommonService----
2024-03-18 04:11:05,288 [12] DEBUG LTCPro.ServiceLayer.Log4net - ---Executed successfully GetReadMailsCount() in MailboxController----
2024-03-18 04:11:05,314 [12] DEBUG LTCPro.ServiceLayer.Log4net - ---Executing GetUserToken() in UserService----
2024-03-18 04:11:05,468 [13] DEBUG LTCPro.ServiceLayer.Log4net - ---Executing GetOutboundErrorDetails() in CommonController----
2024-03-18 04:11:05,469 [13] DEBUG LTCPro.ServiceLayer.Log4net - ---Executing GetOutboundErrorDetails() in CommonService----
2024-03-18 04:11:05,514 [11] DEBUG LTCPro.ServiceLayer.Log4net - ---Executing GetPendingDosesList() in CommonController----
2024-03-18 04:11:05,515 [11] DEBUG LTCPro.ServiceLayer.Log4net - ---Executing GetPendingDosesList() in CommonService----
2024-03-18 04:11:05,672 [5] DEBUG LTCPro.ServiceLayer.Log4net - ---Executing GetUserPassedDueFlag() in UserController----
2024-03-18 04:11:05,672 [5] DEBUG LTCPro.ServiceLayer.Log4net - ---Executing GetUserPassedDueFlag() in UserService----
2024-03-18 04:11:05,852 [12] DEBUG LTCPro.ServiceLayer.Log4net - ---Executing InsertUserActivityDetails() in CompanyController----
2024-03-18 04:11:05,853 [12] DEBUG LTCPro.ServiceLayer.Log4net - ---Executing InsertUserActivityDetails() in UserActivityService----
2024-03-18 04:11:05,920 [5] DEBUG LTCPro.ServiceLayer.Log4net - ---Executed Successfully GetUserPassedDueFlag() in UserController----
2024-03-18 04:11:05,969 [5] DEBUG LTCPro.ServiceLayer.Log4net - ---Executing GetUserToken() in UserService----
2024-03-18 04:11:06,014 [13] DEBUG LTCPro.ServiceLayer.Log4net - ---Executed Successfully GetOutboundErrorDetails() in CommonController----
2024-03-18 04:11:06,046 [13] DEBUG LTCPro.ServiceLayer.Log4net - ---Executing GetUserToken() in UserService----
2024-03-18 04:11:06,168 [11] DEBUG LTCPro.ServiceLayer.Log4net - ---Executed Successfully GetPendingDosesList() in CommonController----
2024-03-18 04:11:06,245 [7] DEBUG LTCPro.ServiceLayer.Log4net - ---Executing GetDueMARAlertData() in EmarController----
2024-03-18 04:11:06,270 [7] DEBUG LTCPro.ServiceLayer.Log4net - ---Executing GetDueMARAlertData() in EmarService----
2024-03-18 04:11:06,388 [13] DEBUG LTCPro.ServiceLayer.Log4net - ---Executing GetUserAccessFacilityNurseStaions() in FacilityController----
2024-03-18 04:11:06,389 [13] DEBUG LTCPro.ServiceLayer.Log4net - ---Executing GetUserAccessFacilityNurseStaions() in FacilityService----
2024-03-18 04:11:06,444 [5] DEBUG LTCPro.ServiceLayer.Log4net - ---Executing GetUserActiveCompanyMasterList() in CompanyController----
2024-03-18 04:11:06,444 [5] DEBUG LTCPro.ServiceLayer.Log4net - ---Executing GetActiveCompanyMasterList() in CompanyService----
2024-03-18 04:11:06,621 [12] DEBUG LTCPro.ServiceLayer.Log4net - ---Executed Successfully InsertUserActivityDetails() in CompanyController----
2024-03-18 04:11:06,790 [7] DEBUG LTCPro.ServiceLayer.Log4net - ---Executed Successfully GetDueMARAlertData() in EmarController----
2024-03-18 04:11:06,907 [13] DEBUG LTCPro.ServiceLayer.Log4net - ---Executed Successfully GetUserAccessFacilityNurseStaions() in FacilityController----
2024-03-18 04:11:07,122 [14] DEBUG LTCPro.ServiceLayer.Log4net - ---Executed Successfully InsertUpdateUserRecentFacNs() in UserController----
2024-03-18 04:11:07,778 [5] DEBUG LTCPro.ServiceLayer.Log4net - ---Executed Successfully GetUserActiveCompanyMasterList() in CompanyController----
2024-03-18 04:11:09,093 [5] DEBUG LTCPro.ServiceLayer.Log4net - ---Executing GetUserToken() in UserService----
2024-03-18 04:11:09,099 [14] DEBUG LTCPro.ServiceLayer.Log4net - ---Executing GetUserToken() in UserService----
2024-03-18 04:11:09,117 [11] DEBUG LTCPro.ServiceLayer.Log4net - ---Executing GetUserToken() in UserService----
2024-03-18 04:11:09,327 [5] DEBUG LTCPro.ServiceLayer.Log4net - ---Executing InsertUserActivityDetails() in CompanyController----
2024-03-18 04:11:09,327 [5] DEBUG LTCPro.ServiceLayer.Log4net - ---Executing InsertUserActivityDetails() in UserActivityService----
2024-03-18 04:11:09,331 [14] DEBUG LTCPro.ServiceLayer.Log4net - ---Executing GetUserRecentFacNs() in UserController----
2024-03-18 04:11:09,331 [14] DEBUG LTCPro.ServiceLayer.Log4net - ---Executing GetUserRecentFacNs() in UserService----
2024-03-18 04:11:09,346 [11] DEBUG LTCPro.ServiceLayer.Log4net - ---Executing GetDueMARAlertData() in EmarController----
2024-03-18 04:11:09,346 [11] DEBUG LTCPro.ServiceLayer.Log4net - ---Executing GetDueMARAlertData() in EmarService----
2024-03-18 04:11:09,786 [14] DEBUG LTCPro.ServiceLayer.Log4net - ---Executed Successfully GetUserRecentFacNs() in UserController----
2024-03-18 04:11:09,802 [11] DEBUG LTCPro.ServiceLayer.Log4net - ---Executed Successfully GetDueMARAlertData() in EmarController----
2024-03-18 04:11:09,818 [12] DEBUG LTCPro.ServiceLayer.Log4net - ---Executing GetUserToken() in UserService----
2024-03-18 04:11:10,020 [5] DEBUG LTCPro.ServiceLayer.Log4net - ---Executed Successfully InsertUserActivityDetails() in CompanyController----
2024-03-18 04:11:10,051 [12] DEBUG LTCPro.ServiceLayer.Log4net - ---Executing GetCompanyToBedData() in FacilityController----
2024-03-18 04:11:10,052 [12] DEBUG LTCPro.ServiceLayer.Log4net - ---Executing GetCompanyToBedData() in FacilityService----
2024-03-18 04:11:12,486 [12] DEBUG LTCPro.ServiceLayer.Log4net - ---Executed Successfully GetCompanyToBedData() in FacilityController----
2024-03-18 04:11:12,519 [8] DEBUG LTCPro.ServiceLayer.Log4net - ---Executing GetUserToken() in UserService----
2024-03-18 04:11:12,750 [8] DEBUG LTCPro.ServiceLayer.Log4net - ---Executing UserNurseStationDrop() in FacilityController----
2024-03-18 04:11:12,751 [8] DEBUG LTCPro.ServiceLayer.Log4net - ---Executing UserNurseStationDrop() in FacilityService----
2024-03-18 04:11:13,000 [8] DEBUG LTCPro.ServiceLayer.Log4net - ---Executed Successfully UserNurseStationDrop() in FacilityController----
2024-03-18 04:11:13,055 [13] DEBUG LTCPro.ServiceLayer.Log4net - ---Executing GetUserToken() in UserService----
2024-03-18 04:11:13,062 [12] DEBUG LTCPro.ServiceLayer.Log4net - ---Executing GetUserToken() in UserService----
2024-03-18 04:11:13,288 [13] DEBUG LTCPro.ServiceLayer.Log4net - ---Executing GetNursingScheduleData() in EmarController----
2024-03-18 04:11:13,289 [13] DEBUG LTCPro.ServiceLayer.Log4net - ---Executing GetNursingScheduleData() in EmarService----
2024-03-18 04:11:13,289 [12] DEBUG LTCPro.ServiceLayer.Log4net - ---Executing GetDrFirstFlagForCompanyByNSId() in CompanyController----
2024-03-18 04:11:13,290 [12] DEBUG LTCPro.ServiceLayer.Log4net - ---Executing GetDrFirstFlagForCompanyByNSId() in CompanyService----
2024-03-18 04:11:13,380 [8] DEBUG LTCPro.ServiceLayer.Log4net - ---Executing GetUserToken() in UserService----
2024-03-18 04:11:13,565 [12] DEBUG LTCPro.ServiceLayer.Log4net - ---Executed Successfully GetDrFirstFlagForCompanyByNSId() in CompanyController----
2024-03-18 04:11:13,657 [11] DEBUG LTCPro.ServiceLayer.Log4net - ---Executing GetUserToken() in UserService----
2024-03-18 04:11:13,747 [8] DEBUG LTCPro.ServiceLayer.Log4net - ---Executing GetPendingOrdersGridData() in OrdersController----
2024-03-18 04:11:13,863 [8] DEBUG LTCPro.ServiceLayer.Log4net - ---Executing GetPendingOrdersGridData() in OrdersService----
2024-03-18 04:11:13,886 [11] DEBUG LTCPro.ServiceLayer.Log4net - ---Executing GetTimeZoneDate() in CommonController----
2024-03-18 04:11:13,886 [11] DEBUG LTCPro.ServiceLayer.Log4net - ---Executing GetTimeZoneDate() in CommonService----
2024-03-18 04:11:14,129 [11] DEBUG LTCPro.ServiceLayer.Log4net - ---Executed Successfully GetTimeZoneDate() in CommonController----
2024-03-18 04:11:15,813 [8] DEBUG LTCPro.ServiceLayer.Log4net - ---Executed Successfully GetPendingOrdersGridData() in OrdersController----
2024-03-18 04:12:18,871 [13] DEBUG LTCPro.ServiceLayer.Log4net - ---Executed Successfully GetNursingScheduleData() in EmarController----
2024-03-18 04:12:18,947 [13] DEBUG LTCPro.ServiceLayer.Log4net - ---Executing GetUserToken() in UserService----
2024-03-18 04:12:19,183 [13] DEBUG LTCPro.ServiceLayer.Log4net - ---Executing GetNurseShiftDrop() in CommonController----
2024-03-18 04:12:19,185 [13] DEBUG LTCPro.ServiceLayer.Log4net - ---Executing GetNurseShiftDrop() in CommonService----
2024-03-18 04:12:19,604 [13] DEBUG LTCPro.ServiceLayer.Log4net - ---Executed Successfully GetNurseShiftDrop() in CommonController----
2024-03-18 04:12:20,941 [14] DEBUG LTCPro.ServiceLayer.Log4net - ---Executing GetUserToken() in UserService----
2024-03-18 04:12:28,250 [14] DEBUG LTCPro.ServiceLayer.Log4net - ---Executing GetEmarResidentGridData() in EmarController----
2024-03-18 04:12:28,253 [14] DEBUG LTCPro.ServiceLayer.Log4net - ---Executing GetEmarResidentGridData() in EmarService----
2024-03-18 04:12:32,377 [14] DEBUG LTCPro.ServiceLayer.Log4net - ---Executed Successfully GetEmarResidentGridData() in EmarController----
2024-03-18 04:12:39,417 [13] DEBUG LTCPro.ServiceLayer.Log4net - ---Executing GetUserToken() in UserService----
2024-03-18 04:12:41,521 [13] DEBUG LTCPro.ServiceLayer.Log4net - ---Executing GetEmarResidentGridData() in EmarController----
2024-03-18 04:12:41,521 [13] DEBUG LTCPro.ServiceLayer.Log4net - ---Executing GetEmarResidentGridData() in EmarService----
2024-03-18 04:12:43,427 [13] DEBUG LTCPro.ServiceLayer.Log4net - ---Executed Successfully GetEmarResidentGridData() in EmarController----
2024-03-18 04:12:49,019 [5] DEBUG LTCPro.ServiceLayer.Log4net - ---Executing GetUserToken() in UserService----
2024-03-18 04:12:51,096 [5] DEBUG LTCPro.ServiceLayer.Log4net - ---Executing GetEmarResidentGridData() in EmarController----
2024-03-18 04:12:51,096 [5] DEBUG LTCPro.ServiceLayer.Log4net - ---Executing GetEmarResidentGridData() in EmarService----
2024-03-18 04:12:53,009 [5] DEBUG LTCPro.ServiceLayer.Log4net - ---Executed Successfully GetEmarResidentGridData() in EmarController----
2024-03-18 04:14:25,624 [14] DEBUG LTCPro.ServiceLayer.Log4net - ---Executing GetUserToken() in UserService----
2024-03-18 04:14:25,630 [12] DEBUG LTCPro.ServiceLayer.Log4net - ---Executing GetUserToken() in UserService----
2024-03-18 04:14:25,645 [15] DEBUG LTCPro.ServiceLayer.Log4net - ---Executing GetUserToken() in UserService----
2024-03-18 04:14:25,660 [13] DEBUG LTCPro.ServiceLayer.Log4net - ---Executing GetUserToken() in UserService----
2024-03-18 04:14:25,666 [5] DEBUG LTCPro.ServiceLayer.Log4net - ---Executing GetUserToken() in UserService----
2024-03-18 04:14:25,867 [12] DEBUG LTCPro.ServiceLayer.Log4net - ---Executing GetUserPassedDueFlag() in UserController----
2024-03-18 04:14:25,867 [14] DEBUG LTCPro.ServiceLayer.Log4net - ---Executing GetAlertsDetails() in MailboxController----
2024-03-18 04:14:25,867 [12] DEBUG LTCPro.ServiceLayer.Log4net - ---Executing GetUserPassedDueFlag() in UserService----
2024-03-18 04:14:25,867 [14] DEBUG LTCPro.ServiceLayer.Log4net - ---Executing GetAlertsDetails() in MailboxService----
2024-03-18 04:14:25,871 [15] DEBUG LTCPro.ServiceLayer.Log4net - ---Executing GetReadMailsCount() in MailboxController----
2024-03-18 04:14:25,871 [15] DEBUG LTCPro.ServiceLayer.Log4net - ---Executing GetReadMailsCount() in MailboxService----
2024-03-18 04:14:25,887 [13] DEBUG LTCPro.ServiceLayer.Log4net - ---Executing GetUserRecentFacNs() in UserController----
2024-03-18 04:14:25,887 [13] DEBUG LTCPro.ServiceLayer.Log4net - ---Executing GetUserRecentFacNs() in UserService----
2024-03-18 04:14:26,093 [12] DEBUG LTCPro.ServiceLayer.Log4net - ---Executed Successfully GetUserPassedDueFlag() in UserController----
2024-03-18 04:14:26,099 [15] DEBUG LTCPro.ServiceLayer.Log4net - ---Executed successfully GetReadMailsCount() in MailboxController----
2024-03-18 04:14:26,113 [12] DEBUG LTCPro.ServiceLayer.Log4net - ---Executing GetUserToken() in UserService----
2024-03-18 04:14:26,127 [15] DEBUG LTCPro.ServiceLayer.Log4net - ---Executing GetUserToken() in UserService----
2024-03-18 04:14:26,373 [12] DEBUG LTCPro.ServiceLayer.Log4net - ---Executing GetPendingDosesList() in CommonController----
2024-03-18 04:14:26,373 [12] DEBUG LTCPro.ServiceLayer.Log4net - ---Executing GetPendingDosesList() in CommonService----
2024-03-18 04:14:26,374 [13] DEBUG LTCPro.ServiceLayer.Log4net - ---Executed Successfully GetUserRecentFacNs() in UserController----
2024-03-18 04:14:26,381 [15] DEBUG LTCPro.ServiceLayer.Log4net - ---Executing InsertUserActivityDetails() in CompanyController----
2024-03-18 04:14:26,381 [15] DEBUG LTCPro.ServiceLayer.Log4net - ---Executing InsertUserActivityDetails() in UserActivityService----
2024-03-18 04:14:26,395 [13] DEBUG LTCPro.ServiceLayer.Log4net - ---Executing GetUserToken() in UserService----
2024-03-18 04:14:26,420 [14] DEBUG LTCPro.ServiceLayer.Log4net - ---Executed successfully GetAlertsDetails() in MailboxController----
2024-03-18 04:14:26,444 [14] DEBUG LTCPro.ServiceLayer.Log4net - ---Executing GetUserToken() in UserService----
2024-03-18 04:14:26,624 [13] DEBUG LTCPro.ServiceLayer.Log4net - ---Executing GetUserRecentFacNs() in UserController----
2024-03-18 04:14:26,624 [13] DEBUG LTCPro.ServiceLayer.Log4net - ---Executing GetUserRecentFacNs() in UserService----
2024-03-18 04:14:26,672 [14] DEBUG LTCPro.ServiceLayer.Log4net - ---Executing GetDueMARAlertData() in EmarController----
2024-03-18 04:14:26,672 [14] DEBUG LTCPro.ServiceLayer.Log4net - ---Executing GetDueMARAlertData() in EmarService----
2024-03-18 04:14:26,790 [12] DEBUG LTCPro.ServiceLayer.Log4net - ---Executed Successfully GetPendingDosesList() in CommonController----
2024-03-18 04:14:27,079 [13] DEBUG LTCPro.ServiceLayer.Log4net - ---Executed Successfully GetUserRecentFacNs() in UserController----
2024-03-18 04:14:27,079 [5] DEBUG LTCPro.ServiceLayer.Log4net - ---Executing GetDueMARAlertData() in EmarController----
2024-03-18 04:14:27,079 [5] DEBUG LTCPro.ServiceLayer.Log4net - ---Executing GetDueMARAlertData() in EmarService----
2024-03-18 04:14:27,094 [15] DEBUG LTCPro.ServiceLayer.Log4net - ---Executed Successfully InsertUserActivityDetails() in CompanyController----
2024-03-18 04:14:27,096 [13] DEBUG LTCPro.ServiceLayer.Log4net - ---Executing GetUserToken() in UserService----
2024-03-18 04:14:27,116 [15] DEBUG LTCPro.ServiceLayer.Log4net - ---Executing GetUserToken() in UserService----
2024-03-18 04:14:27,212 [14] DEBUG LTCPro.ServiceLayer.Log4net - ---Executed Successfully GetDueMARAlertData() in EmarController----
2024-03-18 04:14:27,231 [14] DEBUG LTCPro.ServiceLayer.Log4net - ---Executing GetUserToken() in UserService----
2024-03-18 04:14:27,323 [13] DEBUG LTCPro.ServiceLayer.Log4net - ---Executing GetOutboundErrorDetails() in CommonController----
2024-03-18 04:14:27,323 [13] DEBUG LTCPro.ServiceLayer.Log4net - ---Executing GetOutboundErrorDetails() in CommonService----
2024-03-18 04:14:27,342 [15] DEBUG LTCPro.ServiceLayer.Log4net - ---Executing GetUserAccessFacilityNurseStaions() in FacilityController----
2024-03-18 04:14:27,342 [15] DEBUG LTCPro.ServiceLayer.Log4net - ---Executing GetUserAccessFacilityNurseStaions() in FacilityService----
2024-03-18 04:14:27,441 [5] DEBUG LTCPro.ServiceLayer.Log4net - ---Executed Successfully GetDueMARAlertData() in EmarController----
2024-03-18 04:14:27,459 [14] DEBUG LTCPro.ServiceLayer.Log4net - ---Executing GetCompanyToBedData() in FacilityController----
2024-03-18 04:14:27,459 [14] DEBUG LTCPro.ServiceLayer.Log4net - ---Executing GetCompanyToBedData() in FacilityService----
2024-03-18 04:14:27,794 [15] DEBUG LTCPro.ServiceLayer.Log4net - ---Executed Successfully GetUserAccessFacilityNurseStaions() in FacilityController----
2024-03-18 04:14:27,803 [13] DEBUG LTCPro.ServiceLayer.Log4net - ---Executed Successfully GetOutboundErrorDetails() in CommonController----
2024-03-18 04:14:29,778 [14] DEBUG LTCPro.ServiceLayer.Log4net - ---Executed Successfully GetCompanyToBedData() in FacilityController----
2024-03-18 04:14:29,821 [13] DEBUG LTCPro.ServiceLayer.Log4net - ---Executing GetUserToken() in UserService----
2024-03-18 04:14:30,053 [13] DEBUG LTCPro.ServiceLayer.Log4net - ---Executing UserNurseStationDrop() in FacilityController----
2024-03-18 04:14:30,053 [13] DEBUG LTCPro.ServiceLayer.Log4net - ---Executing UserNurseStationDrop() in FacilityService----
2024-03-18 04:14:30,283 [13] DEBUG LTCPro.ServiceLayer.Log4net - ---Executed Successfully UserNurseStationDrop() in FacilityController----
2024-03-18 04:14:30,373 [5] DEBUG LTCPro.ServiceLayer.Log4net - ---Executing GetUserToken() in UserService----
2024-03-18 04:14:30,380 [13] DEBUG LTCPro.ServiceLayer.Log4net - ---Executing GetUserToken() in UserService----
2024-03-18 04:14:30,564 [14] DEBUG LTCPro.ServiceLayer.Log4net - ---Executing GetUserToken() in UserService----
2024-03-18 04:14:30,602 [5] DEBUG LTCPro.ServiceLayer.Log4net - ---Executing GetNursingScheduleData() in EmarController----
2024-03-18 04:14:30,602 [5] DEBUG LTCPro.ServiceLayer.Log4net - ---Executing GetNursingScheduleData() in EmarService----
2024-03-18 04:14:30,606 [13] DEBUG LTCPro.ServiceLayer.Log4net - ---Executing GetDrFirstFlagForCompanyByNSId() in CompanyController----
2024-03-18 04:14:30,606 [13] DEBUG LTCPro.ServiceLayer.Log4net - ---Executing GetDrFirstFlagForCompanyByNSId() in CompanyService----
2024-03-18 04:14:30,793 [14] DEBUG LTCPro.ServiceLayer.Log4net - ---Executing GetPendingOrdersGridData() in OrdersController----
2024-03-18 04:14:30,793 [14] DEBUG LTCPro.ServiceLayer.Log4net - ---Executing GetPendingOrdersGridData() in OrdersService----
2024-03-18 04:14:30,834 [13] DEBUG LTCPro.ServiceLayer.Log4net - ---Executed Successfully GetDrFirstFlagForCompanyByNSId() in CompanyController----
2024-03-18 04:14:30,859 [12] DEBUG LTCPro.ServiceLayer.Log4net - ---Executing GetUserToken() in UserService----
2024-03-18 04:14:31,134 [12] DEBUG LTCPro.ServiceLayer.Log4net - ---Executing GetTimeZoneDate() in CommonController----
2024-03-18 04:14:31,134 [12] DEBUG LTCPro.ServiceLayer.Log4net - ---Executing GetTimeZoneDate() in CommonService----
2024-03-18 04:14:31,363 [12] DEBUG LTCPro.ServiceLayer.Log4net - ---Executed Successfully GetTimeZoneDate() in CommonController----
2024-03-18 04:14:32,716 [14] DEBUG LTCPro.ServiceLayer.Log4net - ---Executed Successfully GetPendingOrdersGridData() in OrdersController----
2024-03-18 04:15:36,390 [5] DEBUG LTCPro.ServiceLayer.Log4net - ---Executed Successfully GetNursingScheduleData() in EmarController----
2024-03-18 04:15:36,478 [5] DEBUG LTCPro.ServiceLayer.Log4net - ---Executing GetUserToken() in UserService----
2024-03-18 04:15:36,721 [5] DEBUG LTCPro.ServiceLayer.Log4net - ---Executing AutoLogoutUser() in UserService----
2024-03-18 04:15:41,766 [15] DEBUG LTCPro.ServiceLayer.Log4net - ---Executing UsersConfigNurseStationDrop() in FacilityController----
2024-03-18 04:15:41,767 [15] DEBUG LTCPro.ServiceLayer.Log4net - ---Executing UsersConfigNurseStationDrop() in FacilityService----
2024-03-18 04:15:42,224 [15] DEBUG LTCPro.ServiceLayer.Log4net - ---Executed Successfully UsersConfigNurseStationDrop() in FacilityController----
2024-03-18 04:15:42,321 [5] DEBUG LTCPro.ServiceLayer.Log4net - ---Executing GetProcessKeyMasterList() in FacilityController----
2024-03-18 04:15:42,321 [5] DEBUG LTCPro.ServiceLayer.Log4net - ---Executing GetProcessKeyMasterList() in FacilityService----
2024-03-18 04:15:42,547 [5] DEBUG LTCPro.ServiceLayer.Log4net - ---Executed Successfully GetProcessKeyMasterList() in FacilityController----
2024-03-18 04:15:44,149 [5] DEBUG LTCPro.ServiceLayer.Log4net - ---Executing CheckUser() in UserService----
2024-03-18 04:15:46,343 [5] DEBUG LTCPro.ServiceLayer.Log4net - ---Executing FindUser() in UserService----
2024-03-18 04:15:46,577 [5] DEBUG LTCPro.ServiceLayer.Log4net - ---Executing InsertUserSession() in UserService----
2024-03-18 04:15:47,267 [5] DEBUG LTCPro.ServiceLayer.Log4net - ---Executing InsertUserToken() in UserService----
2024-03-18 04:15:48,263 [5] DEBUG LTCPro.ServiceLayer.Log4net - ---Executing InsertUpdateUserRecentFacNs() in UserController----
2024-03-18 04:15:48,263 [5] DEBUG LTCPro.ServiceLayer.Log4net - ---Executing GetUserRecentFacNs() in UserService----
2024-03-18 04:15:48,309 [12] DEBUG LTCPro.ServiceLayer.Log4net - ---Executing GetScreenPermissionsForLoggedInUser() in RoleController----
2024-03-18 04:15:48,309 [12] DEBUG LTCPro.ServiceLayer.Log4net - ---Executing GetScreenPermissionsForLoggedInUser() in RoleService----
2024-03-18 04:15:48,537 [12] DEBUG LTCPro.ServiceLayer.Log4net - ---Executed Successfully GetScreenPermissionsForLoggedInUser() in RoleController----
2024-03-18 04:15:48,650 [12] DEBUG LTCPro.ServiceLayer.Log4net - ---Executing GetUserToken() in UserService----
2024-03-18 04:15:48,653 [17] DEBUG LTCPro.ServiceLayer.Log4net - ---Executing GetUserToken() in UserService----
2024-03-18 04:15:48,656 [15] DEBUG LTCPro.ServiceLayer.Log4net - ---Executing GetUserToken() in UserService----
2024-03-18 04:15:48,663 [16] DEBUG LTCPro.ServiceLayer.Log4net - ---Executing GetUserToken() in UserService----
2024-03-18 04:15:48,664 [6] DEBUG LTCPro.ServiceLayer.Log4net - ---Executing GetUserToken() in UserService----
2024-03-18 04:15:48,716 [5] DEBUG LTCPro.ServiceLayer.Log4net - ---Executing InsertUpdateUserRecentFacNs() in CommonService----
2024-03-18 04:15:48,876 [12] DEBUG LTCPro.ServiceLayer.Log4net - ---Executing GetReadMailsCount() in MailboxController----
2024-03-18 04:15:48,876 [12] DEBUG LTCPro.ServiceLayer.Log4net - ---Executing GetReadMailsCount() in MailboxService----
2024-03-18 04:15:48,879 [17] DEBUG LTCPro.ServiceLayer.Log4net - ---Executing GetAlertsDetails() in MailboxController----
2024-03-18 04:15:48,879 [17] DEBUG LTCPro.ServiceLayer.Log4net - ---Executing GetAlertsDetails() in MailboxService----
2024-03-18 04:15:48,893 [16] DEBUG LTCPro.ServiceLayer.Log4net - ---Executing GetDueMARAlertData() in EmarController----
2024-03-18 04:15:48,893 [16] DEBUG LTCPro.ServiceLayer.Log4net - ---Executing GetDueMARAlertData() in EmarService----
2024-03-18 04:15:48,904 [15] DEBUG LTCPro.ServiceLayer.Log4net - ---Executing GetOutboundErrorDetails() in CommonController----
2024-03-18 04:15:48,904 [15] DEBUG LTCPro.ServiceLayer.Log4net - ---Executing GetOutboundErrorDetails() in CommonService----
2024-03-18 04:15:49,105 [12] DEBUG LTCPro.ServiceLayer.Log4net - ---Executed successfully GetReadMailsCount() in MailboxController----
2024-03-18 04:15:49,122 [12] DEBUG LTCPro.ServiceLayer.Log4net - ---Executing GetUserToken() in UserService----
2024-03-18 04:15:49,169 [5] DEBUG LTCPro.ServiceLayer.Log4net - ---Executed Successfully InsertUpdateUserRecentFacNs() in UserController----
2024-03-18 04:15:49,202 [5] DEBUG LTCPro.ServiceLayer.Log4net - ---Executing GetUserToken() in UserService----
2024-03-18 04:15:49,290 [16] DEBUG LTCPro.ServiceLayer.Log4net - ---Executed Successfully GetDueMARAlertData() in EmarController----
2024-03-18 04:15:49,316 [16] DEBUG LTCPro.ServiceLayer.Log4net - ---Executing GetUserToken() in UserService----
2024-03-18 04:15:49,367 [12] DEBUG LTCPro.ServiceLayer.Log4net - ---Executing GetUserRecentFacNs() in UserController----
2024-03-18 04:15:49,367 [12] DEBUG LTCPro.ServiceLayer.Log4net - ---Executing GetUserRecentFacNs() in UserService----
2024-03-18 04:15:49,382 [15] DEBUG LTCPro.ServiceLayer.Log4net - ---Executed Successfully GetOutboundErrorDetails() in CommonController----
2024-03-18 04:15:49,403 [15] DEBUG LTCPro.ServiceLayer.Log4net - ---Executing GetUserToken() in UserService----
2024-03-18 04:15:49,416 [17] DEBUG LTCPro.ServiceLayer.Log4net - ---Executed successfully GetAlertsDetails() in MailboxController----
2024-03-18 04:15:49,430 [5] DEBUG LTCPro.ServiceLayer.Log4net - ---Executing GetUserActiveCompanyMasterList() in CompanyController----
2024-03-18 04:15:49,430 [5] DEBUG LTCPro.ServiceLayer.Log4net - ---Executing GetActiveCompanyMasterList() in CompanyService----
2024-03-18 04:15:49,542 [16] DEBUG LTCPro.ServiceLayer.Log4net - ---Executing GetPendingDosesList() in CommonController----
2024-03-18 04:15:49,542 [16] DEBUG LTCPro.ServiceLayer.Log4net - ---Executing GetPendingDosesList() in CommonService----
2024-03-18 04:15:49,633 [15] DEBUG LTCPro.ServiceLayer.Log4net - ---Executing InsertUserActivityDetails() in CompanyController----
2024-03-18 04:15:49,633 [15] DEBUG LTCPro.ServiceLayer.Log4net - ---Executing InsertUserActivityDetails() in UserActivityService----
2024-03-18 04:15:49,826 [12] DEBUG LTCPro.ServiceLayer.Log4net - ---Executed Successfully GetUserRecentFacNs() in UserController----
2024-03-18 04:15:49,858 [12] DEBUG LTCPro.ServiceLayer.Log4net - ---Executing GetUserToken() in UserService----
2024-03-18 04:15:49,960 [16] DEBUG LTCPro.ServiceLayer.Log4net - ---Executed Successfully GetPendingDosesList() in CommonController----
2024-03-18 04:15:50,084 [12] DEBUG LTCPro.ServiceLayer.Log4net - ---Executing GetUserAccessFacilityNurseStaions() in FacilityController----
2024-03-18 04:15:50,084 [12] DEBUG LTCPro.ServiceLayer.Log4net - ---Executing GetUserAccessFacilityNurseStaions() in FacilityService----
2024-03-18 04:15:50,308 [15] DEBUG LTCPro.ServiceLayer.Log4net - ---Executed Successfully InsertUserActivityDetails() in CompanyController----
2024-03-18 04:15:50,350 [5] DEBUG LTCPro.ServiceLayer.Log4net - ---Executed Successfully GetUserActiveCompanyMasterList() in CompanyController----
2024-03-18 04:15:50,538 [12] DEBUG LTCPro.ServiceLayer.Log4net - ---Executed Successfully GetUserAccessFacilityNurseStaions() in FacilityController----
2024-03-18 04:15:52,687 [5] DEBUG LTCPro.ServiceLayer.Log4net - ---Executing GetUserToken() in UserService----
2024-03-18 04:15:52,690 [17] DEBUG LTCPro.ServiceLayer.Log4net - ---Executing GetUserToken() in UserService----
2024-03-18 04:15:52,695 [12] DEBUG LTCPro.ServiceLayer.Log4net - ---Executing GetUserToken() in UserService----
2024-03-18 04:15:52,915 [5] DEBUG LTCPro.ServiceLayer.Log4net - ---Executing InsertUserActivityDetails() in CompanyController----
2024-03-18 04:15:52,915 [5] DEBUG LTCPro.ServiceLayer.Log4net - ---Executing InsertUserActivityDetails() in UserActivityService----
2024-03-18 04:15:52,915 [17] DEBUG LTCPro.ServiceLayer.Log4net - ---Executing GetUserRecentFacNs() in UserController----
2024-03-18 04:15:52,915 [17] DEBUG LTCPro.ServiceLayer.Log4net - ---Executing GetUserRecentFacNs() in UserService----
2024-03-18 04:15:52,959 [12] DEBUG LTCPro.ServiceLayer.Log4net - ---Executing GetDueMARAlertData() in EmarController----
2024-03-18 04:15:52,959 [12] DEBUG LTCPro.ServiceLayer.Log4net - ---Executing GetDueMARAlertData() in EmarService----
2024-03-18 04:15:53,371 [17] DEBUG LTCPro.ServiceLayer.Log4net - ---Executed Successfully GetUserRecentFacNs() in UserController----
2024-03-18 04:15:53,377 [12] DEBUG LTCPro.ServiceLayer.Log4net - ---Executed Successfully GetDueMARAlertData() in EmarController----
2024-03-18 04:15:53,398 [17] DEBUG LTCPro.ServiceLayer.Log4net - ---Executing GetUserToken() in UserService----
2024-03-18 04:15:53,598 [5] DEBUG LTCPro.ServiceLayer.Log4net - ---Executed Successfully InsertUserActivityDetails() in CompanyController----
2024-03-18 04:15:53,627 [17] DEBUG LTCPro.ServiceLayer.Log4net - ---Executing GetCompanyToBedData() in FacilityController----
2024-03-18 04:15:53,627 [17] DEBUG LTCPro.ServiceLayer.Log4net - ---Executing GetCompanyToBedData() in FacilityService----
2024-03-18 04:15:55,928 [17] DEBUG LTCPro.ServiceLayer.Log4net - ---Executed Successfully GetCompanyToBedData() in FacilityController----
2024-03-18 04:15:55,966 [12] DEBUG LTCPro.ServiceLayer.Log4net - ---Executing GetUserToken() in UserService----
2024-03-18 04:15:56,194 [12] DEBUG LTCPro.ServiceLayer.Log4net - ---Executing UserNurseStationDrop() in FacilityController----
2024-03-18 04:15:56,194 [12] DEBUG LTCPro.ServiceLayer.Log4net - ---Executing UserNurseStationDrop() in FacilityService----
2024-03-18 04:15:56,427 [12] DEBUG LTCPro.ServiceLayer.Log4net - ---Executed Successfully UserNurseStationDrop() in FacilityController----
2024-03-18 04:15:56,493 [17] DEBUG LTCPro.ServiceLayer.Log4net - ---Executing GetUserToken() in UserService----
2024-03-18 04:15:56,500 [5] DEBUG LTCPro.ServiceLayer.Log4net - ---Executing GetUserToken() in UserService----
2024-03-18 04:15:56,773 [5] DEBUG LTCPro.ServiceLayer.Log4net - ---Executing GetDrFirstFlagForCompanyByNSId() in CompanyController----
2024-03-18 04:15:56,774 [5] DEBUG LTCPro.ServiceLayer.Log4net - ---Executing GetDrFirstFlagForCompanyByNSId() in CompanyService----
2024-03-18 04:15:56,774 [17] DEBUG LTCPro.ServiceLayer.Log4net - ---Executing GetNursingScheduleData() in EmarController----
2024-03-18 04:15:56,774 [17] DEBUG LTCPro.ServiceLayer.Log4net - ---Executing GetNursingScheduleData() in EmarService----
2024-03-18 04:15:56,779 [12] DEBUG LTCPro.ServiceLayer.Log4net - ---Executing GetUserToken() in UserService----
2024-03-18 04:15:57,002 [5] DEBUG LTCPro.ServiceLayer.Log4net - ---Executed Successfully GetDrFirstFlagForCompanyByNSId() in CompanyController----
2024-03-18 04:15:57,007 [12] DEBUG LTCPro.ServiceLayer.Log4net - ---Executing GetPendingOrdersGridData() in OrdersController----
2024-03-18 04:15:57,007 [12] DEBUG LTCPro.ServiceLayer.Log4net - ---Executing GetPendingOrdersGridData() in OrdersService----
2024-03-18 04:15:57,030 [15] DEBUG LTCPro.ServiceLayer.Log4net - ---Executing GetUserToken() in UserService----
2024-03-18 04:15:57,259 [15] DEBUG LTCPro.ServiceLayer.Log4net - ---Executing GetTimeZoneDate() in CommonController----
2024-03-18 04:15:57,259 [15] DEBUG LTCPro.ServiceLayer.Log4net - ---Executing GetTimeZoneDate() in CommonService----
2024-03-18 04:15:57,491 [15] DEBUG LTCPro.ServiceLayer.Log4net - ---Executed Successfully GetTimeZoneDate() in CommonController----
2024-03-18 04:15:58,897 [12] DEBUG LTCPro.ServiceLayer.Log4net - ---Executed Successfully GetPendingOrdersGridData() in OrdersController----
2024-03-18 04:16:00,918 [6] DEBUG LTCPro.ServiceLayer.Log4net - ---Executing GetUserPassedDueFlag() in UserController----
2024-03-18 04:16:00,918 [6] DEBUG LTCPro.ServiceLayer.Log4net - ---Executing GetUserPassedDueFlag() in UserService----
2024-03-18 04:16:01,145 [6] DEBUG LTCPro.ServiceLayer.Log4net - ---Executed Successfully GetUserPassedDueFlag() in UserController----
2024-03-18 04:17:02,055 [17] DEBUG LTCPro.ServiceLayer.Log4net - ---Executed Successfully GetNursingScheduleData() in EmarController----
2024-03-18 04:17:02,147 [16] DEBUG LTCPro.ServiceLayer.Log4net - ---Executing GetUserToken() in UserService----
2024-03-18 04:17:02,374 [16] DEBUG LTCPro.ServiceLayer.Log4net - ---Executing GetNurseShiftDrop() in CommonController----
2024-03-18 04:17:02,374 [16] DEBUG LTCPro.ServiceLayer.Log4net - ---Executing GetNurseShiftDrop() in CommonService----
2024-03-18 04:17:02,718 [16] DEBUG LTCPro.ServiceLayer.Log4net - ---Executed Successfully GetNurseShiftDrop() in CommonController----
2024-03-18 04:17:12,703 [5] DEBUG LTCPro.ServiceLayer.Log4net - ---Executing GetUserToken() in UserService----
2024-03-18 04:17:14,818 [5] DEBUG LTCPro.ServiceLayer.Log4net - ---Executing GetEmarResidentGridData() in EmarController----
2024-03-18 04:17:14,818 [5] DEBUG LTCPro.ServiceLayer.Log4net - ---Executing GetEmarResidentGridData() in EmarService----
2024-03-18 04:17:16,648 [5] DEBUG LTCPro.ServiceLayer.Log4net - ---Executed Successfully GetEmarResidentGridData() in EmarController----
2024-03-18 04:17:18,508 [6] DEBUG LTCPro.ServiceLayer.Log4net - ---Executing GetUserToken() in UserService----
2024-03-18 04:17:20,082 [6] DEBUG LTCPro.ServiceLayer.Log4net - ---Executing GetEmarResidentGridData() in EmarController----
2024-03-18 04:17:20,082 [6] DEBUG LTCPro.ServiceLayer.Log4net - ---Executing GetEmarResidentGridData() in EmarService----
2024-03-18 04:17:22,037 [6] DEBUG LTCPro.ServiceLayer.Log4net - ---Executed Successfully GetEmarResidentGridData() in EmarController----
2024-03-18 04:18:23,849 [16] DEBUG LTCPro.ServiceLayer.Log4net - ---Executing GetUserToken() in UserService----
2024-03-18 04:18:24,022 [19] DEBUG LTCPro.ServiceLayer.Log4net - ---Executing GetUserToken() in UserService----
2024-03-18 04:18:24,058 [17] DEBUG LTCPro.ServiceLayer.Log4net - ---Executing GetUserToken() in UserService----
2024-03-18 04:18:24,074 [16] DEBUG LTCPro.ServiceLayer.Log4net - ---Executing GetResidentInformation() in ResidentDemographicController----
2024-03-18 04:18:24,090 [16] DEBUG LTCPro.ServiceLayer.Log4net - ---Executing GetResidentInformation() in ResidentDemographicService----
2024-03-18 04:18:24,250 [19] DEBUG LTCPro.ServiceLayer.Log4net - ---Executing GetPendingOrdersGridData() in OrdersController----
2024-03-18 04:18:24,250 [19] DEBUG LTCPro.ServiceLayer.Log4net - ---Executing GetPendingOrdersGridData() in OrdersService----
2024-03-18 04:18:24,282 [17] DEBUG LTCPro.ServiceLayer.Log4net - ---Executing GetLiteralOrderGridData() in OrdersController----
2024-03-18 04:18:24,283 [17] DEBUG LTCPro.ServiceLayer.Log4net - ---Executing GetLiteralOrderGridData() in OrdersService----
2024-03-18 04:18:24,883 [17] DEBUG LTCPro.ServiceLayer.Log4net - ---Executed Successfully GetLiteralOrderGridData() in OrdersController----
2024-03-18 04:18:25,945 [19] DEBUG LTCPro.ServiceLayer.Log4net - ---Executed Successfully GetPendingOrdersGridData() in OrdersController----
2024-03-18 04:18:28,077 [16] DEBUG LTCPro.ServiceLayer.Log4net - ---Executed Successfully GetResidentInformation() in ResidentDemographicController----
2024-03-18 04:18:28,177 [19] DEBUG LTCPro.ServiceLayer.Log4net - ---Executing GetUserToken() in UserService----
2024-03-18 04:18:28,190 [16] DEBUG LTCPro.ServiceLayer.Log4net - ---Executing GetUserToken() in UserService----
2024-03-18 04:18:28,196 [17] DEBUG LTCPro.ServiceLayer.Log4net - ---Executing GetUserToken() in UserService----
2024-03-18 04:18:28,403 [5] DEBUG LTCPro.ServiceLayer.Log4net - ---Executing GetUserToken() in UserService----
2024-03-18 04:18:28,411 [19] DEBUG LTCPro.ServiceLayer.Log4net - ---Executing GetEmarOrdersList() in EmarController----
2024-03-18 04:18:28,411 [19] DEBUG LTCPro.ServiceLayer.Log4net - ---Executing GetEmarOrdersList() in Slow Loading Test Start----74_03/18/2024 04:18:28 AM
2024-03-18 04:18:28,412 [19] DEBUG LTCPro.ServiceLayer.Log4net - ---Executing GetEmarOrdersList() in EmarService----
2024-03-18 04:18:28,420 [17] DEBUG LTCPro.ServiceLayer.Log4net - ---Executing GetMedicationReason() in EmarController----
2024-03-18 04:18:28,420 [17] DEBUG LTCPro.ServiceLayer.Log4net - ---Executing GetMedicationReason() in EmarService----
2024-03-18 04:18:28,456 [16] DEBUG LTCPro.ServiceLayer.Log4net - ---Executing GetPatientType() in ResidentDemographicController----
2024-03-18 04:18:28,457 [16] DEBUG LTCPro.ServiceLayer.Log4net - ---Executing GetPatientType() in EmarService----
2024-03-18 04:18:28,628 [5] DEBUG LTCPro.ServiceLayer.Log4net - ---Executing GetDiagnosisDetails() in OrdersController----
2024-03-18 04:18:28,629 [5] DEBUG LTCPro.ServiceLayer.Log4net - ---Executing GetDiagnosisDetails() in OrdersService----
2024-03-18 04:18:28,687 [17] DEBUG LTCPro.ServiceLayer.Log4net - ---Executed Successfully GetMedicationReason() in EmarController----
2024-03-18 04:18:28,716 [16] DEBUG LTCPro.ServiceLayer.Log4net - ---Executed Successfully GetPatientType() in ResidentDemographicController----
2024-03-18 04:18:29,362 [5] DEBUG LTCPro.ServiceLayer.Log4net - ---Executed Successfully GetDiagnosisDetails() in OrdersController----
2024-03-18 04:18:34,547 [19] DEBUG LTCPro.ServiceLayer.Log4net - ---Executed Successfully GetEmarOrdersList() in EmarController----
2024-03-18 04:18:34,547 [19] DEBUG LTCPro.ServiceLayer.Log4net - ---Executing GetEmarOrdersList() in Slow Loading Test end----74_03/18/2024 04:18:34 AM
2024-03-18 04:18:34,657 [17] DEBUG LTCPro.ServiceLayer.Log4net - ---Executing GetUserToken() in UserService----
2024-03-18 04:18:34,657 [19] DEBUG LTCPro.ServiceLayer.Log4net - ---Executing GetUserToken() in UserService----
2024-03-18 04:18:34,697 [18] DEBUG LTCPro.ServiceLayer.Log4net - ---Executing GetUserToken() in UserService----
2024-03-18 04:18:34,713 [16] DEBUG LTCPro.ServiceLayer.Log4net - ---Executing GetUserToken() in UserService----
2024-03-18 04:18:34,716 [6] DEBUG LTCPro.ServiceLayer.Log4net - ---Executing GetUserToken() in UserService----
2024-03-18 04:18:34,741 [5] DEBUG LTCPro.ServiceLayer.Log4net - ---Executing GetUserToken() in UserService----
2024-03-18 04:18:34,885 [17] DEBUG LTCPro.ServiceLayer.Log4net - ---Executing GetVitalsCheckList() in EMARController----
2024-03-18 04:18:34,885 [19] DEBUG LTCPro.ServiceLayer.Log4net - ---Executing GetVitalsCheckList() in EMARController----
2024-03-18 04:18:34,940 [16] DEBUG LTCPro.ServiceLayer.Log4net - ---Executing GetVitalsCheckList() in EMARController----
2024-03-18 04:18:34,940 [18] DEBUG LTCPro.ServiceLayer.Log4net - ---Executing GetVitalsCheckList() in EMARController----
2024-03-18 04:18:34,943 [6] DEBUG LTCPro.ServiceLayer.Log4net - ---Executing GetVitalsCheckList() in EMARController----
2024-03-18 04:18:34,992 [5] DEBUG LTCPro.ServiceLayer.Log4net - ---Executing GetVitalsCheckList() in EMARController----
2024-03-18 04:18:36,734 [19] DEBUG LTCPro.ServiceLayer.Log4net - ---Executed Successfully GetVitalsCheckList() in EMARController----
2024-03-18 04:18:36,800 [19] DEBUG LTCPro.ServiceLayer.Log4net - ---Executing GetUserToken() in UserService----
2024-03-18 04:18:36,964 [16] DEBUG LTCPro.ServiceLayer.Log4net - ---Executed Successfully GetVitalsCheckList() in EMARController----
2024-03-18 04:18:37,011 [16] DEBUG LTCPro.ServiceLayer.Log4net - ---Executing GetUserToken() in UserService----
2024-03-18 04:18:37,189 [6] DEBUG LTCPro.ServiceLayer.Log4net - ---Executed Successfully GetVitalsCheckList() in EMARController----
2024-03-18 04:18:37,192 [17] DEBUG LTCPro.ServiceLayer.Log4net - ---Executed Successfully GetVitalsCheckList() in EMARController----
2024-03-18 04:18:37,222 [19] DEBUG LTCPro.ServiceLayer.Log4net - ---Executing GetVitalsCheckList() in EMARController----
2024-03-18 04:18:37,237 [16] DEBUG LTCPro.ServiceLayer.Log4net - ---Executing GetVitalsCheckList() in EMARController----
2024-03-18 04:18:37,249 [6] DEBUG LTCPro.ServiceLayer.Log4net - ---Executing GetUserToken() in UserService----
2024-03-18 04:18:37,443 [18] DEBUG LTCPro.ServiceLayer.Log4net - ---Executed Successfully GetVitalsCheckList() in EMARController----
2024-03-18 04:18:37,479 [6] DEBUG LTCPro.ServiceLayer.Log4net - ---Executing GetVitalsCheckList() in EMARController----
2024-03-18 04:18:37,894 [19] DEBUG LTCPro.ServiceLayer.Log4net - ---Executed Successfully GetVitalsCheckList() in EMARController----
2024-03-18 04:18:37,915 [5] DEBUG LTCPro.ServiceLayer.Log4net - ---Executed Successfully GetVitalsCheckList() in EMARController----
2024-03-18 04:18:37,918 [16] DEBUG LTCPro.ServiceLayer.Log4net - ---Executed Successfully GetVitalsCheckList() in EMARController----
2024-03-18 04:18:38,156 [6] DEBUG LTCPro.ServiceLayer.Log4net - ---Executed Successfully GetVitalsCheckList() in EMARController----
2024-03-18 04:18:41,639 [19] DEBUG LTCPro.ServiceLayer.Log4net - ---Executing GetUserToken() in UserService----
2024-03-18 04:18:41,641 [16] DEBUG LTCPro.ServiceLayer.Log4net - ---Executing GetUserToken() in UserService----
2024-03-18 04:18:41,835 [5] DEBUG LTCPro.ServiceLayer.Log4net - ---Executing GetUserToken() in UserService----
2024-03-18 04:18:41,864 [19] DEBUG LTCPro.ServiceLayer.Log4net - ---Executing GetVitalsCheckList() in EMARController----
2024-03-18 04:18:41,886 [16] DEBUG LTCPro.ServiceLayer.Log4net - ---Executing GetInsulinCommentsByQuantityId() in CommonController----
2024-03-18 04:18:41,887 [16] DEBUG LTCPro.ServiceLayer.Log4net - ---Executing GetInsulinCommentsByQuantityId() in EmarService----
2024-03-18 04:18:42,064 [5] DEBUG LTCPro.ServiceLayer.Log4net - ---Executing GetNurseNotes() in OrdersController----
2024-03-18 04:18:42,066 [5] DEBUG LTCPro.ServiceLayer.Log4net - ---Executing GetNurseNotes() in OrdersService----
2024-03-18 04:18:42,148 [16] DEBUG LTCPro.ServiceLayer.Log4net - ---Executed Successfully GetInsulinCommentsByQuantityId() in CommonController----
2024-03-18 04:18:42,602 [19] DEBUG LTCPro.ServiceLayer.Log4net - ---Executed Successfully GetVitalsCheckList() in EMARController----
2024-03-18 04:18:43,373 [5] DEBUG LTCPro.ServiceLayer.Log4net - ---Executed Successfully GetNurseNotes() in OrdersController----
2024-03-18 04:18:47,264 [16] DEBUG LTCPro.ServiceLayer.Log4net - ---Executing GetUserToken() in UserService----
2024-03-18 04:18:47,493 [16] DEBUG LTCPro.ServiceLayer.Log4net - ---Executing GetVitalsCheckList() in EMARController----
2024-03-18 04:18:48,172 [16] DEBUG LTCPro.ServiceLayer.Log4net - ---Executed Successfully GetVitalsCheckList() in EMARController----
2024-03-18 04:18:48,208 [19] DEBUG LTCPro.ServiceLayer.Log4net - ---Executing GetUserToken() in UserService----
2024-03-18 04:18:48,500 [19] DEBUG LTCPro.ServiceLayer.Log4net - ---Executing InsertDrugAdminister() in EmarController----
2024-03-18 04:18:48,500 [19] DEBUG LTCPro.ServiceLayer.Log4net - ---Executing InsertDrugAdminister() in EmarService----POrderID, PQuantityID, Medication_ReasonID 25265, 25629,1
2024-03-18 04:18:50,981 [19] DEBUG LTCPro.ServiceLayer.Log4net - ---Executed Successfully InsertDrugAdminister() in EmarController----
2024-03-18 04:18:51,034 [18] DEBUG LTCPro.ServiceLayer.Log4net - ---Executing GetUserToken() in UserService----
2024-03-18 04:18:51,044 [19] DEBUG LTCPro.ServiceLayer.Log4net - ---Executing GetUserToken() in UserService----
2024-03-18 04:18:51,053 [16] DEBUG LTCPro.ServiceLayer.Log4net - ---Executing GetUserToken() in UserService----
2024-03-18 04:18:51,267 [18] DEBUG LTCPro.ServiceLayer.Log4net - ---Executing GetPendingDosesList() in CommonController----
2024-03-18 04:18:51,267 [18] DEBUG LTCPro.ServiceLayer.Log4net - ---Executing GetPendingDosesList() in CommonService----
2024-03-18 04:18:51,269 [19] DEBUG LTCPro.ServiceLayer.Log4net - ---Executing GetEmarOrdersList() in EmarController----
2024-03-18 04:18:51,269 [19] DEBUG LTCPro.ServiceLayer.Log4net - ---Executing GetEmarOrdersList() in Slow Loading Test Start----74_03/18/2024 04:18:51 AM
2024-03-18 04:18:51,269 [19] DEBUG LTCPro.ServiceLayer.Log4net - ---Executing GetEmarOrdersList() in EmarService----
2024-03-18 04:18:51,278 [16] DEBUG LTCPro.ServiceLayer.Log4net - ---Executing GetDueMARAlertData() in EmarController----
2024-03-18 04:18:51,278 [16] DEBUG LTCPro.ServiceLayer.Log4net - ---Executing GetDueMARAlertData() in EmarService----
2024-03-18 04:18:51,806 [16] DEBUG LTCPro.ServiceLayer.Log4net - ---Executed Successfully GetDueMARAlertData() in EmarController----
2024-03-18 04:18:51,865 [18] DEBUG LTCPro.ServiceLayer.Log4net - ---Executed Successfully GetPendingDosesList() in CommonController----
2024-03-18 04:18:56,720 [19] DEBUG LTCPro.ServiceLayer.Log4net - ---Executed Successfully GetEmarOrdersList() in EmarController----
2024-03-18 04:18:56,720 [19] DEBUG LTCPro.ServiceLayer.Log4net - ---Executing GetEmarOrdersList() in Slow Loading Test end----74_03/18/2024 04:18:56 AM
2024-03-18 04:18:56,814 [19] DEBUG LTCPro.ServiceLayer.Log4net - ---Executing GetUserToken() in UserService----
2024-03-18 04:18:56,822 [16] DEBUG LTCPro.ServiceLayer.Log4net - ---Executing GetUserToken() in UserService----
2024-03-18 04:18:56,823 [17] DEBUG LTCPro.ServiceLayer.Log4net - ---Executing GetUserToken() in UserService----
2024-03-18 04:18:56,839 [5] DEBUG LTCPro.ServiceLayer.Log4net - ---Executing GetUserToken() in UserService----
2024-03-18 04:18:56,840 [6] DEBUG LTCPro.ServiceLayer.Log4net - ---Executing GetUserToken() in UserService----
2024-03-18 04:18:56,847 [18] DEBUG LTCPro.ServiceLayer.Log4net - ---Executing GetUserToken() in UserService----
2024-03-18 04:18:57,041 [19] DEBUG LTCPro.ServiceLayer.Log4net - ---Executing GetVitalsCheckList() in EMARController----
2024-03-18 04:18:57,045 [16] DEBUG LTCPro.ServiceLayer.Log4net - ---Executing GetVitalsCheckList() in EMARController----
2024-03-18 04:18:57,050 [17] DEBUG LTCPro.ServiceLayer.Log4net - ---Executing GetVitalsCheckList() in EMARController----
2024-03-18 04:18:57,064 [6] DEBUG LTCPro.ServiceLayer.Log4net - ---Executing GetVitalsCheckList() in EMARController----
2024-03-18 04:18:57,073 [5] DEBUG LTCPro.ServiceLayer.Log4net - ---Executing GetVitalsCheckList() in EMARController----
2024-03-18 04:18:57,075 [18] DEBUG LTCPro.ServiceLayer.Log4net - ---Executing GetVitalsCheckList() in EMARController----
2024-03-18 04:18:57,721 [19] DEBUG LTCPro.ServiceLayer.Log4net - ---Executed Successfully GetVitalsCheckList() in EMARController----
2024-03-18 04:18:57,725 [16] DEBUG LTCPro.ServiceLayer.Log4net - ---Executed Successfully GetVitalsCheckList() in EMARController----
2024-03-18 04:18:57,754 [16] DEBUG LTCPro.ServiceLayer.Log4net - ---Executing GetUserToken() in UserService----
2024-03-18 04:18:57,754 [19] DEBUG LTCPro.ServiceLayer.Log4net - ---Executing GetUserToken() in UserService----
2024-03-18 04:18:57,942 [5] DEBUG LTCPro.ServiceLayer.Log4net - ---Executed Successfully GetVitalsCheckList() in EMARController----
2024-03-18 04:18:57,942 [6] DEBUG LTCPro.ServiceLayer.Log4net - ---Executed Successfully GetVitalsCheckList() in EMARController----
2024-03-18 04:18:57,970 [6] DEBUG LTCPro.ServiceLayer.Log4net - ---Executing GetUserToken() in UserService----
2024-03-18 04:18:57,979 [19] DEBUG LTCPro.ServiceLayer.Log4net - ---Executing GetVitalsCheckList() in EMARController----
2024-03-18 04:18:58,008 [16] DEBUG LTCPro.ServiceLayer.Log4net - ---Executing GetVitalsCheckList() in EMARController----
2024-03-18 04:18:58,162 [18] DEBUG LTCPro.ServiceLayer.Log4net - ---Executed Successfully GetVitalsCheckList() in EMARController----
2024-03-18 04:18:58,201 [6] DEBUG LTCPro.ServiceLayer.Log4net - ---Executing GetVitalsCheckList() in EMARController----
2024-03-18 04:18:58,229 [18] DEBUG LTCPro.ServiceLayer.Log4net - ---Executing GetUserToken() in UserService----
2024-03-18 04:19:00,503 [17] DEBUG LTCPro.ServiceLayer.Log4net - ---Executed Successfully GetVitalsCheckList() in EMARController----
2024-03-18 04:19:00,503 [16] DEBUG LTCPro.ServiceLayer.Log4net - ---Executed Successfully GetVitalsCheckList() in EMARController----
2024-03-18 04:19:00,504 [18] DEBUG LTCPro.ServiceLayer.Log4net - ---Executing GetEmarResidentGridData() in EmarController----
2024-03-18 04:19:00,504 [19] DEBUG LTCPro.ServiceLayer.Log4net - ---Executed Successfully GetVitalsCheckList() in EMARController----
2024-03-18 04:19:00,504 [18] DEBUG LTCPro.ServiceLayer.Log4net - ---Executing GetEmarResidentGridData() in EmarService----
2024-03-18 04:19:00,560 [5] DEBUG LTCPro.ServiceLayer.Log4net - ---Executing GetUserToken() in UserService----
2024-03-18 04:19:00,731 [6] DEBUG LTCPro.ServiceLayer.Log4net - ---Executed Successfully GetVitalsCheckList() in EMARController----
2024-03-18 04:19:00,788 [5] DEBUG LTCPro.ServiceLayer.Log4net - ---Executing GetPendingOrdersGridData() in OrdersController----
2024-03-18 04:19:00,788 [5] DEBUG LTCPro.ServiceLayer.Log4net - ---Executing GetPendingOrdersGridData() in OrdersService----
2024-03-18 04:19:02,450 [18] DEBUG LTCPro.ServiceLayer.Log4net - ---Executed Successfully GetEmarResidentGridData() in EmarController----
2024-03-18 04:19:02,607 [5] DEBUG LTCPro.ServiceLayer.Log4net - ---Executed Successfully GetPendingOrdersGridData() in OrdersController----
2024-03-18 04:51:48,547 [12] DEBUG LTCPro.ServiceLayer.Log4net - ---Executing GetUserToken() in UserService----
2024-03-18 04:51:48,547 [5] DEBUG LTCPro.ServiceLayer.Log4net - ---Executing GetUserToken() in UserService----
2024-03-18 04:51:48,547 [6] DEBUG LTCPro.ServiceLayer.Log4net - ---Executing GetUserToken() in UserService----
2024-03-18 04:51:48,547 [7] DEBUG LTCPro.ServiceLayer.Log4net - ---Executing GetUserToken() in UserService----
2024-03-18 04:51:48,549 [8] DEBUG LTCPro.ServiceLayer.Log4net - ---Executing GetUserToken() in UserService----
2024-03-18 04:51:48,549 [11] DEBUG LTCPro.ServiceLayer.Log4net - ---Executing GetUserToken() in UserService----
2024-03-18 04:51:51,933 [8] DEBUG LTCPro.ServiceLayer.Log4net - ---Executing AutoLogoutUser() in UserService----
2024-03-18 04:51:51,933 [5] DEBUG LTCPro.ServiceLayer.Log4net - ---Executing AutoLogoutUser() in UserService----
2024-03-18 04:51:52,168 [7] DEBUG LTCPro.ServiceLayer.Log4net - ---Executing AutoLogoutUser() in UserService----
2024-03-18 04:51:52,169 [11] DEBUG LTCPro.ServiceLayer.Log4net - ---Executing AutoLogoutUser() in UserService----
2024-03-18 04:51:52,890 [6] DEBUG LTCPro.ServiceLayer.Log4net - ---Executing AutoLogoutUser() in UserService----
2024-03-18 04:51:53,162 [12] DEBUG LTCPro.ServiceLayer.Log4net - ---Executing AutoLogoutUser() in UserService----
2024-03-18 04:51:55,480 [5] DEBUG LTCPro.ServiceLayer.Log4net - ---Executing GetUserToken() in UserService----
2024-03-18 04:51:55,534 [13] DEBUG LTCPro.ServiceLayer.Log4net - ---Executing GetUserToken() in UserService----
2024-03-18 04:51:55,535 [11] DEBUG LTCPro.ServiceLayer.Log4net - ---Executing GetUserToken() in UserService----
2024-03-18 04:51:55,718 [5] DEBUG LTCPro.ServiceLayer.Log4net - ---Executing AutoLogoutUser() in UserService----
2024-03-18 04:51:55,766 [13] DEBUG LTCPro.ServiceLayer.Log4net - ---Executing AutoLogoutUser() in UserService----
2024-03-18 04:51:55,776 [11] DEBUG LTCPro.ServiceLayer.Log4net - ---Executing AutoLogoutUser() in UserService----
2024-03-18 04:51:56,115 [8] DEBUG LTCPro.ServiceLayer.Log4net - ---Executing GetUserToken() in UserService----
2024-03-18 04:51:56,353 [8] DEBUG LTCPro.ServiceLayer.Log4net - ---Executing AutoLogoutUser() in UserService----
2024-03-18 04:51:58,910 [5] DEBUG LTCPro.ServiceLayer.Log4net - ---Executing UsersConfigNurseStationDrop() in FacilityController----
2024-03-18 04:51:58,929 [5] DEBUG LTCPro.ServiceLayer.Log4net - ---Executing UsersConfigNurseStationDrop() in FacilityService----
2024-03-18 04:51:59,581 [5] DEBUG LTCPro.ServiceLayer.Log4net - ---Executed Successfully UsersConfigNurseStationDrop() in FacilityController----
2024-03-18 04:51:59,838 [5] DEBUG LTCPro.ServiceLayer.Log4net - ---Executing GetProcessKeyMasterList() in FacilityController----
2024-03-18 04:51:59,852 [5] DEBUG LTCPro.ServiceLayer.Log4net - ---Executing GetProcessKeyMasterList() in FacilityService----
2024-03-18 04:52:00,099 [5] DEBUG LTCPro.ServiceLayer.Log4net - ---Executed Successfully GetProcessKeyMasterList() in FacilityController----
2024-03-18 04:52:02,898 [5] DEBUG LTCPro.ServiceLayer.Log4net - ---Executing CheckUser() in UserService----
2024-03-18 04:52:05,182 [5] DEBUG LTCPro.ServiceLayer.Log4net - ---Executing FindUser() in UserService----
2024-03-18 04:52:05,702 [5] DEBUG LTCPro.ServiceLayer.Log4net - ---Executing InsertUserSession() in UserService----
2024-03-18 04:52:06,452 [5] DEBUG LTCPro.ServiceLayer.Log4net - ---Executing InsertUserToken() in UserService----
2024-03-18 04:52:07,522 [8] DEBUG LTCPro.ServiceLayer.Log4net - ---Executing InsertUpdateUserRecentFacNs() in UserController----
2024-03-18 04:52:07,537 [6] DEBUG LTCPro.ServiceLayer.Log4net - ---Executing GetScreenPermissionsForLoggedInUser() in RoleController----
2024-03-18 04:52:07,561 [8] DEBUG LTCPro.ServiceLayer.Log4net - ---Executing GetUserRecentFacNs() in UserService----
2024-03-18 04:52:07,564 [6] DEBUG LTCPro.ServiceLayer.Log4net - ---Executing GetScreenPermissionsForLoggedInUser() in RoleService----
2024-03-18 04:52:07,847 [6] DEBUG LTCPro.ServiceLayer.Log4net - ---Executed Successfully GetScreenPermissionsForLoggedInUser() in RoleController----
2024-03-18 04:52:07,939 [13] DEBUG LTCPro.ServiceLayer.Log4net - ---Executing GetUserToken() in UserService----
2024-03-18 04:52:07,954 [5] DEBUG LTCPro.ServiceLayer.Log4net - ---Executing GetUserToken() in UserService----
2024-03-18 04:52:07,963 [7] DEBUG LTCPro.ServiceLayer.Log4net - ---Executing GetUserToken() in UserService----
2024-03-18 04:52:07,979 [6] DEBUG LTCPro.ServiceLayer.Log4net - ---Executing GetUserToken() in UserService----
2024-03-18 04:52:07,979 [11] DEBUG LTCPro.ServiceLayer.Log4net - ---Executing GetUserToken() in UserService----
2024-03-18 04:52:08,170 [8] DEBUG LTCPro.ServiceLayer.Log4net - ---Executing InsertUpdateUserRecentFacNs() in CommonService----
2024-03-18 04:52:08,184 [5] DEBUG LTCPro.ServiceLayer.Log4net - ---Executing GetReadMailsCount() in MailboxController----
2024-03-18 04:52:08,184 [13] DEBUG LTCPro.ServiceLayer.Log4net - ---Executing GetAlertsDetails() in MailboxController----
2024-03-18 04:52:08,193 [7] DEBUG LTCPro.ServiceLayer.Log4net - ---Executing GetUserPassedDueFlag() in UserController----
2024-03-18 04:52:08,193 [7] DEBUG LTCPro.ServiceLayer.Log4net - ---Executing GetUserPassedDueFlag() in UserService----
2024-03-18 04:52:08,194 [13] DEBUG LTCPro.ServiceLayer.Log4net - ---Executing GetAlertsDetails() in MailboxService----
2024-03-18 04:52:08,203 [5] DEBUG LTCPro.ServiceLayer.Log4net - ---Executing GetReadMailsCount() in MailboxService----
2024-03-18 04:52:08,211 [11] DEBUG LTCPro.ServiceLayer.Log4net - ---Executing GetOutboundErrorDetails() in CommonController----
2024-03-18 04:52:08,212 [11] DEBUG LTCPro.ServiceLayer.Log4net - ---Executing GetOutboundErrorDetails() in CommonService----
2024-03-18 04:52:08,240 [6] DEBUG LTCPro.ServiceLayer.Log4net - ---Executing GetDueMARAlertData() in EmarController----
2024-03-18 04:52:08,299 [6] DEBUG LTCPro.ServiceLayer.Log4net - ---Executing GetDueMARAlertData() in EmarService----
2024-03-18 04:52:08,424 [7] DEBUG LTCPro.ServiceLayer.Log4net - ---Executed Successfully GetUserPassedDueFlag() in UserController----
2024-03-18 04:52:08,474 [7] DEBUG LTCPro.ServiceLayer.Log4net - ---Executing GetUserToken() in UserService----
2024-03-18 04:52:08,502 [5] DEBUG LTCPro.ServiceLayer.Log4net - ---Executed successfully GetReadMailsCount() in MailboxController----
2024-03-18 04:52:08,519 [5] DEBUG LTCPro.ServiceLayer.Log4net - ---Executing GetUserToken() in UserService----
2024-03-18 04:52:08,585 [13] DEBUG LTCPro.ServiceLayer.Log4net - ---Executed successfully GetAlertsDetails() in MailboxController----
2024-03-18 04:52:08,611 [14] DEBUG LTCPro.ServiceLayer.Log4net - ---Executing GetUserToken() in UserService----
2024-03-18 04:52:08,658 [8] DEBUG LTCPro.ServiceLayer.Log4net - ---Executed Successfully InsertUpdateUserRecentFacNs() in UserController----
2024-03-18 04:52:08,703 [13] DEBUG LTCPro.ServiceLayer.Log4net - ---Executing GetUserToken() in UserService----
2024-03-18 04:52:08,706 [7] DEBUG LTCPro.ServiceLayer.Log4net - ---Executing GetPendingDosesList() in CommonController----
2024-03-18 04:52:08,707 [7] DEBUG LTCPro.ServiceLayer.Log4net - ---Executing GetPendingDosesList() in CommonService----
2024-03-18 04:52:08,716 [6] DEBUG LTCPro.ServiceLayer.Log4net - ---Executed Successfully GetDueMARAlertData() in EmarController----
2024-03-18 04:52:08,748 [5] DEBUG LTCPro.ServiceLayer.Log4net - ---Executing GetUserRecentFacNs() in UserController----
2024-03-18 04:52:08,748 [5] DEBUG LTCPro.ServiceLayer.Log4net - ---Executing GetUserRecentFacNs() in UserService----
2024-03-18 04:52:08,799 [11] DEBUG LTCPro.ServiceLayer.Log4net - ---Executed Successfully GetOutboundErrorDetails() in CommonController----
2024-03-18 04:52:08,934 [14] DEBUG LTCPro.ServiceLayer.Log4net - ---Executing InsertUserActivityDetails() in CompanyController----
2024-03-18 04:52:08,935 [14] DEBUG LTCPro.ServiceLayer.Log4net - ---Executing InsertUserActivityDetails() in UserActivityService----
2024-03-18 04:52:08,940 [13] DEBUG LTCPro.ServiceLayer.Log4net - ---Executing GetUserActiveCompanyMasterList() in CompanyController----
2024-03-18 04:52:08,941 [13] DEBUG LTCPro.ServiceLayer.Log4net - ---Executing GetActiveCompanyMasterList() in CompanyService----
2024-03-18 04:52:09,206 [5] DEBUG LTCPro.ServiceLayer.Log4net - ---Executed Successfully GetUserRecentFacNs() in UserController----
2024-03-18 04:52:09,249 [8] DEBUG LTCPro.ServiceLayer.Log4net - ---Executing GetUserToken() in UserService----
2024-03-18 04:52:09,505 [8] DEBUG LTCPro.ServiceLayer.Log4net - ---Executing GetUserAccessFacilityNurseStaions() in FacilityController----
2024-03-18 04:52:09,506 [8] DEBUG LTCPro.ServiceLayer.Log4net - ---Executing GetUserAccessFacilityNurseStaions() in FacilityService----
2024-03-18 04:52:09,621 [14] DEBUG LTCPro.ServiceLayer.Log4net - ---Executed Successfully InsertUserActivityDetails() in CompanyController----
2024-03-18 04:52:09,981 [8] DEBUG LTCPro.ServiceLayer.Log4net - ---Executed Successfully GetUserAccessFacilityNurseStaions() in FacilityController----
2024-03-18 04:52:10,117 [13] DEBUG LTCPro.ServiceLayer.Log4net - ---Executed Successfully GetUserActiveCompanyMasterList() in CompanyController----
2024-03-18 04:52:19,317 [5] DEBUG LTCPro.ServiceLayer.Log4net - ---Executing GetUserToken() in UserService----
2024-03-18 04:52:19,328 [12] DEBUG LTCPro.ServiceLayer.Log4net - ---Executing GetUserToken() in UserService----
2024-03-18 04:52:19,333 [11] DEBUG LTCPro.ServiceLayer.Log4net - ---Executing GetUserToken() in UserService----
2024-03-18 04:52:19,550 [5] DEBUG LTCPro.ServiceLayer.Log4net - ---Executing InsertUserActivityDetails() in CompanyController----
2024-03-18 04:52:19,550 [5] DEBUG LTCPro.ServiceLayer.Log4net - ---Executing InsertUserActivityDetails() in UserActivityService----
2024-03-18 04:52:19,557 [12] DEBUG LTCPro.ServiceLayer.Log4net - ---Executing GetUserRecentFacNs() in UserController----
2024-03-18 04:52:19,558 [12] DEBUG LTCPro.ServiceLayer.Log4net - ---Executing GetUserRecentFacNs() in UserService----
2024-03-18 04:52:19,562 [11] DEBUG LTCPro.ServiceLayer.Log4net - ---Executing GetDueMARAlertData() in EmarController----
2024-03-18 04:52:19,562 [11] DEBUG LTCPro.ServiceLayer.Log4net - ---Executing GetDueMARAlertData() in EmarService----
2024-03-18 04:52:19,928 [11] DEBUG LTCPro.ServiceLayer.Log4net - ---Executed Successfully GetDueMARAlertData() in EmarController----
2024-03-18 04:52:20,018 [12] DEBUG LTCPro.ServiceLayer.Log4net - ---Executed Successfully GetUserRecentFacNs() in UserController----
2024-03-18 04:52:20,069 [6] DEBUG LTCPro.ServiceLayer.Log4net - ---Executing GetUserToken() in UserService----
2024-03-18 04:52:20,239 [5] DEBUG LTCPro.ServiceLayer.Log4net - ---Executed Successfully InsertUserActivityDetails() in CompanyController----
2024-03-18 04:52:20,300 [6] DEBUG LTCPro.ServiceLayer.Log4net - ---Executing GetCompanyToBedData() in FacilityController----
2024-03-18 04:52:20,304 [6] DEBUG LTCPro.ServiceLayer.Log4net - ---Executing GetCompanyToBedData() in FacilityService----
2024-03-18 04:52:22,720 [6] DEBUG LTCPro.ServiceLayer.Log4net - ---Executed Successfully GetCompanyToBedData() in FacilityController----
2024-03-18 04:52:22,752 [6] DEBUG LTCPro.ServiceLayer.Log4net - ---Executing GetUserToken() in UserService----
2024-03-18 04:52:22,982 [6] DEBUG LTCPro.ServiceLayer.Log4net - ---Executing UserNurseStationDrop() in FacilityController----
2024-03-18 04:52:22,983 [6] DEBUG LTCPro.ServiceLayer.Log4net - ---Executing UserNurseStationDrop() in FacilityService----
2024-03-18 04:52:23,223 [6] DEBUG LTCPro.ServiceLayer.Log4net - ---Executed Successfully UserNurseStationDrop() in FacilityController----
2024-03-18 04:52:23,319 [6] DEBUG LTCPro.ServiceLayer.Log4net - ---Executing GetUserToken() in UserService----
2024-03-18 04:52:23,327 [5] DEBUG LTCPro.ServiceLayer.Log4net - ---Executing GetUserToken() in UserService----
2024-03-18 04:52:23,414 [7] DEBUG LTCPro.ServiceLayer.Log4net - ---Executed Successfully GetPendingDosesList() in CommonController----
2024-03-18 04:52:23,556 [5] DEBUG LTCPro.ServiceLayer.Log4net - ---Executing GetDrFirstFlagForCompanyByNSId() in CompanyController----
2024-03-18 04:52:23,557 [5] DEBUG LTCPro.ServiceLayer.Log4net - ---Executing GetDrFirstFlagForCompanyByNSId() in CompanyService----
2024-03-18 04:52:23,561 [6] DEBUG LTCPro.ServiceLayer.Log4net - ---Executing GetNursingScheduleData() in EmarController----
2024-03-18 04:52:23,562 [6] DEBUG LTCPro.ServiceLayer.Log4net - ---Executing GetNursingScheduleData() in EmarService----
2024-03-18 04:52:23,568 [13] DEBUG LTCPro.ServiceLayer.Log4net - ---Executing GetUserToken() in UserService----
2024-03-18 04:52:23,821 [5] DEBUG LTCPro.ServiceLayer.Log4net - ---Executed Successfully GetDrFirstFlagForCompanyByNSId() in CompanyController----
2024-03-18 04:52:23,853 [13] DEBUG LTCPro.ServiceLayer.Log4net - ---Executing GetPendingOrdersGridData() in OrdersController----
2024-03-18 04:52:23,856 [7] DEBUG LTCPro.ServiceLayer.Log4net - ---Executing GetUserToken() in UserService----
2024-03-18 04:52:23,879 [13] DEBUG LTCPro.ServiceLayer.Log4net - ---Executing GetPendingOrdersGridData() in OrdersService----
2024-03-18 04:52:24,085 [7] DEBUG LTCPro.ServiceLayer.Log4net - ---Executing GetTimeZoneDate() in CommonController----
2024-03-18 04:52:24,086 [7] DEBUG LTCPro.ServiceLayer.Log4net - ---Executing GetTimeZoneDate() in CommonService----
2024-03-18 04:52:24,336 [7] DEBUG LTCPro.ServiceLayer.Log4net - ---Executed Successfully GetTimeZoneDate() in CommonController----
2024-03-18 04:52:25,819 [13] DEBUG LTCPro.ServiceLayer.Log4net - ---Executed Successfully GetPendingOrdersGridData() in OrdersController----
2024-03-18 04:53:32,210 [6] DEBUG LTCPro.ServiceLayer.Log4net - ---Executed Successfully GetNursingScheduleData() in EmarController----
2024-03-18 04:53:32,302 [7] DEBUG LTCPro.ServiceLayer.Log4net - ---Executing GetUserToken() in UserService----
2024-03-18 04:53:32,530 [7] DEBUG LTCPro.ServiceLayer.Log4net - ---Executing GetNurseShiftDrop() in CommonController----
2024-03-18 04:53:32,531 [7] DEBUG LTCPro.ServiceLayer.Log4net - ---Executing GetNurseShiftDrop() in CommonService----
2024-03-18 04:53:32,904 [7] DEBUG LTCPro.ServiceLayer.Log4net - ---Executed Successfully GetNurseShiftDrop() in CommonController----
2024-03-18 04:54:19,788 [7] DEBUG LTCPro.ServiceLayer.Log4net - ---Executing GetUserToken() in UserService----
2024-03-18 04:54:23,104 [7] DEBUG LTCPro.ServiceLayer.Log4net - ---Executing GetEmarResidentGridData() in EmarController----
2024-03-18 04:54:23,109 [7] DEBUG LTCPro.ServiceLayer.Log4net - ---Executing GetEmarResidentGridData() in EmarService----
2024-03-18 04:54:26,008 [7] DEBUG LTCPro.ServiceLayer.Log4net - ---Executed Successfully GetEmarResidentGridData() in EmarController----
2024-03-18 04:55:38,733 [8] DEBUG LTCPro.ServiceLayer.Log4net - ---Executing GetUserToken() in UserService----
2024-03-18 04:55:38,963 [8] DEBUG LTCPro.ServiceLayer.Log4net - ---Executing GetOrdersGridData() in OrdersController----
2024-03-18 04:55:38,964 [8] DEBUG LTCPro.ServiceLayer.Log4net - ---Executing GetOrdersGridData() in OrdersService----
2024-03-18 04:55:39,456 [8] DEBUG LTCPro.ServiceLayer.Log4net - ---Executed Successfully GetOrdersGridData() in OrdersController----
