2023-10-13 12:02:43,113 [12] DEBUG LTCPro.ServiceLayer.Log4net - ---Executing UsersConfigNurseStationDrop() in FacilityController----
2023-10-13 12:02:43,184 [12] DEBUG LTCPro.ServiceLayer.Log4net - ---Executing UsersConfigNurseStationDrop() in FacilityService----
2023-10-13 12:02:46,770 [12] DEBUG LTCPro.ServiceLayer.Log4net - ---Executed Successfully UsersConfigNurseStationDrop() in FacilityController----
2023-10-13 12:02:47,087 [8] DEBUG LTCPro.ServiceLayer.Log4net - ---Executing GetProcessKeyMasterList() in FacilityController----
2023-10-13 12:02:47,110 [8] DEBUG LTCPro.ServiceLayer.Log4net - ---Executing GetProcessKeyMasterList() in FacilityService----
2023-10-13 12:02:47,359 [8] DEBUG LTCPro.ServiceLayer.Log4net - ---Executed Successfully GetProcessKeyMasterList() in FacilityController----
2023-10-13 12:03:01,035 [11] DEBUG LTCPro.ServiceLayer.Log4net - ---Executing CheckUser() in UserService----
2023-10-13 12:03:03,520 [11] DEBUG LTCPro.ServiceLayer.Log4net - ---Executing FindUser() in UserService----
2023-10-13 12:03:03,873 [11] DEBUG LTCPro.ServiceLayer.Log4net - ---Executing InsertUserSession() in UserService----
2023-10-13 12:03:04,757 [11] DEBUG LTCPro.ServiceLayer.Log4net - ---Executing InsertUserToken() in UserService----
2023-10-13 12:03:05,932 [8] DEBUG LTCPro.ServiceLayer.Log4net - ---Executing GetScreenPermissionsForLoggedInUser() in RoleController----
2023-10-13 12:03:05,932 [8] DEBUG LTCPro.ServiceLayer.Log4net - ---Executing GetScreenPermissionsForLoggedInUser() in RoleService----
2023-10-13 12:03:05,939 [5] DEBUG LTCPro.ServiceLayer.Log4net - ---Executing InsertUpdateUserRecentFacNs() in UserController----
2023-10-13 12:03:05,971 [5] DEBUG LTCPro.ServiceLayer.Log4net - ---Executing GetUserRecentFacNs() in UserService----
2023-10-13 12:03:06,181 [8] DEBUG LTCPro.ServiceLayer.Log4net - ---Executed Successfully GetScreenPermissionsForLoggedInUser() in RoleController----
2023-10-13 12:03:06,353 [8] DEBUG LTCPro.ServiceLayer.Log4net - ---Executing GetUserToken() in UserService----
2023-10-13 12:03:06,437 [12] DEBUG LTCPro.ServiceLayer.Log4net - ---Executing GetUserToken() in UserService----
2023-10-13 12:03:06,439 [6] DEBUG LTCPro.ServiceLayer.Log4net - ---Executing GetUserToken() in UserService----
2023-10-13 12:03:06,446 [13] DEBUG LTCPro.ServiceLayer.Log4net - ---Executing GetUserToken() in UserService----
2023-10-13 12:03:06,446 [11] DEBUG LTCPro.ServiceLayer.Log4net - ---Executing GetUserToken() in UserService----
2023-10-13 12:03:06,673 [8] DEBUG LTCPro.ServiceLayer.Log4net - ---Executing InsertUserActivityDetails() in CompanyController----
2023-10-13 12:03:06,675 [8] DEBUG LTCPro.ServiceLayer.Log4net - ---Executing InsertUserActivityDetails() in UserActivityService----
2023-10-13 12:03:06,806 [11] DEBUG LTCPro.ServiceLayer.Log4net - ---Executing GetAlertsDetails() in MailboxController----
2023-10-13 12:03:06,820 [11] DEBUG LTCPro.ServiceLayer.Log4net - ---Executing GetAlertsDetails() in MailboxService----
2023-10-13 12:03:07,435 [8] DEBUG LTCPro.ServiceLayer.Log4net - ---Executed Successfully InsertUserActivityDetails() in CompanyController----
2023-10-13 12:03:07,463 [14] DEBUG LTCPro.ServiceLayer.Log4net - ---Executing GetUserToken() in UserService----
2023-10-13 12:03:07,666 [11] DEBUG LTCPro.ServiceLayer.Log4net - ---Executed successfully GetAlertsDetails() in MailboxController----
2023-10-13 12:03:07,692 [11] DEBUG LTCPro.ServiceLayer.Log4net - ---Executing GetUserToken() in UserService----
2023-10-13 12:03:07,697 [13] DEBUG LTCPro.ServiceLayer.Log4net - ---Executing GetDueMARAlertData() in EmarController----
2023-10-13 12:03:07,711 [13] DEBUG LTCPro.ServiceLayer.Log4net - ---Executing GetDueMARAlertData() in EmarService----
2023-10-13 12:03:07,901 [6] DEBUG LTCPro.ServiceLayer.Log4net - ---Executing GetReadMailsCount() in MailboxController----
2023-10-13 12:03:07,902 [6] DEBUG LTCPro.ServiceLayer.Log4net - ---Executing GetReadMailsCount() in MailboxService----
2023-10-13 12:03:07,907 [5] DEBUG LTCPro.ServiceLayer.Log4net - ---Executing InsertUpdateUserRecentFacNs() in CommonService----
2023-10-13 12:03:08,118 [11] DEBUG LTCPro.ServiceLayer.Log4net - ---Executing GetPendingDosesList() in CommonController----
2023-10-13 12:03:08,118 [11] DEBUG LTCPro.ServiceLayer.Log4net - ---Executing GetPendingDosesList() in CommonService----
2023-10-13 12:03:08,283 [13] DEBUG LTCPro.ServiceLayer.Log4net - ---Executed Successfully GetDueMARAlertData() in EmarController----
2023-10-13 12:03:08,302 [8] DEBUG LTCPro.ServiceLayer.Log4net - ---Executing GetUserToken() in UserService----
2023-10-13 12:03:08,421 [12] DEBUG LTCPro.ServiceLayer.Log4net - ---Executing GetUserPassedDueFlag() in UserController----
2023-10-13 12:03:08,421 [12] DEBUG LTCPro.ServiceLayer.Log4net - ---Executing GetUserPassedDueFlag() in UserService----
2023-10-13 12:03:08,579 [8] DEBUG LTCPro.ServiceLayer.Log4net - ---Executing GetUserRecentFacNs() in UserController----
2023-10-13 12:03:08,579 [8] DEBUG LTCPro.ServiceLayer.Log4net - ---Executing GetUserRecentFacNs() in UserService----
2023-10-13 12:03:08,657 [5] DEBUG LTCPro.ServiceLayer.Log4net - ---Executed Successfully InsertUpdateUserRecentFacNs() in UserController----
2023-10-13 12:03:08,732 [5] DEBUG LTCPro.ServiceLayer.Log4net - ---Executing GetUserToken() in UserService----
2023-10-13 12:03:08,830 [12] DEBUG LTCPro.ServiceLayer.Log4net - ---Executed Successfully GetUserPassedDueFlag() in UserController----
2023-10-13 12:03:08,848 [11] DEBUG LTCPro.ServiceLayer.Log4net - ---Executed Successfully GetPendingDosesList() in CommonController----
2023-10-13 12:03:09,018 [5] DEBUG LTCPro.ServiceLayer.Log4net - ---Executing GetUserActiveCompanyMasterList() in CompanyController----
2023-10-13 12:03:09,020 [5] DEBUG LTCPro.ServiceLayer.Log4net - ---Executing GetActiveCompanyMasterList() in CompanyService----
2023-10-13 12:03:09,064 [14] DEBUG LTCPro.ServiceLayer.Log4net - ---Executing GetOutboundErrorDetails() in CommonController----
2023-10-13 12:03:09,065 [14] DEBUG LTCPro.ServiceLayer.Log4net - ---Executing GetOutboundErrorDetails() in CommonService----
2023-10-13 12:03:09,092 [8] DEBUG LTCPro.ServiceLayer.Log4net - ---Executed Successfully GetUserRecentFacNs() in UserController----
2023-10-13 12:03:09,129 [8] DEBUG LTCPro.ServiceLayer.Log4net - ---Executing GetUserToken() in UserService----
2023-10-13 12:03:09,346 [8] DEBUG LTCPro.ServiceLayer.Log4net - ---Executing GetUserAccessFacilityNurseStaions() in FacilityController----
2023-10-13 12:03:09,347 [8] DEBUG LTCPro.ServiceLayer.Log4net - ---Executing GetUserAccessFacilityNurseStaions() in FacilityService----
2023-10-13 12:03:09,490 [14] DEBUG LTCPro.ServiceLayer.Log4net - ---Executed Successfully GetOutboundErrorDetails() in CommonController----
2023-10-13 12:03:09,556 [6] DEBUG LTCPro.ServiceLayer.Log4net - ---Executed successfully GetReadMailsCount() in MailboxController----
2023-10-13 12:03:09,815 [8] DEBUG LTCPro.ServiceLayer.Log4net - ---Executed Successfully GetUserAccessFacilityNurseStaions() in FacilityController----
2023-10-13 12:03:09,957 [5] DEBUG LTCPro.ServiceLayer.Log4net - ---Executed Successfully GetUserActiveCompanyMasterList() in CompanyController----
2023-10-13 12:03:48,035 [5] DEBUG LTCPro.ServiceLayer.Log4net - ---Executing GetUserToken() in UserService----
2023-10-13 12:03:48,040 [14] DEBUG LTCPro.ServiceLayer.Log4net - ---Executing GetUserToken() in UserService----
2023-10-13 12:03:48,257 [5] DEBUG LTCPro.ServiceLayer.Log4net - ---Executing AutoLogoutUser() in UserService----
2023-10-13 12:03:48,264 [14] DEBUG LTCPro.ServiceLayer.Log4net - ---Executing AutoLogoutUser() in UserService----
2023-10-13 12:03:51,100 [5] DEBUG LTCPro.ServiceLayer.Log4net - ---Executing UsersConfigNurseStationDrop() in FacilityController----
2023-10-13 12:03:51,100 [5] DEBUG LTCPro.ServiceLayer.Log4net - ---Executing UsersConfigNurseStationDrop() in FacilityService----
2023-10-13 12:03:51,547 [5] DEBUG LTCPro.ServiceLayer.Log4net - ---Executed Successfully UsersConfigNurseStationDrop() in FacilityController----
2023-10-13 12:03:51,637 [8] DEBUG LTCPro.ServiceLayer.Log4net - ---Executing GetProcessKeyMasterList() in FacilityController----
2023-10-13 12:03:51,637 [8] DEBUG LTCPro.ServiceLayer.Log4net - ---Executing GetProcessKeyMasterList() in FacilityService----
2023-10-13 12:03:51,873 [8] DEBUG LTCPro.ServiceLayer.Log4net - ---Executed Successfully GetProcessKeyMasterList() in FacilityController----
2023-10-13 12:04:01,176 [12] DEBUG LTCPro.ServiceLayer.Log4net - ---Executing CheckUser() in UserService----
2023-10-13 12:04:03,246 [12] DEBUG LTCPro.ServiceLayer.Log4net - ---Executing FindUser() in UserService----
2023-10-13 12:04:03,469 [12] DEBUG LTCPro.ServiceLayer.Log4net - ---Executing InsertUserSession() in UserService----
2023-10-13 12:04:04,139 [12] DEBUG LTCPro.ServiceLayer.Log4net - ---Executing InsertUserToken() in UserService----
2023-10-13 12:04:05,050 [12] DEBUG LTCPro.ServiceLayer.Log4net - ---Executing InsertUpdateUserRecentFacNs() in UserController----
2023-10-13 12:04:05,050 [12] DEBUG LTCPro.ServiceLayer.Log4net - ---Executing GetUserRecentFacNs() in UserService----
2023-10-13 12:04:05,099 [8] DEBUG LTCPro.ServiceLayer.Log4net - ---Executing GetScreenPermissionsForLoggedInUser() in RoleController----
2023-10-13 12:04:05,099 [8] DEBUG LTCPro.ServiceLayer.Log4net - ---Executing GetScreenPermissionsForLoggedInUser() in RoleService----
2023-10-13 12:04:05,318 [8] DEBUG LTCPro.ServiceLayer.Log4net - ---Executed Successfully GetScreenPermissionsForLoggedInUser() in RoleController----
2023-10-13 12:04:05,443 [15] DEBUG LTCPro.ServiceLayer.Log4net - ---Executing GetUserToken() in UserService----
2023-10-13 12:04:05,458 [14] DEBUG LTCPro.ServiceLayer.Log4net - ---Executing GetUserToken() in UserService----
2023-10-13 12:04:05,547 [18] DEBUG LTCPro.ServiceLayer.Log4net - ---Executing GetUserToken() in UserService----
2023-10-13 12:04:05,548 [12] DEBUG LTCPro.ServiceLayer.Log4net - ---Executing InsertUpdateUserRecentFacNs() in CommonService----
2023-10-13 12:04:05,551 [16] DEBUG LTCPro.ServiceLayer.Log4net - ---Executing GetUserToken() in UserService----
2023-10-13 12:04:05,555 [19] DEBUG LTCPro.ServiceLayer.Log4net - ---Executing GetUserToken() in UserService----
2023-10-13 12:04:05,662 [15] DEBUG LTCPro.ServiceLayer.Log4net - ---Executing GetAlertsDetails() in MailboxController----
2023-10-13 12:04:05,662 [15] DEBUG LTCPro.ServiceLayer.Log4net - ---Executing GetAlertsDetails() in MailboxService----
2023-10-13 12:04:05,680 [14] DEBUG LTCPro.ServiceLayer.Log4net - ---Executing GetReadMailsCount() in MailboxController----
2023-10-13 12:04:05,680 [14] DEBUG LTCPro.ServiceLayer.Log4net - ---Executing GetReadMailsCount() in MailboxService----
2023-10-13 12:04:05,766 [18] DEBUG LTCPro.ServiceLayer.Log4net - ---Executing GetUserPassedDueFlag() in UserController----
2023-10-13 12:04:05,766 [18] DEBUG LTCPro.ServiceLayer.Log4net - ---Executing GetUserPassedDueFlag() in UserService----
2023-10-13 12:04:05,880 [19] DEBUG LTCPro.ServiceLayer.Log4net - ---Executing GetDueMARAlertData() in EmarController----
2023-10-13 12:04:05,881 [19] DEBUG LTCPro.ServiceLayer.Log4net - ---Executing GetDueMARAlertData() in EmarService----
2023-10-13 12:04:05,982 [14] DEBUG LTCPro.ServiceLayer.Log4net - ---Executed successfully GetReadMailsCount() in MailboxController----
2023-10-13 12:04:05,994 [12] DEBUG LTCPro.ServiceLayer.Log4net - ---Executed Successfully InsertUpdateUserRecentFacNs() in UserController----
2023-10-13 12:04:06,011 [5] DEBUG LTCPro.ServiceLayer.Log4net - ---Executing GetUserToken() in UserService----
2023-10-13 12:04:06,014 [8] DEBUG LTCPro.ServiceLayer.Log4net - ---Executing GetUserToken() in UserService----
2023-10-13 12:04:06,099 [18] DEBUG LTCPro.ServiceLayer.Log4net - ---Executed Successfully GetUserPassedDueFlag() in UserController----
2023-10-13 12:04:06,111 [14] DEBUG LTCPro.ServiceLayer.Log4net - ---Executing GetUserToken() in UserService----
2023-10-13 12:04:06,143 [15] DEBUG LTCPro.ServiceLayer.Log4net - ---Executed successfully GetAlertsDetails() in MailboxController----
2023-10-13 12:04:06,182 [15] DEBUG LTCPro.ServiceLayer.Log4net - ---Executing GetUserToken() in UserService----
2023-10-13 12:04:06,237 [5] DEBUG LTCPro.ServiceLayer.Log4net - ---Executing GetUserRecentFacNs() in UserController----
2023-10-13 12:04:06,237 [5] DEBUG LTCPro.ServiceLayer.Log4net - ---Executing GetUserRecentFacNs() in UserService----
2023-10-13 12:04:06,328 [8] DEBUG LTCPro.ServiceLayer.Log4net - ---Executing GetPendingDosesList() in CommonController----
2023-10-13 12:04:06,328 [8] DEBUG LTCPro.ServiceLayer.Log4net - ---Executing GetPendingDosesList() in CommonService----
2023-10-13 12:04:06,374 [14] DEBUG LTCPro.ServiceLayer.Log4net - ---Executing InsertUserActivityDetails() in CompanyController----
2023-10-13 12:04:06,375 [14] DEBUG LTCPro.ServiceLayer.Log4net - ---Executing InsertUserActivityDetails() in UserActivityService----
2023-10-13 12:04:06,464 [15] DEBUG LTCPro.ServiceLayer.Log4net - ---Executing GetUserActiveCompanyMasterList() in CompanyController----
2023-10-13 12:04:06,464 [15] DEBUG LTCPro.ServiceLayer.Log4net - ---Executing GetActiveCompanyMasterList() in CompanyService----
2023-10-13 12:04:06,508 [19] DEBUG LTCPro.ServiceLayer.Log4net - ---Executed Successfully GetDueMARAlertData() in EmarController----
2023-10-13 12:04:06,770 [5] DEBUG LTCPro.ServiceLayer.Log4net - ---Executed Successfully GetUserRecentFacNs() in UserController----
2023-10-13 12:04:06,793 [5] DEBUG LTCPro.ServiceLayer.Log4net - ---Executing GetUserToken() in UserService----
2023-10-13 12:04:06,879 [16] DEBUG LTCPro.ServiceLayer.Log4net - ---Executing GetOutboundErrorDetails() in CommonController----
2023-10-13 12:04:06,879 [16] DEBUG LTCPro.ServiceLayer.Log4net - ---Executing GetOutboundErrorDetails() in CommonService----
2023-10-13 12:04:07,010 [5] DEBUG LTCPro.ServiceLayer.Log4net - ---Executing GetUserAccessFacilityNurseStaions() in FacilityController----
2023-10-13 12:04:07,010 [5] DEBUG LTCPro.ServiceLayer.Log4net - ---Executing GetUserAccessFacilityNurseStaions() in FacilityService----
2023-10-13 12:04:07,079 [8] DEBUG LTCPro.ServiceLayer.Log4net - ---Executed Successfully GetPendingDosesList() in CommonController----
2023-10-13 12:04:07,119 [14] DEBUG LTCPro.ServiceLayer.Log4net - ---Executed Successfully InsertUserActivityDetails() in CompanyController----
2023-10-13 12:04:07,393 [16] DEBUG LTCPro.ServiceLayer.Log4net - ---Executed Successfully GetOutboundErrorDetails() in CommonController----
2023-10-13 12:04:07,404 [15] DEBUG LTCPro.ServiceLayer.Log4net - ---Executed Successfully GetUserActiveCompanyMasterList() in CompanyController----
2023-10-13 12:04:07,457 [5] DEBUG LTCPro.ServiceLayer.Log4net - ---Executed Successfully GetUserAccessFacilityNurseStaions() in FacilityController----
2023-10-13 12:04:08,638 [12] DEBUG LTCPro.ServiceLayer.Log4net - ---Executing GetUserToken() in UserService----
2023-10-13 12:04:08,645 [5] DEBUG LTCPro.ServiceLayer.Log4net - ---Executing GetUserToken() in UserService----
2023-10-13 12:04:08,859 [12] DEBUG LTCPro.ServiceLayer.Log4net - ---Executing InsertUserActivityDetails() in CompanyController----
2023-10-13 12:04:08,859 [12] DEBUG LTCPro.ServiceLayer.Log4net - ---Executing InsertUserActivityDetails() in UserActivityService----
2023-10-13 12:04:08,863 [5] DEBUG LTCPro.ServiceLayer.Log4net - ---Executing GetUserRecentFacNs() in UserController----
2023-10-13 12:04:08,863 [5] DEBUG LTCPro.ServiceLayer.Log4net - ---Executing GetUserRecentFacNs() in UserService----
2023-10-13 12:04:09,298 [5] DEBUG LTCPro.ServiceLayer.Log4net - ---Executed Successfully GetUserRecentFacNs() in UserController----
2023-10-13 12:04:09,341 [17] DEBUG LTCPro.ServiceLayer.Log4net - ---Executing GetUserToken() in UserService----
2023-10-13 12:04:09,511 [12] DEBUG LTCPro.ServiceLayer.Log4net - ---Executed Successfully InsertUserActivityDetails() in CompanyController----
2023-10-13 12:04:09,558 [17] DEBUG LTCPro.ServiceLayer.Log4net - ---Executing GetUserAccessFacilityNurseStaions() in FacilityController----
2023-10-13 12:04:09,558 [17] DEBUG LTCPro.ServiceLayer.Log4net - ---Executing GetUserAccessFacilityNurseStaions() in FacilityService----
2023-10-13 12:04:09,996 [17] DEBUG LTCPro.ServiceLayer.Log4net - ---Executed Successfully GetUserAccessFacilityNurseStaions() in FacilityController----
2023-10-13 12:04:10,023 [5] DEBUG LTCPro.ServiceLayer.Log4net - ---Executing GetUserToken() in UserService----
2023-10-13 12:04:10,262 [5] DEBUG LTCPro.ServiceLayer.Log4net - ---Executing UserNurseStationDrop() in FacilityController----
2023-10-13 12:04:10,263 [5] DEBUG LTCPro.ServiceLayer.Log4net - ---Executing UserNurseStationDrop() in FacilityService----
2023-10-13 12:04:10,490 [5] DEBUG LTCPro.ServiceLayer.Log4net - ---Executed Successfully UserNurseStationDrop() in FacilityController----
2023-10-13 12:04:10,542 [19] DEBUG LTCPro.ServiceLayer.Log4net - ---Executing GetUserToken() in UserService----
2023-10-13 12:04:10,633 [18] DEBUG LTCPro.ServiceLayer.Log4net - ---Executing GetUserToken() in UserService----
2023-10-13 12:04:10,759 [19] DEBUG LTCPro.ServiceLayer.Log4net - ---Executing GetCompanyToBedFlagByFacId() in FacilityController----
2023-10-13 12:04:10,761 [19] DEBUG LTCPro.ServiceLayer.Log4net - ---Executing GetCompanyToBedFlagByFacId() in FacilityService----
2023-10-13 12:04:10,850 [18] DEBUG LTCPro.ServiceLayer.Log4net - ---Executing GetResidentsByCompanyBed() in ResidentDemographicController----
2023-10-13 12:04:10,916 [18] DEBUG LTCPro.ServiceLayer.Log4net - ---Executing GetResidentsByCompanyBed() in ResidentDemographicService----
2023-10-13 12:04:12,318 [19] DEBUG LTCPro.ServiceLayer.Log4net - ---Executed Successfully GetCompanyToBedFlagByFacId() in FacilityController----
2023-10-13 12:04:12,422 [5] DEBUG LTCPro.ServiceLayer.Log4net - ---Executing GetUserToken() in UserService----
2023-10-13 12:04:12,641 [5] DEBUG LTCPro.ServiceLayer.Log4net - ---Executing GetNurseStationHierarchyDetailsbyNsId() in CompanyController----
2023-10-13 12:04:12,642 [5] DEBUG LTCPro.ServiceLayer.Log4net - ---Executing GetNurseStationHierarchyDetailsbyNsId() in CompanyService----
2023-10-13 12:04:12,899 [5] DEBUG LTCPro.ServiceLayer.Log4net - ---Executed Successfully GetNurseStationHierarchyDetailsbyNsId() in CompanyController----
2023-10-13 12:04:14,400 [18] DEBUG LTCPro.ServiceLayer.Log4net - ---Executed Successfully GetResidentsByCompanyBed() in ResidentDemographicController----
2023-10-13 12:04:16,163 [14] DEBUG LTCPro.ServiceLayer.Log4net - ---Executing GetUserToken() in UserService----
2023-10-13 12:04:16,193 [5] DEBUG LTCPro.ServiceLayer.Log4net - ---Executing GetUserToken() in UserService----
2023-10-13 12:04:16,194 [8] DEBUG LTCPro.ServiceLayer.Log4net - ---Executing GetUserToken() in UserService----
2023-10-13 12:04:16,201 [19] DEBUG LTCPro.ServiceLayer.Log4net - ---Executing GetUserToken() in UserService----
2023-10-13 12:04:16,210 [17] DEBUG LTCPro.ServiceLayer.Log4net - ---Executing GetUserToken() in UserService----
2023-10-13 12:04:16,211 [18] DEBUG LTCPro.ServiceLayer.Log4net - ---Executing GetUserToken() in UserService----
2023-10-13 12:04:16,383 [14] DEBUG LTCPro.ServiceLayer.Log4net - ---Executing InsertUserActivityDetails() in CompanyController----
2023-10-13 12:04:16,384 [14] DEBUG LTCPro.ServiceLayer.Log4net - ---Executing InsertUserActivityDetails() in UserActivityService----
2023-10-13 12:04:16,418 [8] DEBUG LTCPro.ServiceLayer.Log4net - ---Executing GetResidentAdmitDischargeData() in ResidentDemographicController----
2023-10-13 12:04:16,418 [5] DEBUG LTCPro.ServiceLayer.Log4net - ---Executing GetFacilityNSResidentsDataByPId() in ResidentDemographicController----
2023-10-13 12:04:16,420 [8] DEBUG LTCPro.ServiceLayer.Log4net - ---Executing GetResidentAdmitDischargeData() in ResidentDemographicService----
2023-10-13 12:04:16,420 [5] DEBUG LTCPro.ServiceLayer.Log4net - ---Executing GetFacilityNSResidentsDataByPId() in ResidentDemographicService----
2023-10-13 12:04:16,426 [19] DEBUG LTCPro.ServiceLayer.Log4net - ---Executing InsertUserActivityDetails() in CompanyController----
2023-10-13 12:04:16,426 [19] DEBUG LTCPro.ServiceLayer.Log4net - ---Executing InsertUserActivityDetails() in UserActivityService----
2023-10-13 12:04:16,431 [17] DEBUG LTCPro.ServiceLayer.Log4net - ---Executing InsertUserActivityDetails() in CompanyController----
2023-10-13 12:04:16,431 [17] DEBUG LTCPro.ServiceLayer.Log4net - ---Executing InsertUserActivityDetails() in UserActivityService----
2023-10-13 12:04:16,716 [8] DEBUG LTCPro.ServiceLayer.Log4net - ---Executed Successfully GetResidentAdmitDischargeData() in ResidentDemographicController----
2023-10-13 12:04:16,744 [8] DEBUG LTCPro.ServiceLayer.Log4net - ---Executing GetUserToken() in UserService----
2023-10-13 12:04:16,963 [8] DEBUG LTCPro.ServiceLayer.Log4net - ---Executing InsertUserActivityDetails() in CompanyController----
2023-10-13 12:04:16,964 [8] DEBUG LTCPro.ServiceLayer.Log4net - ---Executing InsertUserActivityDetails() in UserActivityService----
2023-10-13 12:04:17,033 [14] DEBUG LTCPro.ServiceLayer.Log4net - ---Executed Successfully InsertUserActivityDetails() in CompanyController----
2023-10-13 12:04:17,074 [14] DEBUG LTCPro.ServiceLayer.Log4net - ---Executing GetUserToken() in UserService----
2023-10-13 12:04:17,082 [19] DEBUG LTCPro.ServiceLayer.Log4net - ---Executed Successfully InsertUserActivityDetails() in CompanyController----
2023-10-13 12:04:17,089 [17] DEBUG LTCPro.ServiceLayer.Log4net - ---Executed Successfully InsertUserActivityDetails() in CompanyController----
2023-10-13 12:04:17,125 [19] DEBUG LTCPro.ServiceLayer.Log4net - ---Executing GetUserToken() in UserService----
2023-10-13 12:04:17,129 [17] DEBUG LTCPro.ServiceLayer.Log4net - ---Executing GetUserToken() in UserService----
2023-10-13 12:04:17,291 [14] DEBUG LTCPro.ServiceLayer.Log4net - ---Executing GetResidentInformation() in ResidentDemographicController----
2023-10-13 12:04:17,292 [14] DEBUG LTCPro.ServiceLayer.Log4net - ---Executing GetResidentInformation() in ResidentDemographicService----
2023-10-13 12:04:17,313 [18] DEBUG LTCPro.ServiceLayer.Log4net - ---Executing GetResidentAdmitDischargeData() in ResidentDemographicController----
2023-10-13 12:04:17,313 [18] DEBUG LTCPro.ServiceLayer.Log4net - ---Executing GetResidentAdmitDischargeData() in ResidentDemographicService----
2023-10-13 12:04:17,346 [19] DEBUG LTCPro.ServiceLayer.Log4net - ---Executing GetResidentAllergies() in ResidentDemographicController----
2023-10-13 12:04:17,346 [17] DEBUG LTCPro.ServiceLayer.Log4net - ---Executing GetResidentDiagnosisInfo() in ResidentDemographicController----
2023-10-13 12:04:17,362 [19] DEBUG LTCPro.ServiceLayer.Log4net - ---Executing GetResidentAllergies() in AllergyInfoService----
2023-10-13 12:04:17,372 [17] DEBUG LTCPro.ServiceLayer.Log4net - ---Executing GetResidentDiagnosisInfo() in DiagnosisInfoService----
2023-10-13 12:04:17,533 [18] DEBUG LTCPro.ServiceLayer.Log4net - ---Executed Successfully GetResidentAdmitDischargeData() in ResidentDemographicController----
2023-10-13 12:04:17,596 [19] DEBUG LTCPro.ServiceLayer.Log4net - ---Executed Successfully GetResidentAllergies() in ResidentDemographicController----
2023-10-13 12:04:17,604 [17] DEBUG LTCPro.ServiceLayer.Log4net - ---Executed Successfully GetResidentDiagnosisInfo() in ResidentDemographicController----
2023-10-13 12:04:17,621 [8] DEBUG LTCPro.ServiceLayer.Log4net - ---Executed Successfully InsertUserActivityDetails() in CompanyController----
2023-10-13 12:04:18,074 [5] DEBUG LTCPro.ServiceLayer.Log4net - ---Executed Successfully GetFacilityNSResidentsDataByPId() in ResidentDemographicController----
2023-10-13 12:04:18,136 [8] DEBUG LTCPro.ServiceLayer.Log4net - ---Executing GetUserToken() in UserService----
2023-10-13 12:04:18,355 [8] DEBUG LTCPro.ServiceLayer.Log4net - ---Executing GetResidentInformation() in ResidentDemographicController----
2023-10-13 12:04:18,356 [8] DEBUG LTCPro.ServiceLayer.Log4net - ---Executing GetResidentInformation() in ResidentDemographicService----
2023-10-13 12:04:20,926 [14] DEBUG LTCPro.ServiceLayer.Log4net - ---Executed Successfully GetResidentInformation() in ResidentDemographicController----
2023-10-13 12:04:21,856 [8] DEBUG LTCPro.ServiceLayer.Log4net - ---Executed Successfully GetResidentInformation() in ResidentDemographicController----
2023-10-13 12:04:21,910 [12] DEBUG LTCPro.ServiceLayer.Log4net - ---Executing GetUserToken() in UserService----
2023-10-13 12:04:21,917 [8] DEBUG LTCPro.ServiceLayer.Log4net - ---Executing GetUserToken() in UserService----
2023-10-13 12:04:22,041 [15] DEBUG LTCPro.ServiceLayer.Log4net - ---Executing GetUserToken() in UserService----
2023-10-13 12:04:22,042 [16] DEBUG LTCPro.ServiceLayer.Log4net - ---Executing GetUserToken() in UserService----
2023-10-13 12:04:22,042 [5] DEBUG LTCPro.ServiceLayer.Log4net - ---Executing GetUserToken() in UserService----
2023-10-13 12:04:22,061 [19] DEBUG LTCPro.ServiceLayer.Log4net - ---Executing GetUserToken() in UserService----
2023-10-13 12:04:22,140 [12] DEBUG LTCPro.ServiceLayer.Log4net - ---Executing GetPatientTypeByID() in CommonController----
2023-10-13 12:04:22,141 [12] DEBUG LTCPro.ServiceLayer.Log4net - ---Executing GetPatientTypeDrop() in CommonService----
2023-10-13 12:04:22,162 [8] DEBUG LTCPro.ServiceLayer.Log4net - ---Executing GetWeightList(Patient_Id) in AssessmentController----
2023-10-13 12:04:22,162 [8] DEBUG LTCPro.ServiceLayer.Log4net - ---Executing GetWeightList() in AssessmentService----
2023-10-13 12:04:22,262 [16] DEBUG LTCPro.ServiceLayer.Log4net - ---Executing GetResidentAdmitDischargeData() in ResidentDemographicController----
2023-10-13 12:04:22,262 [16] DEBUG LTCPro.ServiceLayer.Log4net - ---Executing GetResidentAdmitDischargeData() in ResidentDemographicService----
2023-10-13 12:04:22,264 [15] DEBUG LTCPro.ServiceLayer.Log4net - ---Executing GetResidentInformation() in ResidentDemographicController----
2023-10-13 12:04:22,265 [15] DEBUG LTCPro.ServiceLayer.Log4net - ---Executing GetResidentInformation() in ResidentDemographicService----
2023-10-13 12:04:22,266 [5] DEBUG LTCPro.ServiceLayer.Log4net - ---Executing GetResidentAllergies() in ResidentDemographicController----
2023-10-13 12:04:22,266 [5] DEBUG LTCPro.ServiceLayer.Log4net - ---Executing GetResidentAllergies() in AllergyInfoService----
2023-10-13 12:04:22,278 [19] DEBUG LTCPro.ServiceLayer.Log4net - ---Executing GetResidentDiagnosisInfo() in ResidentDemographicController----
2023-10-13 12:04:22,279 [19] DEBUG LTCPro.ServiceLayer.Log4net - ---Executing GetResidentDiagnosisInfo() in DiagnosisInfoService----
2023-10-13 12:04:22,483 [16] DEBUG LTCPro.ServiceLayer.Log4net - ---Executed Successfully GetResidentAdmitDischargeData() in ResidentDemographicController----
2023-10-13 12:04:22,483 [5] DEBUG LTCPro.ServiceLayer.Log4net - ---Executed Successfully GetResidentAllergies() in ResidentDemographicController----
2023-10-13 12:04:22,496 [19] DEBUG LTCPro.ServiceLayer.Log4net - ---Executed Successfully GetResidentDiagnosisInfo() in ResidentDemographicController----
2023-10-13 12:04:23,242 [12] DEBUG LTCPro.ServiceLayer.Log4net - ---Executed Successfully GetPatientTypeDrop() in CommonController----
2023-10-13 12:04:23,291 [12] DEBUG LTCPro.ServiceLayer.Log4net - ---Executing GetUserToken() in UserService----
2023-10-13 12:04:23,508 [12] DEBUG LTCPro.ServiceLayer.Log4net - ---Executing GetAllPatientTypesByPId() in ResidentDemographicController----
2023-10-13 12:04:23,509 [12] DEBUG LTCPro.ServiceLayer.Log4net - ---Executing GetAllPatientTypesByPId() in EmarService----
2023-10-13 12:04:23,732 [12] DEBUG LTCPro.ServiceLayer.Log4net - ---Executed Successfully GetAllPatientTypesByPId() in ResidentDemographicController----
2023-10-13 12:04:23,794 [8] DEBUG LTCPro.ServiceLayer.Log4net - ---Executed Successfully GetWeightList(Patient_Id) in AssessmentController----
2023-10-13 12:04:25,774 [15] DEBUG LTCPro.ServiceLayer.Log4net - ---Executed Successfully GetResidentInformation() in ResidentDemographicController----
2023-10-13 12:04:29,471 [8] DEBUG LTCPro.ServiceLayer.Log4net - ---Executing GetUserToken() in UserService----
2023-10-13 12:04:29,471 [12] DEBUG LTCPro.ServiceLayer.Log4net - ---Executing GetUserToken() in UserService----
2023-10-13 12:04:29,693 [8] DEBUG LTCPro.ServiceLayer.Log4net - ---Executing GetResidentDiagnosisInfo() in ResidentDemographicController----
2023-10-13 12:04:29,693 [8] DEBUG LTCPro.ServiceLayer.Log4net - ---Executing GetResidentDiagnosisInfo() in DiagnosisInfoService----
2023-10-13 12:04:29,693 [12] DEBUG LTCPro.ServiceLayer.Log4net - ---Executing GetNurseStationByPId() in ResidentDemographicController----
2023-10-13 12:04:29,695 [12] DEBUG LTCPro.ServiceLayer.Log4net - ---Executing GetNurseStationBtPId() in EmarService----
2023-10-13 12:04:29,912 [8] DEBUG LTCPro.ServiceLayer.Log4net - ---Executed Successfully GetResidentDiagnosisInfo() in ResidentDemographicController----
2023-10-13 12:04:30,361 [12] DEBUG LTCPro.ServiceLayer.Log4net - ---Executed Successfully GetNurseStationByPId() in ResidentDemographicController----
2023-10-13 12:04:30,615 [8] DEBUG LTCPro.ServiceLayer.Log4net - ---Executing GetUserToken() in UserService----
2023-10-13 12:04:30,837 [8] DEBUG LTCPro.ServiceLayer.Log4net - ---Executing GetPhysicianDropData() in OrdersController----
2023-10-13 12:04:30,838 [8] DEBUG LTCPro.ServiceLayer.Log4net - ---Executing GetPhysicianDropData() in OrdersService----
2023-10-13 12:04:31,315 [8] DEBUG LTCPro.ServiceLayer.Log4net - ---Executed Successfully GetPhysicianDropData() in OrdersController----
2023-10-13 12:04:31,375 [8] DEBUG LTCPro.ServiceLayer.Log4net - ---Executing GetUserToken() in UserService----
2023-10-13 12:04:31,593 [8] DEBUG LTCPro.ServiceLayer.Log4net - ---Executing GetDiagnosisDetails in ResidentDemographicController----
2023-10-13 12:04:31,593 [8] DEBUG LTCPro.ServiceLayer.Log4net - ---Executing GetDiagnosisDetails(DiagnosisId) in DiagnosisInfoService----
2023-10-13 12:04:43,169 [8] ERROR LTCPro.ServiceLayer.Log4net - ===================================
2023-10-13 12:04:43,280 [8] ERROR LTCPro.ServiceLayer.Log4net -  Source : = mscorlib
2023-10-13 12:04:43,303 [8] ERROR LTCPro.ServiceLayer.Log4net -  Stack Trace : =    at System.Threading.Tasks.Task.ThrowIfExceptional(Boolean includeTaskCanceledExceptions)
   at System.Threading.Tasks.Task`1.GetResultCore(Boolean waitCompletionNotification)
   at System.Threading.Tasks.Task`1.get_Result()
   at LTCPro.WebApi.ResidentDemographicController.GetDiagnosisDetails(Int32 DiagnosisId) in D:\old system Data 04042021\Emar Service Latest 1\WebApi\Controllers\ResidentDemographicController.cs:line 297
   at lambda_method(Closure , Object , Object[] )
   at System.Web.Http.Controllers.ReflectedHttpActionDescriptor.ActionExecutor.<>c__DisplayClass6_1.<GetExecutor>b__3(Object instance, Object[] methodParameters)
   at System.Web.Http.Controllers.ReflectedHttpActionDescriptor.ActionExecutor.Execute(Object instance, Object[] arguments)
   at System.Web.Http.Controllers.ReflectedHttpActionDescriptor.ExecuteAsync(HttpControllerContext controllerContext, IDictionary`2 arguments, CancellationToken cancellationToken)
--- End of stack trace from previous location where exception was thrown ---
   at System.Runtime.CompilerServices.TaskAwaiter.ThrowForNonSuccess(Task task)
   at System.Runtime.CompilerServices.TaskAwaiter.HandleNonSuccessAndDebuggerNotification(Task task)
   at System.Web.Http.Controllers.ApiControllerActionInvoker.<InvokeActionAsyncCore>d__1.MoveNext()
--- End of stack trace from previous location where exception was thrown ---
   at System.Runtime.CompilerServices.TaskAwaiter.ThrowForNonSuccess(Task task)
   at System.Runtime.CompilerServices.TaskAwaiter.HandleNonSuccessAndDebuggerNotification(Task task)
   at System.Web.Http.Controllers.ActionFilterResult.<ExecuteAsync>d__5.MoveNext()
--- End of stack trace from previous location where exception was thrown ---
   at System.Runtime.CompilerServices.TaskAwaiter.ThrowForNonSuccess(Task task)
   at System.Runtime.CompilerServices.TaskAwaiter.HandleNonSuccessAndDebuggerNotification(Task task)
   at System.Web.Http.Filters.AuthorizationFilterAttribute.<ExecuteAuthorizationFilterAsyncCore>d__3.MoveNext()
--- End of stack trace from previous location where exception was thrown ---
   at System.Runtime.CompilerServices.TaskAwaiter.ThrowForNonSuccess(Task task)
   at System.Runtime.CompilerServices.TaskAwaiter.HandleNonSuccessAndDebuggerNotification(Task task)
   at System.Web.Http.Controllers.ExceptionFilterResult.<ExecuteAsync>d__6.MoveNext()
2023-10-13 12:04:43,304 [8] ERROR LTCPro.ServiceLayer.Log4net -  Exception Message : = One or more errors occurred.
2023-10-13 12:04:43,304 [8] ERROR LTCPro.ServiceLayer.Log4net - ============= Inner Exception  Stack Trace  ===========
2023-10-13 12:04:43,304 [8] ERROR LTCPro.ServiceLayer.Log4net -  Inner Exception  Stack Trace : =    at System.Threading.Tasks.Task.ThrowIfExceptional(Boolean includeTaskCanceledExceptions)
   at System.Threading.Tasks.Task`1.GetResultCore(Boolean waitCompletionNotification)
   at System.Threading.Tasks.Task`1.get_Result()
   at LTCPro.WebApi.ResidentDemographicController.GetDiagnosisDetails(Int32 DiagnosisId) in D:\old system Data 04042021\Emar Service Latest 1\WebApi\Controllers\ResidentDemographicController.cs:line 297
   at lambda_method(Closure , Object , Object[] )
   at System.Web.Http.Controllers.ReflectedHttpActionDescriptor.ActionExecutor.<>c__DisplayClass6_1.<GetExecutor>b__3(Object instance, Object[] methodParameters)
   at System.Web.Http.Controllers.ReflectedHttpActionDescriptor.ActionExecutor.Execute(Object instance, Object[] arguments)
   at System.Web.Http.Controllers.ReflectedHttpActionDescriptor.ExecuteAsync(HttpControllerContext controllerContext, IDictionary`2 arguments, CancellationToken cancellationToken)
--- End of stack trace from previous location where exception was thrown ---
   at System.Runtime.CompilerServices.TaskAwaiter.ThrowForNonSuccess(Task task)
   at System.Runtime.CompilerServices.TaskAwaiter.HandleNonSuccessAndDebuggerNotification(Task task)
   at System.Web.Http.Controllers.ApiControllerActionInvoker.<InvokeActionAsyncCore>d__1.MoveNext()
--- End of stack trace from previous location where exception was thrown ---
   at System.Runtime.CompilerServices.TaskAwaiter.ThrowForNonSuccess(Task task)
   at System.Runtime.CompilerServices.TaskAwaiter.HandleNonSuccessAndDebuggerNotification(Task task)
   at System.Web.Http.Controllers.ActionFilterResult.<ExecuteAsync>d__5.MoveNext()
--- End of stack trace from previous location where exception was thrown ---
   at System.Runtime.CompilerServices.TaskAwaiter.ThrowForNonSuccess(Task task)
   at System.Runtime.CompilerServices.TaskAwaiter.HandleNonSuccessAndDebuggerNotification(Task task)
   at System.Web.Http.Filters.AuthorizationFilterAttribute.<ExecuteAuthorizationFilterAsyncCore>d__3.MoveNext()
--- End of stack trace from previous location where exception was thrown ---
   at System.Runtime.CompilerServices.TaskAwaiter.ThrowForNonSuccess(Task task)
   at System.Runtime.CompilerServices.TaskAwaiter.HandleNonSuccessAndDebuggerNotification(Task task)
   at System.Web.Http.Controllers.ExceptionFilterResult.<ExecuteAsync>d__6.MoveNext()
2023-10-13 12:04:43,304 [8] ERROR LTCPro.ServiceLayer.Log4net - =============  Exception  Stack Trace End  ===========
2023-10-13 12:04:43,304 [8] ERROR LTCPro.ServiceLayer.Log4net - ============= Inner Exception  Message  ===========
2023-10-13 12:04:43,304 [8] ERROR LTCPro.ServiceLayer.Log4net -  Inner Exception Message : = An error occurred while executing the command definition. See the inner exception for details.
2023-10-13 12:04:43,304 [8] ERROR LTCPro.ServiceLayer.Log4net - ============= Inner Exception  Message End  ===========
2023-10-13 12:04:57,124 [14] DEBUG LTCPro.ServiceLayer.Log4net - ---Executing GetUserToken() in UserService----
2023-10-13 12:04:57,130 [5] DEBUG LTCPro.ServiceLayer.Log4net - ---Executing GetUserToken() in UserService----
2023-10-13 12:04:57,342 [14] DEBUG LTCPro.ServiceLayer.Log4net - ---Executing GetNurseStationByPId() in ResidentDemographicController----
2023-10-13 12:04:57,343 [14] DEBUG LTCPro.ServiceLayer.Log4net - ---Executing GetNurseStationBtPId() in EmarService----
2023-10-13 12:04:57,350 [5] DEBUG LTCPro.ServiceLayer.Log4net - ---Executing GetResidentDiagnosisInfo() in ResidentDemographicController----
2023-10-13 12:04:57,350 [5] DEBUG LTCPro.ServiceLayer.Log4net - ---Executing GetResidentDiagnosisInfo() in DiagnosisInfoService----
2023-10-13 12:04:57,568 [5] DEBUG LTCPro.ServiceLayer.Log4net - ---Executed Successfully GetResidentDiagnosisInfo() in ResidentDemographicController----
2023-10-13 12:04:57,997 [14] DEBUG LTCPro.ServiceLayer.Log4net - ---Executed Successfully GetNurseStationByPId() in ResidentDemographicController----
2023-10-13 12:04:58,268 [5] DEBUG LTCPro.ServiceLayer.Log4net - ---Executing GetUserToken() in UserService----
2023-10-13 12:04:58,486 [5] DEBUG LTCPro.ServiceLayer.Log4net - ---Executing GetPhysicianDropData() in OrdersController----
2023-10-13 12:04:58,486 [5] DEBUG LTCPro.ServiceLayer.Log4net - ---Executing GetPhysicianDropData() in OrdersService----
2023-10-13 12:04:58,931 [5] DEBUG LTCPro.ServiceLayer.Log4net - ---Executed Successfully GetPhysicianDropData() in OrdersController----
2023-10-13 12:04:58,978 [12] DEBUG LTCPro.ServiceLayer.Log4net - ---Executing GetUserToken() in UserService----
2023-10-13 12:04:59,197 [12] DEBUG LTCPro.ServiceLayer.Log4net - ---Executing GetDiagnosisDetails in ResidentDemographicController----
2023-10-13 12:04:59,198 [12] DEBUG LTCPro.ServiceLayer.Log4net - ---Executing GetDiagnosisDetails(DiagnosisId) in DiagnosisInfoService----
2023-10-13 12:05:05,738 [12] ERROR LTCPro.ServiceLayer.Log4net - ===================================
2023-10-13 12:05:05,738 [12] ERROR LTCPro.ServiceLayer.Log4net -  Source : = mscorlib
2023-10-13 12:05:05,738 [12] ERROR LTCPro.ServiceLayer.Log4net -  Stack Trace : =    at System.Threading.Tasks.Task.ThrowIfExceptional(Boolean includeTaskCanceledExceptions)
   at System.Threading.Tasks.Task`1.GetResultCore(Boolean waitCompletionNotification)
   at System.Threading.Tasks.Task`1.get_Result()
   at LTCPro.WebApi.ResidentDemographicController.GetDiagnosisDetails(Int32 DiagnosisId) in D:\old system Data 04042021\Emar Service Latest 1\WebApi\Controllers\ResidentDemographicController.cs:line 297
   at lambda_method(Closure , Object , Object[] )
   at System.Web.Http.Controllers.ReflectedHttpActionDescriptor.ActionExecutor.<>c__DisplayClass6_1.<GetExecutor>b__3(Object instance, Object[] methodParameters)
   at System.Web.Http.Controllers.ReflectedHttpActionDescriptor.ActionExecutor.Execute(Object instance, Object[] arguments)
   at System.Web.Http.Controllers.ReflectedHttpActionDescriptor.ExecuteAsync(HttpControllerContext controllerContext, IDictionary`2 arguments, CancellationToken cancellationToken)
--- End of stack trace from previous location where exception was thrown ---
   at System.Runtime.CompilerServices.TaskAwaiter.ThrowForNonSuccess(Task task)
   at System.Runtime.CompilerServices.TaskAwaiter.HandleNonSuccessAndDebuggerNotification(Task task)
   at System.Web.Http.Controllers.ApiControllerActionInvoker.<InvokeActionAsyncCore>d__1.MoveNext()
--- End of stack trace from previous location where exception was thrown ---
   at System.Runtime.CompilerServices.TaskAwaiter.ThrowForNonSuccess(Task task)
   at System.Runtime.CompilerServices.TaskAwaiter.HandleNonSuccessAndDebuggerNotification(Task task)
   at System.Web.Http.Controllers.ActionFilterResult.<ExecuteAsync>d__5.MoveNext()
--- End of stack trace from previous location where exception was thrown ---
   at System.Runtime.CompilerServices.TaskAwaiter.ThrowForNonSuccess(Task task)
   at System.Runtime.CompilerServices.TaskAwaiter.HandleNonSuccessAndDebuggerNotification(Task task)
   at System.Web.Http.Filters.AuthorizationFilterAttribute.<ExecuteAuthorizationFilterAsyncCore>d__3.MoveNext()
--- End of stack trace from previous location where exception was thrown ---
   at System.Runtime.CompilerServices.TaskAwaiter.ThrowForNonSuccess(Task task)
   at System.Runtime.CompilerServices.TaskAwaiter.HandleNonSuccessAndDebuggerNotification(Task task)
   at System.Web.Http.Controllers.ExceptionFilterResult.<ExecuteAsync>d__6.MoveNext()
2023-10-13 12:05:05,738 [12] ERROR LTCPro.ServiceLayer.Log4net -  Exception Message : = One or more errors occurred.
2023-10-13 12:05:05,738 [12] ERROR LTCPro.ServiceLayer.Log4net - ============= Inner Exception  Stack Trace  ===========
2023-10-13 12:05:05,738 [12] ERROR LTCPro.ServiceLayer.Log4net -  Inner Exception  Stack Trace : =    at System.Threading.Tasks.Task.ThrowIfExceptional(Boolean includeTaskCanceledExceptions)
   at System.Threading.Tasks.Task`1.GetResultCore(Boolean waitCompletionNotification)
   at System.Threading.Tasks.Task`1.get_Result()
   at LTCPro.WebApi.ResidentDemographicController.GetDiagnosisDetails(Int32 DiagnosisId) in D:\old system Data 04042021\Emar Service Latest 1\WebApi\Controllers\ResidentDemographicController.cs:line 297
   at lambda_method(Closure , Object , Object[] )
   at System.Web.Http.Controllers.ReflectedHttpActionDescriptor.ActionExecutor.<>c__DisplayClass6_1.<GetExecutor>b__3(Object instance, Object[] methodParameters)
   at System.Web.Http.Controllers.ReflectedHttpActionDescriptor.ActionExecutor.Execute(Object instance, Object[] arguments)
   at System.Web.Http.Controllers.ReflectedHttpActionDescriptor.ExecuteAsync(HttpControllerContext controllerContext, IDictionary`2 arguments, CancellationToken cancellationToken)
--- End of stack trace from previous location where exception was thrown ---
   at System.Runtime.CompilerServices.TaskAwaiter.ThrowForNonSuccess(Task task)
   at System.Runtime.CompilerServices.TaskAwaiter.HandleNonSuccessAndDebuggerNotification(Task task)
   at System.Web.Http.Controllers.ApiControllerActionInvoker.<InvokeActionAsyncCore>d__1.MoveNext()
--- End of stack trace from previous location where exception was thrown ---
   at System.Runtime.CompilerServices.TaskAwaiter.ThrowForNonSuccess(Task task)
   at System.Runtime.CompilerServices.TaskAwaiter.HandleNonSuccessAndDebuggerNotification(Task task)
   at System.Web.Http.Controllers.ActionFilterResult.<ExecuteAsync>d__5.MoveNext()
--- End of stack trace from previous location where exception was thrown ---
   at System.Runtime.CompilerServices.TaskAwaiter.ThrowForNonSuccess(Task task)
   at System.Runtime.CompilerServices.TaskAwaiter.HandleNonSuccessAndDebuggerNotification(Task task)
   at System.Web.Http.Filters.AuthorizationFilterAttribute.<ExecuteAuthorizationFilterAsyncCore>d__3.MoveNext()
--- End of stack trace from previous location where exception was thrown ---
   at System.Runtime.CompilerServices.TaskAwaiter.ThrowForNonSuccess(Task task)
   at System.Runtime.CompilerServices.TaskAwaiter.HandleNonSuccessAndDebuggerNotification(Task task)
   at System.Web.Http.Controllers.ExceptionFilterResult.<ExecuteAsync>d__6.MoveNext()
2023-10-13 12:05:05,738 [12] ERROR LTCPro.ServiceLayer.Log4net - =============  Exception  Stack Trace End  ===========
2023-10-13 12:05:05,738 [12] ERROR LTCPro.ServiceLayer.Log4net - ============= Inner Exception  Message  ===========
2023-10-13 12:05:05,738 [12] ERROR LTCPro.ServiceLayer.Log4net -  Inner Exception Message : = An error occurred while executing the command definition. See the inner exception for details.
2023-10-13 12:05:05,739 [12] ERROR LTCPro.ServiceLayer.Log4net - ============= Inner Exception  Message End  ===========
2023-10-13 12:05:17,647 [8] DEBUG LTCPro.ServiceLayer.Log4net - ---Executing UsersConfigNurseStationDrop() in FacilityController----
2023-10-13 12:05:17,647 [8] DEBUG LTCPro.ServiceLayer.Log4net - ---Executing UsersConfigNurseStationDrop() in FacilityService----
2023-10-13 12:05:18,084 [8] DEBUG LTCPro.ServiceLayer.Log4net - ---Executed Successfully UsersConfigNurseStationDrop() in FacilityController----
2023-10-13 12:05:18,163 [8] DEBUG LTCPro.ServiceLayer.Log4net - ---Executing GetProcessKeyMasterList() in FacilityController----
2023-10-13 12:05:18,163 [8] DEBUG LTCPro.ServiceLayer.Log4net - ---Executing GetProcessKeyMasterList() in FacilityService----
2023-10-13 12:05:18,380 [8] DEBUG LTCPro.ServiceLayer.Log4net - ---Executed Successfully GetProcessKeyMasterList() in FacilityController----
2023-10-13 12:08:59,521 [7] DEBUG LTCPro.ServiceLayer.Log4net - ---Executing CheckUser() in UserService----
2023-10-13 12:09:14,660 [7] DEBUG LTCPro.ServiceLayer.Log4net - ---Executing FindUser() in UserService----
2023-10-13 12:09:14,947 [7] DEBUG LTCPro.ServiceLayer.Log4net - ---Executing InsertUserSession() in UserService----
2023-10-13 12:09:15,692 [7] DEBUG LTCPro.ServiceLayer.Log4net - ---Executing InsertUserToken() in UserService----
2023-10-13 12:09:17,181 [8] DEBUG LTCPro.ServiceLayer.Log4net - ---Executing GetScreenPermissionsForLoggedInUser() in RoleController----
2023-10-13 12:09:17,181 [5] DEBUG LTCPro.ServiceLayer.Log4net - ---Executing InsertUpdateUserRecentFacNs() in UserController----
2023-10-13 12:09:17,182 [8] DEBUG LTCPro.ServiceLayer.Log4net - ---Executing GetScreenPermissionsForLoggedInUser() in RoleService----
2023-10-13 12:09:17,182 [5] DEBUG LTCPro.ServiceLayer.Log4net - ---Executing GetUserRecentFacNs() in UserService----
2023-10-13 12:09:17,664 [5] DEBUG LTCPro.ServiceLayer.Log4net - ---Executing InsertUpdateUserRecentFacNs() in CommonService----
2023-10-13 12:09:18,119 [5] DEBUG LTCPro.ServiceLayer.Log4net - ---Executed Successfully InsertUpdateUserRecentFacNs() in UserController----
2023-10-13 12:09:18,301 [8] DEBUG LTCPro.ServiceLayer.Log4net - ---Executed Successfully GetScreenPermissionsForLoggedInUser() in RoleController----
2023-10-13 12:09:18,548 [6] DEBUG LTCPro.ServiceLayer.Log4net - ---Executing GetUserToken() in UserService----
2023-10-13 12:09:18,551 [7] DEBUG LTCPro.ServiceLayer.Log4net - ---Executing GetUserToken() in UserService----
2023-10-13 12:09:18,551 [8] DEBUG LTCPro.ServiceLayer.Log4net - ---Executing GetUserToken() in UserService----
2023-10-13 12:09:18,553 [11] DEBUG LTCPro.ServiceLayer.Log4net - ---Executing GetUserToken() in UserService----
2023-10-13 12:09:18,559 [5] DEBUG LTCPro.ServiceLayer.Log4net - ---Executing GetUserToken() in UserService----
2023-10-13 12:09:18,773 [7] DEBUG LTCPro.ServiceLayer.Log4net - ---Executing GetDueMARAlertData() in EmarController----
2023-10-13 12:09:18,774 [6] DEBUG LTCPro.ServiceLayer.Log4net - ---Executing GetUserPassedDueFlag() in UserController----
2023-10-13 12:09:18,774 [7] DEBUG LTCPro.ServiceLayer.Log4net - ---Executing GetDueMARAlertData() in EmarService----
2023-10-13 12:09:18,775 [6] DEBUG LTCPro.ServiceLayer.Log4net - ---Executing GetUserPassedDueFlag() in UserService----
2023-10-13 12:09:18,991 [5] DEBUG LTCPro.ServiceLayer.Log4net - ---Executing GetReadMailsCount() in MailboxController----
2023-10-13 12:09:18,991 [11] DEBUG LTCPro.ServiceLayer.Log4net - ---Executing GetAlertsDetails() in MailboxController----
2023-10-13 12:09:18,992 [5] DEBUG LTCPro.ServiceLayer.Log4net - ---Executing GetReadMailsCount() in MailboxService----
2023-10-13 12:09:18,992 [11] DEBUG LTCPro.ServiceLayer.Log4net - ---Executing GetAlertsDetails() in MailboxService----
2023-10-13 12:09:19,165 [12] DEBUG LTCPro.ServiceLayer.Log4net - ---Executing GetUserToken() in UserService----
2023-10-13 12:09:19,207 [6] DEBUG LTCPro.ServiceLayer.Log4net - ---Executed Successfully GetUserPassedDueFlag() in UserController----
2023-10-13 12:09:19,223 [6] DEBUG LTCPro.ServiceLayer.Log4net - ---Executing GetUserToken() in UserService----
2023-10-13 12:09:19,344 [7] DEBUG LTCPro.ServiceLayer.Log4net - ---Executed Successfully GetDueMARAlertData() in EmarController----
2023-10-13 12:09:19,365 [7] DEBUG LTCPro.ServiceLayer.Log4net - ---Executing GetUserToken() in UserService----
2023-10-13 12:09:19,442 [5] DEBUG LTCPro.ServiceLayer.Log4net - ---Executed successfully GetReadMailsCount() in MailboxController----
2023-10-13 12:09:19,476 [5] DEBUG LTCPro.ServiceLayer.Log4net - ---Executing GetUserToken() in UserService----
2023-10-13 12:09:19,632 [6] DEBUG LTCPro.ServiceLayer.Log4net - ---Executing InsertUserActivityDetails() in CompanyController----
2023-10-13 12:09:19,632 [6] DEBUG LTCPro.ServiceLayer.Log4net - ---Executing InsertUserActivityDetails() in UserActivityService----
2023-10-13 12:09:19,660 [7] DEBUG LTCPro.ServiceLayer.Log4net - ---Executing GetOutboundErrorDetails() in CommonController----
2023-10-13 12:09:19,660 [7] DEBUG LTCPro.ServiceLayer.Log4net - ---Executing GetOutboundErrorDetails() in CommonService----
2023-10-13 12:09:19,778 [5] DEBUG LTCPro.ServiceLayer.Log4net - ---Executing GetUserActiveCompanyMasterList() in CompanyController----
2023-10-13 12:09:19,779 [5] DEBUG LTCPro.ServiceLayer.Log4net - ---Executing GetActiveCompanyMasterList() in CompanyService----
2023-10-13 12:09:19,885 [8] DEBUG LTCPro.ServiceLayer.Log4net - ---Executing GetPendingDosesList() in CommonController----
2023-10-13 12:09:19,887 [8] DEBUG LTCPro.ServiceLayer.Log4net - ---Executing GetPendingDosesList() in CommonService----
2023-10-13 12:09:20,216 [7] DEBUG LTCPro.ServiceLayer.Log4net - ---Executed Successfully GetOutboundErrorDetails() in CommonController----
2023-10-13 12:09:20,311 [6] DEBUG LTCPro.ServiceLayer.Log4net - ---Executed Successfully InsertUserActivityDetails() in CompanyController----
2023-10-13 12:09:20,529 [12] DEBUG LTCPro.ServiceLayer.Log4net - ---Executing GetUserRecentFacNs() in UserController----
2023-10-13 12:09:20,529 [12] DEBUG LTCPro.ServiceLayer.Log4net - ---Executing GetUserRecentFacNs() in UserService----
2023-10-13 12:09:20,537 [8] DEBUG LTCPro.ServiceLayer.Log4net - ---Executed Successfully GetPendingDosesList() in CommonController----
2023-10-13 12:09:20,936 [5] DEBUG LTCPro.ServiceLayer.Log4net - ---Executed Successfully GetUserActiveCompanyMasterList() in CompanyController----
2023-10-13 12:09:20,967 [12] DEBUG LTCPro.ServiceLayer.Log4net - ---Executed Successfully GetUserRecentFacNs() in UserController----
2023-10-13 12:09:21,110 [11] DEBUG LTCPro.ServiceLayer.Log4net - ---Executed successfully GetAlertsDetails() in MailboxController----
2023-10-13 12:09:21,125 [7] DEBUG LTCPro.ServiceLayer.Log4net - ---Executing GetUserToken() in UserService----
2023-10-13 12:09:21,342 [7] DEBUG LTCPro.ServiceLayer.Log4net - ---Executing GetUserAccessFacilityNurseStaions() in FacilityController----
2023-10-13 12:09:21,343 [7] DEBUG LTCPro.ServiceLayer.Log4net - ---Executing GetUserAccessFacilityNurseStaions() in FacilityService----
2023-10-13 12:09:21,802 [7] DEBUG LTCPro.ServiceLayer.Log4net - ---Executed Successfully GetUserAccessFacilityNurseStaions() in FacilityController----
2023-10-13 12:09:26,147 [7] DEBUG LTCPro.ServiceLayer.Log4net - ---Executing GetUserToken() in UserService----
2023-10-13 12:09:26,151 [6] DEBUG LTCPro.ServiceLayer.Log4net - ---Executing GetUserToken() in UserService----
2023-10-13 12:09:26,369 [7] DEBUG LTCPro.ServiceLayer.Log4net - ---Executing InsertUserActivityDetails() in CompanyController----
2023-10-13 12:09:26,369 [7] DEBUG LTCPro.ServiceLayer.Log4net - ---Executing InsertUserActivityDetails() in UserActivityService----
2023-10-13 12:09:26,369 [6] DEBUG LTCPro.ServiceLayer.Log4net - ---Executing GetUserRecentFacNs() in UserController----
2023-10-13 12:09:26,369 [6] DEBUG LTCPro.ServiceLayer.Log4net - ---Executing GetUserRecentFacNs() in UserService----
2023-10-13 12:09:26,810 [6] DEBUG LTCPro.ServiceLayer.Log4net - ---Executed Successfully GetUserRecentFacNs() in UserController----
2023-10-13 12:09:26,832 [6] DEBUG LTCPro.ServiceLayer.Log4net - ---Executing GetUserToken() in UserService----
2023-10-13 12:09:27,023 [7] DEBUG LTCPro.ServiceLayer.Log4net - ---Executed Successfully InsertUserActivityDetails() in CompanyController----
2023-10-13 12:09:27,054 [6] DEBUG LTCPro.ServiceLayer.Log4net - ---Executing GetUserAccessFacilityNurseStaions() in FacilityController----
2023-10-13 12:09:27,054 [6] DEBUG LTCPro.ServiceLayer.Log4net - ---Executing GetUserAccessFacilityNurseStaions() in FacilityService----
2023-10-13 12:09:27,499 [6] DEBUG LTCPro.ServiceLayer.Log4net - ---Executed Successfully GetUserAccessFacilityNurseStaions() in FacilityController----
2023-10-13 12:09:27,524 [5] DEBUG LTCPro.ServiceLayer.Log4net - ---Executing GetUserToken() in UserService----
2023-10-13 12:09:27,765 [5] DEBUG LTCPro.ServiceLayer.Log4net - ---Executing UserNurseStationDrop() in FacilityController----
2023-10-13 12:09:27,766 [5] DEBUG LTCPro.ServiceLayer.Log4net - ---Executing UserNurseStationDrop() in FacilityService----
2023-10-13 12:09:27,999 [5] DEBUG LTCPro.ServiceLayer.Log4net - ---Executed Successfully UserNurseStationDrop() in FacilityController----
2023-10-13 12:09:28,068 [6] DEBUG LTCPro.ServiceLayer.Log4net - ---Executing GetUserToken() in UserService----
2023-10-13 12:09:28,117 [12] DEBUG LTCPro.ServiceLayer.Log4net - ---Executing GetUserToken() in UserService----
2023-10-13 12:09:28,287 [6] DEBUG LTCPro.ServiceLayer.Log4net - ---Executing GetCompanyToBedFlagByFacId() in FacilityController----
2023-10-13 12:09:28,288 [6] DEBUG LTCPro.ServiceLayer.Log4net - ---Executing GetCompanyToBedFlagByFacId() in FacilityService----
2023-10-13 12:09:28,339 [12] DEBUG LTCPro.ServiceLayer.Log4net - ---Executing GetResidentsByCompanyBed() in ResidentDemographicController----
2023-10-13 12:09:28,349 [12] DEBUG LTCPro.ServiceLayer.Log4net - ---Executing GetResidentsByCompanyBed() in ResidentDemographicService----
2023-10-13 12:09:29,654 [6] DEBUG LTCPro.ServiceLayer.Log4net - ---Executed Successfully GetCompanyToBedFlagByFacId() in FacilityController----
2023-10-13 12:09:29,704 [5] DEBUG LTCPro.ServiceLayer.Log4net - ---Executing GetUserToken() in UserService----
2023-10-13 12:09:29,922 [5] DEBUG LTCPro.ServiceLayer.Log4net - ---Executing GetNurseStationHierarchyDetailsbyNsId() in CompanyController----
2023-10-13 12:09:29,923 [5] DEBUG LTCPro.ServiceLayer.Log4net - ---Executing GetNurseStationHierarchyDetailsbyNsId() in CompanyService----
2023-10-13 12:09:30,166 [5] DEBUG LTCPro.ServiceLayer.Log4net - ---Executed Successfully GetNurseStationHierarchyDetailsbyNsId() in CompanyController----
2023-10-13 12:09:31,673 [12] DEBUG LTCPro.ServiceLayer.Log4net - ---Executed Successfully GetResidentsByCompanyBed() in ResidentDemographicController----
2023-10-13 12:09:36,286 [13] DEBUG LTCPro.ServiceLayer.Log4net - ---Executing GetUserToken() in UserService----
2023-10-13 12:09:36,293 [5] DEBUG LTCPro.ServiceLayer.Log4net - ---Executing GetUserToken() in UserService----
2023-10-13 12:09:36,316 [8] DEBUG LTCPro.ServiceLayer.Log4net - ---Executing GetUserToken() in UserService----
2023-10-13 12:09:36,332 [11] DEBUG LTCPro.ServiceLayer.Log4net - ---Executing GetUserToken() in UserService----
2023-10-13 12:09:36,341 [7] DEBUG LTCPro.ServiceLayer.Log4net - ---Executing GetUserToken() in UserService----
2023-10-13 12:09:36,343 [6] DEBUG LTCPro.ServiceLayer.Log4net - ---Executing GetUserToken() in UserService----
2023-10-13 12:09:36,504 [13] DEBUG LTCPro.ServiceLayer.Log4net - ---Executing InsertUserActivityDetails() in CompanyController----
2023-10-13 12:09:36,504 [13] DEBUG LTCPro.ServiceLayer.Log4net - ---Executing InsertUserActivityDetails() in UserActivityService----
2023-10-13 12:09:36,509 [5] DEBUG LTCPro.ServiceLayer.Log4net - ---Executing InsertUserActivityDetails() in CompanyController----
2023-10-13 12:09:36,509 [5] DEBUG LTCPro.ServiceLayer.Log4net - ---Executing InsertUserActivityDetails() in UserActivityService----
2023-10-13 12:09:36,538 [8] DEBUG LTCPro.ServiceLayer.Log4net - ---Executing GetResidentAdmitDischargeData() in ResidentDemographicController----
2023-10-13 12:09:36,539 [8] DEBUG LTCPro.ServiceLayer.Log4net - ---Executing GetResidentAdmitDischargeData() in ResidentDemographicService----
2023-10-13 12:09:36,556 [11] DEBUG LTCPro.ServiceLayer.Log4net - ---Executing GetResidentAdmitDischargeData() in ResidentDemographicController----
2023-10-13 12:09:36,556 [11] DEBUG LTCPro.ServiceLayer.Log4net - ---Executing GetResidentAdmitDischargeData() in ResidentDemographicService----
2023-10-13 12:09:36,720 [6] DEBUG LTCPro.ServiceLayer.Log4net - ---Executing InsertUserActivityDetails() in CompanyController----
2023-10-13 12:09:36,720 [6] DEBUG LTCPro.ServiceLayer.Log4net - ---Executing InsertUserActivityDetails() in UserActivityService----
2023-10-13 12:09:36,832 [8] DEBUG LTCPro.ServiceLayer.Log4net - ---Executed Successfully GetResidentAdmitDischargeData() in ResidentDemographicController----
2023-10-13 12:09:36,854 [8] DEBUG LTCPro.ServiceLayer.Log4net - ---Executing GetUserToken() in UserService----
2023-10-13 12:09:36,939 [11] DEBUG LTCPro.ServiceLayer.Log4net - ---Executed Successfully GetResidentAdmitDischargeData() in ResidentDemographicController----
2023-10-13 12:09:37,001 [12] DEBUG LTCPro.ServiceLayer.Log4net - ---Executing GetUserToken() in UserService----
2023-10-13 12:09:37,156 [8] DEBUG LTCPro.ServiceLayer.Log4net - ---Executing InsertUserActivityDetails() in CompanyController----
2023-10-13 12:09:37,157 [8] DEBUG LTCPro.ServiceLayer.Log4net - ---Executing InsertUserActivityDetails() in UserActivityService----
2023-10-13 12:09:37,162 [13] DEBUG LTCPro.ServiceLayer.Log4net - ---Executed Successfully InsertUserActivityDetails() in CompanyController----
2023-10-13 12:09:37,188 [5] DEBUG LTCPro.ServiceLayer.Log4net - ---Executed Successfully InsertUserActivityDetails() in CompanyController----
2023-10-13 12:09:37,207 [13] DEBUG LTCPro.ServiceLayer.Log4net - ---Executing GetUserToken() in UserService----
2023-10-13 12:09:37,229 [11] DEBUG LTCPro.ServiceLayer.Log4net - ---Executing GetUserToken() in UserService----
2023-10-13 12:09:37,384 [12] DEBUG LTCPro.ServiceLayer.Log4net - ---Executing GetResidentInformation() in ResidentDemographicController----
2023-10-13 12:09:37,384 [12] DEBUG LTCPro.ServiceLayer.Log4net - ---Executing GetResidentInformation() in ResidentDemographicService----
2023-10-13 12:09:37,426 [13] DEBUG LTCPro.ServiceLayer.Log4net - ---Executing GetResidentAllergies() in ResidentDemographicController----
2023-10-13 12:09:37,427 [13] DEBUG LTCPro.ServiceLayer.Log4net - ---Executing GetResidentAllergies() in AllergyInfoService----
2023-10-13 12:09:37,445 [7] DEBUG LTCPro.ServiceLayer.Log4net - ---Executing GetFacilityNSResidentsDataByPId() in ResidentDemographicController----
2023-10-13 12:09:37,446 [7] DEBUG LTCPro.ServiceLayer.Log4net - ---Executing GetFacilityNSResidentsDataByPId() in ResidentDemographicService----
2023-10-13 12:09:37,481 [6] DEBUG LTCPro.ServiceLayer.Log4net - ---Executed Successfully InsertUserActivityDetails() in CompanyController----
2023-10-13 12:09:37,655 [13] DEBUG LTCPro.ServiceLayer.Log4net - ---Executed Successfully GetResidentAllergies() in ResidentDemographicController----
2023-10-13 12:09:37,819 [8] DEBUG LTCPro.ServiceLayer.Log4net - ---Executed Successfully InsertUserActivityDetails() in CompanyController----
2023-10-13 12:09:38,578 [11] DEBUG LTCPro.ServiceLayer.Log4net - ---Executing GetResidentDiagnosisInfo() in ResidentDemographicController----
2023-10-13 12:09:38,579 [11] DEBUG LTCPro.ServiceLayer.Log4net - ---Executing GetResidentDiagnosisInfo() in DiagnosisInfoService----
2023-10-13 12:09:38,811 [11] DEBUG LTCPro.ServiceLayer.Log4net - ---Executed Successfully GetResidentDiagnosisInfo() in ResidentDemographicController----
2023-10-13 12:09:39,048 [7] DEBUG LTCPro.ServiceLayer.Log4net - ---Executed Successfully GetFacilityNSResidentsDataByPId() in ResidentDemographicController----
2023-10-13 12:09:39,123 [5] DEBUG LTCPro.ServiceLayer.Log4net - ---Executing GetUserToken() in UserService----
2023-10-13 12:09:39,340 [5] DEBUG LTCPro.ServiceLayer.Log4net - ---Executing GetResidentInformation() in ResidentDemographicController----
2023-10-13 12:09:39,340 [5] DEBUG LTCPro.ServiceLayer.Log4net - ---Executing GetResidentInformation() in ResidentDemographicService----
2023-10-13 12:09:40,932 [12] DEBUG LTCPro.ServiceLayer.Log4net - ---Executed Successfully GetResidentInformation() in ResidentDemographicController----
2023-10-13 12:09:42,845 [5] DEBUG LTCPro.ServiceLayer.Log4net - ---Executed Successfully GetResidentInformation() in ResidentDemographicController----
2023-10-13 12:09:42,900 [12] DEBUG LTCPro.ServiceLayer.Log4net - ---Executing GetUserToken() in UserService----
2023-10-13 12:09:42,903 [7] DEBUG LTCPro.ServiceLayer.Log4net - ---Executing GetUserToken() in UserService----
2023-10-13 12:09:42,935 [6] DEBUG LTCPro.ServiceLayer.Log4net - ---Executing GetUserToken() in UserService----
2023-10-13 12:09:42,937 [13] DEBUG LTCPro.ServiceLayer.Log4net - ---Executing GetUserToken() in UserService----
2023-10-13 12:09:42,945 [8] DEBUG LTCPro.ServiceLayer.Log4net - ---Executing GetUserToken() in UserService----
2023-10-13 12:09:42,974 [5] DEBUG LTCPro.ServiceLayer.Log4net - ---Executing GetUserToken() in UserService----
2023-10-13 12:09:43,139 [7] DEBUG LTCPro.ServiceLayer.Log4net - ---Executing GetPatientTypeByID() in CommonController----
2023-10-13 12:09:43,139 [12] DEBUG LTCPro.ServiceLayer.Log4net - ---Executing GetWeightList(Patient_Id) in AssessmentController----
2023-10-13 12:09:43,140 [7] DEBUG LTCPro.ServiceLayer.Log4net - ---Executing GetPatientTypeDrop() in CommonService----
2023-10-13 12:09:43,141 [12] DEBUG LTCPro.ServiceLayer.Log4net - ---Executing GetWeightList() in AssessmentService----
2023-10-13 12:09:43,156 [6] DEBUG LTCPro.ServiceLayer.Log4net - ---Executing GetResidentInformation() in ResidentDemographicController----
2023-10-13 12:09:43,156 [6] DEBUG LTCPro.ServiceLayer.Log4net - ---Executing GetResidentInformation() in ResidentDemographicService----
2023-10-13 12:09:43,158 [13] DEBUG LTCPro.ServiceLayer.Log4net - ---Executing GetResidentDiagnosisInfo() in ResidentDemographicController----
2023-10-13 12:09:43,158 [13] DEBUG LTCPro.ServiceLayer.Log4net - ---Executing GetResidentDiagnosisInfo() in DiagnosisInfoService----
2023-10-13 12:09:43,161 [8] DEBUG LTCPro.ServiceLayer.Log4net - ---Executing GetResidentAllergies() in ResidentDemographicController----
2023-10-13 12:09:43,161 [8] DEBUG LTCPro.ServiceLayer.Log4net - ---Executing GetResidentAllergies() in AllergyInfoService----
2023-10-13 12:09:43,190 [5] DEBUG LTCPro.ServiceLayer.Log4net - ---Executing GetResidentAdmitDischargeData() in ResidentDemographicController----
2023-10-13 12:09:43,190 [5] DEBUG LTCPro.ServiceLayer.Log4net - ---Executing GetResidentAdmitDischargeData() in ResidentDemographicService----
2023-10-13 12:09:43,402 [13] DEBUG LTCPro.ServiceLayer.Log4net - ---Executed Successfully GetResidentDiagnosisInfo() in ResidentDemographicController----
2023-10-13 12:09:43,412 [8] DEBUG LTCPro.ServiceLayer.Log4net - ---Executed Successfully GetResidentAllergies() in ResidentDemographicController----
2023-10-13 12:09:43,414 [5] DEBUG LTCPro.ServiceLayer.Log4net - ---Executed Successfully GetResidentAdmitDischargeData() in ResidentDemographicController----
2023-10-13 12:09:44,296 [7] DEBUG LTCPro.ServiceLayer.Log4net - ---Executed Successfully GetPatientTypeDrop() in CommonController----
2023-10-13 12:09:44,353 [5] DEBUG LTCPro.ServiceLayer.Log4net - ---Executing GetUserToken() in UserService----
2023-10-13 12:09:44,576 [5] DEBUG LTCPro.ServiceLayer.Log4net - ---Executing GetAllPatientTypesByPId() in ResidentDemographicController----
2023-10-13 12:09:44,578 [5] DEBUG LTCPro.ServiceLayer.Log4net - ---Executing GetAllPatientTypesByPId() in EmarService----
2023-10-13 12:09:44,777 [12] DEBUG LTCPro.ServiceLayer.Log4net - ---Executed Successfully GetWeightList(Patient_Id) in AssessmentController----
2023-10-13 12:09:44,813 [5] DEBUG LTCPro.ServiceLayer.Log4net - ---Executed Successfully GetAllPatientTypesByPId() in ResidentDemographicController----
2023-10-13 12:09:46,678 [6] DEBUG LTCPro.ServiceLayer.Log4net - ---Executed Successfully GetResidentInformation() in ResidentDemographicController----
2023-10-13 12:09:49,187 [6] DEBUG LTCPro.ServiceLayer.Log4net - ---Executing GetUserToken() in UserService----
2023-10-13 12:09:49,188 [5] DEBUG LTCPro.ServiceLayer.Log4net - ---Executing GetUserToken() in UserService----
2023-10-13 12:09:49,413 [6] DEBUG LTCPro.ServiceLayer.Log4net - ---Executing GetResidentDiagnosisInfo() in ResidentDemographicController----
2023-10-13 12:09:49,413 [6] DEBUG LTCPro.ServiceLayer.Log4net - ---Executing GetResidentDiagnosisInfo() in DiagnosisInfoService----
2023-10-13 12:09:49,415 [5] DEBUG LTCPro.ServiceLayer.Log4net - ---Executing GetNurseStationByPId() in ResidentDemographicController----
2023-10-13 12:09:49,416 [5] DEBUG LTCPro.ServiceLayer.Log4net - ---Executing GetNurseStationBtPId() in EmarService----
2023-10-13 12:09:49,632 [6] DEBUG LTCPro.ServiceLayer.Log4net - ---Executed Successfully GetResidentDiagnosisInfo() in ResidentDemographicController----
2023-10-13 12:09:50,076 [5] DEBUG LTCPro.ServiceLayer.Log4net - ---Executed Successfully GetNurseStationByPId() in ResidentDemographicController----
2023-10-13 12:09:50,380 [5] DEBUG LTCPro.ServiceLayer.Log4net - ---Executing GetUserToken() in UserService----
2023-10-13 12:09:50,601 [5] DEBUG LTCPro.ServiceLayer.Log4net - ---Executing GetPhysicianDropData() in OrdersController----
2023-10-13 12:09:50,602 [5] DEBUG LTCPro.ServiceLayer.Log4net - ---Executing GetPhysicianDropData() in OrdersService----
2023-10-13 12:09:51,082 [5] DEBUG LTCPro.ServiceLayer.Log4net - ---Executed Successfully GetPhysicianDropData() in OrdersController----
2023-10-13 12:09:51,152 [7] DEBUG LTCPro.ServiceLayer.Log4net - ---Executing GetUserToken() in UserService----
2023-10-13 12:10:05,048 [7] DEBUG LTCPro.ServiceLayer.Log4net - ---Executing GetDiagnosisDetails in ResidentDemographicController----
2023-10-13 12:10:18,075 [7] DEBUG LTCPro.ServiceLayer.Log4net - ---Executing GetDiagnosisDetails(DiagnosisId) in DiagnosisInfoService----
2023-10-13 12:10:55,372 [7] DEBUG LTCPro.ServiceLayer.Log4net - ---Executing GetDiagnosisDetails in ResidentDemographicController----
2023-10-13 12:10:57,228 [7] DEBUG LTCPro.ServiceLayer.Log4net - ---Executing GetDiagnosisDetails(DiagnosisId) in DiagnosisInfoService----
2023-10-13 12:19:01,466 [7] DEBUG LTCPro.ServiceLayer.Log4net - ---Executed Successfully GetDiagnosisDetails() in ResidentDemographicController----
2023-10-13 12:19:10,900 [5] DEBUG LTCPro.ServiceLayer.Log4net - ---Executing GetUserToken() in UserService----
2023-10-13 12:19:11,179 [5] DEBUG LTCPro.ServiceLayer.Log4net - ---Executing InsertResidentDianosisData() in AdminApprovalController----
2023-10-13 12:19:11,181 [5] DEBUG LTCPro.ServiceLayer.Log4net - ---Executing InsertResidentDianosisData() in AdminApprovalService----
2023-10-13 12:19:17,190 [5] DEBUG LTCPro.ServiceLayer.Log4net - ---Executing GenerateOutboundFile() Diagnosis in AdminApprovalService----
2023-10-13 12:19:17,673 [5] DEBUG LTCPro.ServiceLayer.Log4net - ---Generating OutboundFile Diagnosis in AdminApprovalService----
2023-10-13 12:19:19,235 [5] DEBUG LTCPro.ServiceLayer.Log4net - ---Generated OutboundFile Download Start D:/Promantra/OutboundLive/Pending//Diagnosis_10132023051916.hl7 in AdminApprovalService----
2023-10-13 12:19:19,260 [5] DEBUG LTCPro.ServiceLayer.Log4net - ---Generated OutboundFile Download Completed D:/Promantra/OutboundLive/Pending//Diagnosis_10132023051916.hl7 in AdminApprovalService----
2023-10-13 12:19:19,260 [5] DEBUG LTCPro.ServiceLayer.Log4net - ---Executed GenerateOutboundFile() Diagnosis in AdminApprovalService----
2023-10-13 12:19:19,478 [5] DEBUG LTCPro.ServiceLayer.Log4net - ---Executed Successfully InsertResidentDianosisData() in AdminApprovalController----
2023-10-13 12:19:19,606 [5] DEBUG LTCPro.ServiceLayer.Log4net - ---Executing GetUserToken() in UserService----
2023-10-13 12:19:19,613 [6] DEBUG LTCPro.ServiceLayer.Log4net - ---Executing GetUserToken() in UserService----
2023-10-13 12:19:19,824 [5] DEBUG LTCPro.ServiceLayer.Log4net - ---Executing GetApprovalFlag() in CompanyController----
2023-10-13 12:19:19,824 [5] DEBUG LTCPro.ServiceLayer.Log4net - ---Executing GetApprovalFlag() in CompanyService----
2023-10-13 12:19:19,828 [6] DEBUG LTCPro.ServiceLayer.Log4net - ---Executing GetResidentDiagnosisInfo() in ResidentDemographicController----
2023-10-13 12:19:19,828 [6] DEBUG LTCPro.ServiceLayer.Log4net - ---Executing GetResidentDiagnosisInfo() in DiagnosisInfoService----
2023-10-13 12:19:20,049 [6] DEBUG LTCPro.ServiceLayer.Log4net - ---Executed Successfully GetResidentDiagnosisInfo() in ResidentDemographicController----
2023-10-13 12:19:21,000 [7] DEBUG LTCPro.ServiceLayer.Log4net - ---Executing GetUserToken() in UserService----
2023-10-13 12:19:21,219 [7] DEBUG LTCPro.ServiceLayer.Log4net - ---Executing GetResidentDiagnosisInfo() in ResidentDemographicController----
2023-10-13 12:19:21,219 [7] DEBUG LTCPro.ServiceLayer.Log4net - ---Executing GetResidentDiagnosisInfo() in DiagnosisInfoService----
2023-10-13 12:19:21,436 [7] DEBUG LTCPro.ServiceLayer.Log4net - ---Executed Successfully GetResidentDiagnosisInfo() in ResidentDemographicController----
2023-10-13 16:56:31,244 [122] DEBUG LTCPro.ServiceLayer.Log4net - ---Executing LogoutUser() in UserController----
2023-10-13 16:56:31,244 [122] DEBUG LTCPro.ServiceLayer.Log4net - ---Executing LogoutUser() in UserService----
2023-10-13 16:56:46,941 [122] DEBUG LTCPro.ServiceLayer.Log4net - ---Executed Successfully LogoutUser() in UserController----
2023-10-13 16:56:47,756 [119] DEBUG LTCPro.ServiceLayer.Log4net - ---Executing UsersConfigNurseStationDrop() in FacilityController----
2023-10-13 16:56:47,776 [119] DEBUG LTCPro.ServiceLayer.Log4net - ---Executing UsersConfigNurseStationDrop() in FacilityService----
2023-10-13 16:56:48,235 [119] DEBUG LTCPro.ServiceLayer.Log4net - ---Executed Successfully UsersConfigNurseStationDrop() in FacilityController----
2023-10-13 16:56:48,323 [122] DEBUG LTCPro.ServiceLayer.Log4net - ---Executing GetProcessKeyMasterList() in FacilityController----
2023-10-13 16:56:48,323 [122] DEBUG LTCPro.ServiceLayer.Log4net - ---Executing GetProcessKeyMasterList() in FacilityService----
2023-10-13 16:56:48,552 [122] DEBUG LTCPro.ServiceLayer.Log4net - ---Executed Successfully GetProcessKeyMasterList() in FacilityController----
